 ebootnd

 Timestamp is 526f8216 (Tue Oct 29 17:38:30 2013)

 Preferred load address is 00000000

 Start         Length     Name                   Class
 0001:00000000 00000210H .astart                 CODE
 0001:00000210 0000e7ccH .rdata                  CODE
 0001:0000e9dc 00000024H .rdata$debug            CODE
 0001:0000ea00 0001badcH .text                   CODE
 0001:0002a4dc 0000005cH .xdata                  CODE
 0001:0002a538 00000000H .edata                  CODE
 0002:00000000 00000e4bH .data                   DATA
 0002:00000e60 0003fc98H .bss                    DATA
 0003:00000000 00000dd8H .pdata                  DATA

  Address         Publics by Value              Rva+Base       Lib:Object

 0000:00000000       ___safe_se_handler_table   00000000     <absolute>
 0000:00000000       ___safe_se_handler_count   00000000     <absolute>
 0001:00000000       StartUp                    00001000 f   startup.obj
 0001:000000c4       g_oalAddressTable          000010c4     startup.obj
 0001:0000016c       g_oalAddressTableHynix     0000116c     startup.obj
 0001:0000022c       ??_C@_1BK@GNCICGCB@?$AAN?$AAK?$AA?5?$AAf?$AAr?$AAo?$AAm?$AA?5?$AAN?$AAA?$AAN?$AAD?$AA?$AA@ 0000122c     main.obj
 0001:00000248       ??_C@_1BK@NKDLNHPK@?$AAU?$AAS?$AAB?$AAF?$AAn?$AA?5?$AAR?$AAN?$AAD?$AAI?$AAS?$AA?5?$AA?$AA@ 00001248     main.obj
 0001:00000264       ??_C@_1BI@OOCKPHGK@?$AAL?$AAA?$AAN?$AA9?$AA1?$AA1?$AA5?$AA?5?$AAM?$AAA?$AAC?$AA?$AA@ 00001264     main.obj
 0001:00000310       dwEbootECCtype             00001310     main.obj
 0001:00000500       ??_C@_1DO@MGHPPPEE@?$AAT?$AAP?$AAS?$AA6?$AA5?$AA9?$AAX?$AAX?$AA?5?$AAV?$AAe?$AAr?$AAs?$AAi?$AAo?$AAn?$AA?5?$AA0?$AAx?$AA?$CF?$AA0?$AA2?$AAx?$AA?5?$AA?$CI?$AA?$CF?$AAs?$AA?$CJ?$AA?$AN?$AA?6?$AA?$AA@ 00001500     main.obj
 0001:00000540       ??_C@_1M@OIJGKENB@?$AAE?$AAS?$AA1?$AA?4?$AA3?$AA?$AA@ 00001540     main.obj
 0001:00000550       ??_C@_1EE@KGKCAFPP@?$AAI?$AAN?$AAF?$AAO?$AA?3?$AA?5?$AAU?$AAn?$AAK?$AAn?$AAo?$AAw?$AAn?$AA?5?$AAC?$AAP?$AAU?$AA?5?$AAf?$AAa?$AAm?$AAi?$AAl?$AAy?$AA?3?$AA?$CF?$AAd?$AA?4?$AA?4?$AA?4?$AA?4?$AA?$AN@ 00001550     main.obj
 0001:00000594       ??_C@_08DGJGOJCE@EVM3530?9?$AA@ 00001594     main.obj
 0001:000005a0       ??_C@_07BFNEHID@Z2170P?9?$AA@ 000015a0     main.obj
 0001:000005a8       ??_C@_1EA@CNLHEJHC@?$AAT?$AAI?$AA?5?$AAO?$AAM?$AAA?$AAP?$AA?$CF?$AAx?$AA?5?$AAV?$AAe?$AAr?$AAs?$AAi?$AAo?$AAn?$AA?5?$AA0?$AAx?$AA?$CF?$AA0?$AA8?$AAx?$AA?5?$AA?$CI?$AA?$CF?$AAs?$AA?$CJ?$AA?$AN?$AA?6?$AA?$AA@ 000015a8     main.obj
 0001:000005e8       ??_C@_1BA@LEPJIIOK@?$AAU?$AAn?$AAk?$AAn?$AAo?$AAw?$AAn?$AA?$AA@ 000015e8     main.obj
 0001:000005f8       ??_C@_1M@FACKMDLE@?$AAE?$AAS?$AA1?$AA?4?$AA2?$AA?$AA@ 000015f8     main.obj
 0001:00000604       ??_C@_1M@ECJPGMFK@?$AAE?$AAS?$AA1?$AA?4?$AA1?$AA?$AA@ 00001604     main.obj
 0001:00000610       ??_C@_1M@LKGLCH@?$AAE?$AAS?$AA3?$AA?4?$AA1?$AA?$AA@ 00001610     main.obj
 0001:0000061c       ??_C@_1M@LIAGAMEC@?$AAE?$AAS?$AA3?$AA?4?$AA0?$AA?$AA@ 0000161c     main.obj
 0001:00000628       ??_C@_1DO@OPHFFOFA@?$AAE?$AAS?$AA2?$AA?4?$AA1?$AA?0?$AA?5?$AAI?$AAD?$AA?5?$AAd?$AAe?$AAt?$AAe?$AAr?$AAm?$AAi?$AAn?$AAe?$AAd?$AA?5?$AAu?$AAs?$AAi?$AAn?$AAg?$AA?5?$AAC?$AAR?$AAC?$AA?$AA@ 00001628     main.obj
 0001:00000668       ??_C@_1DO@OONAPHOG@?$AAE?$AAS?$AA2?$AA?4?$AA0?$AA?0?$AA?5?$AAI?$AAD?$AA?5?$AAd?$AAe?$AAt?$AAe?$AAr?$AAm?$AAi?$AAn?$AAe?$AAd?$AA?5?$AAu?$AAs?$AAi?$AAn?$AAg?$AA?5?$AAC?$AAR?$AAC?$AA?$AA@ 00001668     main.obj
 0001:000006a8       ??_C@_1M@MMBAGLLJ@?$AAE?$AAS?$AA2?$AA?4?$AA1?$AA?$AA@ 000016a8     main.obj
 0001:000006b4       ??_C@_1M@HEKMAMNM@?$AAE?$AAS?$AA2?$AA?4?$AA0?$AA?$AA@ 000016b4     main.obj
 0001:000006c0       ??_C@_1M@PKCDALDP@?$AAE?$AAS?$AA1?$AA?4?$AA0?$AA?$AA@ 000016c0     main.obj
 0001:000006cc       ??_C@_08POEMOLKO@17?338?313?$AA@ 000016cc     main.obj
 0001:000006d8       ??_C@_0M@HFAPAOAO@Oct?529?52013?$AA@ 000016d8     main.obj
 0001:000006e8       ??_C@_1HG@KGFFNHHE@?$AAZ?$AAE?$AAB?$AAE?$AAX?$AA?5?$AAW?$AAi?$AAn?$AAd?$AAo?$AAw?$AAs?$AA?5?$AAC?$AAE?$AA?5?$AAE?$AAB?$AAO?$AAO?$AAT?$AA?5?$AAf?$AAo?$AAr?$AA?5?$AAZ?$AA?9?$AA2?$AA1?$AA7@ 000016e8     main.obj
 0001:00000760       ??_C@_1CC@DJCPIFGO@?$AAV?$AAe?$AAr?$AAs?$AAi?$AAo?$AAn?$AA?3?$AA?5?$AA0?$AA?4?$AA0?$AA?4?$AA1?$AA?$AN?$AA?6?$AA?$AA@ 00001760     main.obj
 0001:00000788       ??_C@_1GG@GNNPKEFL@?$AAI?$AAN?$AAF?$AAO?$AA?3?$AA?5?$AAO?$AAE?$AAM?$AAP?$AAl?$AAa?$AAt?$AAf?$AAo?$AAr?$AAm?$AAD?$AAe?$AAi?$AAn?$AAi?$AAt?$AA?5?$AA?9?$AA?5?$AA?5?$AAD?$AAi?$AAs?$AAa?$AAb@ 00001788     main.obj
 0001:000007f0       ??_C@_1CK@FDDKFJJE@?$AA?9?$AAO?$AAE?$AAM?$AAM?$AAu?$AAl?$AAt?$AAi?$AAB?$AAi?$AAn?$AAN?$AAo?$AAt?$AAi?$AAf?$AAy?$AA?$AN?$AA?6?$AA?$AA@ 000017f0     main.obj
 0001:0000081c       ??_C@_1CG@JHMEBKAH@?$AAS?$AAp?$AAi?$AAn?$AA?5?$AAf?$AAo?$AAr?$AA?5?$AAe?$AAv?$AAe?$AAr?$AA?4?$AA?4?$AA?4?$AA?$AN?$AA?6?$AA?$AA@ 0000181c     main.obj
 0001:00000844       ??_C@_1DC@FNKKGJOD@?$AAD?$AAo?$AAw?$AAn?$AAl?$AAo?$AAa?$AAd?$AA?5?$AAf?$AAi?$AAl?$AAe?$AA?5?$AAt?$AAy?$AAp?$AAe?$AA?3?$AA?5?$AA?$CF?$AAd?$AA?$AN?$AA?6?$AA?$AA@ 00001844     main.obj
 0001:00000878       ??_C@_1DM@CJMKOEPD@?$AAU?$AAn?$AAs?$AAu?$AAp?$AAp?$AAo?$AAr?$AAt?$AAe?$AAd?$AA?5?$AAd?$AAo?$AAw?$AAn?$AAl?$AAo?$AAa?$AAd?$AAe?$AAd?$AA?5?$AAf?$AAi?$AAl?$AAe?$AA?$AN?$AA?6?$AA?$AA@ 00001878     main.obj
 0001:000008b4       ??_C@_08CMMENMPK@logo?4nb0?$AA@ 000018b4     main.obj
 0001:000008c0       ??_C@_1FC@BJIBFLEA@?$AAE?$AAR?$AAR?$AAO?$AAR?$AA?3?$AA?5?$AAM?$AAu?$AAl?$AAt?$AAi?$AAX?$AAI?$AAP?$AA?5?$AAi?$AAm?$AAa?$AAg?$AAe?$AA?5?$AAi?$AAs?$AA?5?$AAn?$AAo?$AAt?$AA?5?$AAs?$AAu?$AAp@ 000018c0     main.obj
 0001:00000918       ??_C@_1GG@NLHBBJNL@?$AA?$FL?$AA?$CF?$AAd?$AA?$FN?$AA?3?$AA?5?$AAA?$AAd?$AAd?$AAr?$AAe?$AAs?$AAs?$AA?$DN?$AA0?$AAx?$AA?$CF?$AA0?$AA8?$AAx?$AA?5?$AA?5?$AAL?$AAe?$AAn?$AAg?$AAt?$AAh?$AA?$DN?$AA0?$AAx?$AA?$CF@ 00001918     main.obj
 0001:00000980       ??_C@_1DK@OFMGKCPE@?$AAD?$AAo?$AAw?$AAn?$AAl?$AAo?$AAa?$AAd?$AA?5?$AAf?$AAi?$AAl?$AAe?$AA?5?$AAi?$AAn?$AAf?$AAo?$AAr?$AAm?$AAa?$AAt?$AAi?$AAo?$AAn?$AA?3?$AA?$AN?$AA?6?$AA?$AA@ 00001980     main.obj
 0001:000009c0       ??_C@_1HM@MNPMBDFE@?$AA?9?$AA?9?$AA?9?$AA?9?$AA?9?$AA?9?$AA?9?$AA?9?$AA?9?$AA?9?$AA?9?$AA?9?$AA?9?$AA?9?$AA?9?$AA?9?$AA?9?$AA?9?$AA?9?$AA?9?$AA?9?$AA?9?$AA?9?$AA?9?$AA?9?$AA?9?$AA?9?$AA?9?$AA?9?$AA?9?$AA?9?$AA?9@ 000019c0     main.obj
 0001:00000a40       ??_C@_1GC@BMCFFGLH@?$AAE?$AAR?$AAR?$AAO?$AAR?$AA?3?$AA?5?$AAO?$AAE?$AAM?$AAM?$AAa?$AAp?$AAM?$AAe?$AAm?$AAA?$AAd?$AAd?$AAr?$AA?3?$AA?5?$AAI?$AAn?$AAv?$AAa?$AAl?$AAi?$AAd?$AA?5?$AAd?$AAo@ 00001a40     main.obj
 0001:00000aa4       ??_C@_13JOFGPIOO@?$AA?4?$AA?$AA@ 00001aa4     main.obj
 0001:00000aa8       ??_C@_1CM@LKNPOFLB@?$AAb?$AAo?$AAo?$AAt?$AAD?$AAe?$AAv?$AAi?$AAc?$AAe?$AAT?$AAy?$AAp?$AAe?$AA?5?$AA?$DN?$AA?5?$AA?$CF?$AAd?$AA?$AN?$AA?6?$AA?$AA@ 00001aa8     main.obj
 0001:00000ad4       ??_C@_1CI@OKDMPKNO@?$AAL?$AAo?$AAg?$AAi?$AAc?$AAa?$AAl?$AAL?$AAo?$AAc?$AA?5?$AA?$DN?$AA?5?$AA0?$AAx?$AA?$CF?$AAx?$AA?$AN?$AA?6?$AA?$AA@ 00001ad4     main.obj
 0001:00000afc       ??_C@_1DO@OPINKPO@?$AAI?$AAn?$AAi?$AAt?$AAi?$AAa?$AAl?$AAi?$AAz?$AAe?$AA?5?$AAs?$AAh?$AAa?$AAr?$AAe?$AA?5?$AAA?$AAR?$AAG?$AAS?$AA?5?$AA?9?$AA?5?$AA0?$AAx?$AA?$CF?$AAx?$AA?$AN?$AA?6?$AA?$AA@ 00001afc     main.obj
 0001:00000b40       ??_C@_1KM@MLNPCLLF@?$AA?$AN?$AA?6?$AA?$DO?$AA?$DO?$AA?$DO?$AA?5?$AAF?$AAo?$AAr?$AAc?$AAi?$AAn?$AAg?$AA?5?$AAc?$AAo?$AAl?$AAd?$AA?5?$AAb?$AAo?$AAo?$AAt?$AA?5?$AA?$CI?$AAn?$AAo?$AAn?$AA?9?$AAp?$AAe?$AAr@ 00001b40     main.obj
 0001:00000bf0       ??_C@_1EA@EAGALJIK@?$AA?$AN?$AA?$DO?$AA?$DO?$AA?$DO?$AA?5?$AAN?$AAo?$AAw?$AA?5?$AAe?$AAn?$AAt?$AAr?$AAy?$AA?5?$AAc?$AAo?$AAl?$AAd?$AA?9?$AAr?$AAe?$AAs?$AAe?$AAt?$AA?4?$AA?4?$AA?4?$AA?5?$AA?$AN?$AA?6?$AA?$AA@ 00001bf0     main.obj
 0001:00000c30       ??_C@_1EA@JAEGLKFM@?$AA?$AN?$AA?$DO?$AA?$DO?$AA?$DO?$AA?5?$AAN?$AAo?$AAw?$AA?5?$AAe?$AAn?$AAt?$AAr?$AAy?$AA?5?$AAw?$AAa?$AAr?$AAm?$AA?9?$AAr?$AAe?$AAs?$AAe?$AAt?$AA?4?$AA?4?$AA?4?$AA?5?$AA?$AN?$AA?6?$AA?$AA@ 00001c30     main.obj
 0001:00000c70       ??_C@_1DE@IDJEJNKG@?$AAC?$AAl?$AAe?$AAa?$AAr?$AA?5?$AAs?$AAh?$AAa?$AAr?$AAe?$AA?5?$AAA?$AAR?$AAG?$AAS?$AA?5?$AA?9?$AA?5?$AA0?$AAx?$AA?$CF?$AAx?$AA?$AN?$AA?6?$AA?$AA@ 00001c70     main.obj
 0001:00000ca4       ??_C@_11LOCGONAA@?$AA?$AA@ 00001ca4     main.obj
 0001:00000ca8       ??_C@_1O@HJKNOJA@?$AAn?$AAk?$AA?4?$AAb?$AAi?$AAn?$AA?$AA@ 00001ca8     main.obj
 0001:00000cb8       ??_C@_1EC@IFKCAMGN@?$AAI?$AAN?$AAF?$AAO?$AA?3?$AA?5?$AAS?$AAW?$AA4?$AA?5?$AAb?$AAo?$AAo?$AAt?$AA?5?$AAs?$AAe?$AAt?$AAt?$AAi?$AAn?$AAg?$AA?3?$AA?5?$AA0?$AAx?$AA?$CF?$AA0?$AA2?$AAx?$AA?$AN?$AA?6@ 00001cb8     main.obj
 0001:00000d00       ??_C@_1GC@MEIINOMM@?$AAW?$AAA?$AAR?$AAN?$AA?3?$AA?5?$AAB?$AAo?$AAo?$AAt?$AA?5?$AAc?$AAo?$AAn?$AAf?$AAi?$AAg?$AA?5?$AAw?$AAa?$AAs?$AAn?$AA?8?$AAt?$AA?5?$AAf?$AAo?$AAu?$AAn?$AAd?$AA?0?$AA?5@ 00001d00     main.obj
 0001:00000d68       ??_C@_1EC@IBPJNEAL@?$AAI?$AAN?$AAF?$AAO?$AA?3?$AA?5?$AAB?$AAo?$AAo?$AAt?$AA?5?$AAc?$AAo?$AAn?$AAf?$AAi?$AAg?$AAu?$AAr?$AAa?$AAt?$AAi?$AAo?$AAn?$AA?5?$AAf?$AAo?$AAu?$AAn?$AAd?$AA?$AN?$AA?6@ 00001d68     main.obj
 0001:00000db0       ??_C@_1GI@OMOEGIPN@?$AAL?$AAa?$AAu?$AAn?$AAc?$AAh?$AA?5?$AAW?$AAi?$AAn?$AAd?$AAo?$AAw?$AAs?$AA?5?$AAC?$AAE?$AA?5?$AAi?$AAm?$AAa?$AAg?$AAe?$AA?5?$AAb?$AAy?$AA?5?$AAj?$AAu?$AAm?$AAp?$AAi@ 00001db0     main.obj
 0001:00000e18       ??_C@_1HO@MGHNOKAM@?$AAE?$AAR?$AAR?$AAO?$AAR?$AA?3?$AA?5?$AAO?$AAE?$AAM?$AAL?$AAa?$AAu?$AAn?$AAc?$AAh?$AA?3?$AA?5?$AAU?$AAn?$AAk?$AAn?$AAo?$AAw?$AAn?$AA?5?$AAi?$AAm?$AAa?$AAg?$AAe?$AA?5@ 00001e18     main.obj
 0001:00000e98       ??_C@_1GE@FBKDALPO@?$AAE?$AAR?$AAR?$AAO?$AAR?$AA?3?$AA?5?$AAO?$AAE?$AAM?$AAL?$AAa?$AAu?$AAn?$AAc?$AAh?$AA?3?$AA?5?$AAF?$AAl?$AAa?$AAs?$AAh?$AA?5?$AAN?$AAK?$AA?4?$AAb?$AAi?$AAn?$AA?5?$AAf@ 00001e98     main.obj
 0001:00000f00       ??_C@_1FC@IKOIDMGO@?$AAW?$AAr?$AAi?$AAt?$AAe?$AAF?$AAl?$AAa?$AAs?$AAh?$AAN?$AAK?$AA?3?$AA?5?$AAs?$AAt?$AAa?$AAr?$AAt?$AA?5?$AA?$DN?$AA?5?$AA0?$AAx?$AA?$CF?$AAx?$AA?0?$AAs?$AAi?$AAz?$AAe?$AA?5@ 00001f00     main.obj
 0001:00000f58       ??_C@_1HA@PPNIDEHG@?$AAE?$AAR?$AAR?$AAO?$AAR?$AA?3?$AA?5?$AAO?$AAE?$AAM?$AAL?$AAa?$AAu?$AAn?$AAc?$AAh?$AA?3?$AA?5?$AAU?$AAn?$AAk?$AAn?$AAo?$AAw?$AAn?$AA?5?$AAd?$AAo?$AAw?$AAn?$AAl?$AAo@ 00001f58     main.obj
 0001:00000fc8       ??_C@_1GA@LEGMELFL@?$AAI?$AAN?$AAF?$AAO?$AA?3?$AA?5?$AAX?$AAL?$AAD?$AAR?$AA?1?$AAE?$AAB?$AAO?$AAO?$AAT?$AA?1?$AAI?$AAP?$AAL?$AA?5?$AAd?$AAo?$AAw?$AAn?$AAl?$AAo?$AAa?$AAd?$AAe?$AAd?$AA?0@ 00001fc8     main.obj
 0001:00001028       ??_C@_1HA@LNJPPCBO@?$AAE?$AAR?$AAR?$AAO?$AAR?$AA?3?$AA?5?$AAO?$AAE?$AAM?$AAL?$AAa?$AAu?$AAn?$AAc?$AAh?$AA?3?$AA?5?$AAI?$AAm?$AAa?$AAg?$AAe?$AA?5?$AAl?$AAo?$AAa?$AAd?$AA?5?$AAf?$AAr?$AAo@ 00002028     main.obj
 0001:00001098       ??_C@_1GE@FFBNFJNC@?$AAI?$AAN?$AAF?$AAO?$AA?3?$AA?5?$AAS?$AAp?$AAl?$AAa?$AAs?$AAh?$AAc?$AAr?$AAe?$AAe?$AAn?$AA?5?$AAl?$AAo?$AAg?$AAo?$AA?5?$AAd?$AAo?$AAw?$AAn?$AAl?$AAo?$AAa?$AAd?$AAe@ 00002098     main.obj
 0001:00001100       ??_C@_1GK@MMIDCEGF@?$AA?$CL?$AAO?$AAE?$AAM?$AAL?$AAa?$AAu?$AAn?$AAc?$AAh?$AA?$CI?$AA0?$AAx?$AA?$CF?$AA0?$AA8?$AAx?$AA?0?$AA?5?$AA0?$AAx?$AA?$CF?$AA0?$AA8?$AAx?$AA?0?$AA?5?$AA0?$AAx?$AA?$CF?$AA0?$AA8@ 00002100     main.obj
 0001:0000116c       ??_C@_1CE@DFLFAFMD@?$AAE?$AAx?$AAi?$AAt?$AA?5?$AAa?$AAn?$AAd?$AA?5?$AAC?$AAo?$AAn?$AAt?$AAi?$AAn?$AAu?$AAe?$AA?$AA@ 0000216c     hotkey.obj
 0001:00001190       ??_C@_1BC@BIAHJJFB@?$AAR?$AAe?$AAs?$AAe?$AAr?$AAv?$AAe?$AAd?$AA?$AA@ 00002190     hotkey.obj
 0001:000011a4       ??_C@_1BI@BBLNBJAP@?$AAF?$AAi?$AAl?$AAe?$AA?5?$AAU?$AAp?$AAd?$AAa?$AAt?$AAe?$AA?$AA@ 000021a4     hotkey.obj
 0001:00001250       ??_C@_1DE@MDALDBDK@?$AAH?$AAo?$AAt?$AAK?$AAe?$AAy?$AAF?$AAu?$AAn?$AAc?$AAt?$AAi?$AAo?$AAn?$AA?3?$AA?5?$AA?$FL?$AA?$CF?$AAd?$AA?0?$AA?$CF?$AAd?$AA?$FN?$AA?$AN?$AA?6?$AA?$AA@ 00002250     hotkey.obj
 0001:00001284       ??_C@_15JNBOKNOG@?$AA?$AN?$AA?6?$AA?$AA@ 00002284     hotkey.obj
 0001:0000128c       ??_C@_1M@MGHLGJNG@?$AA?5?$AA?$FL?$AA?$CF?$AAd?$AA?$FN?$AA?$AA@ 0000228c     hotkey.obj
 0001:00001298       ??_C@_1DE@NBLBDNBC@?$AA?5?$AAH?$AAo?$AAt?$AAK?$AAe?$AAy?$AAF?$AAu?$AAn?$AAc?$AAt?$AAi?$AAo?$AAn?$AA?3?$AA?5?$AAm?$AAa?$AAt?$AAr?$AAi?$AAx?$AA?5?$AA?5?$AA?$AA@ 00002298     hotkey.obj
 0001:000012cc       ??_C@_1DI@MMKNJOJC@?$AA?5?$AA?$AN?$AA?$DO?$AA?$DO?$AA?$DO?$AA?5?$AAF?$AA1?$AA?3?$AA?5?$AAF?$AAi?$AAl?$AAe?$AA?5?$AAU?$AAp?$AAd?$AAa?$AAt?$AAe?$AA?4?$AA?4?$AA?4?$AA?5?$AA?$AN?$AA?6?$AA?$AA@ 000022cc     hotkey.obj
 0001:00001304       ??_C@_1DC@HAPNJIFJ@?$AA?5?$AA?$AN?$AA?$DO?$AA?$DO?$AA?$DO?$AA?5?$AAF?$AA2?$AA?3?$AA?5?$AAR?$AAe?$AAs?$AAe?$AAr?$AAv?$AAe?$AAd?$AA?4?$AA?4?$AA?4?$AA?5?$AA?$AN?$AA?6?$AA?$AA@ 00002304     hotkey.obj
 0001:00001338       ??_C@_1DC@LJDNGPKF@?$AA?5?$AA?$AN?$AA?$DO?$AA?$DO?$AA?$DO?$AA?5?$AAF?$AA4?$AA?3?$AA?5?$AAR?$AAe?$AAs?$AAe?$AAr?$AAv?$AAe?$AAd?$AA?4?$AA?4?$AA?4?$AA?5?$AA?$AN?$AA?6?$AA?$AA@ 00002338     hotkey.obj
 0001:0000136c       ??_C@_1DM@GDNHHHGA@?$AA?5?$AA?$AN?$AA?$DO?$AA?$DO?$AA?$DO?$AA?5?$AAE?$AAx?$AAi?$AAt?$AA?5?$AAa?$AAn?$AAd?$AA?5?$AAC?$AAo?$AAn?$AAt?$AAi?$AAn?$AAu?$AAe?$AA?4?$AA?4?$AA?4?$AA?5?$AA?$AN?$AA?6?$AA?$AA@ 0000236c     hotkey.obj
 0001:000014c8       ??_C@_1FK@IBMDHDI@?$AAM?$AAP?$AAU?$AA?$FL?$AA1?$AA0?$AA0?$AA0?$AAM?$AAh?$AAz?$AA?5?$AA?$EA?$AA?5?$AA1?$AA?4?$AA3?$AA7?$AA5?$AAV?$AA?$FN?$AA?0?$AA?5?$AAI?$AAV?$AAA?$AA2?$AA?$FL?$AA8?$AA0?$AA0?$AAM@ 000024c8     menu.obj
 0001:00001528       ??_C@_1FO@MCHCGGFD@?$AAM?$AAP?$AAU?$AA?$FL?$AA8?$AA0?$AA0?$AAM?$AAh?$AAz?$AA?5?$AA?5?$AA?$EA?$AA?5?$AA1?$AA?4?$AA2?$AA6?$AA2?$AA5?$AAV?$AA?$FN?$AA?0?$AA?5?$AAI?$AAV?$AAA?$AA2?$AA?$FL?$AA6?$AA6?$AA0@ 00002528     menu.obj
 0001:00001588       ??_C@_1FO@CAGHGIKC@?$AAM?$AAP?$AAU?$AA?$FL?$AA6?$AA0?$AA0?$AAM?$AAh?$AAz?$AA?5?$AA?5?$AA?$EA?$AA?5?$AA1?$AA?4?$AA1?$AA0?$AA0?$AA0?$AAV?$AA?$FN?$AA?0?$AA?5?$AAI?$AAV?$AAA?$AA2?$AA?$FL?$AA5?$AA2?$AA0@ 00002588     menu.obj
 0001:000015e8       ??_C@_1FO@ELABMNJD@?$AAM?$AAP?$AAU?$AA?$FL?$AA3?$AA0?$AA0?$AAM?$AAh?$AAz?$AA?5?$AA?5?$AA?$EA?$AA?5?$AA0?$AA?4?$AA9?$AA3?$AA7?$AA5?$AAV?$AA?$FN?$AA?0?$AA?5?$AAI?$AAV?$AAA?$AA2?$AA?$FL?$AA2?$AA6?$AA0@ 000025e8     menu.obj
 0001:00001648       ??_C@_1FG@KPBOKIAA@?$AAM?$AAP?$AAU?$AA?$FL?$AA7?$AA2?$AA0?$AAh?$AAz?$AA?5?$AA?$EA?$AA?5?$AA1?$AA?4?$AA3?$AA5?$AA0?$AA0?$AAV?$AA?$FN?$AA?0?$AA?5?$AAI?$AAV?$AAA?$AA2?$AA?$FL?$AA5?$AA2?$AA0?$AAM?$AAh@ 00002648     menu.obj
 0001:000016a0       ??_C@_1FI@GKLNGOFA@?$AAM?$AAP?$AAU?$AA?$FL?$AA6?$AA0?$AA0?$AAM?$AAh?$AAz?$AA?5?$AA?$EA?$AA?5?$AA1?$AA?4?$AA3?$AA5?$AA0?$AA0?$AAV?$AA?$FN?$AA?0?$AA?5?$AAI?$AAV?$AAA?$AA2?$AA?$FL?$AA4?$AA3?$AA0?$AAM@ 000026a0     menu.obj
 0001:000016f8       ??_C@_1FI@GMIAOKFE@?$AAM?$AAP?$AAU?$AA?$FL?$AA5?$AA5?$AA0?$AAM?$AAh?$AAz?$AA?5?$AA?$EA?$AA?5?$AA1?$AA?4?$AA2?$AA7?$AA5?$AA0?$AAV?$AA?$FN?$AA?0?$AA?5?$AAI?$AAV?$AAA?$AA2?$AA?$FL?$AA4?$AA0?$AA0?$AAM@ 000026f8     menu.obj
 0001:00001750       ??_C@_1FI@LNIHINJA@?$AAM?$AAP?$AAU?$AA?$FL?$AA5?$AA0?$AA0?$AAM?$AAh?$AAz?$AA?5?$AA?$EA?$AA?5?$AA1?$AA?4?$AA2?$AA0?$AA0?$AA0?$AAV?$AA?$FN?$AA?0?$AA?5?$AAI?$AAV?$AAA?$AA2?$AA?$FL?$AA3?$AA6?$AA0?$AAM@ 00002750     menu.obj
 0001:000017a8       ??_C@_1FG@IMGDNCBP@?$AAM?$AAP?$AAU?$AA?$FL?$AA2?$AA5?$AA0?$AAM?$AAh?$AAz?$AA?5?$AA?$EA?$AA?5?$AA1?$AA?4?$AA0?$AA0?$AA0?$AAV?$AA?$FN?$AA?0?$AA?5?$AAI?$AAV?$AAA?$AA2?$AA?$FL?$AA1?$AA8?$AA0?$AAM?$AAh@ 000027a8     menu.obj
 0001:00001800       ??_C@_1FI@HKFGBOFG@?$AAM?$AAP?$AAU?$AA?$FL?$AA1?$AA2?$AA5?$AAM?$AAh?$AAz?$AA?5?$AA?$EA?$AA?5?$AA0?$AA?4?$AA9?$AA7?$AA5?$AAV?$AA?$FN?$AA?0?$AA?5?$AAI?$AAV?$AAA?$AA2?$AA?$FL?$AA?5?$AA9?$AA0?$AAM?$AAh@ 00002800     menu.obj
 0001:00001858       ??_C@_1BM@KBHAINFM@?$AAI?$AAn?$AAv?$AAa?$AAl?$AAi?$AAd?$AA?5?$AAE?$AAn?$AAt?$AAr?$AAy?$AA?$AA@ 00002858     menu.obj
 0001:00001874       ??_C@_1CE@BMIKEEML@?$AAD?$AAV?$AAI?$AA?5?$AA1?$AA2?$AA8?$AA0?$AAx?$AA7?$AA2?$AA0?$AA?5?$AA6?$AA0?$AAH?$AAz?$AA?$AA@ 00002874     menu.obj
 0001:00001898       ??_C@_1CE@LJDPDOKE@?$AAD?$AAV?$AAI?$AA?5?$AA1?$AA0?$AA2?$AA4?$AAx?$AA7?$AA6?$AA8?$AA?5?$AA6?$AA0?$AAH?$AAz?$AA?$AA@ 00002898     menu.obj
 0001:000018bc       ??_C@_1CE@PMPMKBOJ@?$AAD?$AAV?$AAI?$AA?5?$AA?5?$AA8?$AA0?$AA0?$AAx?$AA6?$AA0?$AA0?$AA?5?$AA6?$AA0?$AAH?$AAz?$AA?$AA@ 000028bc     menu.obj
 0001:000018e0       ??_C@_1CE@IJMKDLHH@?$AAD?$AAV?$AAI?$AA?5?$AA?5?$AA6?$AA4?$AA0?$AAx?$AA4?$AA8?$AA0?$AA?5?$AA6?$AA0?$AAH?$AAz?$AA?$AA@ 000028e0     menu.obj
 0001:00001904       ??_C@_1CE@FKEPMAF@?$AAL?$AAC?$AAD?$AA?5?$AA?5?$AA4?$AA8?$AA0?$AAx?$AA6?$AA4?$AA0?$AA?5?$AA6?$AA0?$AAH?$AAz?$AA?$AA@ 00002904     menu.obj
 0001:00001928       ??_C@_1BE@FNAHCCDL@?$AAM?$AAa?$AAi?$AAn?$AA?5?$AAM?$AAe?$AAn?$AAu?$AA?$AA@ 00002928     menu.obj
 0001:0000193c       ??_C@_1CA@MOPOGELI@?$AAS?$AAe?$AAl?$AAe?$AAc?$AAt?$AA?5?$AAO?$AAP?$AAP?$AA?5?$AAM?$AAo?$AAd?$AAe?$AA?$AA@ 0000293c     menu.obj
 0001:0000195c       ??_C@_19FNGKFHMA@?$AAT?$AAe?$AAs?$AAt?$AA?$AA@ 0000295c     menu.obj
 0001:00001968       ??_C@_1EG@HMEOLENI@?$AAE?$AAn?$AAa?$AAb?$AAl?$AAe?$AA?1?$AAD?$AAi?$AAs?$AAa?$AAb?$AAl?$AAe?$AA?5?$AAO?$AAA?$AAL?$AA?5?$AAR?$AAe?$AAt?$AAa?$AAi?$AAl?$AA?5?$AAM?$AAe?$AAs?$AAs?$AAa?$AAg@ 00002968     menu.obj
 0001:000019b0       ??_C@_1BM@MOEMNNDE@?$AAS?$AAa?$AAv?$AAe?$AA?5?$AAS?$AAe?$AAt?$AAt?$AAi?$AAn?$AAg?$AAs?$AA?$AA@ 000029b0     menu.obj
 0001:000019cc       ??_C@_1BA@MECCPMOL@?$AAS?$AAe?$AAt?$AA?5?$AAS?$AA?1?$AAN?$AA?$AA@ 000029cc     menu.obj
 0001:000019dc       ??_C@_1CC@GBKCLJHP@?$AAF?$AAl?$AAa?$AAs?$AAh?$AA?5?$AAM?$AAa?$AAn?$AAa?$AAg?$AAe?$AAm?$AAe?$AAn?$AAt?$AA?$AA@ 000029dc     menu.obj
 0001:00001a00       ??_C@_1CM@CFLHLMJF@?$AAS?$AAh?$AAo?$AAw?$AA?5?$AAC?$AAu?$AAr?$AAr?$AAe?$AAn?$AAt?$AA?5?$AAS?$AAe?$AAt?$AAt?$AAi?$AAn?$AAg?$AAs?$AA?$AA@ 00002a00     menu.obj
 0001:00001ac0       ??_C@_1FM@KKEGFMMC@?$AAH?$AAi?$AAt?$AA?5?$AAs?$AAp?$AAa?$AAc?$AAe?$AA?5?$AAt?$AAo?$AA?5?$AAe?$AAn?$AAt?$AAe?$AAr?$AA?5?$AAc?$AAo?$AAn?$AAf?$AAi?$AAg?$AAu?$AAr?$AAa?$AAt?$AAi?$AAo?$AAn@ 00002ac0     menu.obj
 0001:00001b1c       ??_C@_1DE@FKCOLIJA@?$AA?5?$AA?5?$AAF?$AAl?$AAa?$AAs?$AAh?$AAi?$AAn?$AAg?$AA?5?$AAN?$AAK?$AA?4?$AAb?$AAi?$AAn?$AA?3?$AA?5?$AA?5?$AA?5?$AA?$CF?$AAs?$AA?$AN?$AA?6?$AA?$AA@ 00002b1c     menu.obj
 0001:00001b50       ??_C@_1CG@OIGCIHAG@?$AA?5?$AA?5?$AAO?$AAP?$AAP?$AA?5?$AAM?$AAo?$AAd?$AAe?$AA?3?$AA?5?$AA?5?$AA?5?$AA?$CF?$AAs?$AA?$AN?$AA?6?$AA?$AA@ 00002b50     menu.obj
 0001:00001b78       ??_C@_1CM@JIGPKFND@?$AA?5?$AA?5?$AAR?$AAe?$AAt?$AAa?$AAi?$AAl?$AA?5?$AAM?$AAs?$AAg?$AAs?$AA?3?$AA?5?$AA?5?$AA?5?$AA?$CF?$AAs?$AA?$AN?$AA?6?$AA?$AA@ 00002b78     menu.obj
 0001:00001ba4       ??_C@_1CA@GEJBEGHK@?$AA?5?$AA?5?$AAS?$AA?1?$AAN?$AA?3?$AA?5?$AA?5?$AA?5?$AA?5?$AA?5?$AA?$CF?$AAs?$AA?$AN?$AA?6?$AA?$AA@ 00002ba4     menu.obj
 0001:00001bc4       ??_C@_1BC@LGPIFEA@?$AAd?$AAi?$AAs?$AAa?$AAb?$AAl?$AAe?$AAd?$AA?$AA@ 00002bc4     menu.obj
 0001:00001bd8       ??_C@_1BA@BKMGIBPB@?$AAe?$AAn?$AAa?$AAb?$AAl?$AAe?$AAd?$AA?$AA@ 00002bd8     menu.obj
 0001:00001be8       ??_C@_1CM@NPGGEGKD@?$AA?5?$AA?5?$AAD?$AAe?$AAb?$AAu?$AAg?$AA?5?$AAd?$AAe?$AAv?$AAi?$AAc?$AAe?$AA?3?$AA?5?$AA?5?$AA?$CF?$AAs?$AA?$AN?$AA?6?$AA?$AA@ 00002be8     menu.obj
 0001:00001c14       ??_C@_1BM@PMDNGDGM@?$AAn?$AAo?$AAt?$AA?5?$AAs?$AAp?$AAe?$AAc?$AAi?$AAf?$AAi?$AAe?$AAd?$AA?$AA@ 00002c14     menu.obj
 0001:00001c30       ??_C@_1BG@CEFCIDHI@?$AA?$AN?$AA?6?$AA?5?$AAM?$AAa?$AAi?$AAn?$AA?3?$AA?$AN?$AA?6?$AA?$AA@ 00002c30     menu.obj
 0001:00001c48       ??_C@_1CM@IGJFNOHM@?$AA?5?$AA?5?$AAB?$AAo?$AAo?$AAt?$AA?5?$AAd?$AAe?$AAv?$AAi?$AAc?$AAe?$AA?3?$AA?5?$AA?5?$AA?5?$AA?$CF?$AAs?$AA?$AN?$AA?6?$AA?$AA@ 00002c48     menu.obj
 0001:00001c74       ??_C@_1CI@CKGGDGOD@?$AA?5?$AAC?$AAu?$AAr?$AAr?$AAe?$AAn?$AAt?$AA?5?$AAS?$AA?1?$AAN?$AA?3?$AA?5?$AA?5?$AA?$CF?$AAs?$AA?$AN?$AA?6?$AA?$AA@ 00002c74     menu.obj
 0001:00001c9c       ??_C@_1BK@EHKHMELD@?$AA?$AN?$AA?6?$AA?5?$AAN?$AAe?$AAw?$AA?5?$AAS?$AA?1?$AAN?$AA?3?$AA?5?$AA?$AA@ 00002c9c     menu.obj
 0001:00001cb8       ??_C@_1DO@IPDMADGH@?$AA?5?$AAO?$AAA?$AAL?$AA?5?$AAR?$AAe?$AAt?$AAa?$AAi?$AAl?$AA?5?$AAM?$AAe?$AAs?$AAs?$AAa?$AAg?$AAe?$AAs?$AA?5?$AAe?$AAn?$AAa?$AAb?$AAl?$AAe?$AAd?$AA?$AN?$AA?6?$AA?$AA@ 00002cb8     menu.obj
 0001:00001cf8       ??_C@_1EA@EDIKANLP@?$AA?5?$AAO?$AAA?$AAL?$AA?5?$AAR?$AAe?$AAt?$AAa?$AAi?$AAl?$AA?5?$AAM?$AAe?$AAs?$AAs?$AAa?$AAg?$AAe?$AAs?$AA?5?$AAd?$AAi?$AAs?$AAa?$AAb?$AAl?$AAe?$AAd?$AA?$AN?$AA?6?$AA?$AA@ 00002cf8     menu.obj
 0001:00001d38       ??_C@_19DIEGALPP@?$AA?$CF?$AAc?$AA?$AN?$AA?6?$AA?$AA@ 00002d38     menu.obj
 0001:00001d48       ??_C@_1EI@IEOEJKJK@?$AA?5?$AAE?$AAn?$AAa?$AAb?$AAl?$AAe?$AA?5?$AAO?$AAA?$AAL?$AA?5?$AAR?$AAe?$AAt?$AAa?$AAi?$AAl?$AA?5?$AAM?$AAe?$AAs?$AAs?$AAa?$AAg?$AAe?$AAs?$AA?5?$AA?$FL?$AAy?$AA?1?$AA?9@ 00002d48     menu.obj
 0001:00001d90       ??_C@_1EK@NMKAIECH@?$AA?5?$AAD?$AAi?$AAs?$AAa?$AAb?$AAl?$AAe?$AA?5?$AAO?$AAA?$AAL?$AA?5?$AAR?$AAe?$AAt?$AAa?$AAi?$AAl?$AA?5?$AAM?$AAe?$AAs?$AAs?$AAa?$AAg?$AAe?$AAs?$AA?5?$AA?$FL?$AAy?$AA?1@ 00002d90     menu.obj
 0001:00001ddc       ??_C@_1DC@KGICMHCL@?$AA?5?$AA?$FL?$AA0?$AA?$FN?$AA?5?$AAE?$AAx?$AAi?$AAt?$AA?5?$AAa?$AAn?$AAd?$AA?5?$AAC?$AAo?$AAn?$AAt?$AAi?$AAn?$AAu?$AAe?$AA?$AN?$AA?6?$AA?$AA@ 00002ddc     menu.obj
 0001:00001e10       ??_C@_1DK@EBBOCKOO@?$AA?$AN?$AA?6?$AA?5?$AAS?$AAe?$AAl?$AAe?$AAc?$AAt?$AAi?$AAo?$AAn?$AA?5?$AA?$CI?$AAa?$AAc?$AAt?$AAu?$AAa?$AAl?$AA?5?$AA?$FL?$AA?$CF?$AAs?$AA?$FN?$AA?$CJ?$AA?3?$AA?5?$AA?$AA@ 00002e10     menu.obj
 0001:00001e4c       ??_C@_1BG@LMIBJJCD@?$AA?5?$AA?$FL?$AA?$CF?$AAd?$AA?$FN?$AA?5?$AA?$CF?$AAs?$AA?$AN?$AA?6?$AA?$AA@ 00002e4c     menu.obj
 0001:00001e64       ??_C@_1DO@GCBJIIGC@?$AAE?$AAR?$AAR?$AAO?$AAR?$AA?3?$AA?5?$AAS?$AAe?$AAt?$AAt?$AAi?$AAn?$AAg?$AAs?$AA?5?$AAs?$AAa?$AAv?$AAe?$AA?5?$AAf?$AAa?$AAi?$AAl?$AAe?$AAd?$AA?$CB?$AA?$AN?$AA?6?$AA?$AA@ 00002e64     menu.obj
 0001:00001ea8       ??_C@_1EG@EPHHPOIA@?$AA?5?$AAC?$AAu?$AAr?$AAr?$AAe?$AAn?$AAt?$AA?5?$AAs?$AAe?$AAt?$AAt?$AAi?$AAn?$AAg?$AAs?$AA?5?$AAh?$AAa?$AAs?$AA?5?$AAb?$AAe?$AAe?$AAn?$AA?5?$AAs?$AAa?$AAv?$AAe?$AAd@ 00002ea8     menu.obj
 0001:00001ef0       ??_C@_1FG@NGGODBPB@?$AA?5?$AAD?$AAo?$AA?5?$AAy?$AAo?$AAu?$AA?5?$AAw?$AAa?$AAn?$AAt?$AA?5?$AAs?$AAa?$AAv?$AAe?$AA?5?$AAc?$AAu?$AAr?$AAr?$AAe?$AAn?$AAt?$AA?5?$AAs?$AAe?$AAt?$AAt?$AAi?$AAn@ 00002ef0     menu.obj
 0001:00001fd8       ??_C@_1BK@JPPJHKGA@?$AAS?$AAe?$AAt?$AA?5?$AAE?$AAC?$AAC?$AA?5?$AAm?$AAo?$AAd?$AAe?$AA?$AA@ 00002fd8     flashmenu.obj
 0001:00001ff4       ??_C@_1CO@EGKANGDF@?$AAE?$AAn?$AAa?$AAb?$AAl?$AAe?$AA?5?$AAf?$AAl?$AAa?$AAs?$AAh?$AAi?$AAn?$AAg?$AA?5?$AAN?$AAK?$AA?4?$AAb?$AAi?$AAn?$AA?$AA@ 00002ff4     flashmenu.obj
 0001:00002024       ??_C@_1BK@GBFAOEGL@?$AAF?$AAo?$AAr?$AAm?$AAa?$AAt?$AA?5?$AAf?$AAl?$AAa?$AAs?$AAh?$AA?$AA@ 00003024     flashmenu.obj
 0001:00002040       ??_C@_1BM@GCHGGBGE@?$AAS?$AAe?$AAt?$AA?5?$AAb?$AAa?$AAd?$AA?5?$AAb?$AAl?$AAo?$AAc?$AAk?$AA?$AA@ 00003040     flashmenu.obj
 0001:0000205c       ??_C@_1CI@NOBBAEFH@?$AAR?$AAe?$AAs?$AAe?$AAr?$AAv?$AAe?$AA?5?$AAb?$AAl?$AAo?$AAc?$AAk?$AA?5?$AAr?$AAa?$AAn?$AAg?$AAe?$AA?$AA@ 0000305c     flashmenu.obj
 0001:00002084       ??_C@_1CE@GGLAHODL@?$AAE?$AAr?$AAa?$AAs?$AAe?$AA?5?$AAb?$AAl?$AAo?$AAc?$AAk?$AA?5?$AAr?$AAa?$AAn?$AAg?$AAe?$AA?$AA@ 00003084     flashmenu.obj
 0001:000020a8       ??_C@_1BI@NDJHIBFP@?$AAE?$AAr?$AAa?$AAs?$AAe?$AA?5?$AAf?$AAl?$AAa?$AAs?$AAh?$AA?$AA@ 000030a8     flashmenu.obj
 0001:000020c0       ??_C@_1CE@IKOIJPJI@?$AAD?$AAu?$AAm?$AAp?$AA?5?$AAf?$AAl?$AAa?$AAs?$AAh?$AA?5?$AAs?$AAe?$AAc?$AAt?$AAo?$AAr?$AA?$AA@ 000030c0     flashmenu.obj
 0001:000020e4       ??_C@_1CI@NOIANDIC@?$AAS?$AAh?$AAo?$AAw?$AA?5?$AAf?$AAl?$AAa?$AAs?$AAh?$AA?5?$AAg?$AAe?$AAo?$AAm?$AAe?$AAt?$AAr?$AAy?$AA?$AA@ 000030e4     flashmenu.obj
 0001:000021a0       ??_C@_1BA@ICKOCNOC@?$AA?5?$AAD?$AAo?$AAn?$AAe?$AA?$AN?$AA?6?$AA?$AA@ 000031a0     flashmenu.obj
 0001:000021b0       ??_C@_1BK@NJMFPCLL@?$AA?$AN?$AA?6?$AA?$FL?$AAr?$AAe?$AAs?$AAe?$AAr?$AAv?$AAe?$AAd?$AA?$FN?$AA?$AA@ 000031b0     flashmenu.obj
 0001:000021cc       ??_C@_17IAIOLGBB@?$AA?5?$AA?$CF?$AAd?$AA?$AA@ 000031cc     flashmenu.obj
 0001:000021d4       ??_C@_1BK@LJFBNMNP@?$AA?$AN?$AA?6?$AA?$FL?$AAb?$AAa?$AAd?$AA?$FN?$AA?5?$AA?5?$AA?5?$AA?5?$AA?5?$AA?$AA@ 000031d4     flashmenu.obj
 0001:000021f0       ??_C@_1CC@CKACAODM@?$AA?5?$AAE?$AAC?$AAC?$AA?5?$AAm?$AAo?$AAd?$AAe?$AA?3?$AA?5?$AA?5?$AA?$CF?$AAs?$AA?$AN?$AA?6?$AA?$AA@ 000031f0     flashmenu.obj
 0001:00002214       ??_C@_1CC@EDJAHKCB@?$AAH?$AAa?$AAm?$AAm?$AAi?$AAn?$AAg?$AA?5?$AA1?$AAb?$AAi?$AAt?$AA?5?$AAE?$AAC?$AAC?$AA?$AA@ 00003214     flashmenu.obj
 0001:00002238       ??_C@_1BK@HLJGHKLA@?$AAB?$AAC?$AAH?$AA?5?$AA4?$AAb?$AAi?$AAt?$AA?5?$AAE?$AAC?$AAC?$AA?$AA@ 00003238     flashmenu.obj
 0001:00002254       ??_C@_1BK@GHGPADLK@?$AAB?$AAC?$AAH?$AA?5?$AA8?$AAb?$AAi?$AAt?$AA?5?$AAE?$AAC?$AAC?$AA?$AA@ 00003254     flashmenu.obj
 0001:00002270       ??_C@_1CK@GKLBIPDL@?$AA?5?$AAF?$AAl?$AAa?$AAs?$AAh?$AA?5?$AAT?$AAy?$AAp?$AAe?$AA?3?$AA?5?$AA?5?$AA?5?$AA?5?$AA?$CF?$AAs?$AA?$AN?$AA?6?$AA?$AA@ 00003270     flashmenu.obj
 0001:0000229c       ??_C@_1CK@FFMHKDOJ@?$AA?5?$AAB?$AAl?$AAo?$AAc?$AAk?$AAs?$AA?3?$AA?5?$AA?5?$AA?5?$AA?5?$AA?5?$AA?5?$AA?5?$AA?5?$AA?$CF?$AAd?$AA?$AN?$AA?6?$AA?$AA@ 0000329c     flashmenu.obj
 0001:000022c8       ??_C@_1CK@IKGPGDPJ@?$AA?5?$AAB?$AAy?$AAt?$AAe?$AAs?$AA?1?$AAb?$AAl?$AAo?$AAc?$AAk?$AA?3?$AA?5?$AA?5?$AA?5?$AA?$CF?$AAd?$AA?$AN?$AA?6?$AA?$AA@ 000032c8     flashmenu.obj
 0001:000022f4       ??_C@_1CK@OCGGJEJ@?$AA?5?$AAS?$AAe?$AAc?$AAt?$AAo?$AAr?$AAs?$AA?1?$AAb?$AAl?$AAo?$AAc?$AAk?$AA?3?$AA?5?$AA?$CF?$AAd?$AA?$AN?$AA?6?$AA?$AA@ 000032f4     flashmenu.obj
 0001:00002320       ??_C@_1CK@KEDBKDHI@?$AA?5?$AAB?$AAy?$AAt?$AAe?$AAs?$AA?1?$AAs?$AAe?$AAc?$AAt?$AAo?$AAr?$AA?3?$AA?5?$AA?5?$AA?$CF?$AAd?$AA?$AN?$AA?6?$AA?$AA@ 00003320     flashmenu.obj
 0001:0000234c       ??_C@_19FIBFMGJP@?$AAN?$AAA?$AAN?$AAD?$AA?$AA@ 0000334c     flashmenu.obj
 0001:00002358       ??_C@_17DJMAIPNJ@?$AAN?$AAO?$AAR?$AA?$AA@ 00003358     flashmenu.obj
 0001:00002360       ??_C@_1EO@FMHOCAJM@?$AA?5?$AAO?$AAo?$AAp?$AAs?$AA?0?$AA?5?$AAc?$AAa?$AAn?$AA?8?$AAt?$AA?5?$AAg?$AAe?$AAt?$AA?5?$AAf?$AAl?$AAa?$AAs?$AAh?$AA?5?$AAg?$AAe?$AAo?$AAm?$AAe?$AAt?$AAr?$AAy?$AA?5@ 00003360     flashmenu.obj
 0001:000023b0       ??_C@_1DO@ECBGAOKH@?$AA?5?$AAO?$AAo?$AAp?$AAs?$AA?0?$AA?5?$AAc?$AAa?$AAn?$AA?8?$AAt?$AA?5?$AAo?$AAp?$AAe?$AAn?$AA?5?$AAF?$AAM?$AAD?$AA?5?$AAd?$AAr?$AAi?$AAv?$AAe?$AAr?$AA?$AN?$AA?6?$AA?$AA@ 000033b0     flashmenu.obj
 0001:000023f0       ??_C@_1FI@LPGEHBMI@?$AA?5?$AAO?$AAo?$AAp?$AAs?$AA?0?$AA?5?$AAc?$AAa?$AAn?$AA?8?$AAt?$AA?5?$AAe?$AAr?$AAa?$AAs?$AAe?$AA?5?$AAb?$AAl?$AAo?$AAc?$AAk?$AA?5?$AA?$CF?$AAd?$AA?5?$AA?9?$AA?5?$AAm?$AAa@ 000033f0     flashmenu.obj
 0001:00002448       ??_C@_1DE@FDJBJKAL@?$AA?5?$AAS?$AAk?$AAi?$AAp?$AA?5?$AAr?$AAe?$AAs?$AAe?$AAr?$AAv?$AAe?$AAd?$AA?5?$AAb?$AAl?$AAo?$AAc?$AAk?$AA?5?$AA?$CF?$AAd?$AA?$AN?$AA?6?$AA?$AA@ 00003448     flashmenu.obj
 0001:0000247c       ??_C@_1CK@FKCECPDI@?$AA?5?$AAS?$AAk?$AAi?$AAp?$AA?5?$AAb?$AAa?$AAd?$AA?5?$AAb?$AAl?$AAo?$AAc?$AAk?$AA?5?$AA?$CF?$AAd?$AA?$AN?$AA?6?$AA?$AA@ 0000347c     flashmenu.obj
 0001:000024a8       ??_C@_1GA@KKFAKMFP@?$AA?5?$AAD?$AAo?$AA?5?$AAy?$AAo?$AAu?$AA?5?$AAw?$AAa?$AAn?$AAt?$AA?5?$AAt?$AAo?$AA?5?$AAe?$AAr?$AAa?$AAs?$AAe?$AA?5?$AAu?$AAn?$AAr?$AAe?$AAs?$AAe?$AAr?$AAv?$AAe?$AAd@ 000034a8     flashmenu.obj
 0001:00002508       ??_C@_1FG@KMEBKKAG@?$AA?5?$AAD?$AAo?$AA?5?$AAy?$AAo?$AAu?$AA?5?$AAw?$AAa?$AAn?$AAt?$AA?5?$AAt?$AAo?$AA?5?$AAe?$AAr?$AAa?$AAs?$AAe?$AA?5?$AAb?$AAa?$AAd?$AA?5?$AAb?$AAl?$AAo?$AAc?$AAk?$AA?5@ 00003508     flashmenu.obj
 0001:00002560       ??_C@_1GA@IMHNOHDN@?$AA?5?$AAD?$AAo?$AA?5?$AAy?$AAo?$AAu?$AA?5?$AAw?$AAa?$AAn?$AAt?$AA?5?$AAt?$AAo?$AA?5?$AAe?$AAr?$AAa?$AAs?$AAe?$AA?5?$AAr?$AAe?$AAs?$AAe?$AAr?$AAv?$AAe?$AAd?$AA?5?$AAb@ 00003560     flashmenu.obj
 0001:000025c0       ??_C@_1EO@FLJCJNNB@?$AA?5?$AAD?$AAo?$AA?5?$AAy?$AAo?$AAu?$AA?5?$AAw?$AAa?$AAn?$AAt?$AA?5?$AAe?$AAr?$AAa?$AAs?$AAe?$AA?5?$AAb?$AAl?$AAo?$AAc?$AAk?$AA?5?$AA?$CF?$AAd?$AA?9?$AA?$CF?$AAd?$AA?5?$AA?$FL@ 000035c0     flashmenu.obj
 0001:00002610       ??_C@_1DM@MPGKHCCK@?$AA?5?$AAO?$AAo?$AAp?$AAs?$AA?0?$AA?5?$AAt?$AAo?$AAo?$AA?5?$AAb?$AAi?$AAg?$AA?5?$AAb?$AAl?$AAo?$AAc?$AAk?$AA?5?$AAn?$AAu?$AAm?$AAb?$AAe?$AAr?$AA?$AN?$AA?6?$AA?$AA@ 00003610     flashmenu.obj
 0001:0000264c       ??_C@_1CO@CKBOHOON@?$AA?$AN?$AA?6?$AA?5?$AAL?$AAa?$AAs?$AAt?$AA?5?$AAB?$AAl?$AAo?$AAc?$AAk?$AA?5?$AAN?$AAu?$AAm?$AAb?$AAe?$AAr?$AA?3?$AA?5?$AA?$AA@ 0000364c     flashmenu.obj
 0001:0000267c       ??_C@_1DA@LGLONGJJ@?$AA?$AN?$AA?6?$AA?5?$AAF?$AAi?$AAr?$AAs?$AAt?$AA?5?$AAB?$AAl?$AAo?$AAc?$AAk?$AA?5?$AAN?$AAu?$AAm?$AAb?$AAe?$AAr?$AA?3?$AA?5?$AA?$AA@ 0000367c     flashmenu.obj
 0001:000026b0       ??_C@_1FG@GECOJCBP@?$AA?5?$AAO?$AAo?$AAp?$AAs?$AA?0?$AA?5?$AAc?$AAa?$AAn?$AA?8?$AAt?$AA?5?$AAm?$AAa?$AAr?$AAk?$AA?5?$AAb?$AAl?$AAo?$AAc?$AAk?$AA?5?$AA?$CF?$AAd?$AA?5?$AA?9?$AA?5?$AAa?$AAs?$AA?5@ 000036b0     flashmenu.obj
 0001:00002708       ??_C@_1GE@KHHGLGPF@?$AA?5?$AAD?$AAo?$AA?5?$AAy?$AAo?$AAu?$AA?5?$AAw?$AAa?$AAn?$AAt?$AA?5?$AAm?$AAa?$AAr?$AAk?$AA?5?$AAa?$AAs?$AA?5?$AAr?$AAe?$AAs?$AAe?$AAr?$AAv?$AAe?$AAd?$AA?5?$AAb?$AAl@ 00003708     flashmenu.obj
 0001:0000276c       ??_C@_15DAMPJCDE@?$AA?$CF?$AAc?$AA?$AA@ 0000376c     flashmenu.obj
 0001:00002774       ??_C@_15OJKDPEFE@?$AA?5?$AA?5?$AA?$AA@ 00003774     flashmenu.obj
 0001:0000277c       ??_C@_1M@FHJLFHFE@?$AA?5?$AA?$CF?$AA0?$AA2?$AAx?$AA?$AA@ 0000377c     flashmenu.obj
 0001:00002788       ??_C@_1M@CKIPGKFF@?$AA?$CF?$AA0?$AA4?$AAx?$AA?5?$AA?$AA@ 00003788     flashmenu.obj
 0001:00002798       ??_C@_1EM@JNIBIIAB@?$AA?$AN?$AA?6?$AAS?$AAe?$AAc?$AAt?$AAo?$AAr?$AA?5?$AA?$CF?$AAd?$AA?5?$AA?$CI?$AAs?$AAe?$AAc?$AAt?$AAo?$AAr?$AA?5?$AA?$CF?$AAd?$AA?5?$AAi?$AAn?$AA?5?$AAb?$AAl?$AAo?$AAc?$AAk?$AA?5@ 00003798     flashmenu.obj
 0001:000027e8       ??_C@_1HM@NEKLJOFD@?$AAR?$AAe?$AAs?$AAe?$AAr?$AAv?$AAe?$AAd?$AA1?$AA?3?$AA?5?$AA?$CF?$AA0?$AA8?$AAx?$AA?5?$AAO?$AAE?$AAM?$AAR?$AAe?$AAs?$AAe?$AAr?$AAv?$AAe?$AAd?$AA?3?$AA?5?$AA?$CF?$AA0?$AA2@ 000037e8     flashmenu.obj
 0001:00002864       ??_C@_1DI@NODDJIFB@?$AA?5?$AAO?$AAo?$AAp?$AAs?$AA?0?$AA?5?$AAs?$AAe?$AAc?$AAt?$AAo?$AAr?$AA?5?$AAr?$AAe?$AAa?$AAd?$AA?5?$AAf?$AAa?$AAi?$AAl?$AAe?$AAd?$AA?$AN?$AA?6?$AA?$AA@ 00003864     flashmenu.obj
 0001:0000289c       ??_C@_1DO@OOAFHGFN@?$AA?5?$AAO?$AAo?$AAp?$AAs?$AA?0?$AA?5?$AAt?$AAo?$AAo?$AA?5?$AAb?$AAi?$AAg?$AA?5?$AAs?$AAe?$AAc?$AAt?$AAo?$AAr?$AA?5?$AAn?$AAu?$AAm?$AAb?$AAe?$AAr?$AA?$AN?$AA?6?$AA?$AA@ 0000389c     flashmenu.obj
 0001:000028dc       ??_C@_1CG@KCBMIPD@?$AA?$AN?$AA?6?$AA?5?$AAS?$AAe?$AAc?$AAt?$AAo?$AAr?$AA?5?$AAN?$AAu?$AAm?$AAb?$AAe?$AAr?$AA?3?$AA?5?$AA?$AA@ 000038dc     flashmenu.obj
 0001:00002908       ??_C@_1FG@IJKIFPEH@?$AA?5?$AAO?$AAo?$AAp?$AAs?$AA?0?$AA?5?$AAs?$AAe?$AAc?$AAt?$AAo?$AAr?$AA?5?$AAs?$AAi?$AAz?$AAe?$AA?5?$AAl?$AAa?$AAr?$AAg?$AAe?$AAr?$AA?5?$AAt?$AAh?$AAa?$AAn?$AA?5?$AAm@ 00003908     flashmenu.obj
 0001:00002960       ??_C@_1BE@MFBEDOBI@?$AA?$AN?$AA?6?$AA?5?$AAD?$AAo?$AAn?$AAe?$AA?$AN?$AA?6?$AA?$AA@ 00003960     flashmenu.obj
 0001:00002974       ??_C@_1CE@EPPKNNOD@?$AA?$AN?$AA?6?$AA?5?$AAB?$AAl?$AAo?$AAc?$AAk?$AA?5?$AAN?$AAu?$AAm?$AAb?$AAe?$AAr?$AA?3?$AA?5?$AA?$AA@ 00003974     flashmenu.obj
 0001:00002998       ??_C@_1GC@JKKDFPCG@?$AA?5?$AAD?$AAo?$AA?5?$AAy?$AAo?$AAu?$AA?5?$AAw?$AAa?$AAn?$AAt?$AA?5?$AAt?$AAo?$AA?5?$AAf?$AAo?$AAr?$AAm?$AAa?$AAt?$AA?5?$AAu?$AAn?$AAr?$AAe?$AAs?$AAe?$AAr?$AAv?$AAe@ 00003998     flashmenu.obj
 0001:000029fc       ??_C@_1DM@NJFEAFBO@?$AA?5?$AAF?$AAl?$AAa?$AAs?$AAh?$AAi?$AAn?$AAg?$AA?5?$AAN?$AAK?$AA?4?$AAb?$AAi?$AAn?$AA?5?$AAi?$AAs?$AA?5?$AAe?$AAn?$AAa?$AAb?$AAl?$AAe?$AAd?$AA?$AN?$AA?6?$AA?$AA@ 000039fc     flashmenu.obj
 0001:00002a38       ??_C@_1DO@FEBEDMFN@?$AA?5?$AAF?$AAl?$AAa?$AAs?$AAh?$AAi?$AAn?$AAg?$AA?5?$AAN?$AAK?$AA?4?$AAb?$AAi?$AAn?$AA?5?$AAi?$AAs?$AA?5?$AAd?$AAi?$AAs?$AAa?$AAb?$AAl?$AAe?$AAd?$AA?$AN?$AA?6?$AA?$AA@ 00003a38     flashmenu.obj
 0001:00002a78       ??_C@_1EA@POGPJPIN@?$AA?5?$AAE?$AAn?$AAa?$AAb?$AAl?$AAe?$AA?5?$AAF?$AAl?$AAa?$AAs?$AAh?$AAi?$AAn?$AAg?$AA?5?$AAN?$AAK?$AA?4?$AAb?$AAi?$AAn?$AA?5?$AA?$FL?$AAy?$AA?1?$AA?9?$AA?$FN?$AA?3?$AA?5?$AA?$AA@ 00003a78     flashmenu.obj
 0001:00002ab8       ??_C@_1EC@LIJCOJEF@?$AA?5?$AAD?$AAi?$AAs?$AAa?$AAb?$AAl?$AAe?$AA?5?$AAF?$AAl?$AAa?$AAs?$AAh?$AAi?$AAn?$AAg?$AA?5?$AAN?$AAK?$AA?4?$AAb?$AAi?$AAn?$AA?5?$AA?$FL?$AAy?$AA?1?$AA?9?$AA?$FN?$AA?3?$AA?5@ 00003ab8     flashmenu.obj
 0001:00002b00       ??_C@_1GE@EJGAKBM@?$AA?5?$AAI?$AAn?$AAv?$AAa?$AAl?$AAi?$AAd?$AA?5?$AAE?$AAC?$AAC?$AA?5?$AAm?$AAo?$AAd?$AAe?$AA?0?$AA?5?$AAs?$AAe?$AAt?$AA?5?$AAE?$AAC?$AAC?$AA?5?$AAm?$AAo?$AAd?$AAe?$AA?5@ 00003b00     flashmenu.obj
 0001:00002b68       ??_C@_1ME@KHCPMAFG@?$AA?5?$AAT?$AAh?$AAi?$AAs?$AA?5?$AAc?$AAo?$AAm?$AAm?$AAa?$AAn?$AAd?$AA?5?$AAi?$AAs?$AA?5?$AAu?$AAs?$AAe?$AAd?$AA?5?$AAt?$AAo?$AA?5?$AAt?$AAe?$AAm?$AAp?$AAo?$AAr?$AAa@ 00003b68     flashmenu.obj
 0001:00002c30       ??_C@_1HK@NLFNLNJI@?$AA?5?$AAS?$AAe?$AAl?$AAe?$AAc?$AAt?$AA?5?$AAE?$AAC?$AAC?$AA?5?$AAm?$AAo?$AAd?$AAe?$AA?5?$AA?$FL?$AA0?$AA?$CI?$AAH?$AAa?$AAm?$AAm?$AAi?$AAn?$AAg?$AA?5?$AA1?$AAb?$AAi?$AAt@ 00003c30     flashmenu.obj
 0001:00002dd0       ??_C@_1DO@CGLKJNGE@?$AA?9?$AAO?$AAE?$AAM?$AAS?$AAt?$AAa?$AAr?$AAt?$AAE?$AAr?$AAa?$AAs?$AAe?$AAF?$AAl?$AAa?$AAs?$AAh?$AA?$CI?$AAr?$AAc?$AA?5?$AA?$DN?$AA?5?$AA?$CF?$AAd?$AA?$CJ?$AA?$AN?$AA?6?$AA?$AA@ 00003dd0     flash.obj
 0001:00002e10       ??_C@_1EM@JLOIOPDF@?$AA?$CL?$AAO?$AAE?$AAM?$AAS?$AAt?$AAa?$AAr?$AAt?$AAE?$AAr?$AAa?$AAs?$AAe?$AAF?$AAl?$AAa?$AAs?$AAh?$AA?$CI?$AA0?$AAx?$AA?$CF?$AA0?$AA8?$AAx?$AA?0?$AA?5?$AA0?$AAx?$AA?$CF?$AA0@ 00003e10     flash.obj
 0001:00002e5c       ??_C@_1DI@PEICDJAI@?$AAS?$AAp?$AAl?$AAa?$AAs?$AAh?$AAc?$AAr?$AAe?$AAe?$AAn?$AA?5?$AAi?$AAm?$AAa?$AAg?$AAe?$AA?5?$AAw?$AAr?$AAi?$AAt?$AAt?$AAe?$AAn?$AA?$AN?$AA?6?$AA?$AA@ 00003e5c     flash.obj
 0001:00002e98       ??_C@_1JK@INEHPIOE@?$AAE?$AAR?$AAR?$AAO?$AAR?$AA?3?$AA?5?$AAO?$AAE?$AAM?$AAW?$AAr?$AAi?$AAt?$AAe?$AAF?$AAl?$AAa?$AAs?$AAh?$AA?3?$AA?5?$AAO?$AAA?$AAL?$AAF?$AAl?$AAa?$AAs?$AAh?$AAS?$AAt@ 00003e98     flash.obj
 0001:00002f38       ??_C@_1JM@NFAJELED@?$AAE?$AAR?$AAR?$AAO?$AAR?$AA?3?$AA?5?$AAO?$AAE?$AAM?$AAW?$AAr?$AAi?$AAt?$AAe?$AAF?$AAl?$AAa?$AAs?$AAh?$AA?3?$AA?5?$AAL?$AAo?$AAg?$AAo?$AA?5?$AAi?$AAm?$AAa?$AAg?$AAe@ 00003f38     flash.obj
 0001:00002fd8       ??_C@_1GO@DLIAFJMC@?$AAE?$AAR?$AAR?$AAO?$AAR?$AA?3?$AA?5?$AAO?$AAE?$AAM?$AAW?$AAr?$AAi?$AAt?$AAe?$AAF?$AAl?$AAa?$AAs?$AAh?$AA?3?$AA?5?$AAO?$AAA?$AAL?$AAF?$AAl?$AAa?$AAs?$AAh?$AAS?$AAt@ 00003fd8     flash.obj
 0001:00003048       ??_C@_1FM@GPKMPIMP@?$AA?$AN?$AA?6?$AAW?$AAr?$AAi?$AAt?$AAi?$AAn?$AAg?$AA?5?$AAS?$AAp?$AAl?$AAa?$AAs?$AAh?$AAc?$AAr?$AAe?$AAe?$AAn?$AA?5?$AAi?$AAm?$AAa?$AAg?$AAe?$AA?5?$AAt?$AAo?$AA?5?$AAf@ 00004048     flash.obj
 0001:000030a8       ??_C@_1GG@PLILEPKK@?$AA?9?$AA?9?$AA?9?$AA?9?$AA?9?$AA?9?$AA?9?$AA?9?$AA?9?$AA?9?$AA?9?$AA?9?$AA?9?$AA?9?$AA?9?$AA?9?$AA?9?$AA?9?$AA?9?$AA?9?$AA?9?$AA?9?$AA?9?$AA?9?$AA?9?$AA?9?$AA?9?$AA?9?$AA?9?$AA?9?$AA?9?$AA?9@ 000040a8     flash.obj
 0001:00003110       ??_C@_1EC@FHNOBDCD@?$AA?5?$AA?5?$AAT?$AAr?$AAa?$AAc?$AAk?$AAi?$AAn?$AAg?$AA?5?$AAM?$AAe?$AAm?$AA?5?$AAL?$AAe?$AAn?$AAg?$AAt?$AAh?$AA?5?$AA?3?$AA?5?$AA0?$AAx?$AA?$CF?$AA0?$AA8?$AAx?$AA?$AN?$AA?6@ 00004110     flash.obj
 0001:00003158       ??_C@_1EC@OMMGJENJ@?$AA?5?$AA?5?$AAT?$AAr?$AAa?$AAc?$AAk?$AAi?$AAn?$AAg?$AA?5?$AAM?$AAe?$AAm?$AA?5?$AAS?$AAt?$AAa?$AAr?$AAt?$AA?5?$AA?5?$AA?3?$AA?5?$AA0?$AAx?$AA?$CF?$AA0?$AA8?$AAx?$AA?$AN?$AA?6@ 00004158     flash.obj
 0001:000031a0       ??_C@_1EC@JNDLGIKF@?$AA?5?$AA?5?$AAE?$AAx?$AAt?$AAe?$AAn?$AAs?$AAi?$AAo?$AAn?$AAs?$AA?5?$AA?5?$AA?5?$AA?5?$AA?5?$AA?5?$AA?5?$AA?5?$AA?5?$AA?5?$AA?3?$AA?5?$AA0?$AAx?$AA?$CF?$AA0?$AA8?$AAx?$AA?$AN?$AA?6@ 000041a0     flash.obj
 0001:000031e8       ??_C@_1EK@NKNNLDBD@?$AA?5?$AA?5?$AAM?$AAi?$AAs?$AAc?$AAF?$AAl?$AAa?$AAg?$AAs?$AA?5?$AA?5?$AA?5?$AA?5?$AA?5?$AA?5?$AA?5?$AA?5?$AA?5?$AA?5?$AA?5?$AA?3?$AA?5?$AA?5?$AA?5?$AA?5?$AA?5?$AA0?$AAx?$AA?$CF?$AA0@ 000041e8     flash.obj
 0001:00003238       ??_C@_1EK@JJJOHJHH@?$AA?5?$AA?5?$AAC?$AAP?$AAU?$AA?5?$AA?5?$AA?5?$AA?5?$AA?5?$AA?5?$AA?5?$AA?5?$AA?5?$AA?5?$AA?5?$AA?5?$AA?5?$AA?5?$AA?5?$AA?5?$AA?5?$AA?3?$AA?5?$AA?5?$AA?5?$AA?5?$AA?5?$AA0?$AAx?$AA?$CF?$AA0@ 00004238     flash.obj
 0001:00003288       ??_C@_1EC@CCJIKKIG@?$AA?5?$AA?5?$AAD?$AAr?$AAi?$AAv?$AAe?$AAr?$AA?5?$AAG?$AAl?$AAo?$AAb?$AA?5?$AAL?$AAe?$AAn?$AAg?$AAt?$AAh?$AA?5?$AA?5?$AA?3?$AA?5?$AA0?$AAx?$AA?$CF?$AA0?$AA8?$AAx?$AA?$AN?$AA?6@ 00004288     flash.obj
 0001:000032d0       ??_C@_1EC@LPBHAOCK@?$AA?5?$AA?5?$AAD?$AAr?$AAi?$AAv?$AAe?$AAr?$AA?5?$AAG?$AAl?$AAo?$AAb?$AA?5?$AAS?$AAt?$AAa?$AAr?$AAt?$AA?5?$AA?5?$AA?5?$AA?3?$AA?5?$AA0?$AAx?$AA?$CF?$AA0?$AA8?$AAx?$AA?$AN?$AA?6@ 000042d0     flash.obj
 0001:00003318       ??_C@_1EC@IABJILGI@?$AA?5?$AA?5?$AAF?$AAi?$AAl?$AAe?$AAS?$AAy?$AAs?$AA?5?$AAR?$AAA?$AAM?$AA?5?$AAP?$AAe?$AAr?$AAc?$AAe?$AAn?$AAt?$AA?5?$AA?3?$AA?5?$AA0?$AAx?$AA?$CF?$AA0?$AA8?$AAx?$AA?$AN?$AA?6@ 00004318     flash.obj
 0001:00003360       ??_C@_1EC@GDFJIFCF@?$AA?5?$AA?5?$AAK?$AAe?$AAr?$AAn?$AAe?$AAl?$AA?5?$AAF?$AAl?$AAa?$AAg?$AAs?$AA?5?$AA?5?$AA?5?$AA?5?$AA?5?$AA?5?$AA?5?$AA?5?$AA?3?$AA?5?$AA0?$AAx?$AA?$CF?$AA0?$AA8?$AAx?$AA?$AN?$AA?6@ 00004360     flash.obj
 0001:000033a4       ??_C@_1DO@NPCIPKAK@?$AA?5?$AA?5?$AAN?$AAu?$AAm?$AA?5?$AAF?$AAi?$AAl?$AAe?$AAs?$AA?5?$AA?5?$AA?5?$AA?5?$AA?5?$AA?5?$AA?5?$AA?5?$AA?5?$AA?5?$AA?5?$AA?3?$AA?5?$AA?$CF?$AA1?$AA0?$AAd?$AA?$AN?$AA?6?$AA?$AA@ 000043a4     flash.obj
 0001:000033e8       ??_C@_1EC@GLFGIGFP@?$AA?5?$AA?5?$AAP?$AAr?$AAo?$AAf?$AA?5?$AAS?$AAy?$AAm?$AAb?$AAo?$AAl?$AA?5?$AAO?$AAf?$AAf?$AAs?$AAe?$AAt?$AA?5?$AA?5?$AA?3?$AA?5?$AA0?$AAx?$AA?$CF?$AA0?$AA8?$AAx?$AA?$AN?$AA?6@ 000043e8     flash.obj
 0001:00003430       ??_C@_1EC@INEFBELC@?$AA?5?$AA?5?$AAP?$AAr?$AAo?$AAf?$AA?5?$AAS?$AAy?$AAm?$AAb?$AAo?$AAl?$AA?5?$AAL?$AAe?$AAn?$AAg?$AAt?$AAh?$AA?5?$AA?5?$AA?3?$AA?5?$AA0?$AAx?$AA?$CF?$AA0?$AA8?$AAx?$AA?$AN?$AA?6@ 00004430     flash.obj
 0001:00003478       ??_C@_1EC@FEMDLBGI@?$AA?5?$AA?5?$AAC?$AAo?$AAp?$AAy?$AA?5?$AAE?$AAn?$AAt?$AAr?$AAi?$AAe?$AAs?$AA?5?$AAO?$AAf?$AAf?$AAs?$AAe?$AAt?$AA?5?$AA?3?$AA?5?$AA0?$AAx?$AA?$CF?$AA0?$AA8?$AAx?$AA?$AN?$AA?6@ 00004478     flash.obj
 0001:000034bc       ??_C@_1DO@LFBMBNAO@?$AA?5?$AA?5?$AAN?$AAu?$AAm?$AA?5?$AAC?$AAo?$AAp?$AAy?$AA?5?$AAE?$AAn?$AAt?$AAr?$AAi?$AAe?$AAs?$AA?5?$AA?5?$AA?5?$AA?5?$AA?3?$AA?5?$AA?$CF?$AA1?$AA0?$AAd?$AA?$AN?$AA?6?$AA?$AA@ 000044bc     flash.obj
 0001:00003500       ??_C@_1EC@IKFCIHNK@?$AA?5?$AA?5?$AAR?$AAA?$AAM?$AA?5?$AAE?$AAn?$AAd?$AA?5?$AA?5?$AA?5?$AA?5?$AA?5?$AA?5?$AA?5?$AA?5?$AA?5?$AA?5?$AA?5?$AA?5?$AA?5?$AA?3?$AA?5?$AA0?$AAx?$AA?$CF?$AA0?$AA8?$AAx?$AA?$AN?$AA?6@ 00004500     flash.obj
 0001:00003548       ??_C@_1EC@FMEPNBO@?$AA?5?$AA?5?$AAR?$AAA?$AAM?$AA?5?$AAF?$AAr?$AAe?$AAe?$AA?5?$AA?5?$AA?5?$AA?5?$AA?5?$AA?5?$AA?5?$AA?5?$AA?5?$AA?5?$AA?5?$AA?5?$AA?3?$AA?5?$AA0?$AAx?$AA?$CF?$AA0?$AA8?$AAx?$AA?$AN?$AA?6@ 00004548     flash.obj
 0001:00003590       ??_C@_1EC@IKCHAPAE@?$AA?5?$AA?5?$AAR?$AAA?$AAM?$AA?5?$AAS?$AAt?$AAa?$AAr?$AAt?$AA?5?$AA?5?$AA?5?$AA?5?$AA?5?$AA?5?$AA?5?$AA?5?$AA?5?$AA?5?$AA?5?$AA?3?$AA?5?$AA0?$AAx?$AA?$CF?$AA0?$AA8?$AAx?$AA?$AN?$AA?6@ 00004590     flash.obj
 0001:000035d4       ??_C@_1DO@OKOEBDCJ@?$AA?5?$AA?5?$AAN?$AAu?$AAm?$AA?5?$AAM?$AAo?$AAd?$AAu?$AAl?$AAe?$AAs?$AA?5?$AA?5?$AA?5?$AA?5?$AA?5?$AA?5?$AA?5?$AA?5?$AA?5?$AA?3?$AA?5?$AA?$CF?$AA1?$AA0?$AAd?$AA?$AN?$AA?6?$AA?$AA@ 000045d4     flash.obj
 0001:00003618       ??_C@_1EC@NAHCJOL@?$AA?5?$AA?5?$AAP?$AAh?$AAy?$AAs?$AAi?$AAc?$AAa?$AAl?$AA?5?$AAL?$AAa?$AAs?$AAt?$AA?5?$AA?5?$AA?5?$AA?5?$AA?5?$AA?5?$AA?5?$AA?3?$AA?5?$AA0?$AAx?$AA?$CF?$AA0?$AA8?$AAx?$AA?$AN?$AA?6@ 00004618     flash.obj
 0001:00003660       ??_C@_1EC@IJBGHIJL@?$AA?5?$AA?5?$AAP?$AAh?$AAy?$AAs?$AAi?$AAc?$AAa?$AAl?$AA?5?$AAF?$AAi?$AAr?$AAs?$AAt?$AA?5?$AA?5?$AA?5?$AA?5?$AA?5?$AA?5?$AA?3?$AA?5?$AA0?$AAx?$AA?$CF?$AA0?$AA8?$AAx?$AA?$AN?$AA?6@ 00004660     flash.obj
 0001:000036a8       ??_C@_1EC@OOCEINF@?$AA?5?$AA?5?$AAD?$AAL?$AAL?$AA?5?$AAL?$AAa?$AAs?$AAt?$AA?5?$AA?5?$AA?5?$AA?5?$AA?5?$AA?5?$AA?5?$AA?5?$AA?5?$AA?5?$AA?5?$AA?5?$AA?3?$AA?5?$AA0?$AAx?$AA?$CF?$AA0?$AA8?$AAx?$AA?$AN?$AA?6@ 000046a8     flash.obj
 0001:000036f0       ??_C@_1EC@FBMKGHCM@?$AA?5?$AA?5?$AAD?$AAL?$AAL?$AA?5?$AAF?$AAi?$AAr?$AAs?$AAt?$AA?5?$AA?5?$AA?5?$AA?5?$AA?5?$AA?5?$AA?5?$AA?5?$AA?5?$AA?5?$AA?5?$AA?3?$AA?5?$AA0?$AAx?$AA?$CF?$AA0?$AA8?$AAx?$AA?$AN?$AA?6@ 000046f0     flash.obj
 0001:00003738       ??_C@_1FO@LHJKOBMN@?$AAR?$AAO?$AAM?$AAH?$AAD?$AAR?$AA?5?$AA?$CI?$AAp?$AAT?$AAO?$AAC?$AA?5?$AA?$DN?$AA?5?$AA0?$AAx?$AA?$CF?$AA0?$AA8?$AAx?$AA?$CJ?$AA?5?$AA?9?$AA?9?$AA?9?$AA?9?$AA?9?$AA?9?$AA?9?$AA?9?$AA?9@ 00004738     flash.obj
 0001:00003798       ??_C@_1DC@CJMIMBMC@?$AAF?$AAl?$AAa?$AAs?$AAh?$AA?5?$AAf?$AAo?$AAr?$AAm?$AAa?$AAt?$AA?5?$AAc?$AAo?$AAm?$AAp?$AAl?$AAe?$AAt?$AAe?$AA?$CB?$AA?$AN?$AA?6?$AA?$AA@ 00004798     flash.obj
 0001:000037d0       ??_C@_1EE@EELLBIAJ@?$AAE?$AAr?$AAr?$AAo?$AAr?$AA?5?$AAc?$AAr?$AAe?$AAa?$AAt?$AAi?$AAn?$AAg?$AA?5?$AAf?$AAi?$AAl?$AAe?$AA?5?$AAp?$AAa?$AAr?$AAt?$AAi?$AAt?$AAi?$AAo?$AAn?$AA?$CB?$AA?$CB?$AA?$AN@ 000047d0     flash.obj
 0001:00003814       ??_C@_1CO@GFIJHOCH@?$AAN?$AAK?$AA?5?$AAp?$AAa?$AAr?$AAt?$AAi?$AAt?$AAi?$AAo?$AAn?$AA?5?$AAc?$AAr?$AAe?$AAa?$AAt?$AAe?$AAd?$AA?$AN?$AA?6?$AA?$AA@ 00004814     flash.obj
 0001:00003848       ??_C@_1EA@FBHNJDFD@?$AAE?$AAr?$AAr?$AAo?$AAr?$AA?5?$AAc?$AAr?$AAe?$AAa?$AAt?$AAi?$AAn?$AAg?$AA?5?$AAO?$AAS?$AA?5?$AAp?$AAa?$AAr?$AAt?$AAi?$AAt?$AAi?$AAo?$AAn?$AA?$CB?$AA?$CB?$AA?$AN?$AA?6?$AA?$AA@ 00004848     flash.obj
 0001:00003888       ??_C@_1CM@NDGHMEGF@?$AAF?$AAo?$AAr?$AAm?$AAa?$AAt?$AAt?$AAi?$AAn?$AAg?$AA?5?$AAf?$AAl?$AAa?$AAs?$AAh?$AA?4?$AA?4?$AA?4?$AA?$AN?$AA?6?$AA?$AA@ 00004888     flash.obj
 0001:000038b8       ??_C@_1LE@KHIPBHLF@?$AAO?$AAS?$AA?5?$AAp?$AAa?$AAr?$AAt?$AAi?$AAt?$AAi?$AAo?$AAn?$AA?5?$AAd?$AAo?$AAe?$AAs?$AA?5?$AAn?$AAo?$AAt?$AA?5?$AAm?$AAa?$AAt?$AAc?$AAh?$AA?5?$AAc?$AAo?$AAn?$AAf@ 000048b8     flash.obj
 0001:00003970       ??_C@_1EA@PANFDMBA@?$AAO?$AAS?$AA?5?$AAp?$AAa?$AAr?$AAt?$AAi?$AAt?$AAi?$AAo?$AAn?$AA?5?$AAd?$AAo?$AAe?$AAs?$AA?5?$AAn?$AAo?$AAt?$AA?5?$AAe?$AAx?$AAi?$AAs?$AAt?$AA?$CB?$AA?$CB?$AA?$AN?$AA?6?$AA?$AA@ 00004970     flash.obj
 0001:000039b0       ??_C@_1II@PGPDCKHA@?$AAB?$AAL?$AAC?$AAo?$AAn?$AAf?$AAi?$AAg?$AAu?$AAr?$AAe?$AAF?$AAl?$AAa?$AAs?$AAh?$AAP?$AAa?$AAr?$AAt?$AAi?$AAt?$AAi?$AAo?$AAn?$AAs?$AA?3?$AA?5?$AAE?$AAr?$AAr?$AAo@ 000049b0     flash.obj
 0001:00003a38       ??_C@_1CE@KBCKFLJM@?$AAN?$AAK?$AA?5?$AAI?$AAm?$AAa?$AAg?$AAe?$AA?5?$AAL?$AAo?$AAa?$AAd?$AAe?$AAd?$AA?$AN?$AA?6?$AA?$AA@ 00004a38     flash.obj
 0001:00003a60       ??_C@_1FK@HODAKHKA@?$AAE?$AAR?$AAR?$AAO?$AAR?$AA?3?$AA?5?$AAN?$AAK?$AA?5?$AAi?$AAm?$AAa?$AAg?$AAe?$AA?5?$AAd?$AAo?$AAe?$AAs?$AAn?$AA?8?$AAt?$AA?5?$AAh?$AAa?$AAv?$AAe?$AA?5?$AAR?$AAO?$AAM@ 00004a60     flash.obj
 0001:00003ac0       ??_C@_1EE@FFBJDIJA@?$AAE?$AAR?$AAR?$AAO?$AAR?$AA?3?$AA?5?$AAB?$AAP?$AA_?$AAR?$AAe?$AAa?$AAd?$AAD?$AAa?$AAt?$AAa?$AA?5?$AAc?$AAa?$AAl?$AAl?$AA?5?$AAf?$AAa?$AAi?$AAl?$AAe?$AAd?$AA?$CB?$AA?$AN@ 00004ac0     flash.obj
 0001:00003b08       ??_C@_1EG@FNGCHJDC@?$AAE?$AAR?$AAR?$AAO?$AAR?$AA?3?$AA?5?$AAI?$AAm?$AAa?$AAg?$AAe?$AA?5?$AAs?$AAi?$AAg?$AAn?$AAa?$AAt?$AAu?$AAr?$AAe?$AA?5?$AAn?$AAo?$AAt?$AA?5?$AAf?$AAo?$AAu?$AAn?$AAd@ 00004b08     flash.obj
 0001:00003b50       ??_C@_1EK@JACEGLCB@?$AAE?$AAR?$AAR?$AAO?$AAR?$AA?3?$AA?5?$AAE?$AAr?$AAr?$AAo?$AAr?$AA?5?$AAr?$AAe?$AAa?$AAd?$AAi?$AAn?$AAg?$AA?5?$AAO?$AAS?$AA?5?$AAp?$AAa?$AAr?$AAt?$AAi?$AAt?$AAi?$AAo@ 00004b50     flash.obj
 0001:00003ba0       ??_C@_1EC@KEKCJKLC@?$AAE?$AAR?$AAR?$AAO?$AAR?$AA?3?$AA?5?$AAO?$AAS?$AA?5?$AAp?$AAa?$AAr?$AAt?$AAi?$AAt?$AAi?$AAo?$AAn?$AA?5?$AAn?$AAo?$AAt?$AA?5?$AAf?$AAo?$AAu?$AAn?$AAd?$AA?$CB?$AA?$AN?$AA?6@ 00004ba0     flash.obj
 0001:00003be8       ??_C@_1GK@CPEKEJEK@?$AAR?$AAe?$AAa?$AAd?$AAF?$AAl?$AAa?$AAs?$AAh?$AAN?$AAK?$AA?3?$AA?5?$AAE?$AAr?$AAr?$AAo?$AAr?$AA?5?$AAi?$AAn?$AAi?$AAt?$AAi?$AAa?$AAl?$AAi?$AAz?$AAi?$AAn?$AAg?$AA?5@ 00004be8     flash.obj
 0001:00003c58       ??_C@_1EE@NJGMLICC@?$AAL?$AAo?$AAa?$AAd?$AA?5?$AAN?$AAK?$AA?5?$AAi?$AAm?$AAa?$AAg?$AAe?$AA?5?$AAf?$AAr?$AAo?$AAm?$AA?5?$AAf?$AAl?$AAa?$AAs?$AAh?$AA?5?$AAm?$AAe?$AAm?$AAo?$AAr?$AAy?$AA?$AN@ 00004c58     flash.obj
 0001:00003ca0       ??_C@_1JC@FCHNHAAL@?$AAE?$AAR?$AAR?$AAO?$AAR?$AA?3?$AA?5?$AAO?$AAE?$AAM?$AAW?$AAr?$AAi?$AAt?$AAe?$AAF?$AAl?$AAa?$AAs?$AAh?$AA?3?$AA?5?$AAX?$AAL?$AAD?$AAR?$AA?5?$AAi?$AAm?$AAa?$AAg?$AAe@ 00004ca0     flash.obj
 0001:00003d34       ??_C@_1CK@NJEDFGLK@?$AAX?$AAL?$AAD?$AAR?$AA?5?$AAi?$AAm?$AAa?$AAg?$AAe?$AA?5?$AAw?$AAr?$AAi?$AAt?$AAt?$AAe?$AAn?$AA?$AN?$AA?6?$AA?$AA@ 00004d34     flash.obj
 0001:00003d60       ??_C@_1KM@GAMGNNOD@?$AAE?$AAR?$AAR?$AAO?$AAR?$AA?3?$AA?5?$AAO?$AAE?$AAM?$AAW?$AAr?$AAi?$AAt?$AAe?$AAF?$AAl?$AAa?$AAs?$AAh?$AA?3?$AA?5?$AAX?$AAL?$AAD?$AAR?$AA?5?$AAi?$AAm?$AAa?$AAg?$AAe@ 00004d60     flash.obj
 0001:00003e10       ??_C@_1JG@PEMOLGHN@?$AAE?$AAR?$AAR?$AAO?$AAR?$AA?3?$AA?5?$AAO?$AAE?$AAM?$AAW?$AAr?$AAi?$AAt?$AAe?$AAF?$AAl?$AAa?$AAs?$AAh?$AA?3?$AA?5?$AAX?$AAL?$AAD?$AAR?$AA?5?$AAi?$AAm?$AAa?$AAg?$AAe@ 00004e10     flash.obj
 0001:00003ea8       ??_C@_1GO@LKIJELAC@?$AAE?$AAR?$AAR?$AAO?$AAR?$AA?3?$AA?5?$AAO?$AAE?$AAM?$AAW?$AAr?$AAi?$AAt?$AAe?$AAF?$AAl?$AAa?$AAs?$AAh?$AA?3?$AA?5?$AAX?$AAL?$AAD?$AAR?$AA?5?$AAi?$AAm?$AAa?$AAg?$AAe@ 00004ea8     flash.obj
 0001:00003f18       ??_C@_1EO@MFAPGNDN@?$AA?$AN?$AA?6?$AAW?$AAr?$AAi?$AAt?$AAi?$AAn?$AAg?$AA?5?$AAX?$AAL?$AAD?$AAR?$AA?5?$AAi?$AAm?$AAa?$AAg?$AAe?$AA?5?$AAt?$AAo?$AA?5?$AAf?$AAl?$AAa?$AAs?$AAh?$AA?5?$AAm?$AAe@ 00004f18     flash.obj
 0001:00003f68       ??_C@_1CM@CMHKBBHI@?$AAE?$AAB?$AAO?$AAO?$AAT?$AA?5?$AAi?$AAm?$AAa?$AAg?$AAe?$AA?5?$AAw?$AAr?$AAi?$AAt?$AAt?$AAe?$AAn?$AA?$AN?$AA?6?$AA?$AA@ 00004f68     flash.obj
 0001:00003f98       ??_C@_1HA@OPDOICMP@?$AAE?$AAR?$AAR?$AAO?$AAR?$AA?3?$AA?5?$AAO?$AAE?$AAM?$AAW?$AAr?$AAi?$AAt?$AAe?$AAF?$AAl?$AAa?$AAs?$AAh?$AA?3?$AA?5?$AAE?$AAB?$AAO?$AAO?$AAT?$AA?5?$AAi?$AAm?$AAa?$AAg@ 00004f98     flash.obj
 0001:00004008       ??_C@_1JO@HOPMBDBI@?$AAE?$AAR?$AAR?$AAO?$AAR?$AA?3?$AA?5?$AAO?$AAE?$AAM?$AAW?$AAr?$AAi?$AAt?$AAe?$AAF?$AAl?$AAa?$AAs?$AAh?$AA?3?$AA?5?$AAE?$AAB?$AAO?$AAO?$AAT?$AA?5?$AAi?$AAm?$AAa?$AAg@ 00005008     flash.obj
 0001:000040a8       ??_C@_1FA@LGNLEKHJ@?$AA?$AN?$AA?6?$AAW?$AAr?$AAi?$AAt?$AAi?$AAn?$AAg?$AA?5?$AAE?$AAB?$AAO?$AAO?$AAT?$AA?5?$AAi?$AAm?$AAa?$AAg?$AAe?$AA?5?$AAt?$AAo?$AA?5?$AAf?$AAl?$AAa?$AAs?$AAh?$AA?5?$AAm@ 000050a8     flash.obj
 0001:000040f8       ??_C@_1FC@DLJHBOIG@?$AAE?$AAR?$AAR?$AAO?$AAR?$AA?3?$AA?5?$AAF?$AAa?$AAi?$AAl?$AAe?$AAd?$AA?5?$AAw?$AAr?$AAi?$AAt?$AAi?$AAn?$AAg?$AA?5?$AAt?$AAo?$AA?5?$AAO?$AAS?$AA?5?$AAp?$AAa?$AAr?$AAt@ 000050f8     flash.obj
 0001:00004150       ??_C@_1FM@NBKLFBCM@?$AAE?$AAR?$AAR?$AAO?$AAR?$AA?3?$AA?5?$AAO?$AAS?$AA?5?$AAp?$AAa?$AAr?$AAt?$AAi?$AAt?$AAi?$AAo?$AAn?$AA?5?$AAt?$AAo?$AAo?$AA?5?$AAs?$AAm?$AAa?$AAl?$AAl?$AA?$CB?$AA?5?$AA?5@ 00005150     flash.obj
 0001:000041ac       ??_C@_1CI@BAKEFGCP@?$AAh?$AAP?$AAa?$AAr?$AAt?$AAi?$AAt?$AAi?$AAo?$AAn?$AA?5?$AA?$DN?$AA?5?$AA0?$AAx?$AA?$CF?$AAX?$AA?$AN?$AA?6?$AA?$AA@ 000051ac     flash.obj
 0001:000041d8       ??_C@_1GM@NHAICGBK@?$AAW?$AAr?$AAi?$AAt?$AAe?$AAF?$AAl?$AAa?$AAs?$AAh?$AAN?$AAK?$AA?3?$AA?5?$AAE?$AAr?$AAr?$AAo?$AAr?$AA?5?$AAi?$AAn?$AAi?$AAt?$AAi?$AAa?$AAl?$AAi?$AAz?$AAi?$AAn?$AAg@ 000051d8     flash.obj
 0001:00004248       ??_C@_1GK@ILFHOAHO@?$AAE?$AAR?$AAR?$AAO?$AAR?$AA?3?$AA?5?$AAO?$AAE?$AAM?$AAW?$AAr?$AAi?$AAt?$AAe?$AAF?$AAl?$AAa?$AAs?$AAh?$AA?3?$AA?5?$AAN?$AAK?$AA?5?$AAi?$AAm?$AAa?$AAg?$AAe?$AA?5?$AAs@ 00005248     flash.obj
 0001:000042b8       ??_C@_1HC@KEGBBDA@?$AA?$AN?$AA?6?$AAW?$AAr?$AAi?$AAt?$AAi?$AAn?$AAg?$AA?5?$AAN?$AAK?$AA?5?$AAi?$AAm?$AAa?$AAg?$AAe?$AA?5?$AAt?$AAo?$AA?5?$AAO?$AAS?$AA?5?$AAp?$AAa?$AAr?$AAt?$AAi?$AAt?$AAi@ 000052b8     flash.obj
 0001:0000432c       ??_C@_1CI@LMAOBMJH@?$AAB?$AAL?$AAF?$AAl?$AAa?$AAs?$AAh?$AAD?$AAo?$AAw?$AAn?$AAl?$AAo?$AAa?$AAd?$AA?$CI?$AA?$CJ?$AA?$AN?$AA?6?$AA?$AA@ 0000532c     flash.obj
 0001:000043e8       ??_C@_1HE@BDJAOKHO@?$AAE?$AAR?$AAR?$AAO?$AAR?$AA?3?$AA?5?$AAE?$AAB?$AAO?$AAO?$AAT?$AA?$CB?$AAB?$AAL?$AAR?$AAe?$AAa?$AAd?$AAB?$AAo?$AAo?$AAt?$AAC?$AAf?$AAg?$AA?3?$AA?5?$AAF?$AAl?$AAa?$AAs@ 000053e8     cfg.obj
 0001:0000445c       ??_C@_1DK@HPMHIIMH@?$AAB?$AAL?$AAR?$AAe?$AAa?$AAd?$AAB?$AAo?$AAo?$AAt?$AAC?$AAf?$AAg?$AA?3?$AA?5?$AAs?$AAe?$AAc?$AAt?$AAo?$AAr?$AA?5?$AA?$DN?$AA?5?$AA?$CF?$AAd?$AA?$AN?$AA?6?$AA?$AA@ 0000545c     cfg.obj
 0001:00004498       ??_C@_1IG@EBGBGDAI@?$AAE?$AAR?$AAR?$AAO?$AAR?$AA?3?$AA?5?$AAF?$AAl?$AAa?$AAs?$AAh?$AA?5?$AAs?$AAe?$AAc?$AAt?$AAo?$AAr?$AA?5?$AAs?$AAi?$AAz?$AAe?$AA?5?$AA?$CF?$AAd?$AA?5?$AAb?$AAy?$AAt?$AAe@ 00005498     cfg.obj
 0001:00004520       ??_C@_1EE@MHCJNGAF@?$AAE?$AAR?$AAR?$AAO?$AAR?$AA?3?$AA?5?$AAF?$AAM?$AAD?$AA_?$AAG?$AAe?$AAt?$AAI?$AAn?$AAf?$AAo?$AA?5?$AAc?$AAa?$AAl?$AAl?$AA?5?$AAf?$AAa?$AAi?$AAl?$AAe?$AAd?$AA?$CB?$AA?$AN@ 00005520     cfg.obj
 0001:00004564       ??_C@_1DO@FFNONGBO@?$AAE?$AAR?$AAR?$AAO?$AAR?$AA?3?$AA?5?$AAF?$AAM?$AAD?$AA_?$AAI?$AAn?$AAi?$AAt?$AA?5?$AAc?$AAa?$AAl?$AAl?$AA?5?$AAf?$AAa?$AAi?$AAl?$AAe?$AAd?$AA?$CB?$AA?$AN?$AA?6?$AA?$AA@ 00005564     cfg.obj
 0001:000045a8       ??_C@_1HI@NMGONLPH@?$AAE?$AAR?$AAR?$AAO?$AAR?$AA?3?$AA?5?$AAE?$AAB?$AAO?$AAO?$AAT?$AA?$CB?$AAB?$AAL?$AAW?$AAr?$AAi?$AAt?$AAe?$AAB?$AAo?$AAo?$AAt?$AAC?$AAf?$AAg?$AA?3?$AA?5?$AAF?$AAl?$AAa@ 000055a8     cfg.obj
 0001:00004620       ??_C@_1HG@CNPKAHCG@?$AAE?$AAR?$AAR?$AAO?$AAR?$AA?3?$AA?5?$AAE?$AAB?$AAO?$AAO?$AAT?$AA?$CB?$AAB?$AAL?$AAW?$AAr?$AAi?$AAt?$AAe?$AAB?$AAo?$AAo?$AAt?$AAC?$AAf?$AAg?$AA?3?$AA?5?$AAF?$AAl?$AAa@ 00005620     cfg.obj
 0001:00004698       ??_C@_1IE@IPHMEIA@?$AA?$AN?$AA?6?$AAE?$AAR?$AAR?$AAO?$AAR?$AA?3?$AA?5?$AAE?$AAB?$AAO?$AAO?$AAT?$AA?$CB?$AAB?$AAL?$AAW?$AAr?$AAi?$AAt?$AAe?$AAB?$AAo?$AAo?$AAt?$AAC?$AAf?$AAg?$AA?3?$AA?5?$AAF@ 00005698     cfg.obj
 0001:00004720       ??_C@_1IG@GHABCEAA@?$AAE?$AAR?$AAR?$AAO?$AAR?$AA?3?$AA?5?$AAF?$AAl?$AAa?$AAs?$AAh?$AA?5?$AAs?$AAe?$AAc?$AAt?$AAo?$AAr?$AA?5?$AAs?$AAi?$AAz?$AAe?$AA?5?$AA?$CF?$AAd?$AA?5?$AAb?$AAy?$AAt?$AAe@ 00005720     cfg.obj
 0001:000047a8       ??_C@_1CG@CLBPJHOF@?$AAB?$AAL?$AAS?$AAh?$AAo?$AAw?$AAL?$AAo?$AAg?$AAo?$AA?3?$AA?5?$AA0?$AAx?$AA?$CF?$AAx?$AA?$AN?$AA?6?$AA?$AA@ 000057a8     cfg.obj
 0001:00004860       ??_C@_0CJ@MPHJDLPH@?9OALKitlDeviceName?$CIname?5?$DN?50x?$CF08x@ 00005860     oal_kitl_boot:device.obj
 0001:0000488c       ??_C@_0CJ@OKPKABKG@?$CLOALKitlDeviceName?$CI?$CFd?1?$CFd?1?$CF08x?0?50@ 0000588c     oal_kitl_boot:device.obj
 0001:000049d8       ??_C@_17HBLJBP@?$AA?$AN?$AA?6?$AA?5?$AA?$AA@ 000059d8     oal_blmenu:menu.obj
 0001:000049e0       ??_C@_13IMODFHAA@?$AA?9?$AA?$AA@ 000059e0     oal_blmenu:menu.obj
 0001:000049e4       ??_C@_1BO@MKGCCJBG@?$AA?$AN?$AA?6?$AA?5?$AAS?$AAe?$AAl?$AAe?$AAc?$AAt?$AAi?$AAo?$AAn?$AA?3?$AA?5?$AA?$AA@ 000059e4     oal_blmenu:menu.obj
 0001:00004a04       ??_C@_1BG@EBHIGBFG@?$AA?5?$AA?$FL?$AA?$CF?$AAc?$AA?$FN?$AA?5?$AA?$CF?$AAs?$AA?$AN?$AA?6?$AA?$AA@ 00005a04     oal_blmenu:menu.obj
 0001:00004a1c       ??_C@_15GANGMFKL@?$AA?$CF?$AAs?$AA?$AA@ 00005a1c     oal_blmenu:menu.obj
 0001:00004a24       ??_C@_17ILCABGPK@?$AA?$AI?$AA?5?$AA?$AI?$AA?$AA@ 00005a24     oal_blmenu:menu.obj
 0001:00004b50       ??_C@_1O@INIEDEDF@?$AA?$CI?$AAN?$AAU?$AAL?$AAL?$AA?$CJ?$AA?$AA@ 00005b50     oal_blnk:format.obj
 0001:00004b60       ??_C@_06LHGEHABH@?$CINULL?$CJ?$AA@ 00005b60     oal_blnk:format.obj
 0001:00004bf8       pTOC                       00005bf8     oal_blcommon:blcommon.obj
 0001:00004c00       NKSignon                   00005c00     oal_blcommon:blcommon.obj
 0001:00004c5c       ??_C@_0DJ@LFHEGALA@ERROR?3?5Checksum?5failure?5?$CIexpecte@ 00005c5c     oal_blcommon:blcommon.obj
 0001:00004c98       ??_C@_0BM@DKIOIAMD@?$AN?6BL_IMAGE_TYPE_UNKNOWN?$AN?6?$AN?6?$AA@ 00005c98     oal_blcommon:blcommon.obj
 0001:00004cb4       ??_C@_0BP@KNNCEABF@?$AN?6BL_IMAGE_TYPE_SIGNED_NB0?$AN?6?$AN?6?$AA@ 00005cb4     oal_blcommon:blcommon.obj
 0001:00004cd4       ??_C@_07LAGBNAEN@R000FF?6?$AA@ 00005cd4     oal_blcommon:blcommon.obj
 0001:00004cdc       ??_C@_0BP@MJFCGNBB@?$AN?6BL_IMAGE_TYPE_SIGNED_BIN?$AN?6?$AN?6?$AA@ 00005cdc     oal_blcommon:blcommon.obj
 0001:00004cfc       ??_C@_07HMMLNAND@S000FF?6?$AA@ 00005cfc     oal_blcommon:blcommon.obj
 0001:00004d04       ??_C@_0BI@HBMHAEFD@?$AN?6BL_IMAGE_TYPE_BIN?$AN?6?$AN?6?$AA@ 00005d04     oal_blcommon:blcommon.obj
 0001:00004d1c       ??_C@_07MMNKOBGG@B000FF?6?$AA@ 00005d1c     oal_blcommon:blcommon.obj
 0001:00004d24       ??_C@_0BN@IHLEHBEK@?$AN?6BL_IMAGE_TYPE_MULTIXIP?$AN?6?$AN?6?$AA@ 00005d24     oal_blcommon:blcommon.obj
 0001:00004d44       ??_C@_07CBKBMMIF@X000FF?6?$AA@ 00005d44     oal_blcommon:blcommon.obj
 0001:00004d4c       ??_C@_0BN@GCKOHOON@?$AN?6BL_IMAGE_TYPE_MANIFEST?$AN?6?$AN?6?$AA@ 00005d4c     oal_blcommon:blcommon.obj
 0001:00004d6c       ??_C@_07JLHFPECJ@N000FF?6?$AA@ 00005d6c     oal_blcommon:blcommon.obj
 0001:00004d74       ??_C@_0CL@OKMIEAHJ@?$AN?6ERROR?3?5Unable?5to?5read?5image?5si@ 00005d74     oal_blcommon:blcommon.obj
 0001:00004da0       ??_C@_0DJ@PIPLIHFI@?$AN?6ERROR?3?5Unable?5to?5read?5download@ 00005da0     oal_blcommon:blcommon.obj
 0001:00004de0       ??_C@_0EC@LAKEOKID@?$AN?6ERROR?3?5Download?5manifest?5packe@ 00005de0     oal_blcommon:blcommon.obj
 0001:00004e24       ??_C@_0DG@DBBGHEAG@?$AN?6ERROR?3?5Unable?5to?5read?5download@ 00005e24     oal_blcommon:blcommon.obj
 0001:00004e5c       ??_C@_0DL@DCHMDHHD@ImageStart?5?$DN?50x?$CFx?0?5ImageLength?5?$DN@ 00005e5c     oal_blcommon:blcommon.obj
 0001:00004e98       ??_C@_0CO@PFLGIDFG@ERROR?3?5failed?5when?5reading?5raw?5b@ 00005e98     oal_blcommon:blcommon.obj
 0001:00004ec8       ??_C@_0BP@EOFEMPOO@Invalid?5flash?5address?1length?$AN?6?$AA@ 00005ec8     oal_blcommon:blcommon.obj
 0001:00004ee8       ??_C@_0CC@DNECAMLM@?$CBOEMVERIFYMEMORY?3?5Invalid?5image?$AN@ 00005ee8     oal_blcommon:blcommon.obj
 0001:00004f0c       ??_C@_0DH@GJCJAHAP@?$FL?$CFd?$FN?3?5Address?$DN0x?$CFx?5?5Length?$DN0x?$CFx?5@ 00005f0c     oal_blcommon:blcommon.obj
 0001:00004f44       ??_C@_03ILDADBHF@RAM?$AA@  00005f44     oal_blcommon:blcommon.obj
 0001:00004f48       ??_C@_05HPMNGINJ@FLASH?$AA@ 00005f48     oal_blcommon:blcommon.obj
 0001:00004f50       ??_C@_0BH@FIOKDOBJ@?$AN?6Completed?5file?$CIs?$CJ?3?$AN?6?$AA@ 00005f50     oal_blcommon:blcommon.obj
 0001:00004f68       ??_C@_0FC@PGPOMBFM@?9?9?9?9?9?9?9?9?9?9?9?9?9?9?9?9?9?9?9?9?9?9?9?9?9?9?9?9?9?9?9?9@ 00005f68     oal_blcommon:blcommon.obj
 0001:00004fbc       ??_C@_06OLEINIPO@nk?4exe?$AA@ 00005fbc     oal_blcommon:blcommon.obj
 0001:00004fc4       ??_C@_0CE@NKAMCDHO@Unable?5to?5read?5image?5start?1lengt@ 00005fc4     oal_blcommon:blcommon.obj
 0001:00004fe8       ??_C@_0DI@FDIIHFBA@?$CK?$CK?$CK?$CK?$CK?$CK?5Checksum?5failure?5on?5recor@ 00005fe8     oal_blcommon:blcommon.obj
 0001:00005020       ??_C@_0DD@KHJBCIED@?$CK?$CK?$CK?$CK?$CK?$CK?5Data?5record?5?$CFd?5corrupted?0@ 00006020     oal_blcommon:blcommon.obj
 0001:00005054       ??_C@_0BD@PHLGNLDI@rom_offset?$DN0x?$CFx?4?$AN?6?$AA@ 00006054     oal_blcommon:blcommon.obj
 0001:00005068       ??_C@_0EC@NABDPCJO@?$CK?$CK?5ERROR?3?5This?5boot?5loader?5does?5@ 00006068     oal_blcommon:blcommon.obj
 0001:000050b0       ??_C@_0EC@MIGFFFAC@?$CK?$CK?5ERROR?3?5This?5boot?5loader?5does?5@ 000060b0     oal_blcommon:blcommon.obj
 0001:000050f4       ??_C@_06BEBGGBAB@?$AN?6?$CK?$CK?$AN?6?$AA@ 000060f4     oal_blcommon:blcommon.obj
 0001:00005100       ??_C@_0GI@NIAHKKOO@?$CK?$CK?5ERROR?3?5The?5X000FF?5packet?5is?5a@ 00006100     oal_blcommon:blcommon.obj
 0001:00005168       ??_C@_0FO@KDFAPMNM@?$CK?$CK?5Please?5update?5your?5Platform?5B@ 00006168     oal_blcommon:blcommon.obj
 0001:000051c8       ??_C@_04IPBEALME@?$CK?$CK?$AN?6?$AA@ 000061c8     oal_blcommon:blcommon.obj
 0001:000051d0       ??_C@_0BI@OCFAEGPK@ROMHDR?5at?5Address?5?$CFXh?$AN?6?$AA@ 000061d0     oal_blcommon:blcommon.obj
 0001:000051e8       ??_C@_0CL@NOFKHKJC@System?5ready?$CB?$AN?6Preparing?5for?5dow@ 000061e8     oal_blcommon:blcommon.obj
 0001:00005214       ??_C@_0M@CDHNGIPM@?$CFu?4?$CFu?4?$CFu?4?$CFu?$AA@ 00006214     oal_blcommon:format.obj
 0001:000052b0       ??_C@_1EE@DLLAKNKJ@?$AA?9?$AAO?$AAA?$AAL?$AAF?$AAl?$AAa?$AAs?$AAh?$AAS?$AAt?$AAo?$AAr?$AAe?$AAO?$AAp?$AAe?$AAn?$AA?$CI?$AAr?$AAc?$AA?5?$AA?$DN?$AA?5?$AA0?$AAx?$AA?$CF?$AA0?$AA8?$AAx?$AA?$CJ?$AA?$AN@ 000062b0     common_ti_oal_flashstore:flashstore.obj
 0001:000052f8       ??_C@_1GC@LGNOEKEA@?$AAO?$AAA?$AAL?$AAF?$AAl?$AAa?$AAs?$AAh?$AAS?$AAt?$AAo?$AAr?$AAe?$AAO?$AAp?$AAe?$AAn?$AA?3?$AA?5?$AA?$CF?$AAd?$AA?5?$AAb?$AAl?$AAo?$AAc?$AAk?$AAs?$AA?0?$AA?5?$AA?$CF?$AAd@ 000062f8     common_ti_oal_flashstore:flashstore.obj
 0001:00005360       ??_C@_1HC@FKJBCKDO@?$AAO?$AAA?$AAL?$AAF?$AAl?$AAa?$AAs?$AAh?$AAS?$AAt?$AAo?$AAr?$AAe?$AAO?$AAp?$AAe?$AAn?$AA?3?$AA?5?$AA?$CF?$AAd?$AA?5?$AAb?$AAy?$AAt?$AAe?$AAs?$AA?1?$AAs?$AAe?$AAc?$AAt@ 00006360     common_ti_oal_flashstore:flashstore.obj
 0001:000053d8       ??_C@_1GK@DBMLJPHK@?$AAE?$AAR?$AAR?$AAO?$AAR?$AA?3?$AA?5?$AAO?$AAA?$AAL?$AAF?$AAl?$AAa?$AAs?$AAh?$AAS?$AAt?$AAo?$AAr?$AAe?$AAO?$AAp?$AAe?$AAn?$AA?3?$AA?5?$AAF?$AAM?$AAD?$AA_?$AAG?$AAe@ 000063d8     common_ti_oal_flashstore:flashstore.obj
 0001:00005448       ??_C@_1GE@JPMDHDDC@?$AAE?$AAR?$AAR?$AAO?$AAR?$AA?3?$AA?5?$AAO?$AAA?$AAL?$AAF?$AAl?$AAa?$AAs?$AAh?$AAS?$AAt?$AAo?$AAr?$AAe?$AAO?$AAp?$AAe?$AAn?$AA?3?$AA?5?$AAF?$AAM?$AAD?$AA_?$AAI?$AAn@ 00006448     common_ti_oal_flashstore:flashstore.obj
 0001:000054ac       ??_C@_1DK@MODMACFL@?$AA?$CL?$AAO?$AAA?$AAL?$AAF?$AAl?$AAa?$AAs?$AAh?$AAS?$AAt?$AAo?$AAr?$AAe?$AAO?$AAp?$AAe?$AAn?$AA?$CI?$AA0?$AAx?$AA?$CF?$AA0?$AA8?$AAx?$AA?$CJ?$AA?$AN?$AA?6?$AA?$AA@ 000064ac     common_ti_oal_flashstore:flashstore.obj
 0001:000054e8       ??_C@_1DE@JONHLDDF@?$AAW?$AAA?$AAR?$AAN?$AA?3?$AA?5?$AAS?$AAk?$AAi?$AAp?$AA?5?$AAb?$AAa?$AAd?$AA?5?$AAb?$AAl?$AAo?$AAc?$AAk?$AA?5?$AA?$CF?$AAd?$AA?$AN?$AA?6?$AA?$AA@ 000064e8     common_ti_oal_flashstore:flashstore.obj
 0001:0000551c       ??_C@_1DO@DHDNAGME@?$AA?9?$AAO?$AAA?$AAL?$AAF?$AAl?$AAa?$AAs?$AAh?$AAS?$AAt?$AAo?$AAr?$AAe?$AAW?$AAr?$AAi?$AAt?$AAe?$AA?$CI?$AAr?$AAc?$AA?5?$AA?$DN?$AA?5?$AA?$CF?$AAd?$AA?$CJ?$AA?$AN?$AA?6?$AA?$AA@ 0000651c     common_ti_oal_flashstore:flashstore.obj
 0001:00005560       ??_C@_1KE@CHNFEMEO@?$AAE?$AAR?$AAR?$AAO?$AAR?$AA?3?$AA?5?$AAO?$AAA?$AAL?$AAF?$AAl?$AAa?$AAs?$AAh?$AAS?$AAt?$AAo?$AAr?$AAe?$AAW?$AAr?$AAi?$AAt?$AAe?$AA?3?$AA?5?$AAC?$AAo?$AAr?$AAr?$AAu@ 00006560     common_ti_oal_flashstore:flashstore.obj
 0001:00005608       ??_C@_1HO@CIDFMKMH@?$AAE?$AAR?$AAR?$AAO?$AAR?$AA?3?$AA?5?$AAO?$AAA?$AAL?$AAF?$AAl?$AAa?$AAs?$AAh?$AAS?$AAt?$AAo?$AAr?$AAe?$AAW?$AAr?$AAi?$AAt?$AAe?$AA?3?$AA?5?$AAF?$AAa?$AAi?$AAl?$AAe@ 00006608     common_ti_oal_flashstore:flashstore.obj
 0001:00005688       ??_C@_1HO@FLMJGLLL@?$AAE?$AAR?$AAR?$AAO?$AAR?$AA?3?$AA?5?$AAO?$AAA?$AAL?$AAF?$AAl?$AAa?$AAs?$AAh?$AAS?$AAt?$AAo?$AAr?$AAe?$AAW?$AAr?$AAi?$AAt?$AAe?$AA?3?$AA?5?$AAR?$AAu?$AAn?$AA?5?$AAo@ 00006688     common_ti_oal_flashstore:flashstore.obj
 0001:00005708       ??_C@_1JG@BJDMMIFN@?$AAW?$AAA?$AAR?$AAN?$AA?3?$AA?5?$AAO?$AAA?$AAL?$AAF?$AAl?$AAa?$AAs?$AAh?$AAS?$AAt?$AAo?$AAr?$AAe?$AAW?$AAr?$AAi?$AAt?$AAe?$AA?3?$AA?5?$AAF?$AAa?$AAi?$AAl?$AAe?$AAd@ 00006708     common_ti_oal_flashstore:flashstore.obj
 0001:000057a0       ??_C@_1IE@BDHDNOD@?$AAW?$AAA?$AAR?$AAN?$AA?3?$AA?5?$AAO?$AAA?$AAL?$AAF?$AAl?$AAa?$AAs?$AAh?$AAS?$AAt?$AAo?$AAr?$AAe?$AAW?$AAr?$AAi?$AAt?$AAe?$AA?3?$AA?5?$AAF?$AAa?$AAi?$AAl?$AAe?$AAd@ 000067a0     common_ti_oal_flashstore:flashstore.obj
 0001:00005828       ??_C@_1KK@LPEKIKDN@?$AAE?$AAR?$AAR?$AAO?$AAR?$AA?3?$AA?5?$AAO?$AAA?$AAL?$AAF?$AAl?$AAa?$AAs?$AAh?$AAS?$AAt?$AAo?$AAr?$AAe?$AAW?$AAr?$AAi?$AAt?$AAe?$AA?3?$AA?5?$AAF?$AAa?$AAi?$AAl?$AAe@ 00006828     common_ti_oal_flashstore:flashstore.obj
 0001:000058d8       ??_C@_1LA@OCBPILJB@?$AAE?$AAR?$AAR?$AAO?$AAR?$AA?3?$AA?5?$AAO?$AAA?$AAL?$AAF?$AAl?$AAa?$AAs?$AAh?$AAS?$AAt?$AAo?$AAr?$AAe?$AAR?$AAe?$AAa?$AAd?$AA?3?$AA?5?$AAF?$AAl?$AAa?$AAs?$AAh?$AA?5@ 000068d8     common_ti_oal_flashstore:flashstore.obj
 0001:00005988       ??_C@_1KG@OCIIDMHN@?$AAE?$AAR?$AAR?$AAO?$AAR?$AA?3?$AA?5?$AAO?$AAA?$AAL?$AAF?$AAl?$AAa?$AAs?$AAh?$AAS?$AAt?$AAo?$AAr?$AAe?$AAW?$AAr?$AAi?$AAt?$AAe?$AA?3?$AA?5?$AAF?$AAl?$AAa?$AAs?$AAh@ 00006988     common_ti_oal_flashstore:flashstore.obj
 0001:00005a30       ??_C@_1HM@NGCJEILF@?$AA?$CL?$AAO?$AAA?$AAL?$AAF?$AAl?$AAa?$AAs?$AAh?$AAS?$AAt?$AAo?$AAr?$AAe?$AAW?$AAr?$AAi?$AAt?$AAe?$AA?$CI?$AA0?$AAx?$AA?$CF?$AA0?$AA8?$AAx?$AA?0?$AA?5?$AA0?$AAx?$AA?$CF?$AA0@ 00006a30     common_ti_oal_flashstore:flashstore.obj
 0001:00005aac       ??_C@_1DM@KJHIDCKC@?$AA?9?$AAO?$AAA?$AAL?$AAF?$AAl?$AAa?$AAs?$AAh?$AAS?$AAt?$AAo?$AAr?$AAe?$AAR?$AAe?$AAa?$AAd?$AA?$CI?$AAr?$AAc?$AA?5?$AA?$DN?$AA?5?$AA?$CF?$AAd?$AA?$CJ?$AA?$AN?$AA?6?$AA?$AA@ 00006aac     common_ti_oal_flashstore:flashstore.obj
 0001:00005ae8       ??_C@_1JE@BGBADADK@?$AAE?$AAR?$AAR?$AAO?$AAR?$AA?3?$AA?5?$AAO?$AAA?$AAL?$AAF?$AAl?$AAa?$AAs?$AAh?$AAS?$AAt?$AAo?$AAr?$AAe?$AAR?$AAe?$AAa?$AAd?$AA?3?$AA?5?$AAF?$AAa?$AAi?$AAl?$AAe?$AAd@ 00006ae8     common_ti_oal_flashstore:flashstore.obj
 0001:00005b80       ??_C@_1HM@LNEGDDBN@?$AAE?$AAR?$AAR?$AAO?$AAR?$AA?3?$AA?5?$AAO?$AAA?$AAL?$AAF?$AAl?$AAa?$AAs?$AAh?$AAS?$AAt?$AAo?$AAr?$AAe?$AAR?$AAe?$AAa?$AAd?$AA?3?$AA?5?$AAR?$AAu?$AAn?$AA?5?$AAo?$AAu@ 00006b80     common_ti_oal_flashstore:flashstore.obj
 0001:00005c00       ??_C@_1KI@BBPBIBEF@?$AAE?$AAR?$AAR?$AAO?$AAR?$AA?3?$AA?5?$AAO?$AAA?$AAL?$AAF?$AAl?$AAa?$AAs?$AAh?$AAS?$AAt?$AAo?$AAr?$AAe?$AAR?$AAe?$AAa?$AAd?$AA?3?$AA?5?$AAF?$AAa?$AAi?$AAl?$AAe?$AAd@ 00006c00     common_ti_oal_flashstore:flashstore.obj
 0001:00005ca8       ??_C@_1KC@GLMKKJJO@?$AAE?$AAR?$AAR?$AAO?$AAR?$AA?3?$AA?5?$AAO?$AAA?$AAL?$AAF?$AAl?$AAa?$AAs?$AAh?$AAS?$AAt?$AAo?$AAr?$AAe?$AAR?$AAe?$AAa?$AAd?$AA?3?$AA?5?$AAF?$AAl?$AAa?$AAs?$AAh?$AA?5@ 00006ca8     common_ti_oal_flashstore:flashstore.obj
 0001:00005d50       ??_C@_1HK@HAFKLFGC@?$AA?$CL?$AAO?$AAA?$AAL?$AAF?$AAl?$AAa?$AAs?$AAh?$AAS?$AAt?$AAo?$AAr?$AAe?$AAR?$AAe?$AAa?$AAd?$AA?$CI?$AA0?$AAx?$AA?$CF?$AA0?$AA8?$AAx?$AA?0?$AA?5?$AA0?$AAx?$AA?$CF?$AA0?$AA8@ 00006d50     common_ti_oal_flashstore:flashstore.obj
 0001:00005dd0       ??_C@_1EM@DFFPJPPN@?$AA?9?$AAO?$AAA?$AAL?$AAF?$AAl?$AAa?$AAs?$AAh?$AAS?$AAt?$AAo?$AAr?$AAe?$AAB?$AAu?$AAf?$AAf?$AAe?$AAr?$AAe?$AAd?$AAR?$AAe?$AAa?$AAd?$AA?$CI?$AAr?$AAc?$AA?5?$AA?$DN?$AA?5@ 00006dd0     common_ti_oal_flashstore:flashstore.obj
 0001:00005e20       ??_C@_1HC@PIJOJJGP@?$AA?$CL?$AAO?$AAA?$AAL?$AAF?$AAl?$AAa?$AAs?$AAh?$AAS?$AAt?$AAo?$AAr?$AAe?$AAB?$AAu?$AAf?$AAf?$AAe?$AAr?$AAe?$AAd?$AAR?$AAe?$AAa?$AAd?$AA?$CI?$AA0?$AAx?$AA?$CF?$AA0?$AA8@ 00006e20     common_ti_oal_flashstore:flashstore.obj
 0001:00005f28       ??_C@_1EA@CJMKJJJH@?$AAO?$AAA?$AAL?$AAL?$AAo?$AAc?$AAa?$AAl?$AAA?$AAl?$AAl?$AAo?$AAc?$AA?5?$AAr?$AAe?$AAt?$AAu?$AAr?$AAn?$AAe?$AAd?$AA?5?$AAN?$AAU?$AAL?$AAL?$AA?5?$AA?$CB?$AA?$AN?$AA?6?$AA?$AA@ 00006f28     common_ti_oal_alloc:alloc.obj
 0001:00005ff8       ??_C@_1KI@MDFCMHMG@?$AAC?$AA?3?$AA?2?$AAW?$AAI?$AAN?$AAC?$AAE?$AA6?$AA0?$AA0?$AA?2?$AAP?$AAL?$AAA?$AAT?$AAF?$AAO?$AAR?$AAM?$AA?2?$AAC?$AAO?$AAM?$AAM?$AAO?$AAN?$AA?2?$AAS?$AAR?$AAC?$AA?2@ 00006ff8     common_ti_fmd_nand_boot:fmd.obj
 0001:000060a0       ??_C@_1CI@OHCJFJPM@?$AAE?$AAR?$AAR?$AAO?$AAR?$AA?3?$AA?5?$AA?$CF?$AAs?$AA?5?$AAl?$AAi?$AAn?$AAe?$AA?5?$AA?$CF?$AAd?$AA?3?$AA?5?$AA?$AA@ 000070a0     common_ti_fmd_nand_boot:fmd.obj
 0001:000060c8       ??_C@_1HG@DCOIKHPB@?$AAF?$AAM?$AAD?$AA?5?$AAd?$AAr?$AAi?$AAv?$AAe?$AAr?$AA?5?$AAs?$AAu?$AAp?$AAp?$AAo?$AAr?$AAt?$AAs?$AA?5?$AAo?$AAn?$AAl?$AAy?$AA?5?$AA1?$AA6?$AAb?$AAi?$AAt?$AAs?$AA?5@ 000070c8     common_ti_fmd_nand_boot:fmd.obj
 0001:00006140       ??_C@_1DK@CAAJGKFH@?$AAI?$AAn?$AAc?$AAo?$AAr?$AAr?$AAe?$AAc?$AAt?$AA?5?$AAE?$AAC?$AAC?$AA?5?$AAt?$AAy?$AAp?$AAe?$AA?5?$AAs?$AAe?$AAt?$AAt?$AAi?$AAn?$AAg?$AA?$AN?$AA?6?$AA?$AA@ 00007140     common_ti_fmd_nand_boot:fmd.obj
 0001:00006210       ??_C@_1EA@JNFKONCC@?$AAE?$AAr?$AAr?$AAo?$AAr?$AA?3?$AA?5?$AAU?$AAn?$AAr?$AAe?$AAc?$AAo?$AAg?$AAn?$AAi?$AAz?$AAe?$AAd?$AA?5?$AAM?$AAo?$AAd?$AAe?$AA?$FL?$AA?$CF?$AAd?$AA?$FN?$AA?$CB?$AA?$AN?$AA?6?$AA?$AA@ 00007210     common_ti_fmd_nand_boot:gpmc_ecc.obj
 0001:00006250       ??_C@_1EI@LMGHLBK@?$AAE?$AAC?$AAC?$AA_?$AAI?$AAn?$AAi?$AAt?$AA?3?$AA?5?$AAu?$AAn?$AAs?$AAu?$AAp?$AAp?$AAo?$AAr?$AAt?$AAe?$AAd?$AA?5?$AAe?$AAc?$AAc?$AA?5?$AAm?$AAo?$AAd?$AAe?$AA?3?$AA?$CF@ 00007250     common_ti_fmd_nand_boot:gpmc_ecc.obj
 0001:000063c0       ??_C@_1KM@EEHAFCCJ@?$AAC?$AA?3?$AA?2?$AAW?$AAI?$AAN?$AAC?$AAE?$AA6?$AA0?$AA0?$AA?2?$AAP?$AAL?$AAA?$AAT?$AAF?$AAO?$AAR?$AAM?$AA?2?$AAC?$AAO?$AAM?$AAM?$AAO?$AAN?$AA?2?$AAS?$AAR?$AAC?$AA?2@ 000073c0     common_ti_oali2c:oali2c.obj
 0001:0000646c       ??_C@_1CC@EHKJMBJI@?$AAD?$AAe?$AAv?$AAi?$AAc?$AAe?$AA?5?$AAn?$AAo?$AAt?$AA?5?$AAf?$AAo?$AAu?$AAn?$AAd?$AA?$AA@ 0000746c     common_ti_oali2c:oali2c.obj
 0001:00006490       ??_C@_1KA@GOKKFLEJ@?$AAW?$AAA?$AAR?$AAN?$AA?3?$AA?5?$AAI?$AA2?$AAC?$AA?3?$AA?3?$AAI?$AA2?$AAC?$AAP?$AAo?$AAl?$AAl?$AAS?$AAt?$AAa?$AAt?$AAu?$AAs?$AA?5?$AA?9?$AA?5?$AAc?$AAh?$AAe?$AAc?$AAk@ 00007490     common_ti_oali2c:oali2c.obj
 0001:00006530       ??_C@_1GK@FLELOHLG@?$AAW?$AAA?$AAR?$AAN?$AA?3?$AA?5?$AAI?$AA2?$AAC?$AA?3?$AA?3?$AAI?$AA2?$AAC?$AAR?$AAe?$AAs?$AAe?$AAt?$AAD?$AAe?$AAv?$AAi?$AAc?$AAe?$AA?5?$AA?9?$AA?5?$AAf?$AAa?$AAi?$AAl@ 00007530     common_ti_oali2c:oali2c.obj
 0001:000065a0       ??_C@_1GO@NCGHHJFM@?$AAW?$AAA?$AAR?$AAN?$AA?3?$AA?5?$AAI?$AA2?$AAC?$AA?3?$AA?5?$AAW?$AAr?$AAi?$AAt?$AAe?$AA?5?$AAf?$AAa?$AAi?$AAl?$AAe?$AAd?$AA?5?$AA?$CI?$AAS?$AAA?$AA?$DN?$AA0?$AAx?$AA?$CF?$AA0@ 000075a0     common_ti_oali2c:oali2c.obj
 0001:00006610       ??_C@_1CO@EBLPIMOB@?$AAW?$AAr?$AAi?$AAt?$AAe?$AA?3?$AA?5?$AAA?$AAt?$AAt?$AAe?$AAm?$AAp?$AAt?$AAs?$AA?5?$AA?$DN?$AA?5?$AA?$CF?$AAd?$AA?$AN?$AA?6?$AA?$AA@ 00007610     common_ti_oali2c:oali2c.obj
 0001:00006640       ??_C@_1HM@LEOLDKCA@?$AAW?$AAA?$AAR?$AAN?$AA?3?$AA?5?$AAI?$AA2?$AAC?$AA?3?$AA?5?$AAR?$AAe?$AAa?$AAd?$AA?5?$AAf?$AAa?$AAi?$AAl?$AAe?$AAd?$AA?5?$AA?$CI?$AAs?$AAl?$AAa?$AAv?$AAe?$AA?5?$AAa?$AAd@ 00007640     common_ti_oali2c:oali2c.obj
 0001:000066bc       ??_C@_1CM@HPEFBBEG@?$AAR?$AAe?$AAa?$AAd?$AA?3?$AA?5?$AAA?$AAt?$AAt?$AAe?$AAm?$AAp?$AAt?$AAs?$AA?5?$AA?$DN?$AA?5?$AA?$CF?$AAd?$AA?$AN?$AA?6?$AA?$AA@ 000076bc     common_ti_oali2c:oali2c.obj
 0001:000066e8       ??_C@_1CO@IKDMELMO@?$AAI?$AA2?$AAC?$AA?3?$AA?5?$AAR?$AAE?$AAS?$AAE?$AAT?$AA?5?$AAd?$AAe?$AAv?$AAi?$AAc?$AAe?$AA?5?$AA?$CF?$AAd?$AA?$AN?$AA?6?$AA?$AA@ 000076e8     common_ti_oali2c:oali2c.obj
 0001:000068c8       ??_C@_1HK@FIHOCGBD@?$AAE?$AAR?$AAR?$AAO?$AAR?$AA?3?$AA?5?$AAG?$AAI?$AAO?$AA_?$AAI?$AAn?$AAi?$AAt?$AA?3?$AA?5?$AAF?$AAa?$AAi?$AAl?$AAe?$AAd?$AA?5?$AAt?$AAo?$AA?5?$AAi?$AAn?$AAi?$AAt?$AAi@ 000078c8     common_ti_oal_gpiodispatch:gpio_dispatch.obj
 0001:00006944       ??_C@_19NNFDHLJH@?$AAb?$AAo?$AAo?$AAt?$AA?$AA@ 00007944     common_ti_oal_gpiodispatch:gpio_dispatch.obj
 0001:00006950       DEVICE_IFC_TWL_GUID        00007950     TPS659xx_oal_gpio:tps659xx_gpio.obj
 0001:00006a80       ??_C@_15BMCNAON@?$AAR?$AAX?$AA?$AA@ 00007a80     OMAP3530_soccfg:devicemap.obj
 0001:00006a88       ??_C@_15NHJLDDPA@?$AAT?$AAX?$AA?$AA@ 00007a88     OMAP3530_soccfg:devicemap.obj
 0001:00006a90       ??_C@_17GHFABBII@?$AAM?$AAM?$AAU?$AA?$AA@ 00007a90     OMAP3530_soccfg:devicemap.obj
 0001:00006a98       ??_C@_19EMJFMDEF@?$AAI?$AAR?$AAQ?$AA3?$AA?$AA@ 00007a98     OMAP3530_soccfg:devicemap.obj
 0001:00006aa4       ??_C@_19PECJKECA@?$AAI?$AAR?$AAQ?$AA2?$AA?$AA@ 00007aa4     OMAP3530_soccfg:devicemap.obj
 0001:00006ab0       ??_C@_19OGJMALMO@?$AAI?$AAR?$AAQ?$AA1?$AA?$AA@ 00007ab0     OMAP3530_soccfg:devicemap.obj
 0001:00006abc       ??_C@_19FOCAGMKL@?$AAI?$AAR?$AAQ?$AA0?$AA?$AA@ 00007abc     OMAP3530_soccfg:devicemap.obj
 0001:00006ac8       ??_C@_1BC@JBFPJMDB@?$AAo?$AAv?$AAe?$AAr?$AAf?$AAl?$AAo?$AAw?$AA?$AA@ 00007ac8     OMAP3530_soccfg:devicemap.obj
 0001:00006b70       s_DeviceAddressMap         00007b70     OMAP3530_soccfg:devicemap.obj
 0001:00006d70       s_DeviceIrqMap             00007d70     OMAP3530_soccfg:devicemap.obj
 0001:000072a8       ??_C@_1FK@KLGDBING@?$AAS?$AAD?$AAC?$AAA?$AAR?$AAD?$AA?3?$AA?5?$AAr?$AAe?$AAq?$AAe?$AAs?$AAt?$AAe?$AAd?$AA?5?$AAs?$AAp?$AAe?$AAe?$AAd?$AA?5?$AA?$CF?$AAd?$AA?0?$AA?5?$AAa?$AAc?$AAt?$AAu?$AAa@ 000082a8     common_ti_boot_sdmemory:sdcard.obj
 0001:00007308       ??_C@_1GE@IHFMNDC@?$AAM?$AAM?$AAC?$AA?3?$AA?3?$AAM?$AAM?$AAC?$AAC?$AAo?$AAm?$AAm?$AAa?$AAn?$AAd?$AAR?$AAe?$AAs?$AAp?$AAo?$AAn?$AAs?$AAe?$AA?3?$AA?5?$AAC?$AAo?$AAm?$AAm?$AAa?$AAn?$AAd@ 00008308     common_ti_boot_sdmemory:sdcard.obj
 0001:00007370       ??_C@_1IM@IDDFJJFI@?$AAM?$AAM?$AAC?$AA?3?$AA?3?$AAM?$AAM?$AAC?$AAC?$AAo?$AAm?$AAm?$AAa?$AAn?$AAd?$AAR?$AAe?$AAs?$AAp?$AAo?$AAn?$AAs?$AAe?$AA?3?$AA?5?$AAC?$AAo?$AAm?$AAm?$AAa?$AAn?$AAd@ 00008370     common_ti_boot_sdmemory:sdcard.obj
 0001:00007400       ??_C@_1HM@GLHKNEKG@?$AAM?$AAM?$AAC?$AA?3?$AA?3?$AAM?$AAM?$AAC?$AAC?$AAo?$AAm?$AAm?$AAa?$AAn?$AAd?$AAR?$AAe?$AAs?$AAp?$AAo?$AAn?$AAs?$AAe?$AA?3?$AA?5?$AAM?$AAM?$AAC?$AAS?$AAe?$AAn?$AAd@ 00008400     common_ti_boot_sdmemory:sdcard.obj
 0001:00007480       ??_C@_1FE@BCNJBLJK@?$AAS?$AAD?$AAM?$AAe?$AAm?$AA?3?$AA?5?$AAc?$AAa?$AAr?$AAd?$AA?5?$AAr?$AAd?$AAy?$AA?5?$AAb?$AAT?$AAi?$AAm?$AAe?$AAo?$AAu?$AAt?$AA?0?$AA?5?$AAs?$AAt?$AAa?$AAt?$AAu?$AAs@ 00008480     common_ti_boot_sdmemory:sdcard.obj
 0001:000074d4       ??_C@_1DG@LHNGMEJK@?$AAr?$AAe?$AAa?$AAd?$AA?5?$AAm?$AAu?$AAl?$AAt?$AAi?$AA?5?$AAs?$AAe?$AAc?$AAt?$AAo?$AAr?$AAs?$AA?5?$AAe?$AAr?$AAr?$AAo?$AAr?$AA?$AN?$AA?6?$AA?$AA@ 000084d4     common_ti_boot_sdmemory:sdcard.obj
 0001:00007510       ??_C@_1IM@NDHBECDO@?$AAM?$AAM?$AAC?$AAR?$AAe?$AAa?$AAd?$AAM?$AAu?$AAl?$AAt?$AAi?$AAS?$AAe?$AAc?$AAt?$AAo?$AAr?$AAs?$AA?3?$AA?5?$AAM?$AAM?$AAC?$AAC?$AAo?$AAm?$AAm?$AAa?$AAn?$AAd?$AAR@ 00008510     common_ti_boot_sdmemory:sdcard.obj
 0001:000075a0       ??_C@_1JA@ILPGFCNI@?$AAM?$AAM?$AAC?$AAR?$AAe?$AAa?$AAd?$AAM?$AAu?$AAl?$AAt?$AAi?$AAS?$AAe?$AAc?$AAt?$AAo?$AAr?$AAs?$AA?3?$AA?5?$AAM?$AAM?$AAC?$AAC?$AAo?$AAm?$AAm?$AAa?$AAn?$AAd?$AAR@ 000085a0     common_ti_boot_sdmemory:sdcard.obj
 0001:00007630       ??_C@_1FK@HAPCNFMM@?$AAM?$AAM?$AAC?$AAR?$AAe?$AAa?$AAd?$AAM?$AAu?$AAl?$AAt?$AAi?$AAS?$AAe?$AAc?$AAt?$AAo?$AAr?$AAs?$AA?3?$AA?5?$AAM?$AAM?$AAC?$AAW?$AAa?$AAi?$AAt?$AAF?$AAo?$AAr?$AAR@ 00008630     common_ti_boot_sdmemory:sdcard.obj
 0001:0000768c       ??_C@_1BK@GAKJANPH@?$AAr?$AAe?$AAa?$AAd?$AA?5?$AAe?$AAr?$AAr?$AAo?$AAr?$AA?$AN?$AA?6?$AA?$AA@ 0000868c     common_ti_boot_sdmemory:sdcard.obj
 0001:000076a8       ??_C@_1HE@HOGFNIBK@?$AAM?$AAM?$AAC?$AAR?$AAe?$AAa?$AAd?$AA?3?$AA?5?$AAM?$AAM?$AAC?$AAC?$AAo?$AAm?$AAm?$AAa?$AAn?$AAd?$AAR?$AAe?$AAs?$AAp?$AAo?$AAn?$AAs?$AAe?$AA?5?$AAe?$AAr?$AAr?$AAo@ 000086a8     common_ti_boot_sdmemory:sdcard.obj
 0001:00007720       ??_C@_1KA@GCFNELEL@?$AAM?$AAM?$AAC?$AAS?$AAe?$AAl?$AAe?$AAc?$AAt?$AAC?$AAa?$AAr?$AAd?$AA?3?$AA?5?$AAt?$AAi?$AAm?$AAe?$AAo?$AAu?$AAt?$AA?5?$AAw?$AAa?$AAi?$AAt?$AAi?$AAn?$AAg?$AA?5?$AAf@ 00008720     common_ti_boot_sdmemory:sdcard.obj
 0001:000077c0       ??_C@_1GK@CDAMFDEK@?$AAM?$AAM?$AAC?$AA?3?$AA?5?$AAu?$AAn?$AAa?$AAb?$AAl?$AAe?$AA?5?$AAt?$AAo?$AA?5?$AAs?$AAe?$AAt?$AA?5?$AAw?$AAi?$AAd?$AAe?$AA?5?$AAb?$AAu?$AAs?$AA?5?$AAm?$AAo?$AAd?$AAe@ 000087c0     common_ti_boot_sdmemory:sdcard.obj
 0001:0000782c       ??_C@_1CC@BECOMKMK@?$AAA?$AAP?$AAP?$AA_?$AAC?$AAM?$AAD?$AA?5?$AAf?$AAa?$AAi?$AAl?$AAe?$AAd?$AA?$AN?$AA?6?$AA?$AA@ 0000882c     common_ti_boot_sdmemory:sdcard.obj
 0001:00007850       ??_C@_1EK@FDKGIIKM@?$AAS?$AAD?$AAC?$AAa?$AAr?$AAd?$AAI?$AAn?$AAi?$AAt?$AA?3?$AA?5?$AAM?$AAM?$AAC?$AAS?$AAe?$AAt?$AAB?$AAl?$AAo?$AAc?$AAk?$AAL?$AAe?$AAn?$AA?5?$AAf?$AAa?$AAi?$AAl?$AAe@ 00008850     common_ti_boot_sdmemory:sdcard.obj
 0001:000078a0       ??_C@_1GE@FEOFGONO@?$AAM?$AAM?$AAC?$AAS?$AAe?$AAl?$AAe?$AAc?$AAt?$AAC?$AAa?$AAr?$AAd?$AA?3?$AA?5?$AAp?$AAo?$AAl?$AAl?$AA?5?$AAs?$AAt?$AAa?$AAt?$AAu?$AAs?$AA?5?$AAe?$AAr?$AAr?$AAo?$AAr@ 000088a0     common_ti_boot_sdmemory:sdcard.obj
 0001:00007908       ??_C@_1JO@JCBKFGLI@?$AAM?$AAM?$AAC?$AAI?$AAs?$AAs?$AAu?$AAe?$AAI?$AAd?$AAe?$AAn?$AAt?$AAi?$AAf?$AAy?$AA?3?$AA?5?$AAb?$AAu?$AAs?$AAy?$AA?5?$AAb?$AAi?$AAt?$AA?5?$AAn?$AAe?$AAv?$AAe?$AAr@ 00008908     common_ti_boot_sdmemory:sdcard.obj
 0001:000079a8       ??_C@_1KE@BIOPJCPI@?$AAM?$AAM?$AAC?$AAI?$AAs?$AAs?$AAu?$AAe?$AAI?$AAd?$AAe?$AAn?$AAt?$AAi?$AAf?$AAy?$AA?3?$AA?5?$AAb?$AAu?$AAs?$AAy?$AA?5?$AAb?$AAi?$AAt?$AA?5?$AAn?$AAe?$AAv?$AAe?$AAr@ 000089a8     common_ti_boot_sdmemory:sdcard.obj
 0001:00007a50       ??_C@_1FK@HAIGBMKL@?$AAM?$AAM?$AAC?$AAI?$AAs?$AAs?$AAu?$AAe?$AAI?$AAd?$AAe?$AAn?$AAt?$AAi?$AAf?$AAy?$AA?3?$AA?5?$AAM?$AAM?$AAC?$AAC?$AAo?$AAm?$AAm?$AAa?$AAn?$AAd?$AAR?$AAe?$AAs?$AAp@ 00008a50     common_ti_boot_sdmemory:sdcard.obj
 0001:00007ab0       ??_C@_1EI@DCCPDMOI@?$AAS?$AAD?$AAC?$AAa?$AAr?$AAd?$AAI?$AAn?$AAi?$AAt?$AA?3?$AA?5?$AAM?$AAM?$AAC?$AAS?$AAe?$AAl?$AAe?$AAc?$AAt?$AAC?$AAa?$AAr?$AAd?$AA?5?$AAf?$AAa?$AAi?$AAl?$AAe?$AAd@ 00008ab0     common_ti_boot_sdmemory:sdcard.obj
 0001:00007af8       ??_C@_1EM@FDPFBDGI@?$AAS?$AAD?$AAC?$AAa?$AAr?$AAd?$AAI?$AAn?$AAi?$AAt?$AA?3?$AA?5?$AAM?$AAM?$AAC?$AAW?$AAa?$AAi?$AAt?$AAF?$AAo?$AAr?$AAR?$AAe?$AAa?$AAd?$AAy?$AA?5?$AAf?$AAa?$AAi?$AAl@ 00008af8     common_ti_boot_sdmemory:sdcard.obj
 0001:00007b44       ??_C@_1DM@BFOJJFFG@?$AAS?$AAD?$AAC?$AAa?$AAr?$AAd?$AAI?$AAn?$AAi?$AAt?$AA?3?$AA?5?$AAN?$AAo?$AA?5?$AAm?$AAe?$AAd?$AAi?$AAa?$AA?5?$AAf?$AAo?$AAu?$AAn?$AAd?$AA?$CB?$AA?$AN?$AA?6?$AA?$AA@ 00008b44     common_ti_boot_sdmemory:sdcard.obj
 0001:00007b80       ??_C@_1EE@PJJAIGOH@?$AAS?$AAD?$AAC?$AAa?$AAr?$AAd?$AAI?$AAn?$AAi?$AAt?$AA?3?$AA?5?$AAM?$AAM?$AAC?$AAI?$AAn?$AAi?$AAt?$AAD?$AAi?$AAs?$AAk?$AA?5?$AAf?$AAa?$AAi?$AAl?$AAe?$AAd?$AA?$CB?$AA?$AN@ 00008b80     common_ti_boot_sdmemory:sdcard.obj
 0001:00007bc8       ??_C@_1GI@CBFICDBE@?$AAS?$AAD?$AAC?$AAa?$AAr?$AAd?$AAR?$AAe?$AAa?$AAd?$AAS?$AAe?$AAc?$AAt?$AAo?$AAr?$AA?3?$AA?5?$AAE?$AAr?$AAr?$AAo?$AAr?$AA?5?$AAr?$AAe?$AAa?$AAd?$AAi?$AAn?$AAg?$AA?5@ 00008bc8     common_ti_boot_sdmemory:sdcard.obj
 0001:00007c30       ??_C@_1HE@MOOOFOKP@?$AAS?$AAD?$AAC?$AAa?$AAr?$AAd?$AAR?$AAe?$AAa?$AAd?$AAS?$AAe?$AAc?$AAt?$AAo?$AAr?$AA?3?$AA?5?$AAE?$AAr?$AAr?$AAo?$AAr?$AA?5?$AAr?$AAe?$AAa?$AAd?$AAi?$AAn?$AAg?$AA?5@ 00008c30     common_ti_boot_sdmemory:sdcard.obj
 0001:00007ca8       ??_C@_1IM@HCIKFOHM@?$AAS?$AAD?$AAC?$AAa?$AAr?$AAd?$AAR?$AAe?$AAa?$AAd?$AAM?$AAu?$AAl?$AAt?$AAi?$AAS?$AAe?$AAc?$AAt?$AAo?$AAr?$AAs?$AA?3?$AA?5?$AAE?$AAr?$AAr?$AAo?$AAr?$AA?5?$AAr?$AAe@ 00008ca8     common_ti_boot_sdmemory:sdcard.obj
 0001:00007d38       ??_C@_1IA@BMANGLND@?$AAS?$AAD?$AAC?$AAa?$AAr?$AAd?$AAR?$AAe?$AAa?$AAd?$AAM?$AAu?$AAl?$AAt?$AAi?$AAS?$AAe?$AAc?$AAt?$AAo?$AAr?$AAs?$AA?3?$AA?5?$AAE?$AAr?$AAr?$AAo?$AAr?$AA?5?$AAr?$AAe@ 00008d38     common_ti_boot_sdmemory:sdcard.obj
 0001:00007db8       ??_C@_1EM@KMLGLOML@?$AAB?$AAL?$AAS?$AAD?$AAC?$AAa?$AAr?$AAd?$AAD?$AAo?$AAw?$AAn?$AAl?$AAo?$AAa?$AAd?$AA?3?$AA?5?$AA?5?$AAc?$AAa?$AAn?$AAn?$AAo?$AAt?$AA?5?$AAo?$AAp?$AAe?$AAn?$AA?5?$AAf@ 00008db8     common_ti_boot_sdmemory:sdcard.obj
 0001:00007e08       ??_C@_1FA@PHKOKPHG@?$AAB?$AAL?$AAS?$AAD?$AAC?$AAa?$AAr?$AAd?$AAD?$AAo?$AAw?$AAn?$AAl?$AAo?$AAa?$AAd?$AA?3?$AA?5?$AA?5?$AAf?$AAi?$AAl?$AAe?$AAi?$AAo?$AA?5?$AAi?$AAn?$AAi?$AAt?$AA?5?$AAf@ 00008e08     common_ti_boot_sdmemory:sdcard.obj
 0001:00007ee8       gwaCMD                     00008ee8     common_ti_boot_sdhc:sdhc.obj
 0001:000080e8       ??_C@_1DA@PKLOKBNI@?$AAI?$AAn?$AAi?$AAt?$AAi?$AAa?$AAl?$AAi?$AAz?$AAe?$AAH?$AAW?$AA?3?$AA?5?$AAT?$AAI?$AAM?$AAE?$AAO?$AAU?$AAT?$AA?$AN?$AA?6?$AA?$AA@ 000090e8     common_ti_boot_sdhc:sdhc.obj
 0001:00008118       ??_C@_1DO@PKNJPAKP@?$AAI?$AAn?$AAi?$AAt?$AA?5?$AAS?$AAD?$AAH?$AAC?$AA?5?$AAH?$AAW?$AA?3?$AA?5?$AAc?$AAo?$AAn?$AAt?$AAr?$AAo?$AAl?$AAl?$AAe?$AAr?$AA?5?$AAR?$AAS?$AAT?$AA?$AN?$AA?6?$AA?$AA@ 00009118     common_ti_boot_sdhc:sdhc.obj
 0001:00008158       ??_C@_1CI@EBIAGFPN@?$AAM?$AAM?$AAC?$AA?5?$AAR?$AAe?$AAs?$AAe?$AAt?$AA?5?$AAt?$AAi?$AAm?$AAe?$AAo?$AAu?$AAt?$AA?$AN?$AA?6?$AA?$AA@ 00009158     common_ti_boot_sdhc:sdhc.obj
 0001:00008180       ??_C@_1CI@DLLABNKH@?$AAS?$AAD?$AAH?$AAC?$AA?5?$AAb?$AAa?$AAd?$AA?5?$AAs?$AAl?$AAo?$AAt?$AA?5?$AAn?$AAu?$AAm?$AA?$AN?$AA?6?$AA?$AA@ 00009180     common_ti_boot_sdhc:sdhc.obj
 0001:000081a8       ??_C@_1GK@EBPKPBPE@?$AAG?$AAe?$AAt?$AAC?$AAo?$AAm?$AAm?$AAa?$AAn?$AAd?$AAR?$AAe?$AAs?$AAp?$AAo?$AAn?$AAs?$AAe?$AA?$CI?$AA?$CJ?$AA?5?$AA?9?$AA?5?$AAU?$AAn?$AAr?$AAe?$AAc?$AAo?$AAg?$AAn?$AAi@ 000091a8     common_ti_boot_sdhc:sdhc.obj
 0001:00008214       ??_C@_1DM@FAHGNIG@?$AAS?$AAD?$AAI?$AAP?$AAo?$AAl?$AAl?$AAi?$AAn?$AAg?$AAR?$AAe?$AAc?$AAe?$AAi?$AAv?$AAe?$AA?3?$AA?5?$AAT?$AAI?$AAM?$AAE?$AAO?$AAU?$AAT?$AA3?$AA?$AN?$AA?6?$AA?$AA@ 00009214     common_ti_boot_sdhc:sdhc.obj
 0001:00008250       ??_C@_1DM@ILIIGKGF@?$AAS?$AAD?$AAI?$AAP?$AAo?$AAl?$AAl?$AAi?$AAn?$AAg?$AAR?$AAe?$AAc?$AAe?$AAi?$AAv?$AAe?$AA?3?$AA?5?$AAT?$AAI?$AAM?$AAE?$AAO?$AAU?$AAT?$AA0?$AA?$AN?$AA?6?$AA?$AA@ 00009250     common_ti_boot_sdhc:sdhc.obj
 0001:0000828c       ??_C@_1DM@EHCCGKPL@?$AAS?$AAD?$AAI?$AAP?$AAo?$AAl?$AAl?$AAi?$AAn?$AAg?$AAR?$AAe?$AAc?$AAe?$AAi?$AAv?$AAe?$AA?3?$AA?5?$AAT?$AAI?$AAM?$AAE?$AAO?$AAU?$AAT?$AA1?$AA?$AN?$AA?6?$AA?$AA@ 0000928c     common_ti_boot_sdhc:sdhc.obj
 0001:000082c8       ??_C@_1EG@HOIABLIC@?$AAS?$AAD?$AAH?$AAC?$AA?3?$AA?5?$AAS?$AAD?$AAI?$AAP?$AAo?$AAl?$AAl?$AAi?$AAn?$AAg?$AAR?$AAe?$AAc?$AAe?$AAi?$AAv?$AAe?$AA?$CI?$AA?$CJ?$AA?5?$AAf?$AAa?$AAi?$AAl?$AAe?$AAd@ 000092c8     common_ti_boot_sdhc:sdhc.obj
 0001:00008310       ??_C@_1GA@HNKHACLA@?$AAS?$AAD?$AAH?$AAC?$AA?3?$AA?5?$AAE?$AAr?$AAr?$AAo?$AAr?$AA?5?$AAg?$AAe?$AAt?$AAt?$AAi?$AAn?$AAg?$AA?5?$AAr?$AAe?$AAs?$AAp?$AAo?$AAn?$AAs?$AAe?$AA?5?$AAf?$AAo?$AAr@ 00009310     common_ti_boot_sdhc:sdhc.obj
 0001:00008370       ??_C@_1EM@JOOFMKFB@?$AAS?$AAD?$AAH?$AAC?$AA?3?$AA?5?$AAc?$AAo?$AAm?$AAm?$AAa?$AAn?$AAd?$AA?5?$AAr?$AAe?$AAs?$AAp?$AAo?$AAn?$AAs?$AAe?$AA?5?$AAt?$AAi?$AAm?$AAe?$AAo?$AAu?$AAt?$AA?5?$AAC@ 00009370     common_ti_boot_sdhc:sdhc.obj
 0001:000083c0       ??_C@_1EO@LNFDCIBN@?$AAS?$AAD?$AAH?$AAC?$AA?3?$AA?5?$AAc?$AAo?$AAm?$AAm?$AAa?$AAn?$AAd?$AA?5?$AAr?$AAe?$AAs?$AAp?$AAo?$AAn?$AAs?$AAe?$AA?5?$AAt?$AAi?$AAm?$AAe?$AAo?$AAu?$AAt?$AA?5?$AAD@ 000093c0     common_ti_boot_sdhc:sdhc.obj
 0001:00008410       ??_C@_1EM@PLCIGAJB@?$AAS?$AAD?$AAH?$AAC?$AA?3?$AA?5?$AAc?$AAo?$AAm?$AAm?$AAa?$AAn?$AAd?$AA?5?$AAr?$AAe?$AAs?$AAp?$AAo?$AAn?$AAs?$AAe?$AA?5?$AAt?$AAi?$AAm?$AAe?$AAo?$AAu?$AAt?$AA?5?$AAD@ 00009410     common_ti_boot_sdhc:sdhc.obj
 0001:0000845c       ??_C@_1DG@OHDKIEBD@?$AAS?$AAD?$AAH?$AAC?$AA?3?$AA?5?$AAc?$AAo?$AAm?$AAm?$AAa?$AAn?$AAd?$AA?5?$AAC?$AAR?$AAC?$AA?5?$AAe?$AAr?$AAr?$AAo?$AAr?$AA?$CB?$AA?$AN?$AA?6?$AA?$AA@ 0000945c     common_ti_boot_sdhc:sdhc.obj
 0001:00008494       ??_C@_1DG@MBAMAGDP@?$AAS?$AAD?$AAH?$AAC?$AA?3?$AA?5?$AAC?$AAa?$AAr?$AAd?$AA?5?$AAB?$AAU?$AAS?$AAY?$AA?5?$AAt?$AAi?$AAm?$AAe?$AAo?$AAu?$AAt?$AA?$CB?$AA?$AN?$AA?6?$AA?$AA@ 00009494     common_ti_boot_sdhc:sdhc.obj
 0001:000084cc       ??_C@_1CM@GCMKJBGI@?$AAS?$AAD?$AAH?$AAC?$AA?3?$AA?5?$AAC?$AAa?$AAr?$AAd?$AA?5?$AAr?$AAe?$AAm?$AAo?$AAv?$AAe?$AAd?$AA?$CB?$AA?$AN?$AA?6?$AA?$AA@ 000094cc     common_ti_boot_sdhc:sdhc.obj
 0001:00008588       ??_C@_1EG@GCJBAFHN@?$AAE?$AAr?$AAr?$AAo?$AAr?$AA?5?$AAt?$AAr?$AAa?$AAn?$AAs?$AAm?$AAi?$AAt?$AAt?$AAi?$AAn?$AAg?$AA?5?$AAb?$AAu?$AAf?$AAf?$AAe?$AAr?$AA?$CB?$AA?5?$AA?5?$AA0?$AAx?$AA?$CF?$AAx@ 00009588     common_ti_ethdrv_lan911x:lan911x.obj
 0001:000085d0       ??_C@_1DM@CALKBHOJ@?$AAN?$AAo?$AAt?$AA?5?$AAe?$AAn?$AAo?$AAu?$AAg?$AAh?$AA?5?$AAr?$AAo?$AAo?$AAm?$AA?5?$AAi?$AAn?$AA?5?$AAT?$AAX?$AA?5?$AAF?$AAI?$AAF?$AAO?$AA?$CB?$AA?$AN?$AA?6?$AA?$AA@ 000095d0     common_ti_ethdrv_lan911x:lan911x.obj
 0001:00008610       ??_C@_1EC@CDIADGHO@?$AAR?$AAX?$AA?5?$AAb?$AAu?$AAf?$AAf?$AAe?$AAr?$AA?5?$AAn?$AAo?$AAt?$AA?5?$AAD?$AAW?$AAO?$AAR?$AAD?$AA?5?$AAa?$AAl?$AAi?$AAg?$AAn?$AAe?$AAd?$AA?4?$AA?4?$AA?4?$AA?$AN?$AA?6@ 00009610     common_ti_ethdrv_lan911x:lan911x.obj
 0001:00008654       ??_C@_1DE@NFIEPIMK@?$AAI?$AAn?$AAp?$AAu?$AAt?$AA?5?$AAb?$AAu?$AAf?$AAf?$AAe?$AAr?$AA?5?$AAt?$AAo?$AAo?$AA?5?$AAs?$AAm?$AAa?$AAl?$AAl?$AA?$CB?$AA?$AN?$AA?6?$AA?$AA@ 00009654     common_ti_ethdrv_lan911x:lan911x.obj
 0001:00008688       ??_C@_1EE@DJPMDJBC@?$AAE?$AAr?$AAr?$AAo?$AAr?$AA?5?$AAi?$AAn?$AA?5?$AAr?$AAe?$AAc?$AAe?$AAi?$AAv?$AAe?$AAd?$AA?5?$AAp?$AAa?$AAc?$AAk?$AAe?$AAt?$AA?$CB?$AA?5?$AA?5?$AA0?$AAx?$AA?$CF?$AAx?$AA?$AN@ 00009688     common_ti_ethdrv_lan911x:lan911x.obj
[...]
 0001:00029d1c       UfnPdd_SetAddress          0002ad1c f   common_ti_ethdrv_usbfn:pdd.obj
 0001:00029d60       UfnPdd_Start               0002ad60 f   common_ti_ethdrv_usbfn:pdd.obj
 0001:00029e20       UfnPdd_RegisterDevice      0002ae20 f   common_ti_ethdrv_usbfn:pdd.obj
 0001:0002a16c       UfnPdd_IsEndpointSupportable 0002b16c f   common_ti_ethdrv_usbfn:pdd.obj
 0001:0002a188       UfnPdd_IsConfigurationSupportable 0002b188 f   common_ti_ethdrv_usbfn:pdd.obj
 0001:0002a274       UfnPdd_Init                0002b274 f   common_ti_ethdrv_usbfn:pdd.obj
 0002:00000000       g_kitlEthLan911x           0002c000     main.obj
 0002:0000002c       g_kitlUsbRndis             0002c02c     main.obj
 0002:00000058       g_kitlDevices              0002c058     main.obj
 0002:000000a0       g_bootDevices              0002c0a0     main.obj
 0002:00000100       DefaultMacAddress          0002c100     main.obj
 0002:00000108       hotkeyColdReset            0002c108     hotkey.obj
 0002:00000220       dispResMenu                0002c220     menu.obj
 0002:00000250       oppModeMenu35x             0002c250     menu.obj
 0002:00000268       oppModeMenu37x             0002c268     menu.obj
 0002:00000278       g_menuFlash                0002c278     flashmenu.obj
 0002:00000380       g_ulFlashBase              0002c380     flash.obj
 0002:00000384       g_ulFlashLengthBytes       0002c384     flash.obj
 0002:00000388       g_ulBPartBase              0002c388     flash.obj
 0002:0000038c       g_ulBPartLengthBytes       0002c38c     flash.obj
 0002:00000390       initialOALLogZones         0002c390     oal_log:debug.obj
 0002:00000398       dpCurSettings              0002c398     oal_log:debug.obj
 0002:00000824       gpmc_ecc_hamming_code      0002c824     common_ti_fmd_nand_boot:gpmc_ecc.obj
 0002:00000834       gpmc_ecc_bch_4bits         0002c834     common_ti_fmd_nand_boot:gpmc_ecc.obj
 0002:00000844       gpmc_ecc_bch_8bits         0002c844     common_ti_fmd_nand_boot:gpmc_ecc.obj
 0002:00000858       OMAPCpuInfo                0002c858     OMAP3530_oalcpuver:oalcpuver.obj
 0002:000008a0       CPUMaxSpeed                0002c8a0     OMAP3530_oalcpuver:oalcpuver.obj
 0002:000008b0       Omap_Gpio                  0002c8b0     common_ti_oal_omap_gpio:omap35xx_gpio.obj
 0002:000009b8       Tps659xx_Gpio              0002c9b8     TPS659xx_oal_gpio:tps659xx_gpio.obj
 0002:00000a00       bRndisSendPacketEmpty      0002ca00     rne_mdd:rndis.obj
 0002:00000a38       RNdisMddSupportedOids      0002ca38     rne_mdd:hostmini.obj
 0002:00000ac8       __security_cookie          0002cac8     gsnull:gsnull.obj
 0002:00000acc       __security_cookie_complement 0002cacc     gsnull:gsnull.obj
 0002:00000ad0       ?g_dwMBRSectorNum@@3KA     0002cad0     bootpart:bootpart.obj
 0002:00000af0       g_dwMeasuredSysClkFreq     0002caf0     bspcfg:bspcfg.obj
 0002:00000af4       _rgScaleTable              0002caf4     bspcfg:bspcfg.obj
 0002:00000b18       _rgI2CDevice               0002cb18     bspcfg:bspcfg.obj
 0002:00000bf8       SupportedNands             0002cbf8     bspcfg:bspcfg.obj
 0002:00000c34       BSPGpioTables              0002cc34     bspcfg:bspcfg.obj
 0002:00000c50       lcd_res_params             0002cc50     bsp_display_init:lcd_qvga.obj
 0002:00000e04       g_InterruptData            0002ce04     common_ti_ethdrv_rndis:rndis.obj
 0002:00001060       g_CPUFamily                0002d060     main.obj
 0002:00001064       gRow                       0002d064     hotkey.obj
 0002:00001068       gColumn                    0002d068     hotkey.obj
 0002:00011080       EdbgDebugZone              0003d080     eth.obj
 0002:0003432c       gpmc_ecc_func              0006032c     common_ti_fmd_nand_boot:gpmc_ecc.obj
 0002:00034340       ?csGpio@@3UCRITICAL_SECTION@@A 00060340     TPS659xx_oal_gpio:tps659xx_gpio.obj
 0002:00034358       ?g_fGpioPostInit@@3HA      00060358     TPS659xx_oal_gpio:tps659xx_gpio.obj
 0002:0003e1c0       ?g_partStateTable@@3PAU_PARTSTATE@@A 0006a1c0     bootpart:bootpart.obj
 0002:0003e1e0       ?g_FlashInfo@@3U_FlashInfo@@A 0006a1e0     bootpart:bootpart.obj
 0002:0003e1f0       ?g_dwDataBytesPerBlock@@3KA 0006a1f0     bootpart:bootpart.obj
 0002:0003e1f4       ?g_dwLastWrittenLoc@@3KA   0006a1f4     bootpart:bootpart.obj
 0002:0003e1f8       ?g_dwLastLogSector@@3KA    0006a1f8     bootpart:bootpart.obj
 0002:0003e1fc       ?g_pSectorInfoBuf@@3PAU_SectorInfo@@A 0006a1fc     bootpart:bootpart.obj
 0002:0003e200       ?g_pbMBRSector@@3PAEA      0006a200     bootpart:bootpart.obj
 0002:0003e204       ?g_pbBlock@@3PAEA          0006a204     bootpart:bootpart.obj
 0002:0003e820       bDoLaunch                  0006a820     eboot:tftpd.obj
 0002:0003e824       TftpPeerAddr               0006a824     eboot:tftpd.obj
 0002:0003eae8       hGpio                      0006aae8     bsp_display:bsp_logo.obj
 0002:0003ee6c       g_pEP1DataWrapper          0006ae6c     common_ti_ethdrv_rndis:rndis.obj
 0002:0003ee70       g_devState                 0006ae70     common_ti_ethdrv_rndis:rndis.obj
 0002:0003ee74       g_EP0TransferState         0006ae74     common_ti_ethdrv_rndis:rndis.obj
 0002:0003ee78       g_EP1TransferState         0006ae78     common_ti_ethdrv_rndis:rndis.obj
 0002:0003ee7c       g_EP2TransferState         0006ae7c     common_ti_ethdrv_rndis:rndis.obj
 0002:0003ee80       g_EP3TransferState         0006ae80     common_ti_ethdrv_rndis:rndis.obj
 0002:0003ee84       gEvent                     0006ae84     <common>
 0002:0003ee88       gDevice_prefix             0006ae88     <common>
 0002:0003eea0       g_eboot                    0006aea0     <common>
 0002:0003efe8       g_ecctype                  0006afe8     <common>
 0002:0003f000       g_bootCfg                  0006b000     <common>
 0002:0003f08c       szSprintf                  0006b08c     <common>
 0002:0003f090       g_pOEMVerifyMemory         0006b090     <common>
 0002:0003f094       g_dwROMOffset              0006b094     <common>
 0002:0003f098       g_pOEMReportError          0006b098     <common>
 0002:0003f09c       g_pOEMMultiBINNotify       0006b09c     <common>
 0002:0003f0a0       g_pOEMCheckSignature       0006b0a0     <common>
 0002:0003f0c0       g_oalCacheInfo             0006b0c0     <common>
 0002:0003f108       map                        0006b108     <common>
 0002:0003f10c       nbBlock                    0006b10c     <common>
 0002:0003f110       poolSize                   0006b110     <common>
 0002:0003f114       pool                       0006b114     <common>
 0002:0003f118       ExtendedPartionBaseSector  0006b118     <common>
 0002:0003f120       MMCcmd                     0006b120     <common>
 0002:0003f1a0       File                       0006b1a0     <common>
 0002:0003f3c4       pFile                      0006b3c4     <common>
 0002:0003f3e0       Request                    0006b3e0     <common>
 0002:0003f440       fileio_ops                 0006b440     <common>
 0002:0003f460       Disk                       0006b460     <common>
 0002:0003f498       m_fFirstTime               0006b498     <common>
 0002:0003f49c       m_dwCPURev                 0006b49c     <common>
 0002:0003f4a0       m_fMMCMode                 0006b4a0     <common>
 0002:0003f4a4       m_dwSlot                   0006b4a4     <common>
 0002:0003f4a8       m_fCardPresent             0006b4a8     <common>
 0002:0003f4ac       m_dwMaxTimeout             0006b4ac     <common>
 0002:0003f4b0       m_fInitialized             0006b4b0     <common>
 0002:0003f4b4       m_fAppCmdMode              0006b4b4     <common>
 0002:0003f4b8       m_fCardInitialized         0006b4b8     <common>
 0002:0003f4bc       g_hGPIO                    0006b4bc     <common>
 0002:0003f4c0       m_dwSDIOCard               0006b4c0     <common>
 0002:0003f4c4       m_pbRegisters              0006b4c4     <common>
 0002:0003f4c8       m_TransferClass            0006b4c8     <common>
 0002:0003f4cc       m_dwMaxClockRate           0006b4cc     <common>
 0002:0003f4e0       g_usbfnpdd                 0006b4e0     <common>
 0002:0003f660       g_EP0DataWrapper           0006b660     <common>
 0002:0003f670       MDDZONE5                   0006b670     <common>
 0002:0003f678       g_mddInterface             0006b678     <common>
 0002:0003f680       g_EP1Transfer              0006b680     <common>
 0002:0003f6a0       g_RndisKitlDev             0006b6a0     <common>
 0002:0003fae8       g_udr                      0006bae8     <common>
 0002:0003faf0       MDDZONE4                   0006baf0     <common>
 0002:0003faf4       PDDZONE                    0006baf4     <common>
 0002:0003fb00       g_EP3Transfer              0006bb00     <common>
 0002:0003fb20       g_pddInterface             0006bb20     <common>
 0002:0003fb80       MDDZONE3                   0006bb80     <common>
 0002:0003fba0       g_EP2Transfer              0006bba0     <common>
 0002:0003fbc0       PDDZONE0                   0006bbc0     <common>
 0002:0003fbe0       g_EP0Transfer              0006bbe0     <common>
 0002:0003fc00       MDDZONE0                   0006bc00     <common>
 0002:0003fc04       MDDZONE                    0006bc04     <common>
 0002:0003fc08       MDDZONE2                   0006bc08     <common>
 0002:0003fc20       RndisMdd                   0006bc20     <common>
 0002:0003fd00       TFtpLinks                  0006bd00     <common>
 0002:000405c0       wOdoWellKnownServerPort    0006c5c0     <common>
 0002:000405c2       nNumTFtpLinksInUse         0006c5c2     <common>
 0002:000405e0       TFTPFrameBuffer            0006c5e0     <common>
 0002:00040a20       TFtpdServerRegistry        0006ca20     <common>
 0002:00040ae8       g_dwLogoPosX               0006cae8     <common>
 0002:00040aec       g_dwLogoPosY               0006caec     <common>
 0002:00040af0       g_dwLogoHeight             0006caf0     <common>
 0002:00040af4       g_dwLogoWidth              0006caf4     <common>

 entry point at        0001:00000000

 Static symbols

 0001:0000ed98       OEMPlatformDeinit          0000fd98 f   main.obj
 0001:0000fbfc       ShowSettings               00010bfc f   menu.obj
 0001:0000fcf8       SetDeviceID                00010cf8 f   menu.obj
 0001:0000fd34       SetRetailMsgMode           00010d34 f   menu.obj
 0001:0000fdbc       SetOPPmode                 00010dbc f   menu.obj
 0001:0000fe90       SaveSettings               00010e90 f   menu.obj
 0001:0000ff5c       ShowFlashGeometry          00010f5c f   flashmenu.obj
 0001:00010158       EraseFlash                 00011158 f   flashmenu.obj
 0001:000102c0       EraseBlock                 000112c0 f   flashmenu.obj
 0001:000104f4       ReserveBlock               000114f4 f   flashmenu.obj
 0001:000106b8       DumpFlash                  000116b8 f   flashmenu.obj
 0001:0001097c       SetBadBlock                0001197c f   flashmenu.obj
 0001:00010a50       FormatFlash                00011a50 f   flashmenu.obj
 0001:00010aa0       EnableFlashNK              00011aa0 f   flashmenu.obj
 0001:00010b28       SetECCType                 00011b28 f   flashmenu.obj
 0001:00010de8       WriteFlashLogo             00011de8 f   flash.obj
 0001:00010f28       DumpTOC                    00011f28 f   flash.obj
 0001:00011204       VerifyImage                00012204 f   flash.obj
 0001:00011478       ReadFlashNK                00012478 f   flash.obj
 0001:000116cc       WriteFlashXLDR             000126cc f   flash.obj
 0001:000118b4       WriteFlashEBOOT            000128b4 f   flash.obj
 0001:0001249c       GetFormatValue             0001349c f   oal_blnk:format.obj
 0001:00012e68       GetImageType               00013e68 f   oal_blcommon:blcommon.obj
 0001:00012fa8       CheckImageManifest         00013fa8 f   oal_blcommon:blcommon.obj
 0001:000130d4       DownloadNB0                000140d4 f   oal_blcommon:blcommon.obj
 0001:000132d4       WriteImageToFlash          000142d4 f   oal_blcommon:blcommon.obj
 0001:000133b4       IsKernelRegion             000143b4 f   oal_blcommon:blcommon.obj
 0001:00013470       DownloadBin                00014470 f   oal_blcommon:blcommon.obj
 0001:00013888       DownloadImage              00014888 f   oal_blcommon:blcommon.obj
 0001:00013ce4       pOutputByte                00014ce4 f   oal_blcommon:format.obj
 0001:00013d14       pOutputNumHex              00014d14 f   oal_blcommon:format.obj
 0001:00013d5c       pOutputNumDecimal          00014d5c f   oal_blcommon:format.obj
 0001:00014460       SeekToBlock                00015460 f   common_ti_oal_flashstore:flashstore.obj
 0001:00014e88       NAND_Read                  00015e88 f   common_ti_fmd_nand_boot:fmd.obj
 0001:00014f88       NAND_Write                 00015f88 f   common_ti_fmd_nand_boot:fmd.obj
 0001:00015090       NAND_Enable                00016090 f   common_ti_fmd_nand_boot:fmd.obj
 0001:00015c50       NAND_Initialize            00016c50 f   common_ti_fmd_nand_boot:fmd.obj
 0001:00015f88       Hamming_ECC_Init           00016f88 f   common_ti_fmd_nand_boot:gpmc_ecc.obj
 0001:00015fb8       Hamming_ECC_Calculate      00016fb8 f   common_ti_fmd_nand_boot:gpmc_ecc.obj
 0001:00016020       Hamming_ECC_Reset          00017020 f   common_ti_fmd_nand_boot:gpmc_ecc.obj
 0001:00016030       Hamming_ECC_CorrectData    00017030 f   common_ti_fmd_nand_boot:gpmc_ecc.obj
 0001:00016148       BCH4_ECC_Init              00017148 f   common_ti_fmd_nand_boot:gpmc_ecc.obj
 0001:000161c0       BCH4_ECC_Calculate         000171c0 f   common_ti_fmd_nand_boot:gpmc_ecc.obj
 0001:00016260       BCH4_ECC_Reset             00017260 f   common_ti_fmd_nand_boot:gpmc_ecc.obj
 0001:00016270       BCH8_ECC_Init              00017270 f   common_ti_fmd_nand_boot:gpmc_ecc.obj
 0001:000162e8       BCH8_ECC_Calculate         000172e8 f   common_ti_fmd_nand_boot:gpmc_ecc.obj
 0001:000163e8       BCH8_ECC_Reset             000173e8 f   common_ti_fmd_nand_boot:gpmc_ecc.obj
 0001:00016528       BCH_correct_data           00017528 f   common_ti_fmd_nand_boot:gpmc_ecc.obj
 0001:00016684       BCH4_ECC_CorrectData       00017684 f   common_ti_fmd_nand_boot:gpmc_ecc.obj
 0001:000166b8       BCH8_ECC_CorrectData       000176b8 f   common_ti_fmd_nand_boot:gpmc_ecc.obj
 0001:000166ec       mpy_mod_gf                 000176ec f   common_ti_fmd_nand_boot:omap_bch_decoder.obj
 0001:0001674c       chien                      0001774c f   common_ti_fmd_nand_boot:omap_bch_decoder.obj
 0001:000169ac       berlekamp                  000179ac f   common_ti_fmd_nand_boot:omap_bch_decoder.obj
 0001:00016c1c       syndrome                   00017c1c f   common_ti_fmd_nand_boot:omap_bch_decoder.obj
 0001:00017158       I2CResetDevice             00018158 f   common_ti_oali2c:oali2c.obj
 0001:00017410       I2CTransaction             00018410 f   common_ti_oali2c:oali2c.obj
 0001:00017e64       GetGroupByID               00018e64 f   common_ti_oal_gpiodispatch:gpio_dispatch.obj
 0001:00018130       ?OmapGpioPostInit@@YAHPAX@Z 00019130 f   common_ti_oal_omap_gpio:omap35xx_gpio.obj
 0001:00018188       ?OmapGpioDeinit@@YAHPAX@Z  00019188 f   common_ti_oal_omap_gpio:omap35xx_gpio.obj
 0001:00018258       ?OmapGpioSetMode@@YAHPAXII@Z 00019258 f   common_ti_oal_omap_gpio:omap35xx_gpio.obj
 0001:00018380       ?OmapGpioGetMode@@YAKPAXI@Z 00019380 f   common_ti_oal_omap_gpio:omap35xx_gpio.obj
 0001:00018474       ?OmapGpioPullup@@YAHPAXII@Z 00019474 f   common_ti_oal_omap_gpio:omap35xx_gpio.obj
 0001:0001847c       ?OmapGpioPulldown@@YAHPAXII@Z 0001947c f   common_ti_oal_omap_gpio:omap35xx_gpio.obj
 0001:00018484       ?OmapGpioSetBit@@YAHPAXI@Z 00019484 f   common_ti_oal_omap_gpio:omap35xx_gpio.obj
 0001:0001853c       ?OmapGpioClrBit@@YAHPAXI@Z 0001953c f   common_ti_oal_omap_gpio:omap35xx_gpio.obj
 0001:000185f4       ?OmapGpioGetBit@@YAKPAXI@Z 000195f4 f   common_ti_oal_omap_gpio:omap35xx_gpio.obj
 0001:000186a0       ?OmapGpioIoControl@@YAHPAXIPAEI1IPAK@Z 000196a0 f   common_ti_oal_omap_gpio:omap35xx_gpio.obj
 0001:000186a8       ?OmapGpioInit@@YAHPBGPAPAXPAI@Z 000196a8 f   common_ti_oal_omap_gpio:omap35xx_gpio.obj
 0001:00018800       ?WriteTwlReg@@YAHKPAEI@Z   00019800 f   TPS659xx_oal_gpio:tps659xx_gpio.obj
 0001:00018858       ?ReadTwlReg@@YAHKPAEI@Z    00019858 f   TPS659xx_oal_gpio:tps659xx_gpio.obj
 0001:000188b0       ?Tps659xxGpioInit@@YAHPBGPAPAXPAI@Z 000198b0 f   TPS659xx_oal_gpio:tps659xx_gpio.obj
 0001:000188c0       ?Tps659xxGpioPostInit@@YAHPAX@Z 000198c0 f   TPS659xx_oal_gpio:tps659xx_gpio.obj
 0001:000188e8       ?Tps659xxGpioDeinit@@YAHPAX@Z 000198e8 f   TPS659xx_oal_gpio:tps659xx_gpio.obj
 0001:00018928       ?Tps659xxGpioSetMode@@YAHPAXII@Z 00019928 f   TPS659xx_oal_gpio:tps659xx_gpio.obj
 0001:00018a90       ?Tps659xxGpioGetMode@@YAKPAXI@Z 00019a90 f   TPS659xx_oal_gpio:tps659xx_gpio.obj
 0001:00018b60       ?Tps659xxGpioPullup@@YAHPAXII@Z 00019b60 f   TPS659xx_oal_gpio:tps659xx_gpio.obj
 0001:00018c14       ?Tps659xxGpioPulldown@@YAHPAXII@Z 00019c14 f   TPS659xx_oal_gpio:tps659xx_gpio.obj
 0001:00018cc8       ?Tps659xxGpioSetBit@@YAHPAXI@Z 00019cc8 f   TPS659xx_oal_gpio:tps659xx_gpio.obj
 0001:00018d20       ?Tps659xxGpioClrBit@@YAHPAXI@Z 00019d20 f   TPS659xx_oal_gpio:tps659xx_gpio.obj
 0001:00018d78       ?Tps659xxGpioGetBit@@YAKPAXI@Z 00019d78 f   TPS659xx_oal_gpio:tps659xx_gpio.obj
 0001:00018dd4       ?Tps659xxGpioIoControl@@YAHPAXIPAEI1IPAK@Z 00019dd4 f   TPS659xx_oal_gpio:tps659xx_gpio.obj
 0001:0001aa68       InitializeHardware         0001ba68 f   common_ti_boot_sdhc:sdhc.obj
 0001:0001aba4       MmcReset                   0001bba4 f   common_ti_boot_sdhc:sdhc.obj
 0001:0001ad7c       SendInitSequence           0001bd7c f   common_ti_boot_sdhc:sdhc.obj
 0001:0001ae48       SendCommand                0001be48 f   common_ti_boot_sdhc:sdhc.obj
 0001:0001b100       GetCommandResponse         0001c100 f   common_ti_boot_sdhc:sdhc.obj
 0001:0001b25c       SDIPollingReceive          0001c25c f   common_ti_boot_sdhc:sdhc.obj
 0001:0001b550       CommandCompleteHandler     0001c550 f   common_ti_boot_sdhc:sdhc.obj
 0001:0001b808       SdhcControllerInit         0001c808 f   common_ti_boot_sdhc:sdhc.obj
 0001:0001b9b4       ReadPhy                    0001c9b4 f   common_ti_ethdrv_lan911x:lan911x.obj
 0001:00020048       LBAtoCHS                   00021048 f   bootpart:bootpart.obj
 0001:000200d0       AddPartitionTableEntry     000210d0 f   bootpart:bootpart.obj
 0001:000201f0       LastLogSector              000211f0 f   bootpart:bootpart.obj
 0001:00020284       Log2Phys                   00021284 f   bootpart:bootpart.obj
 0001:00020370       FindFreeSector             00021370 f   bootpart:bootpart.obj
 0001:00020430       ?AreSectorsFree@@YAHKK@Z   00021430 f   bootpart:bootpart.obj
 0001:00020518       ReadBlock                  00021518 f   bootpart:bootpart.obj
 0001:00020598       WriteBlock                 00021598 f   bootpart:bootpart.obj
 0001:00020d38       ?WriteMBR@@YAHXZ           00021d38 f   bootpart:bootpart.obj
 0001:00020e54       WriteLogicalNumbers        00021e54 f   bootpart:bootpart.obj
 0001:00020f80       CreatePartition            00021f80 f   bootpart:bootpart.obj
 0001:00022680       CRC                        00023680 f   eboot:udp.obj
 0001:00022e3c       FormatDHCPName             00023e3c f   eboot:dhcp.obj
 0001:00025abc       BpbCopy                    00026abc f   common_ti_boot_fatfs:fileio.obj
 0001:00025c2c       FileIoReadNextSectors      00026c2c f   common_ti_boot_fatfs:fileio.obj
 0001:00026654       PDD_SendNotification       00027654 f   common_ti_ethdrv_rndis:rndis.obj
 0001:00026680       PDD_RecvNotification       00027680 f   common_ti_ethdrv_rndis:rndis.obj
 0001:00027b7c       xtoa                       00028b7c f   fulllibc:xtoa.obj
 0001:000285ac       ContinueTxTransfer         000295ac f   common_ti_ethdrv_usbfn:pdd.obj
 0001:000288dc       StartRxTransfer            000298dc f   common_ti_ethdrv_usbfn:pdd.obj
