 ebootsd

 Timestamp is 528f261c (Fri Nov 22 17:38:36 2013)

 Preferred load address is 00000000

 Start         Length     Name                   Class
 0001:00000000 00000214H .astart                 CODE
 0001:00000220 0000fd8cH .rdata                  CODE
 0001:0000ffac 00000024H .rdata$debug            CODE
 0001:0000ffd0 0001c19cH .text                   CODE
 0001:0002c16c 00000060H .xdata                  CODE
 0001:0002c1cc 00000000H .edata                  CODE
 0002:00000000 000010c3H .data                   DATA
 0002:000010e0 0003fc98H .bss                    DATA
 0003:00000000 00000ec8H .pdata                  DATA

  Address         Publics by Value              Rva+Base       Lib:Object

 0000:00000000       ___safe_se_handler_table   00000000     <absolute>
 0000:00000000       ___safe_se_handler_count   00000000     <absolute>
 0001:00000000       StartUp                    00001000 f   startup.obj
 0001:000000c8       g_oalAddressTable          000010c8     startup.obj
 0001:00000170       g_oalAddressTableHynix     00001170     startup.obj
 0001:0000023c       ??_C@_1BK@GNCICGCB@?$AAN?$AAK?$AA?5?$AAf?$AAr?$AAo?$AAm?$AA?5?$AAN?$AAA?$AAN?$AAD?$AA?$AA@ 0000123c     main.obj
 0001:00000258       ??_C@_1CK@GNCLKLEF@?$AAN?$AAK?$AA?5?$AAf?$AAr?$AAo?$AAm?$AA?5?$AAS?$AAD?$AAC?$AAa?$AAr?$AAd?$AA?5?$AAF?$AAI?$AAL?$AAE?$AA?5?$AA?$AA@ 00001258     main.obj
 0001:00000284       ??_C@_1BK@NKDLNHPK@?$AAU?$AAS?$AAB?$AAF?$AAn?$AA?5?$AAR?$AAN?$AAD?$AAI?$AAS?$AA?5?$AA?$AA@ 00001284     main.obj
 0001:000002a0       ??_C@_1BI@OOCKPHGK@?$AAL?$AAA?$AAN?$AA9?$AA1?$AA1?$AA5?$AA?5?$AAM?$AAA?$AAC?$AA?$AA@ 000012a0     main.obj
 0001:00000348       dwEbootECCtype             00001348     main.obj
 0001:00000560       ??_C@_1DO@MGHPPPEE@?$AAT?$AAP?$AAS?$AA6?$AA5?$AA9?$AAX?$AAX?$AA?5?$AAV?$AAe?$AAr?$AAs?$AAi?$AAo?$AAn?$AA?5?$AA0?$AAx?$AA?$CF?$AA0?$AA2?$AAx?$AA?5?$AA?$CI?$AA?$CF?$AAs?$AA?$CJ?$AA?$AN?$AA?6?$AA?$AA@ 00001560     main.obj
 0001:000005a0       ??_C@_1M@OIJGKENB@?$AAE?$AAS?$AA1?$AA?4?$AA3?$AA?$AA@ 000015a0     main.obj
 0001:000005b0       ??_C@_1EE@KGKCAFPP@?$AAI?$AAN?$AAF?$AAO?$AA?3?$AA?5?$AAU?$AAn?$AAK?$AAn?$AAo?$AAw?$AAn?$AA?5?$AAC?$AAP?$AAU?$AA?5?$AAf?$AAa?$AAm?$AAi?$AAl?$AAy?$AA?3?$AA?$CF?$AAd?$AA?4?$AA?4?$AA?4?$AA?4?$AA?$AN@ 000015b0     main.obj
 0001:000005f4       ??_C@_08DGJGOJCE@EVM3530?9?$AA@ 000015f4     main.obj
 0001:00000600       ??_C@_07BFNEHID@Z2170P?9?$AA@ 00001600     main.obj
 0001:00000608       ??_C@_1EA@CNLHEJHC@?$AAT?$AAI?$AA?5?$AAO?$AAM?$AAA?$AAP?$AA?$CF?$AAx?$AA?5?$AAV?$AAe?$AAr?$AAs?$AAi?$AAo?$AAn?$AA?5?$AA0?$AAx?$AA?$CF?$AA0?$AA8?$AAx?$AA?5?$AA?$CI?$AA?$CF?$AAs?$AA?$CJ?$AA?$AN?$AA?6?$AA?$AA@ 00001608     main.obj
 0001:00000648       ??_C@_1BA@LEPJIIOK@?$AAU?$AAn?$AAk?$AAn?$AAo?$AAw?$AAn?$AA?$AA@ 00001648     main.obj
 0001:00000658       ??_C@_1M@FACKMDLE@?$AAE?$AAS?$AA1?$AA?4?$AA2?$AA?$AA@ 00001658     main.obj
 0001:00000664       ??_C@_1M@ECJPGMFK@?$AAE?$AAS?$AA1?$AA?4?$AA1?$AA?$AA@ 00001664     main.obj
 0001:00000670       ??_C@_1M@LKGLCH@?$AAE?$AAS?$AA3?$AA?4?$AA1?$AA?$AA@ 00001670     main.obj
 0001:0000067c       ??_C@_1M@LIAGAMEC@?$AAE?$AAS?$AA3?$AA?4?$AA0?$AA?$AA@ 0000167c     main.obj
 0001:00000688       ??_C@_1DO@OPHFFOFA@?$AAE?$AAS?$AA2?$AA?4?$AA1?$AA?0?$AA?5?$AAI?$AAD?$AA?5?$AAd?$AAe?$AAt?$AAe?$AAr?$AAm?$AAi?$AAn?$AAe?$AAd?$AA?5?$AAu?$AAs?$AAi?$AAn?$AAg?$AA?5?$AAC?$AAR?$AAC?$AA?$AA@ 00001688     main.obj
 0001:000006c8       ??_C@_1DO@OONAPHOG@?$AAE?$AAS?$AA2?$AA?4?$AA0?$AA?0?$AA?5?$AAI?$AAD?$AA?5?$AAd?$AAe?$AAt?$AAe?$AAr?$AAm?$AAi?$AAn?$AAe?$AAd?$AA?5?$AAu?$AAs?$AAi?$AAn?$AAg?$AA?5?$AAC?$AAR?$AAC?$AA?$AA@ 000016c8     main.obj
 0001:00000708       ??_C@_1M@MMBAGLLJ@?$AAE?$AAS?$AA2?$AA?4?$AA1?$AA?$AA@ 00001708     main.obj
 0001:00000714       ??_C@_1M@HEKMAMNM@?$AAE?$AAS?$AA2?$AA?4?$AA0?$AA?$AA@ 00001714     main.obj
 0001:00000720       ??_C@_1M@PKCDALDP@?$AAE?$AAS?$AA1?$AA?4?$AA0?$AA?$AA@ 00001720     main.obj
 0001:0000072c       ??_C@_08JIGGJAPD@17?338?327?$AA@ 0000172c     main.obj
 0001:00000738       ??_C@_0M@OCECFEGB@Nov?522?52013?$AA@ 00001738     main.obj
 0001:00000748       ??_C@_1HG@KGFFNHHE@?$AAZ?$AAE?$AAB?$AAE?$AAX?$AA?5?$AAW?$AAi?$AAn?$AAd?$AAo?$AAw?$AAs?$AA?5?$AAC?$AAE?$AA?5?$AAE?$AAB?$AAO?$AAO?$AAT?$AA?5?$AAf?$AAo?$AAr?$AA?5?$AAZ?$AA?9?$AA2?$AA1?$AA7@ 00001748     main.obj
 0001:000007c0       ??_C@_1CC@DJCPIFGO@?$AAV?$AAe?$AAr?$AAs?$AAi?$AAo?$AAn?$AA?3?$AA?5?$AA0?$AA?4?$AA0?$AA?4?$AA1?$AA?$AN?$AA?6?$AA?$AA@ 000017c0     main.obj
 0001:000007e8       ??_C@_1GG@GNNPKEFL@?$AAI?$AAN?$AAF?$AAO?$AA?3?$AA?5?$AAO?$AAE?$AAM?$AAP?$AAl?$AAa?$AAt?$AAf?$AAo?$AAr?$AAm?$AAD?$AAe?$AAi?$AAn?$AAi?$AAt?$AA?5?$AA?9?$AA?5?$AA?5?$AAD?$AAi?$AAs?$AAa?$AAb@ 000017e8     main.obj
 0001:00000850       ??_C@_1CK@FDDKFJJE@?$AA?9?$AAO?$AAE?$AAM?$AAM?$AAu?$AAl?$AAt?$AAi?$AAB?$AAi?$AAn?$AAN?$AAo?$AAt?$AAi?$AAf?$AAy?$AA?$AN?$AA?6?$AA?$AA@ 00001850     main.obj
 0001:0000087c       ??_C@_1CG@JHMEBKAH@?$AAS?$AAp?$AAi?$AAn?$AA?5?$AAf?$AAo?$AAr?$AA?5?$AAe?$AAv?$AAe?$AAr?$AA?4?$AA?4?$AA?4?$AA?$AN?$AA?6?$AA?$AA@ 0000187c     main.obj
 0001:000008a4       ??_C@_1DC@FNKKGJOD@?$AAD?$AAo?$AAw?$AAn?$AAl?$AAo?$AAa?$AAd?$AA?5?$AAf?$AAi?$AAl?$AAe?$AA?5?$AAt?$AAy?$AAp?$AAe?$AA?3?$AA?5?$AA?$CF?$AAd?$AA?$AN?$AA?6?$AA?$AA@ 000018a4     main.obj
 0001:000008d8       ??_C@_1DM@CJMKOEPD@?$AAU?$AAn?$AAs?$AAu?$AAp?$AAp?$AAo?$AAr?$AAt?$AAe?$AAd?$AA?5?$AAd?$AAo?$AAw?$AAn?$AAl?$AAo?$AAa?$AAd?$AAe?$AAd?$AA?5?$AAf?$AAi?$AAl?$AAe?$AA?$AN?$AA?6?$AA?$AA@ 000018d8     main.obj
 0001:00000914       ??_C@_08CMMENMPK@logo?4nb0?$AA@ 00001914     main.obj
 0001:00000920       ??_C@_1FC@BJIBFLEA@?$AAE?$AAR?$AAR?$AAO?$AAR?$AA?3?$AA?5?$AAM?$AAu?$AAl?$AAt?$AAi?$AAX?$AAI?$AAP?$AA?5?$AAi?$AAm?$AAa?$AAg?$AAe?$AA?5?$AAi?$AAs?$AA?5?$AAn?$AAo?$AAt?$AA?5?$AAs?$AAu?$AAp@ 00001920     main.obj
 0001:00000978       ??_C@_1GG@NLHBBJNL@?$AA?$FL?$AA?$CF?$AAd?$AA?$FN?$AA?3?$AA?5?$AAA?$AAd?$AAd?$AAr?$AAe?$AAs?$AAs?$AA?$DN?$AA0?$AAx?$AA?$CF?$AA0?$AA8?$AAx?$AA?5?$AA?5?$AAL?$AAe?$AAn?$AAg?$AAt?$AAh?$AA?$DN?$AA0?$AAx?$AA?$CF@ 00001978     main.obj
 0001:000009e0       ??_C@_1DK@OFMGKCPE@?$AAD?$AAo?$AAw?$AAn?$AAl?$AAo?$AAa?$AAd?$AA?5?$AAf?$AAi?$AAl?$AAe?$AA?5?$AAi?$AAn?$AAf?$AAo?$AAr?$AAm?$AAa?$AAt?$AAi?$AAo?$AAn?$AA?3?$AA?$AN?$AA?6?$AA?$AA@ 000019e0     main.obj
 0001:00000a20       ??_C@_1HM@MNPMBDFE@?$AA?9?$AA?9?$AA?9?$AA?9?$AA?9?$AA?9?$AA?9?$AA?9?$AA?9?$AA?9?$AA?9?$AA?9?$AA?9?$AA?9?$AA?9?$AA?9?$AA?9?$AA?9?$AA?9?$AA?9?$AA?9?$AA?9?$AA?9?$AA?9?$AA?9?$AA?9?$AA?9?$AA?9?$AA?9?$AA?9?$AA?9?$AA?9@ 00001a20     main.obj
 0001:00000aa0       ??_C@_1GC@BMCFFGLH@?$AAE?$AAR?$AAR?$AAO?$AAR?$AA?3?$AA?5?$AAO?$AAE?$AAM?$AAM?$AAa?$AAp?$AAM?$AAe?$AAm?$AAA?$AAd?$AAd?$AAr?$AA?3?$AA?5?$AAI?$AAn?$AAv?$AAa?$AAl?$AAi?$AAd?$AA?5?$AAd?$AAo@ 00001aa0     main.obj
 0001:00000b04       ??_C@_13JOFGPIOO@?$AA?4?$AA?$AA@ 00001b04     main.obj
 0001:00000b08       ??_C@_1CM@LKNPOFLB@?$AAb?$AAo?$AAo?$AAt?$AAD?$AAe?$AAv?$AAi?$AAc?$AAe?$AAT?$AAy?$AAp?$AAe?$AA?5?$AA?$DN?$AA?5?$AA?$CF?$AAd?$AA?$AN?$AA?6?$AA?$AA@ 00001b08     main.obj
 0001:00000b34       ??_C@_1CI@OKDMPKNO@?$AAL?$AAo?$AAg?$AAi?$AAc?$AAa?$AAl?$AAL?$AAo?$AAc?$AA?5?$AA?$DN?$AA?5?$AA0?$AAx?$AA?$CF?$AAx?$AA?$AN?$AA?6?$AA?$AA@ 00001b34     main.obj
 0001:00000b5c       ??_C@_1DO@OPINKPO@?$AAI?$AAn?$AAi?$AAt?$AAi?$AAa?$AAl?$AAi?$AAz?$AAe?$AA?5?$AAs?$AAh?$AAa?$AAr?$AAe?$AA?5?$AAA?$AAR?$AAG?$AAS?$AA?5?$AA?9?$AA?5?$AA0?$AAx?$AA?$CF?$AAx?$AA?$AN?$AA?6?$AA?$AA@ 00001b5c     main.obj
 0001:00000ba0       ??_C@_1KM@MLNPCLLF@?$AA?$AN?$AA?6?$AA?$DO?$AA?$DO?$AA?$DO?$AA?5?$AAF?$AAo?$AAr?$AAc?$AAi?$AAn?$AAg?$AA?5?$AAc?$AAo?$AAl?$AAd?$AA?5?$AAb?$AAo?$AAo?$AAt?$AA?5?$AA?$CI?$AAn?$AAo?$AAn?$AA?9?$AAp?$AAe?$AAr@ 00001ba0     main.obj
 0001:00000c50       ??_C@_1EA@EAGALJIK@?$AA?$AN?$AA?$DO?$AA?$DO?$AA?$DO?$AA?5?$AAN?$AAo?$AAw?$AA?5?$AAe?$AAn?$AAt?$AAr?$AAy?$AA?5?$AAc?$AAo?$AAl?$AAd?$AA?9?$AAr?$AAe?$AAs?$AAe?$AAt?$AA?4?$AA?4?$AA?4?$AA?5?$AA?$AN?$AA?6?$AA?$AA@ 00001c50     main.obj
 0001:00000c90       ??_C@_1EA@JAEGLKFM@?$AA?$AN?$AA?$DO?$AA?$DO?$AA?$DO?$AA?5?$AAN?$AAo?$AAw?$AA?5?$AAe?$AAn?$AAt?$AAr?$AAy?$AA?5?$AAw?$AAa?$AAr?$AAm?$AA?9?$AAr?$AAe?$AAs?$AAe?$AAt?$AA?4?$AA?4?$AA?4?$AA?5?$AA?$AN?$AA?6?$AA?$AA@ 00001c90     main.obj
 0001:00000cd0       ??_C@_1DE@IDJEJNKG@?$AAC?$AAl?$AAe?$AAa?$AAr?$AA?5?$AAs?$AAh?$AAa?$AAr?$AAe?$AA?5?$AAA?$AAR?$AAG?$AAS?$AA?5?$AA?9?$AA?5?$AA0?$AAx?$AA?$CF?$AAx?$AA?$AN?$AA?6?$AA?$AA@ 00001cd0     main.obj
 0001:00000d04       ??_C@_11LOCGONAA@?$AA?$AA@ 00001d04     main.obj
 0001:00000d08       ??_C@_1O@HJKNOJA@?$AAn?$AAk?$AA?4?$AAb?$AAi?$AAn?$AA?$AA@ 00001d08     main.obj
 0001:00000d18       ??_C@_1EC@IFKCAMGN@?$AAI?$AAN?$AAF?$AAO?$AA?3?$AA?5?$AAS?$AAW?$AA4?$AA?5?$AAb?$AAo?$AAo?$AAt?$AA?5?$AAs?$AAe?$AAt?$AAt?$AAi?$AAn?$AAg?$AA?3?$AA?5?$AA0?$AAx?$AA?$CF?$AA0?$AA2?$AAx?$AA?$AN?$AA?6@ 00001d18     main.obj
 0001:00000d60       ??_C@_1GC@MEIINOMM@?$AAW?$AAA?$AAR?$AAN?$AA?3?$AA?5?$AAB?$AAo?$AAo?$AAt?$AA?5?$AAc?$AAo?$AAn?$AAf?$AAi?$AAg?$AA?5?$AAw?$AAa?$AAs?$AAn?$AA?8?$AAt?$AA?5?$AAf?$AAo?$AAu?$AAn?$AAd?$AA?0?$AA?5@ 00001d60     main.obj
 0001:00000dc8       ??_C@_1EC@IBPJNEAL@?$AAI?$AAN?$AAF?$AAO?$AA?3?$AA?5?$AAB?$AAo?$AAo?$AAt?$AA?5?$AAc?$AAo?$AAn?$AAf?$AAi?$AAg?$AAu?$AAr?$AAa?$AAt?$AAi?$AAo?$AAn?$AA?5?$AAf?$AAo?$AAu?$AAn?$AAd?$AA?$AN?$AA?6@ 00001dc8     main.obj
 0001:00000e10       ??_C@_1GI@OMOEGIPN@?$AAL?$AAa?$AAu?$AAn?$AAc?$AAh?$AA?5?$AAW?$AAi?$AAn?$AAd?$AAo?$AAw?$AAs?$AA?5?$AAC?$AAE?$AA?5?$AAi?$AAm?$AAa?$AAg?$AAe?$AA?5?$AAb?$AAy?$AA?5?$AAj?$AAu?$AAm?$AAp?$AAi@ 00001e10     main.obj
 0001:00000e78       ??_C@_1HO@MGHNOKAM@?$AAE?$AAR?$AAR?$AAO?$AAR?$AA?3?$AA?5?$AAO?$AAE?$AAM?$AAL?$AAa?$AAu?$AAn?$AAc?$AAh?$AA?3?$AA?5?$AAU?$AAn?$AAk?$AAn?$AAo?$AAw?$AAn?$AA?5?$AAi?$AAm?$AAa?$AAg?$AAe?$AA?5@ 00001e78     main.obj
 0001:00000ef8       ??_C@_1GE@FBKDALPO@?$AAE?$AAR?$AAR?$AAO?$AAR?$AA?3?$AA?5?$AAO?$AAE?$AAM?$AAL?$AAa?$AAu?$AAn?$AAc?$AAh?$AA?3?$AA?5?$AAF?$AAl?$AAa?$AAs?$AAh?$AA?5?$AAN?$AAK?$AA?4?$AAb?$AAi?$AAn?$AA?5?$AAf@ 00001ef8     main.obj
 0001:00000f60       ??_C@_1FC@IKOIDMGO@?$AAW?$AAr?$AAi?$AAt?$AAe?$AAF?$AAl?$AAa?$AAs?$AAh?$AAN?$AAK?$AA?3?$AA?5?$AAs?$AAt?$AAa?$AAr?$AAt?$AA?5?$AA?$DN?$AA?5?$AA0?$AAx?$AA?$CF?$AAx?$AA?0?$AAs?$AAi?$AAz?$AAe?$AA?5@ 00001f60     main.obj
 0001:00000fb8       ??_C@_1GA@LEGMELFL@?$AAI?$AAN?$AAF?$AAO?$AA?3?$AA?5?$AAX?$AAL?$AAD?$AAR?$AA?1?$AAE?$AAB?$AAO?$AAO?$AAT?$AA?1?$AAI?$AAP?$AAL?$AA?5?$AAd?$AAo?$AAw?$AAn?$AAl?$AAo?$AAa?$AAd?$AAe?$AAd?$AA?0@ 00001fb8     main.obj
 0001:00001018       ??_C@_1GE@FFBNFJNC@?$AAI?$AAN?$AAF?$AAO?$AA?3?$AA?5?$AAS?$AAp?$AAl?$AAa?$AAs?$AAh?$AAc?$AAr?$AAe?$AAe?$AAn?$AA?5?$AAl?$AAo?$AAg?$AAo?$AA?5?$AAd?$AAo?$AAw?$AAn?$AAl?$AAo?$AAa?$AAd?$AAe@ 00002018     main.obj
 0001:00001080       ??_C@_1HA@LNJPPCBO@?$AAE?$AAR?$AAR?$AAO?$AAR?$AA?3?$AA?5?$AAO?$AAE?$AAM?$AAL?$AAa?$AAu?$AAn?$AAc?$AAh?$AA?3?$AA?5?$AAI?$AAm?$AAa?$AAg?$AAe?$AA?5?$AAl?$AAo?$AAa?$AAd?$AA?5?$AAf?$AAr?$AAo@ 00002080     main.obj
 0001:000010f0       ??_C@_1HA@PPNIDEHG@?$AAE?$AAR?$AAR?$AAO?$AAR?$AA?3?$AA?5?$AAO?$AAE?$AAM?$AAL?$AAa?$AAu?$AAn?$AAc?$AAh?$AA?3?$AA?5?$AAU?$AAn?$AAk?$AAn?$AAo?$AAw?$AAn?$AA?5?$AAd?$AAo?$AAw?$AAn?$AAl?$AAo@ 000020f0     main.obj
 0001:00001160       ??_C@_1GK@MMIDCEGF@?$AA?$CL?$AAO?$AAE?$AAM?$AAL?$AAa?$AAu?$AAn?$AAc?$AAh?$AA?$CI?$AA0?$AAx?$AA?$CF?$AA0?$AA8?$AAx?$AA?0?$AA?5?$AA0?$AAx?$AA?$CF?$AA0?$AA8?$AAx?$AA?0?$AA?5?$AA0?$AAx?$AA?$CF?$AA0?$AA8@ 00002160     main.obj
 0001:000011cc       ??_C@_1CE@DFLFAFMD@?$AAE?$AAx?$AAi?$AAt?$AA?5?$AAa?$AAn?$AAd?$AA?5?$AAC?$AAo?$AAn?$AAt?$AAi?$AAn?$AAu?$AAe?$AA?$AA@ 000021cc     hotkey.obj
 0001:000011f0       ??_C@_1BA@EJKOINNF@?$AAF?$AA3?$AA?5?$AA?$CL?$AA?5?$AAF?$AA4?$AA?$AA@ 000021f0     hotkey.obj
 0001:00001200       ??_C@_1BA@NEKBGMKD@?$AAF?$AA2?$AA?5?$AA?$CL?$AA?5?$AAF?$AA4?$AA?$AA@ 00002200     hotkey.obj
 0001:00001210       ??_C@_1BA@EJHGFEBK@?$AAF?$AA2?$AA?5?$AA?$CL?$AA?5?$AAF?$AA3?$AA?$AA@ 00002210     hotkey.obj
 0001:00001220       ??_C@_1BA@KIMAEJHI@?$AAF?$AA1?$AA?5?$AA?$CL?$AA?5?$AAF?$AA4?$AA?$AA@ 00002220     hotkey.obj
 0001:00001230       ??_C@_1BA@DFBHHBMB@?$AAF?$AA1?$AA?5?$AA?$CL?$AA?5?$AAF?$AA3?$AA?$AA@ 00002230     hotkey.obj
 0001:00001240       ??_C@_1BA@INKLBGKE@?$AAF?$AA1?$AA?5?$AA?$CL?$AA?5?$AAF?$AA2?$AA?$AA@ 00002240     hotkey.obj
 0001:00001250       ??_C@_15OIHFNINL@?$AAF?$AA4?$AA?$AA@ 00002250     hotkey.obj
 0001:00001258       ??_C@_1BC@BIAHJJFB@?$AAR?$AAe?$AAs?$AAe?$AAr?$AAv?$AAe?$AAd?$AA?$AA@ 00002258     hotkey.obj
 0001:0000126c       ??_C@_15MNBOIHAH@?$AAF?$AA2?$AA?$AA@ 0000226c     hotkey.obj
 0001:00001274       ??_C@_1BG@GJMFNPPP@?$AAF?$AA1?$AA?5?$AAU?$AAp?$AAd?$AAa?$AAt?$AAe?$AAs?$AA?$AA@ 00002274     hotkey.obj
 0001:00001320       ??_C@_1DE@MDALDBDK@?$AAH?$AAo?$AAt?$AAK?$AAe?$AAy?$AAF?$AAu?$AAn?$AAc?$AAt?$AAi?$AAo?$AAn?$AA?3?$AA?5?$AA?$FL?$AA?$CF?$AAd?$AA?0?$AA?$CF?$AAd?$AA?$FN?$AA?$AN?$AA?6?$AA?$AA@ 00002320     hotkey.obj
 0001:00001354       ??_C@_1DC@KGICMHCL@?$AA?5?$AA?$FL?$AA0?$AA?$FN?$AA?5?$AAE?$AAx?$AAi?$AAt?$AA?5?$AAa?$AAn?$AAd?$AA?5?$AAC?$AAo?$AAn?$AAt?$AAi?$AAn?$AAu?$AAe?$AA?$AN?$AA?6?$AA?$AA@ 00002354     hotkey.obj
 0001:00001388       ??_C@_1BG@LMIBJJCD@?$AA?5?$AA?$FL?$AA?$CF?$AAd?$AA?$FN?$AA?5?$AA?$CF?$AAs?$AA?$AN?$AA?6?$AA?$AA@ 00002388     hotkey.obj
 0001:00001430       ??_C@_1FK@IBMDHDI@?$AAM?$AAP?$AAU?$AA?$FL?$AA1?$AA0?$AA0?$AA0?$AAM?$AAh?$AAz?$AA?5?$AA?$EA?$AA?5?$AA1?$AA?4?$AA3?$AA7?$AA5?$AAV?$AA?$FN?$AA?0?$AA?5?$AAI?$AAV?$AAA?$AA2?$AA?$FL?$AA8?$AA0?$AA0?$AAM@ 00002430     menu.obj
 0001:00001490       ??_C@_1FO@MCHCGGFD@?$AAM?$AAP?$AAU?$AA?$FL?$AA8?$AA0?$AA0?$AAM?$AAh?$AAz?$AA?5?$AA?5?$AA?$EA?$AA?5?$AA1?$AA?4?$AA2?$AA6?$AA2?$AA5?$AAV?$AA?$FN?$AA?0?$AA?5?$AAI?$AAV?$AAA?$AA2?$AA?$FL?$AA6?$AA6?$AA0@ 00002490     menu.obj
 0001:000014f0       ??_C@_1FO@CAGHGIKC@?$AAM?$AAP?$AAU?$AA?$FL?$AA6?$AA0?$AA0?$AAM?$AAh?$AAz?$AA?5?$AA?5?$AA?$EA?$AA?5?$AA1?$AA?4?$AA1?$AA0?$AA0?$AA0?$AAV?$AA?$FN?$AA?0?$AA?5?$AAI?$AAV?$AAA?$AA2?$AA?$FL?$AA5?$AA2?$AA0@ 000024f0     menu.obj
 0001:00001550       ??_C@_1FO@ELABMNJD@?$AAM?$AAP?$AAU?$AA?$FL?$AA3?$AA0?$AA0?$AAM?$AAh?$AAz?$AA?5?$AA?5?$AA?$EA?$AA?5?$AA0?$AA?4?$AA9?$AA3?$AA7?$AA5?$AAV?$AA?$FN?$AA?0?$AA?5?$AAI?$AAV?$AAA?$AA2?$AA?$FL?$AA2?$AA6?$AA0@ 00002550     menu.obj
 0001:000015b0       ??_C@_1FG@KPBOKIAA@?$AAM?$AAP?$AAU?$AA?$FL?$AA7?$AA2?$AA0?$AAh?$AAz?$AA?5?$AA?$EA?$AA?5?$AA1?$AA?4?$AA3?$AA5?$AA0?$AA0?$AAV?$AA?$FN?$AA?0?$AA?5?$AAI?$AAV?$AAA?$AA2?$AA?$FL?$AA5?$AA2?$AA0?$AAM?$AAh@ 000025b0     menu.obj
 0001:00001608       ??_C@_1FI@GKLNGOFA@?$AAM?$AAP?$AAU?$AA?$FL?$AA6?$AA0?$AA0?$AAM?$AAh?$AAz?$AA?5?$AA?$EA?$AA?5?$AA1?$AA?4?$AA3?$AA5?$AA0?$AA0?$AAV?$AA?$FN?$AA?0?$AA?5?$AAI?$AAV?$AAA?$AA2?$AA?$FL?$AA4?$AA3?$AA0?$AAM@ 00002608     menu.obj
 0001:00001660       ??_C@_1FI@GMIAOKFE@?$AAM?$AAP?$AAU?$AA?$FL?$AA5?$AA5?$AA0?$AAM?$AAh?$AAz?$AA?5?$AA?$EA?$AA?5?$AA1?$AA?4?$AA2?$AA7?$AA5?$AA0?$AAV?$AA?$FN?$AA?0?$AA?5?$AAI?$AAV?$AAA?$AA2?$AA?$FL?$AA4?$AA0?$AA0?$AAM@ 00002660     menu.obj
 0001:000016b8       ??_C@_1FI@LNIHINJA@?$AAM?$AAP?$AAU?$AA?$FL?$AA5?$AA0?$AA0?$AAM?$AAh?$AAz?$AA?5?$AA?$EA?$AA?5?$AA1?$AA?4?$AA2?$AA0?$AA0?$AA0?$AAV?$AA?$FN?$AA?0?$AA?5?$AAI?$AAV?$AAA?$AA2?$AA?$FL?$AA3?$AA6?$AA0?$AAM@ 000026b8     menu.obj
 0001:00001710       ??_C@_1FG@IMGDNCBP@?$AAM?$AAP?$AAU?$AA?$FL?$AA2?$AA5?$AA0?$AAM?$AAh?$AAz?$AA?5?$AA?$EA?$AA?5?$AA1?$AA?4?$AA0?$AA0?$AA0?$AAV?$AA?$FN?$AA?0?$AA?5?$AAI?$AAV?$AAA?$AA2?$AA?$FL?$AA1?$AA8?$AA0?$AAM?$AAh@ 00002710     menu.obj
 0001:00001768       ??_C@_1FI@HKFGBOFG@?$AAM?$AAP?$AAU?$AA?$FL?$AA1?$AA2?$AA5?$AAM?$AAh?$AAz?$AA?5?$AA?$EA?$AA?5?$AA0?$AA?4?$AA9?$AA7?$AA5?$AAV?$AA?$FN?$AA?0?$AA?5?$AAI?$AAV?$AAA?$AA2?$AA?$FL?$AA?5?$AA9?$AA0?$AAM?$AAh@ 00002768     menu.obj
 0001:000017c0       ??_C@_1BM@KBHAINFM@?$AAI?$AAn?$AAv?$AAa?$AAl?$AAi?$AAd?$AA?5?$AAE?$AAn?$AAt?$AAr?$AAy?$AA?$AA@ 000027c0     menu.obj
 0001:000017dc       ??_C@_1CE@BMIKEEML@?$AAD?$AAV?$AAI?$AA?5?$AA1?$AA2?$AA8?$AA0?$AAx?$AA7?$AA2?$AA0?$AA?5?$AA6?$AA0?$AAH?$AAz?$AA?$AA@ 000027dc     menu.obj
 0001:00001800       ??_C@_1CE@LJDPDOKE@?$AAD?$AAV?$AAI?$AA?5?$AA1?$AA0?$AA2?$AA4?$AAx?$AA7?$AA6?$AA8?$AA?5?$AA6?$AA0?$AAH?$AAz?$AA?$AA@ 00002800     menu.obj
 0001:00001824       ??_C@_1CE@PMPMKBOJ@?$AAD?$AAV?$AAI?$AA?5?$AA?5?$AA8?$AA0?$AA0?$AAx?$AA6?$AA0?$AA0?$AA?5?$AA6?$AA0?$AAH?$AAz?$AA?$AA@ 00002824     menu.obj
 0001:00001848       ??_C@_1CE@IJMKDLHH@?$AAD?$AAV?$AAI?$AA?5?$AA?5?$AA6?$AA4?$AA0?$AAx?$AA4?$AA8?$AA0?$AA?5?$AA6?$AA0?$AAH?$AAz?$AA?$AA@ 00002848     menu.obj
 0001:0000186c       ??_C@_1CE@FKEPMAF@?$AAL?$AAC?$AAD?$AA?5?$AA?5?$AA4?$AA8?$AA0?$AAx?$AA6?$AA4?$AA0?$AA?5?$AA6?$AA0?$AAH?$AAz?$AA?$AA@ 0000286c     menu.obj
 0001:00001890       ??_C@_1CE@CGOEFAMM@?$AAS?$AAe?$AAl?$AAe?$AAc?$AAt?$AAi?$AAo?$AAn?$AA?5?$AAD?$AAe?$AAv?$AAi?$AAc?$AAe?$AAs?$AA?$AA@ 00002890     menu.obj
 0001:000018b4       ??_C@_1CO@GKBFJBDO@?$AAZ?$AA2?$AA1?$AA7?$AA0?$AAP?$AA?5?$AAT?$AAe?$AAs?$AAt?$AA?5?$AAM?$AAa?$AAn?$AAa?$AAg?$AAe?$AAm?$AAe?$AAn?$AAt?$AA?$AA@ 000028b4     menu.obj
 0001:000018e4       ??_C@_1BM@FECLFFAD@?$AAZ?$AA2?$AA1?$AA7?$AA0?$AAP?$AA?5?$AAD?$AAe?$AAv?$AAi?$AAc?$AAe?$AA?$AA@ 000028e4     menu.obj
 0001:00001900       ??_C@_1CM@EJBJOICF@?$AAZ?$AA2?$AA0?$AA0?$AA0?$AA?5?$AAT?$AAe?$AAs?$AAt?$AA?5?$AAM?$AAa?$AAn?$AAa?$AAg?$AAe?$AAm?$AAe?$AAn?$AAt?$AA?$AA@ 00002900     menu.obj
 0001:0000192c       ??_C@_1BK@MHHJLNIM@?$AAZ?$AA2?$AA0?$AA0?$AA0?$AA?5?$AAD?$AAe?$AAv?$AAi?$AAc?$AAe?$AA?$AA@ 0000292c     menu.obj
 0001:00001948       ??_C@_1BE@FNAHCCDL@?$AAM?$AAa?$AAi?$AAn?$AA?5?$AAM?$AAe?$AAn?$AAu?$AA?$AA@ 00002948     menu.obj
 0001:0000195c       ??_C@_1CA@MOPOGELI@?$AAS?$AAe?$AAl?$AAe?$AAc?$AAt?$AA?5?$AAO?$AAP?$AAP?$AA?5?$AAM?$AAo?$AAd?$AAe?$AA?$AA@ 0000295c     menu.obj
 0001:00001980       ??_C@_1EG@HMEOLENI@?$AAE?$AAn?$AAa?$AAb?$AAl?$AAe?$AA?1?$AAD?$AAi?$AAs?$AAa?$AAb?$AAl?$AAe?$AA?5?$AAO?$AAA?$AAL?$AA?5?$AAR?$AAe?$AAt?$AAa?$AAi?$AAl?$AA?5?$AAM?$AAe?$AAs?$AAs?$AAa?$AAg@ 00002980     menu.obj
 0001:000019c8       ??_C@_1CC@GBKCLJHP@?$AAF?$AAl?$AAa?$AAs?$AAh?$AA?5?$AAM?$AAa?$AAn?$AAa?$AAg?$AAe?$AAm?$AAe?$AAn?$AAt?$AA?$AA@ 000029c8     menu.obj
 0001:000019ec       ??_C@_1BM@MOEMNNDE@?$AAS?$AAa?$AAv?$AAe?$AA?5?$AAS?$AAe?$AAt?$AAt?$AAi?$AAn?$AAg?$AAs?$AA?$AA@ 000029ec     menu.obj
 0001:00001a08       ??_C@_1BA@MECCPMOL@?$AAS?$AAe?$AAt?$AA?5?$AAS?$AA?1?$AAN?$AA?$AA@ 00002a08     menu.obj
 0001:00001a18       ??_C@_1CA@HKCGHDKE@?$AAS?$AAD?$AAC?$AAa?$AAr?$AAd?$AA?5?$AAS?$AAe?$AAt?$AAt?$AAi?$AAn?$AAg?$AAs?$AA?$AA@ 00002a18     menu.obj
 0001:00001a38       ??_C@_19JCAOHIEH@?$AAB?$AAo?$AAo?$AAt?$AA?$AA@ 00002a38     menu.obj
 0001:00001a44       ??_C@_1CG@BBALNGAE@?$AAS?$AAe?$AAl?$AAe?$AAc?$AAt?$AA?5?$AAB?$AAo?$AAo?$AAt?$AA?5?$AAD?$AAe?$AAv?$AAi?$AAc?$AAe?$AA?$AA@ 00002a44     menu.obj
 0001:00001a6c       ??_C@_1BO@HAIPBIND@?$AAE?$AAn?$AAt?$AAe?$AAr?$AA?5?$AAF?$AAi?$AAl?$AAe?$AAn?$AAa?$AAm?$AAe?$AA?$AA@ 00002a6c     menu.obj
 0001:00001a8c       ??_C@_1CM@CFLHLMJF@?$AAS?$AAh?$AAo?$AAw?$AA?5?$AAC?$AAu?$AAr?$AAr?$AAe?$AAn?$AAt?$AA?5?$AAS?$AAe?$AAt?$AAt?$AAi?$AAn?$AAg?$AAs?$AA?$AA@ 00002a8c     menu.obj
 0001:00001b48       ??_C@_1FM@KKEGFMMC@?$AAH?$AAi?$AAt?$AA?5?$AAs?$AAp?$AAa?$AAc?$AAe?$AA?5?$AAt?$AAo?$AA?5?$AAe?$AAn?$AAt?$AAe?$AAr?$AA?5?$AAc?$AAo?$AAn?$AAf?$AAi?$AAg?$AAu?$AAr?$AAa?$AAt?$AAi?$AAo?$AAn@ 00002b48     menu.obj
 0001:00001ba4       ??_C@_1CI@CKGGDGOD@?$AA?5?$AAC?$AAu?$AAr?$AAr?$AAe?$AAn?$AAt?$AA?5?$AAS?$AA?1?$AAN?$AA?3?$AA?5?$AA?5?$AA?$CF?$AAs?$AA?$AN?$AA?6?$AA?$AA@ 00002ba4     menu.obj
 0001:00001bcc       ??_C@_1BK@EHKHMELD@?$AA?$AN?$AA?6?$AA?5?$AAN?$AAe?$AAw?$AA?5?$AAS?$AA?1?$AAN?$AA?3?$AA?5?$AA?$AA@ 00002bcc     menu.obj
 0001:00001be8       ??_C@_1DO@IPDMADGH@?$AA?5?$AAO?$AAA?$AAL?$AA?5?$AAR?$AAe?$AAt?$AAa?$AAi?$AAl?$AA?5?$AAM?$AAe?$AAs?$AAs?$AAa?$AAg?$AAe?$AAs?$AA?5?$AAe?$AAn?$AAa?$AAb?$AAl?$AAe?$AAd?$AA?$AN?$AA?6?$AA?$AA@ 00002be8     menu.obj
 0001:00001c28       ??_C@_1EA@EDIKANLP@?$AA?5?$AAO?$AAA?$AAL?$AA?5?$AAR?$AAe?$AAt?$AAa?$AAi?$AAl?$AA?5?$AAM?$AAe?$AAs?$AAs?$AAa?$AAg?$AAe?$AAs?$AA?5?$AAd?$AAi?$AAs?$AAa?$AAb?$AAl?$AAe?$AAd?$AA?$AN?$AA?6?$AA?$AA@ 00002c28     menu.obj
 0001:00001c68       ??_C@_19DIEGALPP@?$AA?$CF?$AAc?$AA?$AN?$AA?6?$AA?$AA@ 00002c68     menu.obj
 0001:00001c78       ??_C@_1EI@IEOEJKJK@?$AA?5?$AAE?$AAn?$AAa?$AAb?$AAl?$AAe?$AA?5?$AAO?$AAA?$AAL?$AA?5?$AAR?$AAe?$AAt?$AAa?$AAi?$AAl?$AA?5?$AAM?$AAe?$AAs?$AAs?$AAa?$AAg?$AAe?$AAs?$AA?5?$AA?$FL?$AAy?$AA?1?$AA?9@ 00002c78     menu.obj
 0001:00001cc0       ??_C@_1EK@NMKAIECH@?$AA?5?$AAD?$AAi?$AAs?$AAa?$AAb?$AAl?$AAe?$AA?5?$AAO?$AAA?$AAL?$AA?5?$AAR?$AAe?$AAt?$AAa?$AAi?$AAl?$AA?5?$AAM?$AAe?$AAs?$AAs?$AAa?$AAg?$AAe?$AAs?$AA?5?$AA?$FL?$AAy?$AA?1@ 00002cc0     menu.obj
 0001:00001d0c       ??_C@_1DK@EBBOCKOO@?$AA?$AN?$AA?6?$AA?5?$AAS?$AAe?$AAl?$AAe?$AAc?$AAt?$AAi?$AAo?$AAn?$AA?5?$AA?$CI?$AAa?$AAc?$AAt?$AAu?$AAa?$AAl?$AA?5?$AA?$FL?$AA?$CF?$AAs?$AA?$FN?$AA?$CJ?$AA?3?$AA?5?$AA?$AA@ 00002d0c     menu.obj
 0001:00001d48       ??_C@_1DO@GCBJIIGC@?$AAE?$AAR?$AAR?$AAO?$AAR?$AA?3?$AA?5?$AAS?$AAe?$AAt?$AAt?$AAi?$AAn?$AAg?$AAs?$AA?5?$AAs?$AAa?$AAv?$AAe?$AA?5?$AAf?$AAa?$AAi?$AAl?$AAe?$AAd?$AA?$CB?$AA?$AN?$AA?6?$AA?$AA@ 00002d48     menu.obj
 0001:00001d88       ??_C@_1EG@EPHHPOIA@?$AA?5?$AAC?$AAu?$AAr?$AAr?$AAe?$AAn?$AAt?$AA?5?$AAs?$AAe?$AAt?$AAt?$AAi?$AAn?$AAg?$AAs?$AA?5?$AAh?$AAa?$AAs?$AA?5?$AAb?$AAe?$AAe?$AAn?$AA?5?$AAs?$AAa?$AAv?$AAe?$AAd@ 00002d88     menu.obj
 0001:00001dd0       ??_C@_1FG@NGGODBPB@?$AA?5?$AAD?$AAo?$AA?5?$AAy?$AAo?$AAu?$AA?5?$AAw?$AAa?$AAn?$AAt?$AA?5?$AAs?$AAa?$AAv?$AAe?$AA?5?$AAc?$AAu?$AAr?$AAr?$AAe?$AAn?$AAt?$AA?5?$AAs?$AAe?$AAt?$AAt?$AAi?$AAn@ 00002dd0     menu.obj
 0001:00001e28       ??_C@_1BK@EBJPPEOM@?$AA?$AN?$AA?6?$AA?5?$AAS?$AAD?$AAC?$AAa?$AAr?$AAd?$AA?3?$AA?$AN?$AA?6?$AA?$AA@ 00002e28     menu.obj
 0001:00001e44       ??_C@_1DA@JKMEDIID@?$AA?5?$AA?5?$AAF?$AAi?$AAl?$AAe?$AAn?$AAa?$AAm?$AAe?$AA?3?$AA?5?$AA?5?$AA?5?$AA?5?$AA?5?$AA?5?$AA?$CC?$AA?$CF?$AAs?$AA?$CC?$AA?$AN?$AA?6?$AA?$AA@ 00002e44     menu.obj
 0001:00001e78       ??_C@_1EI@OPDBDDPE@?$AA?$AN?$AA?6?$AA?5?$AAT?$AAy?$AAp?$AAe?$AA?5?$AAn?$AAe?$AAw?$AA?5?$AAf?$AAi?$AAl?$AAe?$AAn?$AAa?$AAm?$AAe?$AA?5?$AA?$CI?$AA8?$AA?4?$AA3?$AA?5?$AAf?$AAo?$AAr?$AAm?$AAa?$AAt@ 00002e78     menu.obj
 0001:00001ec0       ??_C@_1DE@FKCOLIJA@?$AA?5?$AA?5?$AAF?$AAl?$AAa?$AAs?$AAh?$AAi?$AAn?$AAg?$AA?5?$AAN?$AAK?$AA?4?$AAb?$AAi?$AAn?$AA?3?$AA?5?$AA?5?$AA?5?$AA?$CF?$AAs?$AA?$AN?$AA?6?$AA?$AA@ 00002ec0     menu.obj
 0001:00001ef4       ??_C@_1CG@OIGCIHAG@?$AA?5?$AA?5?$AAO?$AAP?$AAP?$AA?5?$AAM?$AAo?$AAd?$AAe?$AA?3?$AA?5?$AA?5?$AA?5?$AA?$CF?$AAs?$AA?$AN?$AA?6?$AA?$AA@ 00002ef4     menu.obj
 0001:00001f1c       ??_C@_1CM@JIGPKFND@?$AA?5?$AA?5?$AAR?$AAe?$AAt?$AAa?$AAi?$AAl?$AA?5?$AAM?$AAs?$AAg?$AAs?$AA?3?$AA?5?$AA?5?$AA?5?$AA?$CF?$AAs?$AA?$AN?$AA?6?$AA?$AA@ 00002f1c     menu.obj
 0001:00001f48       ??_C@_1CA@GEJBEGHK@?$AA?5?$AA?5?$AAS?$AA?1?$AAN?$AA?3?$AA?5?$AA?5?$AA?5?$AA?5?$AA?5?$AA?$CF?$AAs?$AA?$AN?$AA?6?$AA?$AA@ 00002f48     menu.obj
 0001:00001f68       ??_C@_1BC@LGPIFEA@?$AAd?$AAi?$AAs?$AAa?$AAb?$AAl?$AAe?$AAd?$AA?$AA@ 00002f68     menu.obj
 0001:00001f7c       ??_C@_1BA@BKMGIBPB@?$AAe?$AAn?$AAa?$AAb?$AAl?$AAe?$AAd?$AA?$AA@ 00002f7c     menu.obj
 0001:00001f8c       ??_C@_1CM@NPGGEGKD@?$AA?5?$AA?5?$AAD?$AAe?$AAb?$AAu?$AAg?$AA?5?$AAd?$AAe?$AAv?$AAi?$AAc?$AAe?$AA?3?$AA?5?$AA?5?$AA?$CF?$AAs?$AA?$AN?$AA?6?$AA?$AA@ 00002f8c     menu.obj
 0001:00001fb8       ??_C@_1BM@PMDNGDGM@?$AAn?$AAo?$AAt?$AA?5?$AAs?$AAp?$AAe?$AAc?$AAi?$AAf?$AAi?$AAe?$AAd?$AA?$AA@ 00002fb8     menu.obj
 0001:00001fd4       ??_C@_1BG@CEFCIDHI@?$AA?$AN?$AA?6?$AA?5?$AAM?$AAa?$AAi?$AAn?$AA?3?$AA?$AN?$AA?6?$AA?$AA@ 00002fd4     menu.obj
 0001:00001fec       ??_C@_1CM@IGJFNOHM@?$AA?5?$AA?5?$AAB?$AAo?$AAo?$AAt?$AA?5?$AAd?$AAe?$AAv?$AAi?$AAc?$AAe?$AA?3?$AA?5?$AA?5?$AA?5?$AA?$CF?$AAs?$AA?$AN?$AA?6?$AA?$AA@ 00002fec     menu.obj
 0001:000020a8       ??_C@_1CA@BFKMFNNJ@?$AAU?$AAp?$AAd?$AAa?$AAt?$AAe?$AA?5?$AAL?$AAo?$AAg?$AAo?$AA?4?$AAb?$AAm?$AAp?$AA?$AA@ 000030a8     flashmenu.obj
 0001:000020c8       ??_C@_1CI@BCDEPBPG@?$AAU?$AAp?$AAd?$AAa?$AAt?$AAe?$AA?5?$AAz?$AA2?$AA1?$AA7?$AA0?$AAp?$AAn?$AAd?$AA?4?$AAr?$AAa?$AAw?$AA?$AA@ 000030c8     flashmenu.obj
 0001:000020f0       ??_C@_1CG@HGBAKKFM@?$AAU?$AAp?$AAd?$AAa?$AAt?$AAe?$AA?5?$AAe?$AAb?$AAo?$AAo?$AAt?$AAn?$AAd?$AA?4?$AAn?$AAb?$AA0?$AA?$AA@ 000030f0     flashmenu.obj
 0001:00002118       ??_C@_1BK@JPPJHKGA@?$AAS?$AAe?$AAt?$AA?5?$AAE?$AAC?$AAC?$AA?5?$AAm?$AAo?$AAd?$AAe?$AA?$AA@ 00003118     flashmenu.obj
 0001:00002134       ??_C@_1CO@EGKANGDF@?$AAE?$AAn?$AAa?$AAb?$AAl?$AAe?$AA?5?$AAf?$AAl?$AAa?$AAs?$AAh?$AAi?$AAn?$AAg?$AA?5?$AAN?$AAK?$AA?4?$AAb?$AAi?$AAn?$AA?$AA@ 00003134     flashmenu.obj
 0001:00002164       ??_C@_1BK@GBFAOEGL@?$AAF?$AAo?$AAr?$AAm?$AAa?$AAt?$AA?5?$AAf?$AAl?$AAa?$AAs?$AAh?$AA?$AA@ 00003164     flashmenu.obj
 0001:00002180       ??_C@_1BM@GCHGGBGE@?$AAS?$AAe?$AAt?$AA?5?$AAb?$AAa?$AAd?$AA?5?$AAb?$AAl?$AAo?$AAc?$AAk?$AA?$AA@ 00003180     flashmenu.obj
 0001:0000219c       ??_C@_1CI@NOBBAEFH@?$AAR?$AAe?$AAs?$AAe?$AAr?$AAv?$AAe?$AA?5?$AAb?$AAl?$AAo?$AAc?$AAk?$AA?5?$AAr?$AAa?$AAn?$AAg?$AAe?$AA?$AA@ 0000319c     flashmenu.obj
 0001:000021c4       ??_C@_1CE@GGLAHODL@?$AAE?$AAr?$AAa?$AAs?$AAe?$AA?5?$AAb?$AAl?$AAo?$AAc?$AAk?$AA?5?$AAr?$AAa?$AAn?$AAg?$AAe?$AA?$AA@ 000031c4     flashmenu.obj
 0001:000021e8       ??_C@_1BI@NDJHIBFP@?$AAE?$AAr?$AAa?$AAs?$AAe?$AA?5?$AAf?$AAl?$AAa?$AAs?$AAh?$AA?$AA@ 000031e8     flashmenu.obj
 0001:00002200       ??_C@_1CE@IKOIJPJI@?$AAD?$AAu?$AAm?$AAp?$AA?5?$AAf?$AAl?$AAa?$AAs?$AAh?$AA?5?$AAs?$AAe?$AAc?$AAt?$AAo?$AAr?$AA?$AA@ 00003200     flashmenu.obj
 0001:00002224       ??_C@_1CI@NOIANDIC@?$AAS?$AAh?$AAo?$AAw?$AA?5?$AAf?$AAl?$AAa?$AAs?$AAh?$AA?5?$AAg?$AAe?$AAo?$AAm?$AAe?$AAt?$AAr?$AAy?$AA?$AA@ 00003224     flashmenu.obj
 0001:000022e0       ??_C@_1BA@ICKOCNOC@?$AA?5?$AAD?$AAo?$AAn?$AAe?$AA?$AN?$AA?6?$AA?$AA@ 000032e0     flashmenu.obj
 0001:000022f0       ??_C@_1BK@NJMFPCLL@?$AA?$AN?$AA?6?$AA?$FL?$AAr?$AAe?$AAs?$AAe?$AAr?$AAv?$AAe?$AAd?$AA?$FN?$AA?$AA@ 000032f0     flashmenu.obj
 0001:0000230c       ??_C@_17IAIOLGBB@?$AA?5?$AA?$CF?$AAd?$AA?$AA@ 0000330c     flashmenu.obj
 0001:00002314       ??_C@_1BK@LJFBNMNP@?$AA?$AN?$AA?6?$AA?$FL?$AAb?$AAa?$AAd?$AA?$FN?$AA?5?$AA?5?$AA?5?$AA?5?$AA?5?$AA?$AA@ 00003314     flashmenu.obj
 0001:00002330       ??_C@_1CC@CKACAODM@?$AA?5?$AAE?$AAC?$AAC?$AA?5?$AAm?$AAo?$AAd?$AAe?$AA?3?$AA?5?$AA?5?$AA?$CF?$AAs?$AA?$AN?$AA?6?$AA?$AA@ 00003330     flashmenu.obj
 0001:00002354       ??_C@_1CC@EDJAHKCB@?$AAH?$AAa?$AAm?$AAm?$AAi?$AAn?$AAg?$AA?5?$AA1?$AAb?$AAi?$AAt?$AA?5?$AAE?$AAC?$AAC?$AA?$AA@ 00003354     flashmenu.obj
 0001:00002378       ??_C@_1BK@HLJGHKLA@?$AAB?$AAC?$AAH?$AA?5?$AA4?$AAb?$AAi?$AAt?$AA?5?$AAE?$AAC?$AAC?$AA?$AA@ 00003378     flashmenu.obj
 0001:00002394       ??_C@_1BK@GHGPADLK@?$AAB?$AAC?$AAH?$AA?5?$AA8?$AAb?$AAi?$AAt?$AA?5?$AAE?$AAC?$AAC?$AA?$AA@ 00003394     flashmenu.obj
 0001:000023b0       ??_C@_15JNBOKNOG@?$AA?$AN?$AA?6?$AA?$AA@ 000033b0     flashmenu.obj
 0001:000023b8       ??_C@_1CK@GKLBIPDL@?$AA?5?$AAF?$AAl?$AAa?$AAs?$AAh?$AA?5?$AAT?$AAy?$AAp?$AAe?$AA?3?$AA?5?$AA?5?$AA?5?$AA?5?$AA?$CF?$AAs?$AA?$AN?$AA?6?$AA?$AA@ 000033b8     flashmenu.obj
 0001:000023e4       ??_C@_1CK@FFMHKDOJ@?$AA?5?$AAB?$AAl?$AAo?$AAc?$AAk?$AAs?$AA?3?$AA?5?$AA?5?$AA?5?$AA?5?$AA?5?$AA?5?$AA?5?$AA?5?$AA?$CF?$AAd?$AA?$AN?$AA?6?$AA?$AA@ 000033e4     flashmenu.obj
 0001:00002410       ??_C@_1CK@IKGPGDPJ@?$AA?5?$AAB?$AAy?$AAt?$AAe?$AAs?$AA?1?$AAb?$AAl?$AAo?$AAc?$AAk?$AA?3?$AA?5?$AA?5?$AA?5?$AA?$CF?$AAd?$AA?$AN?$AA?6?$AA?$AA@ 00003410     flashmenu.obj
 0001:0000243c       ??_C@_1CK@OCGGJEJ@?$AA?5?$AAS?$AAe?$AAc?$AAt?$AAo?$AAr?$AAs?$AA?1?$AAb?$AAl?$AAo?$AAc?$AAk?$AA?3?$AA?5?$AA?$CF?$AAd?$AA?$AN?$AA?6?$AA?$AA@ 0000343c     flashmenu.obj
 0001:00002468       ??_C@_1CK@KEDBKDHI@?$AA?5?$AAB?$AAy?$AAt?$AAe?$AAs?$AA?1?$AAs?$AAe?$AAc?$AAt?$AAo?$AAr?$AA?3?$AA?5?$AA?5?$AA?$CF?$AAd?$AA?$AN?$AA?6?$AA?$AA@ 00003468     flashmenu.obj
 0001:00002494       ??_C@_19FIBFMGJP@?$AAN?$AAA?$AAN?$AAD?$AA?$AA@ 00003494     flashmenu.obj
 0001:000024a0       ??_C@_17DJMAIPNJ@?$AAN?$AAO?$AAR?$AA?$AA@ 000034a0     flashmenu.obj
 0001:000024a8       ??_C@_1EO@FMHOCAJM@?$AA?5?$AAO?$AAo?$AAp?$AAs?$AA?0?$AA?5?$AAc?$AAa?$AAn?$AA?8?$AAt?$AA?5?$AAg?$AAe?$AAt?$AA?5?$AAf?$AAl?$AAa?$AAs?$AAh?$AA?5?$AAg?$AAe?$AAo?$AAm?$AAe?$AAt?$AAr?$AAy?$AA?5@ 000034a8     flashmenu.obj
 0001:000024f8       ??_C@_1DO@ECBGAOKH@?$AA?5?$AAO?$AAo?$AAp?$AAs?$AA?0?$AA?5?$AAc?$AAa?$AAn?$AA?8?$AAt?$AA?5?$AAo?$AAp?$AAe?$AAn?$AA?5?$AAF?$AAM?$AAD?$AA?5?$AAd?$AAr?$AAi?$AAv?$AAe?$AAr?$AA?$AN?$AA?6?$AA?$AA@ 000034f8     flashmenu.obj
 0001:00002538       ??_C@_1FI@LPGEHBMI@?$AA?5?$AAO?$AAo?$AAp?$AAs?$AA?0?$AA?5?$AAc?$AAa?$AAn?$AA?8?$AAt?$AA?5?$AAe?$AAr?$AAa?$AAs?$AAe?$AA?5?$AAb?$AAl?$AAo?$AAc?$AAk?$AA?5?$AA?$CF?$AAd?$AA?5?$AA?9?$AA?5?$AAm?$AAa@ 00003538     flashmenu.obj
 0001:00002590       ??_C@_1DE@FDJBJKAL@?$AA?5?$AAS?$AAk?$AAi?$AAp?$AA?5?$AAr?$AAe?$AAs?$AAe?$AAr?$AAv?$AAe?$AAd?$AA?5?$AAb?$AAl?$AAo?$AAc?$AAk?$AA?5?$AA?$CF?$AAd?$AA?$AN?$AA?6?$AA?$AA@ 00003590     flashmenu.obj
 0001:000025c4       ??_C@_1CK@FKCECPDI@?$AA?5?$AAS?$AAk?$AAi?$AAp?$AA?5?$AAb?$AAa?$AAd?$AA?5?$AAb?$AAl?$AAo?$AAc?$AAk?$AA?5?$AA?$CF?$AAd?$AA?$AN?$AA?6?$AA?$AA@ 000035c4     flashmenu.obj
 0001:000025f0       ??_C@_1GA@KKFAKMFP@?$AA?5?$AAD?$AAo?$AA?5?$AAy?$AAo?$AAu?$AA?5?$AAw?$AAa?$AAn?$AAt?$AA?5?$AAt?$AAo?$AA?5?$AAe?$AAr?$AAa?$AAs?$AAe?$AA?5?$AAu?$AAn?$AAr?$AAe?$AAs?$AAe?$AAr?$AAv?$AAe?$AAd@ 000035f0     flashmenu.obj
 0001:00002650       ??_C@_1FG@KMEBKKAG@?$AA?5?$AAD?$AAo?$AA?5?$AAy?$AAo?$AAu?$AA?5?$AAw?$AAa?$AAn?$AAt?$AA?5?$AAt?$AAo?$AA?5?$AAe?$AAr?$AAa?$AAs?$AAe?$AA?5?$AAb?$AAa?$AAd?$AA?5?$AAb?$AAl?$AAo?$AAc?$AAk?$AA?5@ 00003650     flashmenu.obj
 0001:000026a8       ??_C@_1GA@IMHNOHDN@?$AA?5?$AAD?$AAo?$AA?5?$AAy?$AAo?$AAu?$AA?5?$AAw?$AAa?$AAn?$AAt?$AA?5?$AAt?$AAo?$AA?5?$AAe?$AAr?$AAa?$AAs?$AAe?$AA?5?$AAr?$AAe?$AAs?$AAe?$AAr?$AAv?$AAe?$AAd?$AA?5?$AAb@ 000036a8     flashmenu.obj
 0001:00002708       ??_C@_1EO@FLJCJNNB@?$AA?5?$AAD?$AAo?$AA?5?$AAy?$AAo?$AAu?$AA?5?$AAw?$AAa?$AAn?$AAt?$AA?5?$AAe?$AAr?$AAa?$AAs?$AAe?$AA?5?$AAb?$AAl?$AAo?$AAc?$AAk?$AA?5?$AA?$CF?$AAd?$AA?9?$AA?$CF?$AAd?$AA?5?$AA?$FL@ 00003708     flashmenu.obj
 0001:00002758       ??_C@_1DM@MPGKHCCK@?$AA?5?$AAO?$AAo?$AAp?$AAs?$AA?0?$AA?5?$AAt?$AAo?$AAo?$AA?5?$AAb?$AAi?$AAg?$AA?5?$AAb?$AAl?$AAo?$AAc?$AAk?$AA?5?$AAn?$AAu?$AAm?$AAb?$AAe?$AAr?$AA?$AN?$AA?6?$AA?$AA@ 00003758     flashmenu.obj
 0001:00002794       ??_C@_1CO@CKBOHOON@?$AA?$AN?$AA?6?$AA?5?$AAL?$AAa?$AAs?$AAt?$AA?5?$AAB?$AAl?$AAo?$AAc?$AAk?$AA?5?$AAN?$AAu?$AAm?$AAb?$AAe?$AAr?$AA?3?$AA?5?$AA?$AA@ 00003794     flashmenu.obj
 0001:000027c4       ??_C@_1DA@LGLONGJJ@?$AA?$AN?$AA?6?$AA?5?$AAF?$AAi?$AAr?$AAs?$AAt?$AA?5?$AAB?$AAl?$AAo?$AAc?$AAk?$AA?5?$AAN?$AAu?$AAm?$AAb?$AAe?$AAr?$AA?3?$AA?5?$AA?$AA@ 000037c4     flashmenu.obj
 0001:000027f8       ??_C@_1FG@GECOJCBP@?$AA?5?$AAO?$AAo?$AAp?$AAs?$AA?0?$AA?5?$AAc?$AAa?$AAn?$AA?8?$AAt?$AA?5?$AAm?$AAa?$AAr?$AAk?$AA?5?$AAb?$AAl?$AAo?$AAc?$AAk?$AA?5?$AA?$CF?$AAd?$AA?5?$AA?9?$AA?5?$AAa?$AAs?$AA?5@ 000037f8     flashmenu.obj
 0001:00002850       ??_C@_1GE@KHHGLGPF@?$AA?5?$AAD?$AAo?$AA?5?$AAy?$AAo?$AAu?$AA?5?$AAw?$AAa?$AAn?$AAt?$AA?5?$AAm?$AAa?$AAr?$AAk?$AA?5?$AAa?$AAs?$AA?5?$AAr?$AAe?$AAs?$AAe?$AAr?$AAv?$AAe?$AAd?$AA?5?$AAb?$AAl@ 00003850     flashmenu.obj
 0001:000028b4       ??_C@_15DAMPJCDE@?$AA?$CF?$AAc?$AA?$AA@ 000038b4     flashmenu.obj
 0001:000028bc       ??_C@_15OJKDPEFE@?$AA?5?$AA?5?$AA?$AA@ 000038bc     flashmenu.obj
 0001:000028c4       ??_C@_1M@FHJLFHFE@?$AA?5?$AA?$CF?$AA0?$AA2?$AAx?$AA?$AA@ 000038c4     flashmenu.obj
 0001:000028d0       ??_C@_1M@CKIPGKFF@?$AA?$CF?$AA0?$AA4?$AAx?$AA?5?$AA?$AA@ 000038d0     flashmenu.obj
 0001:000028e0       ??_C@_1EM@JNIBIIAB@?$AA?$AN?$AA?6?$AAS?$AAe?$AAc?$AAt?$AAo?$AAr?$AA?5?$AA?$CF?$AAd?$AA?5?$AA?$CI?$AAs?$AAe?$AAc?$AAt?$AAo?$AAr?$AA?5?$AA?$CF?$AAd?$AA?5?$AAi?$AAn?$AA?5?$AAb?$AAl?$AAo?$AAc?$AAk?$AA?5@ 000038e0     flashmenu.obj
 0001:00002930       ??_C@_1HM@NEKLJOFD@?$AAR?$AAe?$AAs?$AAe?$AAr?$AAv?$AAe?$AAd?$AA1?$AA?3?$AA?5?$AA?$CF?$AA0?$AA8?$AAx?$AA?5?$AAO?$AAE?$AAM?$AAR?$AAe?$AAs?$AAe?$AAr?$AAv?$AAe?$AAd?$AA?3?$AA?5?$AA?$CF?$AA0?$AA2@ 00003930     flashmenu.obj
 0001:000029ac       ??_C@_1DI@NODDJIFB@?$AA?5?$AAO?$AAo?$AAp?$AAs?$AA?0?$AA?5?$AAs?$AAe?$AAc?$AAt?$AAo?$AAr?$AA?5?$AAr?$AAe?$AAa?$AAd?$AA?5?$AAf?$AAa?$AAi?$AAl?$AAe?$AAd?$AA?$AN?$AA?6?$AA?$AA@ 000039ac     flashmenu.obj
 0001:000029e4       ??_C@_1DO@OOAFHGFN@?$AA?5?$AAO?$AAo?$AAp?$AAs?$AA?0?$AA?5?$AAt?$AAo?$AAo?$AA?5?$AAb?$AAi?$AAg?$AA?5?$AAs?$AAe?$AAc?$AAt?$AAo?$AAr?$AA?5?$AAn?$AAu?$AAm?$AAb?$AAe?$AAr?$AA?$AN?$AA?6?$AA?$AA@ 000039e4     flashmenu.obj
 0001:00002a24       ??_C@_1CG@KCBMIPD@?$AA?$AN?$AA?6?$AA?5?$AAS?$AAe?$AAc?$AAt?$AAo?$AAr?$AA?5?$AAN?$AAu?$AAm?$AAb?$AAe?$AAr?$AA?3?$AA?5?$AA?$AA@ 00003a24     flashmenu.obj
 0001:00002a50       ??_C@_1FG@IJKIFPEH@?$AA?5?$AAO?$AAo?$AAp?$AAs?$AA?0?$AA?5?$AAs?$AAe?$AAc?$AAt?$AAo?$AAr?$AA?5?$AAs?$AAi?$AAz?$AAe?$AA?5?$AAl?$AAa?$AAr?$AAg?$AAe?$AAr?$AA?5?$AAt?$AAh?$AAa?$AAn?$AA?5?$AAm@ 00003a50     flashmenu.obj
 0001:00002aa8       ??_C@_1BE@MFBEDOBI@?$AA?$AN?$AA?6?$AA?5?$AAD?$AAo?$AAn?$AAe?$AA?$AN?$AA?6?$AA?$AA@ 00003aa8     flashmenu.obj
 0001:00002abc       ??_C@_1CE@EPPKNNOD@?$AA?$AN?$AA?6?$AA?5?$AAB?$AAl?$AAo?$AAc?$AAk?$AA?5?$AAN?$AAu?$AAm?$AAb?$AAe?$AAr?$AA?3?$AA?5?$AA?$AA@ 00003abc     flashmenu.obj
 0001:00002ae0       ??_C@_1GC@JKKDFPCG@?$AA?5?$AAD?$AAo?$AA?5?$AAy?$AAo?$AAu?$AA?5?$AAw?$AAa?$AAn?$AAt?$AA?5?$AAt?$AAo?$AA?5?$AAf?$AAo?$AAr?$AAm?$AAa?$AAt?$AA?5?$AAu?$AAn?$AAr?$AAe?$AAs?$AAe?$AAr?$AAv?$AAe@ 00003ae0     flashmenu.obj
 0001:00002b44       ??_C@_1DM@NJFEAFBO@?$AA?5?$AAF?$AAl?$AAa?$AAs?$AAh?$AAi?$AAn?$AAg?$AA?5?$AAN?$AAK?$AA?4?$AAb?$AAi?$AAn?$AA?5?$AAi?$AAs?$AA?5?$AAe?$AAn?$AAa?$AAb?$AAl?$AAe?$AAd?$AA?$AN?$AA?6?$AA?$AA@ 00003b44     flashmenu.obj
 0001:00002b80       ??_C@_1DO@FEBEDMFN@?$AA?5?$AAF?$AAl?$AAa?$AAs?$AAh?$AAi?$AAn?$AAg?$AA?5?$AAN?$AAK?$AA?4?$AAb?$AAi?$AAn?$AA?5?$AAi?$AAs?$AA?5?$AAd?$AAi?$AAs?$AAa?$AAb?$AAl?$AAe?$AAd?$AA?$AN?$AA?6?$AA?$AA@ 00003b80     flashmenu.obj
 0001:00002bc0       ??_C@_1EA@POGPJPIN@?$AA?5?$AAE?$AAn?$AAa?$AAb?$AAl?$AAe?$AA?5?$AAF?$AAl?$AAa?$AAs?$AAh?$AAi?$AAn?$AAg?$AA?5?$AAN?$AAK?$AA?4?$AAb?$AAi?$AAn?$AA?5?$AA?$FL?$AAy?$AA?1?$AA?9?$AA?$FN?$AA?3?$AA?5?$AA?$AA@ 00003bc0     flashmenu.obj
 0001:00002c00       ??_C@_1EC@LIJCOJEF@?$AA?5?$AAD?$AAi?$AAs?$AAa?$AAb?$AAl?$AAe?$AA?5?$AAF?$AAl?$AAa?$AAs?$AAh?$AAi?$AAn?$AAg?$AA?5?$AAN?$AAK?$AA?4?$AAb?$AAi?$AAn?$AA?5?$AA?$FL?$AAy?$AA?1?$AA?9?$AA?$FN?$AA?3?$AA?5@ 00003c00     flashmenu.obj
 0001:00002c48       ??_C@_1GE@EJGAKBM@?$AA?5?$AAI?$AAn?$AAv?$AAa?$AAl?$AAi?$AAd?$AA?5?$AAE?$AAC?$AAC?$AA?5?$AAm?$AAo?$AAd?$AAe?$AA?0?$AA?5?$AAs?$AAe?$AAt?$AA?5?$AAE?$AAC?$AAC?$AA?5?$AAm?$AAo?$AAd?$AAe?$AA?5@ 00003c48     flashmenu.obj
 0001:00002cb0       ??_C@_1ME@KHCPMAFG@?$AA?5?$AAT?$AAh?$AAi?$AAs?$AA?5?$AAc?$AAo?$AAm?$AAm?$AAa?$AAn?$AAd?$AA?5?$AAi?$AAs?$AA?5?$AAu?$AAs?$AAe?$AAd?$AA?5?$AAt?$AAo?$AA?5?$AAt?$AAe?$AAm?$AAp?$AAo?$AAr?$AAa@ 00003cb0     flashmenu.obj
 0001:00002d78       ??_C@_1HK@NLFNLNJI@?$AA?5?$AAS?$AAe?$AAl?$AAe?$AAc?$AAt?$AA?5?$AAE?$AAC?$AAC?$AA?5?$AAm?$AAo?$AAd?$AAe?$AA?5?$AA?$FL?$AA0?$AA?$CI?$AAH?$AAa?$AAm?$AAm?$AAi?$AAn?$AAg?$AA?5?$AA1?$AAb?$AAi?$AAt@ 00003d78     flashmenu.obj
 0001:00002df4       ??_C@_1CI@DODPKNMO@?$AA?5?$AAU?$AAp?$AAd?$AAa?$AAt?$AAe?$AA?5?$AAS?$AAu?$AAc?$AAc?$AAe?$AAs?$AAs?$AA?$CB?$AA?$CB?$AA?$CB?$AA?5?$AA?$AA@ 00003df4     flashmenu.obj
 0001:00002e1c       ??_C@_1BI@PHIHKHGN@?$AAE?$AAB?$AAO?$AAO?$AAT?$AAN?$AAD?$AA?4?$AAn?$AAb?$AA0?$AA?$AA@ 00003e1c     flashmenu.obj
 0001:00002e34       ??_C@_1DM@HJEBDDCE@?$AA?5?$AAU?$AAp?$AAd?$AAa?$AAt?$AAe?$AA?5?$AAe?$AAb?$AAo?$AAo?$AAt?$AA?5?$AAt?$AAo?$AA?5?$AAN?$AAA?$AAN?$AAD?$AA?5?$AA?$FL?$AAy?$AA?1?$AAn?$AA?$FN?$AA?3?$AA?5?$AA?$AA@ 00003e34     flashmenu.obj
 0001:00002e70       ??_C@_1BK@FGEPPHDE@?$AAZ?$AA2?$AA1?$AA7?$AA0?$AAP?$AAn?$AAd?$AA?4?$AAr?$AAa?$AAw?$AA?$AA@ 00003e70     flashmenu.obj
 0001:00002e90       ??_C@_1EO@ENMDOP@?$AA?5?$AAU?$AAp?$AAd?$AAa?$AAt?$AAe?$AA?5?$AAe?$AAb?$AAo?$AAo?$AAt?$AA?$CL?$AAx?$AAl?$AAd?$AA?$CL?$AAl?$AAo?$AAg?$AAo?$AA?5?$AAt?$AAo?$AA?5?$AAN?$AAA?$AAN?$AAD?$AA?5?$AA?$FL@ 00003e90     flashmenu.obj
 0001:00002ee0       ??_C@_1BK@DIIBPNGC@?$AAL?$AAO?$AAG?$AAO?$AA_?$AAV?$AAE?$AAR?$AA?4?$AAb?$AAm?$AAp?$AA?$AA@ 00003ee0     flashmenu.obj
 0001:00002f00       ??_C@_1EC@MGLMJLJL@?$AA?5?$AAU?$AAp?$AAd?$AAa?$AAt?$AAe?$AA?5?$AAL?$AAo?$AAg?$AAo?$AA?4?$AAb?$AAm?$AAp?$AA?5?$AAt?$AAo?$AA?5?$AAN?$AAA?$AAN?$AAD?$AA?5?$AA?$FL?$AAy?$AA?1?$AAn?$AA?$FN?$AA?3?$AA?5@ 00003f00     flashmenu.obj
 0001:00002fd8       ??_C@_1CC@BNGFPPEB@?$AAT?$AAo?$AAu?$AAc?$AAh?$AA?5?$AAP?$AAa?$AAn?$AAe?$AAl?$AA?5?$AAT?$AAe?$AAs?$AAt?$AA?$AA@ 00003fd8     functionTest.obj
 0001:00002ffc       ??_C@_1CM@GFKLDENM@?$AAK?$AAe?$AAy?$AAp?$AAa?$AAd?$AA?5?$AAB?$AAa?$AAc?$AAk?$AAl?$AAi?$AAg?$AAh?$AAt?$AA?5?$AAT?$AAe?$AAs?$AAt?$AA?$AA@ 00003ffc     functionTest.obj
 0001:00003028       ??_C@_1BE@DFLOJDLG@?$AAD?$AAR?$AAA?$AAM?$AA?5?$AAT?$AAe?$AAs?$AAt?$AA?$AA@ 00004028     functionTest.obj
 0001:0000303c       ??_C@_1CG@MFOPBHMC@?$AAL?$AAC?$AAM?$AA?5?$AAB?$AAa?$AAc?$AAk?$AAl?$AAi?$AAg?$AAh?$AAt?$AA?5?$AAT?$AAe?$AAs?$AAt?$AA?$AA@ 0000403c     functionTest.obj
 0001:00003064       ??_C@_1BK@FJOPBKKD@?$AAD?$AAi?$AAs?$AAp?$AAl?$AAa?$AAy?$AA?5?$AAT?$AAe?$AAs?$AAt?$AA?$AA@ 00004064     functionTest.obj
 0001:00003080       ??_C@_1CE@NDBHKBD@?$AAA?$AAl?$AAl?$AA?5?$AAF?$AAu?$AAn?$AAc?$AAt?$AAi?$AAo?$AAn?$AA?5?$AAT?$AAe?$AAs?$AAt?$AA?$AA@ 00004080     functionTest.obj
 0001:00003138       ??_C@_1CA@IPGENFE@?$AA?$AN?$AA?6?$AA?5?$AAR?$AAu?$AAn?$AAn?$AAi?$AAn?$AAg?$AA?4?$AA?4?$AA?4?$AA?$AN?$AA?6?$AA?$AA@ 00004138     functionTest.obj
 0001:00003158       ??_C@_1M@GMAOBDDL@?$AA?6?$AA?5?$AA?$CF?$AAd?$AA?6?$AA?$AA@ 00004158     functionTest.obj
 0001:00003164       ??_C@_13BBDEGPLJ@?$AA?$CK?$AA?$AA@ 00004164     functionTest.obj
 0001:00003168       ??_C@_1CO@GBEKHDOH@?$AA?$AN?$AA?6?$AA?5?$AAE?$AAr?$AAr?$AAo?$AAr?$AA?5?$AAA?$AAd?$AAd?$AAr?$AAe?$AAs?$AAs?$AA?3?$AA?5?$AA0?$AAX?$AA?$CF?$AAX?$AA?$AA@ 00004168     functionTest.obj
 0001:00003198       ??_C@_1DE@LFDKHCLM@?$AA?$AN?$AA?6?$AA?5?$AA?$CB?$AAS?$AAt?$AAa?$AAr?$AAt?$AA?5?$AAA?$AAd?$AAd?$AAr?$AAe?$AAs?$AAs?$AA?3?$AA?5?$AA0?$AAX?$AA?$CF?$AA0?$AA8?$AAX?$AA?$AA@ 00004198     functionTest.obj
 0001:000031cc       ??_C@_1DE@KFOFBOBN@?$AA?$AN?$AA?6?$AA?5?$AA?$CB?$AAT?$AAe?$AAs?$AAt?$AA1?$AA?5?$AAA?$AAd?$AAd?$AAr?$AAe?$AAs?$AAs?$AA?3?$AA?5?$AA0?$AAX?$AA?$CF?$AA0?$AA8?$AAX?$AA?$AA@ 000041cc     functionTest.obj
 0001:00003200       ??_C@_1DE@FOMMJKGJ@?$AA?$AN?$AA?6?$AA?5?$AA?$CB?$AAE?$AAn?$AAd?$AA?5?$AA?5?$AA?5?$AAA?$AAd?$AAd?$AAr?$AAe?$AAs?$AAs?$AA?3?$AA?5?$AA0?$AAX?$AA?$CF?$AA0?$AA8?$AAX?$AA?$AA@ 00004200     functionTest.obj
 0001:00003238       ??_C@_1FM@GKBCNJJJ@?$AA?$AN?$AA?6?$AA?9?$AA?9?$AA?9?$AA?9?$AA?9?$AA?9?$AA?9?$AA?9?$AA?9?$AA?9?$AA?9?$AA?9?$AA?9?$AA?9?$AA?9?$AA?9?$AA?9?$AA?9?$AA?9?$AA?9?$AA?9?$AA?9?$AA?9?$AA?9?$AA?9?$AA?9?$AA?9?$AA?9?$AA?9?$AA?9@ 00004238     functionTest.obj
 0001:00003298       ??_C@_1EC@NLKOKMKL@?$AA?$AN?$AA?5?$AA?$CB?$AAN?$AAo?$AAw?$AA?5?$AAK?$AAe?$AAy?$AAp?$AAa?$AAd?$AA?5?$AAL?$AAE?$AAD?$AA?5?$AAf?$AAi?$AAr?$AAs?$AAt?$AA?5?$AAf?$AAl?$AAa?$AAs?$AAh?$AA?5?$AA?$AN?$AA?6@ 00004298     functionTest.obj
 0001:000032e0       ??_C@_1EC@MFHKLEP@?$AA?$AN?$AA?5?$AA?$CB?$AAN?$AAo?$AAw?$AA?5?$AAK?$AAe?$AAy?$AAp?$AAa?$AAd?$AA?5?$AAL?$AAE?$AAD?$AA?5?$AAt?$AAw?$AAi?$AAc?$AAe?$AA?5?$AAf?$AAl?$AAa?$AAs?$AAh?$AA?5?$AA?$AN?$AA?6@ 000042e0     functionTest.obj
 0001:00003328       ??_C@_1FE@PFEMMGFN@?$AA?$AN?$AA?5?$AA?$CB?$AAP?$AAl?$AAu?$AAs?$AA?5?$AAa?$AAf?$AAt?$AAe?$AAr?$AA?5?$AAb?$AAr?$AAi?$AAg?$AAh?$AAt?$AAn?$AAe?$AAs?$AAs?$AA?5?$AAs?$AAc?$AAa?$AAl?$AAe?$AA?5?$AAa@ 00004328     functionTest.obj
 0001:0000337c       ??_C@_1BO@MHJOKEKA@?$AA?$AN?$AA?5?$AAR?$AAu?$AAn?$AAn?$AAi?$AAn?$AAg?$AA?4?$AA?4?$AA?4?$AA?$AN?$AA?6?$AA?$AA@ 0000437c     functionTest.obj
 0001:0000339c       ??_C@_1BG@PCGOBNBG@?$AA?$AN?$AA?5?$AAE?$AAn?$AAd?$AA?4?$AA?4?$AA?4?$AA?$AN?$AA?6?$AA?$AA@ 0000439c     functionTest.obj
 0001:000033b8       ??_C@_1EA@NHFEEJFC@?$AA?$AN?$AA?6?$AA?5?$AA?$DO?$AA?$DO?$AA?$DO?$AAA?$AAl?$AAl?$AA?5?$AAf?$AAu?$AAn?$AAc?$AAt?$AAi?$AAo?$AAn?$AA?5?$AAt?$AAe?$AAs?$AAt?$AAi?$AAn?$AAg?$AA?4?$AA?4?$AA?4?$AA?$AN?$AA?6?$AA?$AA@ 000043b8     functionTest.obj
 0001:000033f8       ??_C@_1DO@BGFONFOF@?$AA?$AN?$AA?6?$AA?5?$AA?$DO?$AA?$DO?$AA?$DO?$AAA?$AAl?$AAl?$AA?5?$AAf?$AAu?$AAn?$AAc?$AAt?$AAi?$AAo?$AAn?$AA?5?$AAt?$AAe?$AAs?$AAt?$AAe?$AAd?$AA?4?$AA?4?$AA?4?$AA?$AN?$AA?6?$AA?$AA@ 000043f8     functionTest.obj
 0001:000034c8       ??_C@_1DO@CGLKJNGE@?$AA?9?$AAO?$AAE?$AAM?$AAS?$AAt?$AAa?$AAr?$AAt?$AAE?$AAr?$AAa?$AAs?$AAe?$AAF?$AAl?$AAa?$AAs?$AAh?$AA?$CI?$AAr?$AAc?$AA?5?$AA?$DN?$AA?5?$AA?$CF?$AAd?$AA?$CJ?$AA?$AN?$AA?6?$AA?$AA@ 000044c8     flash.obj
 0001:00003508       ??_C@_1EM@JLOIOPDF@?$AA?$CL?$AAO?$AAE?$AAM?$AAS?$AAt?$AAa?$AAr?$AAt?$AAE?$AAr?$AAa?$AAs?$AAe?$AAF?$AAl?$AAa?$AAs?$AAh?$AA?$CI?$AA0?$AAx?$AA?$CF?$AA0?$AA8?$AAx?$AA?0?$AA?5?$AA0?$AAx?$AA?$CF?$AA0@ 00004508     flash.obj
 0001:00003554       ??_C@_1CK@NJEDFGLK@?$AAX?$AAL?$AAD?$AAR?$AA?5?$AAi?$AAm?$AAa?$AAg?$AAe?$AA?5?$AAw?$AAr?$AAi?$AAt?$AAt?$AAe?$AAn?$AA?$AN?$AA?6?$AA?$AA@ 00004554     flash.obj
 0001:00003580       ??_C@_1JK@INEHPIOE@?$AAE?$AAR?$AAR?$AAO?$AAR?$AA?3?$AA?5?$AAO?$AAE?$AAM?$AAW?$AAr?$AAi?$AAt?$AAe?$AAF?$AAl?$AAa?$AAs?$AAh?$AA?3?$AA?5?$AAO?$AAA?$AAL?$AAF?$AAl?$AAa?$AAs?$AAh?$AAS?$AAt@ 00004580     flash.obj
 0001:00003620       ??_C@_1GO@DLIAFJMC@?$AAE?$AAR?$AAR?$AAO?$AAR?$AA?3?$AA?5?$AAO?$AAE?$AAM?$AAW?$AAr?$AAi?$AAt?$AAe?$AAF?$AAl?$AAa?$AAs?$AAh?$AA?3?$AA?5?$AAO?$AAA?$AAL?$AAF?$AAl?$AAa?$AAs?$AAh?$AAS?$AAt@ 00004620     flash.obj
 0001:00003690       ??_C@_1EO@MFAPGNDN@?$AA?$AN?$AA?6?$AAW?$AAr?$AAi?$AAt?$AAi?$AAn?$AAg?$AA?5?$AAX?$AAL?$AAD?$AAR?$AA?5?$AAi?$AAm?$AAa?$AAg?$AAe?$AA?5?$AAt?$AAo?$AA?5?$AAf?$AAl?$AAa?$AAs?$AAh?$AA?5?$AAm?$AAe@ 00004690     flash.obj
 0001:000036e0       ??_C@_1CM@CMHKBBHI@?$AAE?$AAB?$AAO?$AAO?$AAT?$AA?5?$AAi?$AAm?$AAa?$AAg?$AAe?$AA?5?$AAw?$AAr?$AAi?$AAt?$AAt?$AAe?$AAn?$AA?$AN?$AA?6?$AA?$AA@ 000046e0     flash.obj
 0001:00003710       ??_C@_1JO@HOPMBDBI@?$AAE?$AAR?$AAR?$AAO?$AAR?$AA?3?$AA?5?$AAO?$AAE?$AAM?$AAW?$AAr?$AAi?$AAt?$AAe?$AAF?$AAl?$AAa?$AAs?$AAh?$AA?3?$AA?5?$AAE?$AAB?$AAO?$AAO?$AAT?$AA?5?$AAi?$AAm?$AAa?$AAg@ 00004710     flash.obj
 0001:000037b0       ??_C@_1FA@LGNLEKHJ@?$AA?$AN?$AA?6?$AAW?$AAr?$AAi?$AAt?$AAi?$AAn?$AAg?$AA?5?$AAE?$AAB?$AAO?$AAO?$AAT?$AA?5?$AAi?$AAm?$AAa?$AAg?$AAe?$AA?5?$AAt?$AAo?$AA?5?$AAf?$AAl?$AAa?$AAs?$AAh?$AA?5?$AAm@ 000047b0     flash.obj
 0001:00003800       ??_C@_1DI@PEICDJAI@?$AAS?$AAp?$AAl?$AAa?$AAs?$AAh?$AAc?$AAr?$AAe?$AAe?$AAn?$AA?5?$AAi?$AAm?$AAa?$AAg?$AAe?$AA?5?$AAw?$AAr?$AAi?$AAt?$AAt?$AAe?$AAn?$AA?$AN?$AA?6?$AA?$AA@ 00004800     flash.obj
 0001:00003838       ??_C@_1JM@NFAJELED@?$AAE?$AAR?$AAR?$AAO?$AAR?$AA?3?$AA?5?$AAO?$AAE?$AAM?$AAW?$AAr?$AAi?$AAt?$AAe?$AAF?$AAl?$AAa?$AAs?$AAh?$AA?3?$AA?5?$AAL?$AAo?$AAg?$AAo?$AA?5?$AAi?$AAm?$AAa?$AAg?$AAe@ 00004838     flash.obj
 0001:000038d8       ??_C@_1FM@GPKMPIMP@?$AA?$AN?$AA?6?$AAW?$AAr?$AAi?$AAt?$AAi?$AAn?$AAg?$AA?5?$AAS?$AAp?$AAl?$AAa?$AAs?$AAh?$AAc?$AAr?$AAe?$AAe?$AAn?$AA?5?$AAi?$AAm?$AAa?$AAg?$AAe?$AA?5?$AAt?$AAo?$AA?5?$AAf@ 000048d8     flash.obj
 0001:00003938       ??_C@_1GG@PLILEPKK@?$AA?9?$AA?9?$AA?9?$AA?9?$AA?9?$AA?9?$AA?9?$AA?9?$AA?9?$AA?9?$AA?9?$AA?9?$AA?9?$AA?9?$AA?9?$AA?9?$AA?9?$AA?9?$AA?9?$AA?9?$AA?9?$AA?9?$AA?9?$AA?9?$AA?9?$AA?9?$AA?9?$AA?9?$AA?9?$AA?9?$AA?9?$AA?9@ 00004938     flash.obj
 0001:000039a0       ??_C@_1EC@FHNOBDCD@?$AA?5?$AA?5?$AAT?$AAr?$AAa?$AAc?$AAk?$AAi?$AAn?$AAg?$AA?5?$AAM?$AAe?$AAm?$AA?5?$AAL?$AAe?$AAn?$AAg?$AAt?$AAh?$AA?5?$AA?3?$AA?5?$AA0?$AAx?$AA?$CF?$AA0?$AA8?$AAx?$AA?$AN?$AA?6@ 000049a0     flash.obj
 0001:000039e8       ??_C@_1EC@OMMGJENJ@?$AA?5?$AA?5?$AAT?$AAr?$AAa?$AAc?$AAk?$AAi?$AAn?$AAg?$AA?5?$AAM?$AAe?$AAm?$AA?5?$AAS?$AAt?$AAa?$AAr?$AAt?$AA?5?$AA?5?$AA?3?$AA?5?$AA0?$AAx?$AA?$CF?$AA0?$AA8?$AAx?$AA?$AN?$AA?6@ 000049e8     flash.obj
 0001:00003a30       ??_C@_1EC@JNDLGIKF@?$AA?5?$AA?5?$AAE?$AAx?$AAt?$AAe?$AAn?$AAs?$AAi?$AAo?$AAn?$AAs?$AA?5?$AA?5?$AA?5?$AA?5?$AA?5?$AA?5?$AA?5?$AA?5?$AA?5?$AA?5?$AA?3?$AA?5?$AA0?$AAx?$AA?$CF?$AA0?$AA8?$AAx?$AA?$AN?$AA?6@ 00004a30     flash.obj
 0001:00003a78       ??_C@_1EK@NKNNLDBD@?$AA?5?$AA?5?$AAM?$AAi?$AAs?$AAc?$AAF?$AAl?$AAa?$AAg?$AAs?$AA?5?$AA?5?$AA?5?$AA?5?$AA?5?$AA?5?$AA?5?$AA?5?$AA?5?$AA?5?$AA?5?$AA?3?$AA?5?$AA?5?$AA?5?$AA?5?$AA?5?$AA0?$AAx?$AA?$CF?$AA0@ 00004a78     flash.obj
 0001:00003ac8       ??_C@_1EK@JJJOHJHH@?$AA?5?$AA?5?$AAC?$AAP?$AAU?$AA?5?$AA?5?$AA?5?$AA?5?$AA?5?$AA?5?$AA?5?$AA?5?$AA?5?$AA?5?$AA?5?$AA?5?$AA?5?$AA?5?$AA?5?$AA?5?$AA?5?$AA?3?$AA?5?$AA?5?$AA?5?$AA?5?$AA?5?$AA0?$AAx?$AA?$CF?$AA0@ 00004ac8     flash.obj
 0001:00003b18       ??_C@_1EC@CCJIKKIG@?$AA?5?$AA?5?$AAD?$AAr?$AAi?$AAv?$AAe?$AAr?$AA?5?$AAG?$AAl?$AAo?$AAb?$AA?5?$AAL?$AAe?$AAn?$AAg?$AAt?$AAh?$AA?5?$AA?5?$AA?3?$AA?5?$AA0?$AAx?$AA?$CF?$AA0?$AA8?$AAx?$AA?$AN?$AA?6@ 00004b18     flash.obj
 0001:00003b60       ??_C@_1EC@LPBHAOCK@?$AA?5?$AA?5?$AAD?$AAr?$AAi?$AAv?$AAe?$AAr?$AA?5?$AAG?$AAl?$AAo?$AAb?$AA?5?$AAS?$AAt?$AAa?$AAr?$AAt?$AA?5?$AA?5?$AA?5?$AA?3?$AA?5?$AA0?$AAx?$AA?$CF?$AA0?$AA8?$AAx?$AA?$AN?$AA?6@ 00004b60     flash.obj
 0001:00003ba8       ??_C@_1EC@IABJILGI@?$AA?5?$AA?5?$AAF?$AAi?$AAl?$AAe?$AAS?$AAy?$AAs?$AA?5?$AAR?$AAA?$AAM?$AA?5?$AAP?$AAe?$AAr?$AAc?$AAe?$AAn?$AAt?$AA?5?$AA?3?$AA?5?$AA0?$AAx?$AA?$CF?$AA0?$AA8?$AAx?$AA?$AN?$AA?6@ 00004ba8     flash.obj
 0001:00003bf0       ??_C@_1EC@GDFJIFCF@?$AA?5?$AA?5?$AAK?$AAe?$AAr?$AAn?$AAe?$AAl?$AA?5?$AAF?$AAl?$AAa?$AAg?$AAs?$AA?5?$AA?5?$AA?5?$AA?5?$AA?5?$AA?5?$AA?5?$AA?5?$AA?3?$AA?5?$AA0?$AAx?$AA?$CF?$AA0?$AA8?$AAx?$AA?$AN?$AA?6@ 00004bf0     flash.obj
 0001:00003c34       ??_C@_1DO@NPCIPKAK@?$AA?5?$AA?5?$AAN?$AAu?$AAm?$AA?5?$AAF?$AAi?$AAl?$AAe?$AAs?$AA?5?$AA?5?$AA?5?$AA?5?$AA?5?$AA?5?$AA?5?$AA?5?$AA?5?$AA?5?$AA?5?$AA?3?$AA?5?$AA?$CF?$AA1?$AA0?$AAd?$AA?$AN?$AA?6?$AA?$AA@ 00004c34     flash.obj
 0001:00003c78       ??_C@_1EC@GLFGIGFP@?$AA?5?$AA?5?$AAP?$AAr?$AAo?$AAf?$AA?5?$AAS?$AAy?$AAm?$AAb?$AAo?$AAl?$AA?5?$AAO?$AAf?$AAf?$AAs?$AAe?$AAt?$AA?5?$AA?5?$AA?3?$AA?5?$AA0?$AAx?$AA?$CF?$AA0?$AA8?$AAx?$AA?$AN?$AA?6@ 00004c78     flash.obj
 0001:00003cc0       ??_C@_1EC@INEFBELC@?$AA?5?$AA?5?$AAP?$AAr?$AAo?$AAf?$AA?5?$AAS?$AAy?$AAm?$AAb?$AAo?$AAl?$AA?5?$AAL?$AAe?$AAn?$AAg?$AAt?$AAh?$AA?5?$AA?5?$AA?3?$AA?5?$AA0?$AAx?$AA?$CF?$AA0?$AA8?$AAx?$AA?$AN?$AA?6@ 00004cc0     flash.obj
 0001:00003d08       ??_C@_1EC@FEMDLBGI@?$AA?5?$AA?5?$AAC?$AAo?$AAp?$AAy?$AA?5?$AAE?$AAn?$AAt?$AAr?$AAi?$AAe?$AAs?$AA?5?$AAO?$AAf?$AAf?$AAs?$AAe?$AAt?$AA?5?$AA?3?$AA?5?$AA0?$AAx?$AA?$CF?$AA0?$AA8?$AAx?$AA?$AN?$AA?6@ 00004d08     flash.obj
 0001:00003d4c       ??_C@_1DO@LFBMBNAO@?$AA?5?$AA?5?$AAN?$AAu?$AAm?$AA?5?$AAC?$AAo?$AAp?$AAy?$AA?5?$AAE?$AAn?$AAt?$AAr?$AAi?$AAe?$AAs?$AA?5?$AA?5?$AA?5?$AA?5?$AA?3?$AA?5?$AA?$CF?$AA1?$AA0?$AAd?$AA?$AN?$AA?6?$AA?$AA@ 00004d4c     flash.obj
 0001:00003d90       ??_C@_1EC@IKFCIHNK@?$AA?5?$AA?5?$AAR?$AAA?$AAM?$AA?5?$AAE?$AAn?$AAd?$AA?5?$AA?5?$AA?5?$AA?5?$AA?5?$AA?5?$AA?5?$AA?5?$AA?5?$AA?5?$AA?5?$AA?5?$AA?5?$AA?3?$AA?5?$AA0?$AAx?$AA?$CF?$AA0?$AA8?$AAx?$AA?$AN?$AA?6@ 00004d90     flash.obj
 0001:00003dd8       ??_C@_1EC@FMEPNBO@?$AA?5?$AA?5?$AAR?$AAA?$AAM?$AA?5?$AAF?$AAr?$AAe?$AAe?$AA?5?$AA?5?$AA?5?$AA?5?$AA?5?$AA?5?$AA?5?$AA?5?$AA?5?$AA?5?$AA?5?$AA?5?$AA?3?$AA?5?$AA0?$AAx?$AA?$CF?$AA0?$AA8?$AAx?$AA?$AN?$AA?6@ 00004dd8     flash.obj
 0001:00003e20       ??_C@_1EC@IKCHAPAE@?$AA?5?$AA?5?$AAR?$AAA?$AAM?$AA?5?$AAS?$AAt?$AAa?$AAr?$AAt?$AA?5?$AA?5?$AA?5?$AA?5?$AA?5?$AA?5?$AA?5?$AA?5?$AA?5?$AA?5?$AA?5?$AA?3?$AA?5?$AA0?$AAx?$AA?$CF?$AA0?$AA8?$AAx?$AA?$AN?$AA?6@ 00004e20     flash.obj
 0001:00003e64       ??_C@_1DO@OKOEBDCJ@?$AA?5?$AA?5?$AAN?$AAu?$AAm?$AA?5?$AAM?$AAo?$AAd?$AAu?$AAl?$AAe?$AAs?$AA?5?$AA?5?$AA?5?$AA?5?$AA?5?$AA?5?$AA?5?$AA?5?$AA?5?$AA?3?$AA?5?$AA?$CF?$AA1?$AA0?$AAd?$AA?$AN?$AA?6?$AA?$AA@ 00004e64     flash.obj
 0001:00003ea8       ??_C@_1EC@NAHCJOL@?$AA?5?$AA?5?$AAP?$AAh?$AAy?$AAs?$AAi?$AAc?$AAa?$AAl?$AA?5?$AAL?$AAa?$AAs?$AAt?$AA?5?$AA?5?$AA?5?$AA?5?$AA?5?$AA?5?$AA?5?$AA?3?$AA?5?$AA0?$AAx?$AA?$CF?$AA0?$AA8?$AAx?$AA?$AN?$AA?6@ 00004ea8     flash.obj
 0001:00003ef0       ??_C@_1EC@IJBGHIJL@?$AA?5?$AA?5?$AAP?$AAh?$AAy?$AAs?$AAi?$AAc?$AAa?$AAl?$AA?5?$AAF?$AAi?$AAr?$AAs?$AAt?$AA?5?$AA?5?$AA?5?$AA?5?$AA?5?$AA?5?$AA?3?$AA?5?$AA0?$AAx?$AA?$CF?$AA0?$AA8?$AAx?$AA?$AN?$AA?6@ 00004ef0     flash.obj
 0001:00003f38       ??_C@_1EC@OOCEINF@?$AA?5?$AA?5?$AAD?$AAL?$AAL?$AA?5?$AAL?$AAa?$AAs?$AAt?$AA?5?$AA?5?$AA?5?$AA?5?$AA?5?$AA?5?$AA?5?$AA?5?$AA?5?$AA?5?$AA?5?$AA?5?$AA?3?$AA?5?$AA0?$AAx?$AA?$CF?$AA0?$AA8?$AAx?$AA?$AN?$AA?6@ 00004f38     flash.obj
 0001:00003f80       ??_C@_1EC@FBMKGHCM@?$AA?5?$AA?5?$AAD?$AAL?$AAL?$AA?5?$AAF?$AAi?$AAr?$AAs?$AAt?$AA?5?$AA?5?$AA?5?$AA?5?$AA?5?$AA?5?$AA?5?$AA?5?$AA?5?$AA?5?$AA?5?$AA?3?$AA?5?$AA0?$AAx?$AA?$CF?$AA0?$AA8?$AAx?$AA?$AN?$AA?6@ 00004f80     flash.obj
 0001:00003fc8       ??_C@_1FO@LHJKOBMN@?$AAR?$AAO?$AAM?$AAH?$AAD?$AAR?$AA?5?$AA?$CI?$AAp?$AAT?$AAO?$AAC?$AA?5?$AA?$DN?$AA?5?$AA0?$AAx?$AA?$CF?$AA0?$AA8?$AAx?$AA?$CJ?$AA?5?$AA?9?$AA?9?$AA?9?$AA?9?$AA?9?$AA?9?$AA?9?$AA?9?$AA?9@ 00004fc8     flash.obj
 0001:00004028       ??_C@_1EG@PIMGEOAE@?$AAB?$AAL?$AAC?$AAo?$AAn?$AAf?$AAi?$AAg?$AAu?$AAr?$AAe?$AAF?$AAl?$AAa?$AAs?$AAh?$AAP?$AAa?$AAr?$AAt?$AAi?$AAt?$AAi?$AAo?$AAn?$AAs?$AA?5?$AAe?$AAn?$AAd?$AA?$CB?$AA?$CB@ 00005028     flash.obj
 0001:00004070       ??_C@_1DC@CJMIMBMC@?$AAF?$AAl?$AAa?$AAs?$AAh?$AA?5?$AAf?$AAo?$AAr?$AAm?$AAa?$AAt?$AA?5?$AAc?$AAo?$AAm?$AAp?$AAl?$AAe?$AAt?$AAe?$AA?$CB?$AA?$AN?$AA?6?$AA?$AA@ 00005070     flash.obj
 0001:000040a8       ??_C@_1EE@EELLBIAJ@?$AAE?$AAr?$AAr?$AAo?$AAr?$AA?5?$AAc?$AAr?$AAe?$AAa?$AAt?$AAi?$AAn?$AAg?$AA?5?$AAf?$AAi?$AAl?$AAe?$AA?5?$AAp?$AAa?$AAr?$AAt?$AAi?$AAt?$AAi?$AAo?$AAn?$AA?$CB?$AA?$CB?$AA?$AN@ 000050a8     flash.obj
 0001:000040ec       ??_C@_1CO@GFIJHOCH@?$AAN?$AAK?$AA?5?$AAp?$AAa?$AAr?$AAt?$AAi?$AAt?$AAi?$AAo?$AAn?$AA?5?$AAc?$AAr?$AAe?$AAa?$AAt?$AAe?$AAd?$AA?$AN?$AA?6?$AA?$AA@ 000050ec     flash.obj
 0001:00004120       ??_C@_1EA@FBHNJDFD@?$AAE?$AAr?$AAr?$AAo?$AAr?$AA?5?$AAc?$AAr?$AAe?$AAa?$AAt?$AAi?$AAn?$AAg?$AA?5?$AAO?$AAS?$AA?5?$AAp?$AAa?$AAr?$AAt?$AAi?$AAt?$AAi?$AAo?$AAn?$AA?$CB?$AA?$CB?$AA?$AN?$AA?6?$AA?$AA@ 00005120     flash.obj
 0001:00004160       ??_C@_1CM@NDGHMEGF@?$AAF?$AAo?$AAr?$AAm?$AAa?$AAt?$AAt?$AAi?$AAn?$AAg?$AA?5?$AAf?$AAl?$AAa?$AAs?$AAh?$AA?4?$AA?4?$AA?4?$AA?$AN?$AA?6?$AA?$AA@ 00005160     flash.obj
 0001:00004190       ??_C@_1LE@KHIPBHLF@?$AAO?$AAS?$AA?5?$AAp?$AAa?$AAr?$AAt?$AAi?$AAt?$AAi?$AAo?$AAn?$AA?5?$AAd?$AAo?$AAe?$AAs?$AA?5?$AAn?$AAo?$AAt?$AA?5?$AAm?$AAa?$AAt?$AAc?$AAh?$AA?5?$AAc?$AAo?$AAn?$AAf@ 00005190     flash.obj
 0001:00004248       ??_C@_1EA@PANFDMBA@?$AAO?$AAS?$AA?5?$AAp?$AAa?$AAr?$AAt?$AAi?$AAt?$AAi?$AAo?$AAn?$AA?5?$AAd?$AAo?$AAe?$AAs?$AA?5?$AAn?$AAo?$AAt?$AA?5?$AAe?$AAx?$AAi?$AAs?$AAt?$AA?$CB?$AA?$CB?$AA?$AN?$AA?6?$AA?$AA@ 00005248     flash.obj
 0001:00004288       ??_C@_1II@PGPDCKHA@?$AAB?$AAL?$AAC?$AAo?$AAn?$AAf?$AAi?$AAg?$AAu?$AAr?$AAe?$AAF?$AAl?$AAa?$AAs?$AAh?$AAP?$AAa?$AAr?$AAt?$AAi?$AAt?$AAi?$AAo?$AAn?$AAs?$AA?3?$AA?5?$AAE?$AAr?$AAr?$AAo@ 00005288     flash.obj
 0001:00004310       ??_C@_1EK@CENGOCLE@?$AAB?$AAL?$AAC?$AAo?$AAn?$AAf?$AAi?$AAg?$AAu?$AAr?$AAe?$AAF?$AAl?$AAa?$AAs?$AAh?$AAP?$AAa?$AAr?$AAt?$AAi?$AAt?$AAi?$AAo?$AAn?$AAs?$AA?5?$AAs?$AAt?$AAa?$AAr?$AAt@ 00005310     flash.obj
 0001:0000435c       ??_C@_15JAOEEAHE@?$AAn?$AAk?$AA?$AA@ 0000535c     flash.obj
 0001:00004364       ??_C@_1CG@DGGKBAKL@?$AA?$CF?$AAs?$AA?5?$AAi?$AAm?$AAa?$AAg?$AAe?$AA?5?$AAw?$AAr?$AAi?$AAt?$AAt?$AAe?$AAn?$AA?$AN?$AA?6?$AA?$AA@ 00005364     flash.obj
 0001:00004390       ??_C@_1FC@DLJHBOIG@?$AAE?$AAR?$AAR?$AAO?$AAR?$AA?3?$AA?5?$AAF?$AAa?$AAi?$AAl?$AAe?$AAd?$AA?5?$AAw?$AAr?$AAi?$AAt?$AAi?$AAn?$AAg?$AA?5?$AAt?$AAo?$AA?5?$AAO?$AAS?$AA?5?$AAp?$AAa?$AAr?$AAt@ 00005390     flash.obj
 0001:000043e8       ??_C@_1FM@NBKLFBCM@?$AAE?$AAR?$AAR?$AAO?$AAR?$AA?3?$AA?5?$AAO?$AAS?$AA?5?$AAp?$AAa?$AAr?$AAt?$AAi?$AAt?$AAi?$AAo?$AAn?$AA?5?$AAt?$AAo?$AAo?$AA?5?$AAs?$AAm?$AAa?$AAl?$AAl?$AA?$CB?$AA?5?$AA?5@ 000053e8     flash.obj
 0001:00004448       ??_C@_1EC@KEKCJKLC@?$AAE?$AAR?$AAR?$AAO?$AAR?$AA?3?$AA?5?$AAO?$AAS?$AA?5?$AAp?$AAa?$AAr?$AAt?$AAi?$AAt?$AAi?$AAo?$AAn?$AA?5?$AAn?$AAo?$AAt?$AA?5?$AAf?$AAo?$AAu?$AAn?$AAd?$AA?$CB?$AA?$AN?$AA?6@ 00005448     flash.obj
 0001:00004490       ??_C@_1GM@NHAICGBK@?$AAW?$AAr?$AAi?$AAt?$AAe?$AAF?$AAl?$AAa?$AAs?$AAh?$AAN?$AAK?$AA?3?$AA?5?$AAE?$AAr?$AAr?$AAo?$AAr?$AA?5?$AAi?$AAn?$AAi?$AAt?$AAi?$AAa?$AAl?$AAi?$AAz?$AAi?$AAn?$AAg@ 00005490     flash.obj
 0001:00004500       ??_C@_1GK@ILFHOAHO@?$AAE?$AAR?$AAR?$AAO?$AAR?$AA?3?$AA?5?$AAO?$AAE?$AAM?$AAW?$AAr?$AAi?$AAt?$AAe?$AAF?$AAl?$AAa?$AAs?$AAh?$AA?3?$AA?5?$AAN?$AAK?$AA?5?$AAi?$AAm?$AAa?$AAg?$AAe?$AA?5?$AAs@ 00005500     flash.obj
 0001:0000456c       ??_C@_1CE@KBCKFLJM@?$AAN?$AAK?$AA?5?$AAI?$AAm?$AAa?$AAg?$AAe?$AA?5?$AAL?$AAo?$AAa?$AAd?$AAe?$AAd?$AA?$AN?$AA?6?$AA?$AA@ 0000556c     flash.obj
 0001:00004590       ??_C@_1FK@HODAKHKA@?$AAE?$AAR?$AAR?$AAO?$AAR?$AA?3?$AA?5?$AAN?$AAK?$AA?5?$AAi?$AAm?$AAa?$AAg?$AAe?$AA?5?$AAd?$AAo?$AAe?$AAs?$AAn?$AA?8?$AAt?$AA?5?$AAh?$AAa?$AAv?$AAe?$AA?5?$AAR?$AAO?$AAM@ 00005590     flash.obj
 0001:000045f0       ??_C@_1EE@FFBJDIJA@?$AAE?$AAR?$AAR?$AAO?$AAR?$AA?3?$AA?5?$AAB?$AAP?$AA_?$AAR?$AAe?$AAa?$AAd?$AAD?$AAa?$AAt?$AAa?$AA?5?$AAc?$AAa?$AAl?$AAl?$AA?5?$AAf?$AAa?$AAi?$AAl?$AAe?$AAd?$AA?$CB?$AA?$AN@ 000055f0     flash.obj
 0001:00004638       ??_C@_1EG@FNGCHJDC@?$AAE?$AAR?$AAR?$AAO?$AAR?$AA?3?$AA?5?$AAI?$AAm?$AAa?$AAg?$AAe?$AA?5?$AAs?$AAi?$AAg?$AAn?$AAa?$AAt?$AAu?$AAr?$AAe?$AA?5?$AAn?$AAo?$AAt?$AA?5?$AAf?$AAo?$AAu?$AAn?$AAd@ 00005638     flash.obj
 0001:00004680       ??_C@_1EK@JACEGLCB@?$AAE?$AAR?$AAR?$AAO?$AAR?$AA?3?$AA?5?$AAE?$AAr?$AAr?$AAo?$AAr?$AA?5?$AAr?$AAe?$AAa?$AAd?$AAi?$AAn?$AAg?$AA?5?$AAO?$AAS?$AA?5?$AAp?$AAa?$AAr?$AAt?$AAi?$AAt?$AAi?$AAo@ 00005680     flash.obj
 0001:000046d0       ??_C@_1GK@CPEKEJEK@?$AAR?$AAe?$AAa?$AAd?$AAF?$AAl?$AAa?$AAs?$AAh?$AAN?$AAK?$AA?3?$AA?5?$AAE?$AAr?$AAr?$AAo?$AAr?$AA?5?$AAi?$AAn?$AAi?$AAt?$AAi?$AAa?$AAl?$AAi?$AAz?$AAi?$AAn?$AAg?$AA?5@ 000056d0     flash.obj
 0001:00004740       ??_C@_1EI@NJKPEMPA@?$AA?$AN?$AA?6?$AAL?$AAo?$AAa?$AAd?$AA?5?$AAN?$AAK?$AA?5?$AAi?$AAm?$AAa?$AAg?$AAe?$AA?5?$AAf?$AAr?$AAo?$AAm?$AA?5?$AAf?$AAl?$AAa?$AAs?$AAh?$AA?5?$AAm?$AAe?$AAm?$AAo?$AAr@ 00005740     flash.obj
 0001:00004818       ??_C@_1HE@BDJAOKHO@?$AAE?$AAR?$AAR?$AAO?$AAR?$AA?3?$AA?5?$AAE?$AAB?$AAO?$AAO?$AAT?$AA?$CB?$AAB?$AAL?$AAR?$AAe?$AAa?$AAd?$AAB?$AAo?$AAo?$AAt?$AAC?$AAf?$AAg?$AA?3?$AA?5?$AAF?$AAl?$AAa?$AAs@ 00005818     cfg.obj
 0001:00004890       ??_C@_1IG@EBGBGDAI@?$AAE?$AAR?$AAR?$AAO?$AAR?$AA?3?$AA?5?$AAF?$AAl?$AAa?$AAs?$AAh?$AA?5?$AAs?$AAe?$AAc?$AAt?$AAo?$AAr?$AA?5?$AAs?$AAi?$AAz?$AAe?$AA?5?$AA?$CF?$AAd?$AA?5?$AAb?$AAy?$AAt?$AAe@ 00005890     cfg.obj
 0001:00004918       ??_C@_1EE@MHCJNGAF@?$AAE?$AAR?$AAR?$AAO?$AAR?$AA?3?$AA?5?$AAF?$AAM?$AAD?$AA_?$AAG?$AAe?$AAt?$AAI?$AAn?$AAf?$AAo?$AA?5?$AAc?$AAa?$AAl?$AAl?$AA?5?$AAf?$AAa?$AAi?$AAl?$AAe?$AAd?$AA?$CB?$AA?$AN@ 00005918     cfg.obj
 0001:0000495c       ??_C@_1DO@FFNONGBO@?$AAE?$AAR?$AAR?$AAO?$AAR?$AA?3?$AA?5?$AAF?$AAM?$AAD?$AA_?$AAI?$AAn?$AAi?$AAt?$AA?5?$AAc?$AAa?$AAl?$AAl?$AA?5?$AAf?$AAa?$AAi?$AAl?$AAe?$AAd?$AA?$CB?$AA?$AN?$AA?6?$AA?$AA@ 0000595c     cfg.obj
 0001:000049a0       ??_C@_1HI@NMGONLPH@?$AAE?$AAR?$AAR?$AAO?$AAR?$AA?3?$AA?5?$AAE?$AAB?$AAO?$AAO?$AAT?$AA?$CB?$AAB?$AAL?$AAW?$AAr?$AAi?$AAt?$AAe?$AAB?$AAo?$AAo?$AAt?$AAC?$AAf?$AAg?$AA?3?$AA?5?$AAF?$AAl?$AAa@ 000059a0     cfg.obj
 0001:00004a18       ??_C@_1HG@CNPKAHCG@?$AAE?$AAR?$AAR?$AAO?$AAR?$AA?3?$AA?5?$AAE?$AAB?$AAO?$AAO?$AAT?$AA?$CB?$AAB?$AAL?$AAW?$AAr?$AAi?$AAt?$AAe?$AAB?$AAo?$AAo?$AAt?$AAC?$AAf?$AAg?$AA?3?$AA?5?$AAF?$AAl?$AAa@ 00005a18     cfg.obj
 0001:00004a90       ??_C@_1IE@IPHMEIA@?$AA?$AN?$AA?6?$AAE?$AAR?$AAR?$AAO?$AAR?$AA?3?$AA?5?$AAE?$AAB?$AAO?$AAO?$AAT?$AA?$CB?$AAB?$AAL?$AAW?$AAr?$AAi?$AAt?$AAe?$AAB?$AAo?$AAo?$AAt?$AAC?$AAf?$AAg?$AA?3?$AA?5?$AAF@ 00005a90     cfg.obj
 0001:00004b18       ??_C@_1IG@GHABCEAA@?$AAE?$AAR?$AAR?$AAO?$AAR?$AA?3?$AA?5?$AAF?$AAl?$AAa?$AAs?$AAh?$AA?5?$AAs?$AAe?$AAc?$AAt?$AAo?$AAr?$AA?5?$AAs?$AAi?$AAz?$AAe?$AA?5?$AA?$CF?$AAd?$AA?5?$AAb?$AAy?$AAt?$AAe@ 00005b18     cfg.obj
 0001:00004c30       ??_C@_0CJ@MPHJDLPH@?9OALKitlDeviceName?$CIname?5?$DN?50x?$CF08x@ 00005c30     oal_kitl_boot:device.obj
 0001:00004c5c       ??_C@_0CJ@OKPKABKG@?$CLOALKitlDeviceName?$CI?$CFd?1?$CFd?1?$CF08x?0?50@ 00005c5c     oal_kitl_boot:device.obj
 0001:00004da8       ??_C@_17HBLJBP@?$AA?$AN?$AA?6?$AA?5?$AA?$AA@ 00005da8     oal_blmenu:menu.obj
 0001:00004db0       ??_C@_13IMODFHAA@?$AA?9?$AA?$AA@ 00005db0     oal_blmenu:menu.obj
 0001:00004db4       ??_C@_1BO@MKGCCJBG@?$AA?$AN?$AA?6?$AA?5?$AAS?$AAe?$AAl?$AAe?$AAc?$AAt?$AAi?$AAo?$AAn?$AA?3?$AA?5?$AA?$AA@ 00005db4     oal_blmenu:menu.obj
 0001:00004dd4       ??_C@_1BG@EBHIGBFG@?$AA?5?$AA?$FL?$AA?$CF?$AAc?$AA?$FN?$AA?5?$AA?$CF?$AAs?$AA?$AN?$AA?6?$AA?$AA@ 00005dd4     oal_blmenu:menu.obj
 0001:00004dec       ??_C@_15GANGMFKL@?$AA?$CF?$AAs?$AA?$AA@ 00005dec     oal_blmenu:menu.obj
 0001:00004df8       ??_C@_1GG@GCPJEPA@?$AAE?$AAR?$AAR?$AAO?$AAR?$AA?3?$AA?5?$AAO?$AAA?$AAL?$AAB?$AAL?$AAM?$AAe?$AAn?$AAu?$AAS?$AAe?$AAl?$AAe?$AAc?$AAt?$AAD?$AAe?$AAv?$AAi?$AAc?$AAe?$AA?3?$AA?5?$AAI?$AAn@ 00005df8     oal_blmenu:menu.obj
 0001:00004e60       ??_C@_1CO@MNGNNHKJ@?$AA?5?$AA?$CF?$AAs?$AA?5?$AAd?$AAe?$AAv?$AAi?$AAc?$AAe?$AA?5?$AAs?$AAe?$AAt?$AA?5?$AAt?$AAo?$AA?5?$AA?$CF?$AAs?$AA?$AN?$AA?6?$AA?$AA@ 00005e60     oal_blmenu:menu.obj
 0001:00004e90       ??_C@_1DG@FKDJCDHM@?$AA?$AN?$AA?6?$AA?5?$AAS?$AAe?$AAl?$AAe?$AAc?$AAt?$AAi?$AAo?$AAn?$AA?5?$AA?$CI?$AAa?$AAc?$AAt?$AAu?$AAa?$AAl?$AA?5?$AA?$CF?$AAs?$AA?$CJ?$AA?3?$AA?5?$AA?$AA@ 00005e90     oal_blmenu:menu.obj
 0001:00004ec8       ??_C@_1CC@GHCHDPIM@?$AAS?$AAe?$AAl?$AAe?$AAc?$AAt?$AA?5?$AA?$CF?$AAs?$AA?5?$AAD?$AAe?$AAv?$AAi?$AAc?$AAe?$AA?$AA@ 00005ec8     oal_blmenu:menu.obj
 0001:00004eec       ??_C@_17ILCABGPK@?$AA?$AI?$AA?5?$AA?$AI?$AA?$AA@ 00005eec     oal_blmenu:menu.obj
 0001:00005018       ??_C@_1O@INIEDEDF@?$AA?$CI?$AAN?$AAU?$AAL?$AAL?$AA?$CJ?$AA?$AA@ 00006018     oal_blnk:format.obj
 0001:00005028       ??_C@_06LHGEHABH@?$CINULL?$CJ?$AA@ 00006028     oal_blnk:format.obj
 0001:000050c0       pTOC                       000060c0     oal_blcommon:blcommon.obj
 0001:000050c8       NKSignon                   000060c8     oal_blcommon:blcommon.obj
 0001:00005124       ??_C@_0DJ@LFHEGALA@ERROR?3?5Checksum?5failure?5?$CIexpecte@ 00006124     oal_blcommon:blcommon.obj
 0001:00005160       ??_C@_0BM@DKIOIAMD@?$AN?6BL_IMAGE_TYPE_UNKNOWN?$AN?6?$AN?6?$AA@ 00006160     oal_blcommon:blcommon.obj
 0001:0000517c       ??_C@_0BP@KNNCEABF@?$AN?6BL_IMAGE_TYPE_SIGNED_NB0?$AN?6?$AN?6?$AA@ 0000617c     oal_blcommon:blcommon.obj
 0001:0000519c       ??_C@_07LAGBNAEN@R000FF?6?$AA@ 0000619c     oal_blcommon:blcommon.obj
 0001:000051a4       ??_C@_0BP@MJFCGNBB@?$AN?6BL_IMAGE_TYPE_SIGNED_BIN?$AN?6?$AN?6?$AA@ 000061a4     oal_blcommon:blcommon.obj
 0001:000051c4       ??_C@_07HMMLNAND@S000FF?6?$AA@ 000061c4     oal_blcommon:blcommon.obj
 0001:000051cc       ??_C@_0BI@HBMHAEFD@?$AN?6BL_IMAGE_TYPE_BIN?$AN?6?$AN?6?$AA@ 000061cc     oal_blcommon:blcommon.obj
 0001:000051e4       ??_C@_07MMNKOBGG@B000FF?6?$AA@ 000061e4     oal_blcommon:blcommon.obj
 0001:000051ec       ??_C@_0BN@IHLEHBEK@?$AN?6BL_IMAGE_TYPE_MULTIXIP?$AN?6?$AN?6?$AA@ 000061ec     oal_blcommon:blcommon.obj
 0001:0000520c       ??_C@_07CBKBMMIF@X000FF?6?$AA@ 0000620c     oal_blcommon:blcommon.obj
 0001:00005214       ??_C@_0BN@GCKOHOON@?$AN?6BL_IMAGE_TYPE_MANIFEST?$AN?6?$AN?6?$AA@ 00006214     oal_blcommon:blcommon.obj
 0001:00005234       ??_C@_07JLHFPECJ@N000FF?6?$AA@ 00006234     oal_blcommon:blcommon.obj
 0001:0000523c       ??_C@_0CL@OKMIEAHJ@?$AN?6ERROR?3?5Unable?5to?5read?5image?5si@ 0000623c     oal_blcommon:blcommon.obj
 0001:00005268       ??_C@_0DJ@PIPLIHFI@?$AN?6ERROR?3?5Unable?5to?5read?5download@ 00006268     oal_blcommon:blcommon.obj
 0001:000052a8       ??_C@_0EC@LAKEOKID@?$AN?6ERROR?3?5Download?5manifest?5packe@ 000062a8     oal_blcommon:blcommon.obj
 0001:000052ec       ??_C@_0DG@DBBGHEAG@?$AN?6ERROR?3?5Unable?5to?5read?5download@ 000062ec     oal_blcommon:blcommon.obj
 0001:00005324       ??_C@_0DL@DCHMDHHD@ImageStart?5?$DN?50x?$CFx?0?5ImageLength?5?$DN@ 00006324     oal_blcommon:blcommon.obj
 0001:00005360       ??_C@_0CO@PFLGIDFG@ERROR?3?5failed?5when?5reading?5raw?5b@ 00006360     oal_blcommon:blcommon.obj
 0001:00005390       ??_C@_0BP@EOFEMPOO@Invalid?5flash?5address?1length?$AN?6?$AA@ 00006390     oal_blcommon:blcommon.obj
 0001:000053b0       ??_C@_0CC@DNECAMLM@?$CBOEMVERIFYMEMORY?3?5Invalid?5image?$AN@ 000063b0     oal_blcommon:blcommon.obj
 0001:000053d4       ??_C@_0DH@GJCJAHAP@?$FL?$CFd?$FN?3?5Address?$DN0x?$CFx?5?5Length?$DN0x?$CFx?5@ 000063d4     oal_blcommon:blcommon.obj
 0001:0000540c       ??_C@_03ILDADBHF@RAM?$AA@  0000640c     oal_blcommon:blcommon.obj
 0001:00005410       ??_C@_05HPMNGINJ@FLASH?$AA@ 00006410     oal_blcommon:blcommon.obj
 0001:00005418       ??_C@_0BH@FIOKDOBJ@?$AN?6Completed?5file?$CIs?$CJ?3?$AN?6?$AA@ 00006418     oal_blcommon:blcommon.obj
 0001:00005430       ??_C@_0FC@PGPOMBFM@?9?9?9?9?9?9?9?9?9?9?9?9?9?9?9?9?9?9?9?9?9?9?9?9?9?9?9?9?9?9?9?9@ 00006430     oal_blcommon:blcommon.obj
 0001:00005484       ??_C@_06OLEINIPO@nk?4exe?$AA@ 00006484     oal_blcommon:blcommon.obj
 0001:0000548c       ??_C@_0CE@NKAMCDHO@Unable?5to?5read?5image?5start?1lengt@ 0000648c     oal_blcommon:blcommon.obj
 0001:000054b0       ??_C@_0DI@FDIIHFBA@?$CK?$CK?$CK?$CK?$CK?$CK?5Checksum?5failure?5on?5recor@ 000064b0     oal_blcommon:blcommon.obj
 0001:000054e8       ??_C@_0DD@KHJBCIED@?$CK?$CK?$CK?$CK?$CK?$CK?5Data?5record?5?$CFd?5corrupted?0@ 000064e8     oal_blcommon:blcommon.obj
 0001:0000551c       ??_C@_0BD@PHLGNLDI@rom_offset?$DN0x?$CFx?4?$AN?6?$AA@ 0000651c     oal_blcommon:blcommon.obj
 0001:00005530       ??_C@_0EC@NABDPCJO@?$CK?$CK?5ERROR?3?5This?5boot?5loader?5does?5@ 00006530     oal_blcommon:blcommon.obj
 0001:00005578       ??_C@_0EC@MIGFFFAC@?$CK?$CK?5ERROR?3?5This?5boot?5loader?5does?5@ 00006578     oal_blcommon:blcommon.obj
 0001:000055bc       ??_C@_06BEBGGBAB@?$AN?6?$CK?$CK?$AN?6?$AA@ 000065bc     oal_blcommon:blcommon.obj
 0001:000055c8       ??_C@_0GI@NIAHKKOO@?$CK?$CK?5ERROR?3?5The?5X000FF?5packet?5is?5a@ 000065c8     oal_blcommon:blcommon.obj
 0001:00005630       ??_C@_0FO@KDFAPMNM@?$CK?$CK?5Please?5update?5your?5Platform?5B@ 00006630     oal_blcommon:blcommon.obj
 0001:00005690       ??_C@_04IPBEALME@?$CK?$CK?$AN?6?$AA@ 00006690     oal_blcommon:blcommon.obj
 0001:00005698       ??_C@_0BI@OCFAEGPK@ROMHDR?5at?5Address?5?$CFXh?$AN?6?$AA@ 00006698     oal_blcommon:blcommon.obj
 0001:000056b0       ??_C@_0CL@NOFKHKJC@System?5ready?$CB?$AN?6Preparing?5for?5dow@ 000066b0     oal_blcommon:blcommon.obj
 0001:000056dc       ??_C@_0M@CDHNGIPM@?$CFu?4?$CFu?4?$CFu?4?$CFu?$AA@ 000066dc     oal_blcommon:format.obj
 0001:00005778       ??_C@_1EE@DLLAKNKJ@?$AA?9?$AAO?$AAA?$AAL?$AAF?$AAl?$AAa?$AAs?$AAh?$AAS?$AAt?$AAo?$AAr?$AAe?$AAO?$AAp?$AAe?$AAn?$AA?$CI?$AAr?$AAc?$AA?5?$AA?$DN?$AA?5?$AA0?$AAx?$AA?$CF?$AA0?$AA8?$AAx?$AA?$CJ?$AA?$AN@ 00006778     common_ti_oal_flashstore:flashstore.obj
 0001:000057c0       ??_C@_1GC@LGNOEKEA@?$AAO?$AAA?$AAL?$AAF?$AAl?$AAa?$AAs?$AAh?$AAS?$AAt?$AAo?$AAr?$AAe?$AAO?$AAp?$AAe?$AAn?$AA?3?$AA?5?$AA?$CF?$AAd?$AA?5?$AAb?$AAl?$AAo?$AAc?$AAk?$AAs?$AA?0?$AA?5?$AA?$CF?$AAd@ 000067c0     common_ti_oal_flashstore:flashstore.obj
 0001:00005828       ??_C@_1HC@FKJBCKDO@?$AAO?$AAA?$AAL?$AAF?$AAl?$AAa?$AAs?$AAh?$AAS?$AAt?$AAo?$AAr?$AAe?$AAO?$AAp?$AAe?$AAn?$AA?3?$AA?5?$AA?$CF?$AAd?$AA?5?$AAb?$AAy?$AAt?$AAe?$AAs?$AA?1?$AAs?$AAe?$AAc?$AAt@ 00006828     common_ti_oal_flashstore:flashstore.obj
 0001:000058a0       ??_C@_1GK@DBMLJPHK@?$AAE?$AAR?$AAR?$AAO?$AAR?$AA?3?$AA?5?$AAO?$AAA?$AAL?$AAF?$AAl?$AAa?$AAs?$AAh?$AAS?$AAt?$AAo?$AAr?$AAe?$AAO?$AAp?$AAe?$AAn?$AA?3?$AA?5?$AAF?$AAM?$AAD?$AA_?$AAG?$AAe@ 000068a0     common_ti_oal_flashstore:flashstore.obj
 0001:00005910       ??_C@_1GE@JPMDHDDC@?$AAE?$AAR?$AAR?$AAO?$AAR?$AA?3?$AA?5?$AAO?$AAA?$AAL?$AAF?$AAl?$AAa?$AAs?$AAh?$AAS?$AAt?$AAo?$AAr?$AAe?$AAO?$AAp?$AAe?$AAn?$AA?3?$AA?5?$AAF?$AAM?$AAD?$AA_?$AAI?$AAn@ 00006910     common_ti_oal_flashstore:flashstore.obj
 0001:00005974       ??_C@_1DK@MODMACFL@?$AA?$CL?$AAO?$AAA?$AAL?$AAF?$AAl?$AAa?$AAs?$AAh?$AAS?$AAt?$AAo?$AAr?$AAe?$AAO?$AAp?$AAe?$AAn?$AA?$CI?$AA0?$AAx?$AA?$CF?$AA0?$AA8?$AAx?$AA?$CJ?$AA?$AN?$AA?6?$AA?$AA@ 00006974     common_ti_oal_flashstore:flashstore.obj
 0001:000059b0       ??_C@_1DE@JONHLDDF@?$AAW?$AAA?$AAR?$AAN?$AA?3?$AA?5?$AAS?$AAk?$AAi?$AAp?$AA?5?$AAb?$AAa?$AAd?$AA?5?$AAb?$AAl?$AAo?$AAc?$AAk?$AA?5?$AA?$CF?$AAd?$AA?$AN?$AA?6?$AA?$AA@ 000069b0     common_ti_oal_flashstore:flashstore.obj
 0001:000059e4       ??_C@_1DO@DHDNAGME@?$AA?9?$AAO?$AAA?$AAL?$AAF?$AAl?$AAa?$AAs?$AAh?$AAS?$AAt?$AAo?$AAr?$AAe?$AAW?$AAr?$AAi?$AAt?$AAe?$AA?$CI?$AAr?$AAc?$AA?5?$AA?$DN?$AA?5?$AA?$CF?$AAd?$AA?$CJ?$AA?$AN?$AA?6?$AA?$AA@ 000069e4     common_ti_oal_flashstore:flashstore.obj
 0001:00005a28       ??_C@_1KE@CHNFEMEO@?$AAE?$AAR?$AAR?$AAO?$AAR?$AA?3?$AA?5?$AAO?$AAA?$AAL?$AAF?$AAl?$AAa?$AAs?$AAh?$AAS?$AAt?$AAo?$AAr?$AAe?$AAW?$AAr?$AAi?$AAt?$AAe?$AA?3?$AA?5?$AAC?$AAo?$AAr?$AAr?$AAu@ 00006a28     common_ti_oal_flashstore:flashstore.obj
 0001:00005ad0       ??_C@_1HO@CIDFMKMH@?$AAE?$AAR?$AAR?$AAO?$AAR?$AA?3?$AA?5?$AAO?$AAA?$AAL?$AAF?$AAl?$AAa?$AAs?$AAh?$AAS?$AAt?$AAo?$AAr?$AAe?$AAW?$AAr?$AAi?$AAt?$AAe?$AA?3?$AA?5?$AAF?$AAa?$AAi?$AAl?$AAe@ 00006ad0     common_ti_oal_flashstore:flashstore.obj
 0001:00005b50       ??_C@_1HO@FLMJGLLL@?$AAE?$AAR?$AAR?$AAO?$AAR?$AA?3?$AA?5?$AAO?$AAA?$AAL?$AAF?$AAl?$AAa?$AAs?$AAh?$AAS?$AAt?$AAo?$AAr?$AAe?$AAW?$AAr?$AAi?$AAt?$AAe?$AA?3?$AA?5?$AAR?$AAu?$AAn?$AA?5?$AAo@ 00006b50     common_ti_oal_flashstore:flashstore.obj
 0001:00005bd0       ??_C@_1JG@BJDMMIFN@?$AAW?$AAA?$AAR?$AAN?$AA?3?$AA?5?$AAO?$AAA?$AAL?$AAF?$AAl?$AAa?$AAs?$AAh?$AAS?$AAt?$AAo?$AAr?$AAe?$AAW?$AAr?$AAi?$AAt?$AAe?$AA?3?$AA?5?$AAF?$AAa?$AAi?$AAl?$AAe?$AAd@ 00006bd0     common_ti_oal_flashstore:flashstore.obj
 0001:00005c68       ??_C@_1IE@BDHDNOD@?$AAW?$AAA?$AAR?$AAN?$AA?3?$AA?5?$AAO?$AAA?$AAL?$AAF?$AAl?$AAa?$AAs?$AAh?$AAS?$AAt?$AAo?$AAr?$AAe?$AAW?$AAr?$AAi?$AAt?$AAe?$AA?3?$AA?5?$AAF?$AAa?$AAi?$AAl?$AAe?$AAd@ 00006c68     common_ti_oal_flashstore:flashstore.obj
 0001:00005cf0       ??_C@_1KK@LPEKIKDN@?$AAE?$AAR?$AAR?$AAO?$AAR?$AA?3?$AA?5?$AAO?$AAA?$AAL?$AAF?$AAl?$AAa?$AAs?$AAh?$AAS?$AAt?$AAo?$AAr?$AAe?$AAW?$AAr?$AAi?$AAt?$AAe?$AA?3?$AA?5?$AAF?$AAa?$AAi?$AAl?$AAe@ 00006cf0     common_ti_oal_flashstore:flashstore.obj
 0001:00005da0       ??_C@_1LA@OCBPILJB@?$AAE?$AAR?$AAR?$AAO?$AAR?$AA?3?$AA?5?$AAO?$AAA?$AAL?$AAF?$AAl?$AAa?$AAs?$AAh?$AAS?$AAt?$AAo?$AAr?$AAe?$AAR?$AAe?$AAa?$AAd?$AA?3?$AA?5?$AAF?$AAl?$AAa?$AAs?$AAh?$AA?5@ 00006da0     common_ti_oal_flashstore:flashstore.obj
 0001:00005e50       ??_C@_1KG@OCIIDMHN@?$AAE?$AAR?$AAR?$AAO?$AAR?$AA?3?$AA?5?$AAO?$AAA?$AAL?$AAF?$AAl?$AAa?$AAs?$AAh?$AAS?$AAt?$AAo?$AAr?$AAe?$AAW?$AAr?$AAi?$AAt?$AAe?$AA?3?$AA?5?$AAF?$AAl?$AAa?$AAs?$AAh@ 00006e50     common_ti_oal_flashstore:flashstore.obj
 0001:00005ef8       ??_C@_1HM@NGCJEILF@?$AA?$CL?$AAO?$AAA?$AAL?$AAF?$AAl?$AAa?$AAs?$AAh?$AAS?$AAt?$AAo?$AAr?$AAe?$AAW?$AAr?$AAi?$AAt?$AAe?$AA?$CI?$AA0?$AAx?$AA?$CF?$AA0?$AA8?$AAx?$AA?0?$AA?5?$AA0?$AAx?$AA?$CF?$AA0@ 00006ef8     common_ti_oal_flashstore:flashstore.obj
 0001:00005f74       ??_C@_1DM@KJHIDCKC@?$AA?9?$AAO?$AAA?$AAL?$AAF?$AAl?$AAa?$AAs?$AAh?$AAS?$AAt?$AAo?$AAr?$AAe?$AAR?$AAe?$AAa?$AAd?$AA?$CI?$AAr?$AAc?$AA?5?$AA?$DN?$AA?5?$AA?$CF?$AAd?$AA?$CJ?$AA?$AN?$AA?6?$AA?$AA@ 00006f74     common_ti_oal_flashstore:flashstore.obj
 0001:00005fb0       ??_C@_1JE@BGBADADK@?$AAE?$AAR?$AAR?$AAO?$AAR?$AA?3?$AA?5?$AAO?$AAA?$AAL?$AAF?$AAl?$AAa?$AAs?$AAh?$AAS?$AAt?$AAo?$AAr?$AAe?$AAR?$AAe?$AAa?$AAd?$AA?3?$AA?5?$AAF?$AAa?$AAi?$AAl?$AAe?$AAd@ 00006fb0     common_ti_oal_flashstore:flashstore.obj
 0001:00006048       ??_C@_1HM@LNEGDDBN@?$AAE?$AAR?$AAR?$AAO?$AAR?$AA?3?$AA?5?$AAO?$AAA?$AAL?$AAF?$AAl?$AAa?$AAs?$AAh?$AAS?$AAt?$AAo?$AAr?$AAe?$AAR?$AAe?$AAa?$AAd?$AA?3?$AA?5?$AAR?$AAu?$AAn?$AA?5?$AAo?$AAu@ 00007048     common_ti_oal_flashstore:flashstore.obj
 0001:000060c8       ??_C@_1KI@BBPBIBEF@?$AAE?$AAR?$AAR?$AAO?$AAR?$AA?3?$AA?5?$AAO?$AAA?$AAL?$AAF?$AAl?$AAa?$AAs?$AAh?$AAS?$AAt?$AAo?$AAr?$AAe?$AAR?$AAe?$AAa?$AAd?$AA?3?$AA?5?$AAF?$AAa?$AAi?$AAl?$AAe?$AAd@ 000070c8     common_ti_oal_flashstore:flashstore.obj
 0001:00006170       ??_C@_1KC@GLMKKJJO@?$AAE?$AAR?$AAR?$AAO?$AAR?$AA?3?$AA?5?$AAO?$AAA?$AAL?$AAF?$AAl?$AAa?$AAs?$AAh?$AAS?$AAt?$AAo?$AAr?$AAe?$AAR?$AAe?$AAa?$AAd?$AA?3?$AA?5?$AAF?$AAl?$AAa?$AAs?$AAh?$AA?5@ 00007170     common_ti_oal_flashstore:flashstore.obj
 0001:00006218       ??_C@_1HK@HAFKLFGC@?$AA?$CL?$AAO?$AAA?$AAL?$AAF?$AAl?$AAa?$AAs?$AAh?$AAS?$AAt?$AAo?$AAr?$AAe?$AAR?$AAe?$AAa?$AAd?$AA?$CI?$AA0?$AAx?$AA?$CF?$AA0?$AA8?$AAx?$AA?0?$AA?5?$AA0?$AAx?$AA?$CF?$AA0?$AA8@ 00007218     common_ti_oal_flashstore:flashstore.obj
 0001:00006298       ??_C@_1EM@DFFPJPPN@?$AA?9?$AAO?$AAA?$AAL?$AAF?$AAl?$AAa?$AAs?$AAh?$AAS?$AAt?$AAo?$AAr?$AAe?$AAB?$AAu?$AAf?$AAf?$AAe?$AAr?$AAe?$AAd?$AAR?$AAe?$AAa?$AAd?$AA?$CI?$AAr?$AAc?$AA?5?$AA?$DN?$AA?5@ 00007298     common_ti_oal_flashstore:flashstore.obj
 0001:000062e8       ??_C@_1HC@PIJOJJGP@?$AA?$CL?$AAO?$AAA?$AAL?$AAF?$AAl?$AAa?$AAs?$AAh?$AAS?$AAt?$AAo?$AAr?$AAe?$AAB?$AAu?$AAf?$AAf?$AAe?$AAr?$AAe?$AAd?$AAR?$AAe?$AAa?$AAd?$AA?$CI?$AA0?$AAx?$AA?$CF?$AA0?$AA8@ 000072e8     common_ti_oal_flashstore:flashstore.obj
 0001:000063f0       ??_C@_1KI@MDFCMHMG@?$AAC?$AA?3?$AA?2?$AAW?$AAI?$AAN?$AAC?$AAE?$AA6?$AA0?$AA0?$AA?2?$AAP?$AAL?$AAA?$AAT?$AAF?$AAO?$AAR?$AAM?$AA?2?$AAC?$AAO?$AAM?$AAM?$AAO?$AAN?$AA?2?$AAS?$AAR?$AAC?$AA?2@ 000073f0     common_ti_fmd_nand_boot:fmd.obj
 0001:00006498       ??_C@_1CI@OHCJFJPM@?$AAE?$AAR?$AAR?$AAO?$AAR?$AA?3?$AA?5?$AA?$CF?$AAs?$AA?5?$AAl?$AAi?$AAn?$AAe?$AA?5?$AA?$CF?$AAd?$AA?3?$AA?5?$AA?$AA@ 00007498     common_ti_fmd_nand_boot:fmd.obj
 0001:000064c0       ??_C@_1HG@DCOIKHPB@?$AAF?$AAM?$AAD?$AA?5?$AAd?$AAr?$AAi?$AAv?$AAe?$AAr?$AA?5?$AAs?$AAu?$AAp?$AAp?$AAo?$AAr?$AAt?$AAs?$AA?5?$AAo?$AAn?$AAl?$AAy?$AA?5?$AA1?$AA6?$AAb?$AAi?$AAt?$AAs?$AA?5@ 000074c0     common_ti_fmd_nand_boot:fmd.obj
 0001:00006538       ??_C@_1DK@CAAJGKFH@?$AAI?$AAn?$AAc?$AAo?$AAr?$AAr?$AAe?$AAc?$AAt?$AA?5?$AAE?$AAC?$AAC?$AA?5?$AAt?$AAy?$AAp?$AAe?$AA?5?$AAs?$AAe?$AAt?$AAt?$AAi?$AAn?$AAg?$AA?$AN?$AA?6?$AA?$AA@ 00007538     common_ti_fmd_nand_boot:fmd.obj
 0001:00006608       ??_C@_1EA@JNFKONCC@?$AAE?$AAr?$AAr?$AAo?$AAr?$AA?3?$AA?5?$AAU?$AAn?$AAr?$AAe?$AAc?$AAo?$AAg?$AAn?$AAi?$AAz?$AAe?$AAd?$AA?5?$AAM?$AAo?$AAd?$AAe?$AA?$FL?$AA?$CF?$AAd?$AA?$FN?$AA?$CB?$AA?$AN?$AA?6?$AA?$AA@ 00007608     common_ti_fmd_nand_boot:gpmc_ecc.obj
 0001:00006648       ??_C@_1EI@LMGHLBK@?$AAE?$AAC?$AAC?$AA_?$AAI?$AAn?$AAi?$AAt?$AA?3?$AA?5?$AAu?$AAn?$AAs?$AAu?$AAp?$AAp?$AAo?$AAr?$AAt?$AAe?$AAd?$AA?5?$AAe?$AAc?$AAc?$AA?5?$AAm?$AAo?$AAd?$AAe?$AA?3?$AA?$CF@ 00007648     common_ti_fmd_nand_boot:gpmc_ecc.obj
 0001:00006720       ??_C@_1EA@CJMKJJJH@?$AAO?$AAA?$AAL?$AAL?$AAo?$AAc?$AAa?$AAl?$AAA?$AAl?$AAl?$AAo?$AAc?$AA?5?$AAr?$AAe?$AAt?$AAu?$AAr?$AAn?$AAe?$AAd?$AA?5?$AAN?$AAU?$AAL?$AAL?$AA?5?$AA?$CB?$AA?$AN?$AA?6?$AA?$AA@ 00007720     common_ti_oal_alloc:alloc.obj
 0001:00006888       ??_C@_1KM@EEHAFCCJ@?$AAC?$AA?3?$AA?2?$AAW?$AAI?$AAN?$AAC?$AAE?$AA6?$AA0?$AA0?$AA?2?$AAP?$AAL?$AAA?$AAT?$AAF?$AAO?$AAR?$AAM?$AA?2?$AAC?$AAO?$AAM?$AAM?$AAO?$AAN?$AA?2?$AAS?$AAR?$AAC?$AA?2@ 00007888     common_ti_oali2c:oali2c.obj
 0001:00006934       ??_C@_1CC@EHKJMBJI@?$AAD?$AAe?$AAv?$AAi?$AAc?$AAe?$AA?5?$AAn?$AAo?$AAt?$AA?5?$AAf?$AAo?$AAu?$AAn?$AAd?$AA?$AA@ 00007934     common_ti_oali2c:oali2c.obj
 0001:00006958       ??_C@_1KA@GOKKFLEJ@?$AAW?$AAA?$AAR?$AAN?$AA?3?$AA?5?$AAI?$AA2?$AAC?$AA?3?$AA?3?$AAI?$AA2?$AAC?$AAP?$AAo?$AAl?$AAl?$AAS?$AAt?$AAa?$AAt?$AAu?$AAs?$AA?5?$AA?9?$AA?5?$AAc?$AAh?$AAe?$AAc?$AAk@ 00007958     common_ti_oali2c:oali2c.obj
 0001:000069f8       ??_C@_1GK@FLELOHLG@?$AAW?$AAA?$AAR?$AAN?$AA?3?$AA?5?$AAI?$AA2?$AAC?$AA?3?$AA?3?$AAI?$AA2?$AAC?$AAR?$AAe?$AAs?$AAe?$AAt?$AAD?$AAe?$AAv?$AAi?$AAc?$AAe?$AA?5?$AA?9?$AA?5?$AAf?$AAa?$AAi?$AAl@ 000079f8     common_ti_oali2c:oali2c.obj
 0001:00006a68       ??_C@_1GO@NCGHHJFM@?$AAW?$AAA?$AAR?$AAN?$AA?3?$AA?5?$AAI?$AA2?$AAC?$AA?3?$AA?5?$AAW?$AAr?$AAi?$AAt?$AAe?$AA?5?$AAf?$AAa?$AAi?$AAl?$AAe?$AAd?$AA?5?$AA?$CI?$AAS?$AAA?$AA?$DN?$AA0?$AAx?$AA?$CF?$AA0@ 00007a68     common_ti_oali2c:oali2c.obj
 0001:00006ad8       ??_C@_1CO@EBLPIMOB@?$AAW?$AAr?$AAi?$AAt?$AAe?$AA?3?$AA?5?$AAA?$AAt?$AAt?$AAe?$AAm?$AAp?$AAt?$AAs?$AA?5?$AA?$DN?$AA?5?$AA?$CF?$AAd?$AA?$AN?$AA?6?$AA?$AA@ 00007ad8     common_ti_oali2c:oali2c.obj
 0001:00006b08       ??_C@_1HM@LEOLDKCA@?$AAW?$AAA?$AAR?$AAN?$AA?3?$AA?5?$AAI?$AA2?$AAC?$AA?3?$AA?5?$AAR?$AAe?$AAa?$AAd?$AA?5?$AAf?$AAa?$AAi?$AAl?$AAe?$AAd?$AA?5?$AA?$CI?$AAs?$AAl?$AAa?$AAv?$AAe?$AA?5?$AAa?$AAd@ 00007b08     common_ti_oali2c:oali2c.obj
 0001:00006b84       ??_C@_1CM@HPEFBBEG@?$AAR?$AAe?$AAa?$AAd?$AA?3?$AA?5?$AAA?$AAt?$AAt?$AAe?$AAm?$AAp?$AAt?$AAs?$AA?5?$AA?$DN?$AA?5?$AA?$CF?$AAd?$AA?$AN?$AA?6?$AA?$AA@ 00007b84     common_ti_oali2c:oali2c.obj
 0001:00006bb0       ??_C@_1CO@IKDMELMO@?$AAI?$AA2?$AAC?$AA?3?$AA?5?$AAR?$AAE?$AAS?$AAE?$AAT?$AA?5?$AAd?$AAe?$AAv?$AAi?$AAc?$AAe?$AA?5?$AA?$CF?$AAd?$AA?$AN?$AA?6?$AA?$AA@ 00007bb0     common_ti_oali2c:oali2c.obj
 0001:00006e80       ??_C@_1FK@KLGDBING@?$AAS?$AAD?$AAC?$AAA?$AAR?$AAD?$AA?3?$AA?5?$AAr?$AAe?$AAq?$AAe?$AAs?$AAt?$AAe?$AAd?$AA?5?$AAs?$AAp?$AAe?$AAe?$AAd?$AA?5?$AA?$CF?$AAd?$AA?0?$AA?5?$AAa?$AAc?$AAt?$AAu?$AAa@ 00007e80     common_ti_boot_sdmemory:sdcard.obj
 0001:00006ee0       ??_C@_1GE@IHFMNDC@?$AAM?$AAM?$AAC?$AA?3?$AA?3?$AAM?$AAM?$AAC?$AAC?$AAo?$AAm?$AAm?$AAa?$AAn?$AAd?$AAR?$AAe?$AAs?$AAp?$AAo?$AAn?$AAs?$AAe?$AA?3?$AA?5?$AAC?$AAo?$AAm?$AAm?$AAa?$AAn?$AAd@ 00007ee0     common_ti_boot_sdmemory:sdcard.obj
 0001:00006f48       ??_C@_1IM@IDDFJJFI@?$AAM?$AAM?$AAC?$AA?3?$AA?3?$AAM?$AAM?$AAC?$AAC?$AAo?$AAm?$AAm?$AAa?$AAn?$AAd?$AAR?$AAe?$AAs?$AAp?$AAo?$AAn?$AAs?$AAe?$AA?3?$AA?5?$AAC?$AAo?$AAm?$AAm?$AAa?$AAn?$AAd@ 00007f48     common_ti_boot_sdmemory:sdcard.obj
 0001:00006fd8       ??_C@_1HM@GLHKNEKG@?$AAM?$AAM?$AAC?$AA?3?$AA?3?$AAM?$AAM?$AAC?$AAC?$AAo?$AAm?$AAm?$AAa?$AAn?$AAd?$AAR?$AAe?$AAs?$AAp?$AAo?$AAn?$AAs?$AAe?$AA?3?$AA?5?$AAM?$AAM?$AAC?$AAS?$AAe?$AAn?$AAd@ 00007fd8     common_ti_boot_sdmemory:sdcard.obj
 0001:00007058       ??_C@_1FE@BCNJBLJK@?$AAS?$AAD?$AAM?$AAe?$AAm?$AA?3?$AA?5?$AAc?$AAa?$AAr?$AAd?$AA?5?$AAr?$AAd?$AAy?$AA?5?$AAb?$AAT?$AAi?$AAm?$AAe?$AAo?$AAu?$AAt?$AA?0?$AA?5?$AAs?$AAt?$AAa?$AAt?$AAu?$AAs@ 00008058     common_ti_boot_sdmemory:sdcard.obj
 0001:000070ac       ??_C@_1DG@LHNGMEJK@?$AAr?$AAe?$AAa?$AAd?$AA?5?$AAm?$AAu?$AAl?$AAt?$AAi?$AA?5?$AAs?$AAe?$AAc?$AAt?$AAo?$AAr?$AAs?$AA?5?$AAe?$AAr?$AAr?$AAo?$AAr?$AA?$AN?$AA?6?$AA?$AA@ 000080ac     common_ti_boot_sdmemory:sdcard.obj
 0001:000070e8       ??_C@_1IM@NDHBECDO@?$AAM?$AAM?$AAC?$AAR?$AAe?$AAa?$AAd?$AAM?$AAu?$AAl?$AAt?$AAi?$AAS?$AAe?$AAc?$AAt?$AAo?$AAr?$AAs?$AA?3?$AA?5?$AAM?$AAM?$AAC?$AAC?$AAo?$AAm?$AAm?$AAa?$AAn?$AAd?$AAR@ 000080e8     common_ti_boot_sdmemory:sdcard.obj
 0001:00007178       ??_C@_1JA@ILPGFCNI@?$AAM?$AAM?$AAC?$AAR?$AAe?$AAa?$AAd?$AAM?$AAu?$AAl?$AAt?$AAi?$AAS?$AAe?$AAc?$AAt?$AAo?$AAr?$AAs?$AA?3?$AA?5?$AAM?$AAM?$AAC?$AAC?$AAo?$AAm?$AAm?$AAa?$AAn?$AAd?$AAR@ 00008178     common_ti_boot_sdmemory:sdcard.obj
 0001:00007208       ??_C@_1FK@HAPCNFMM@?$AAM?$AAM?$AAC?$AAR?$AAe?$AAa?$AAd?$AAM?$AAu?$AAl?$AAt?$AAi?$AAS?$AAe?$AAc?$AAt?$AAo?$AAr?$AAs?$AA?3?$AA?5?$AAM?$AAM?$AAC?$AAW?$AAa?$AAi?$AAt?$AAF?$AAo?$AAr?$AAR@ 00008208     common_ti_boot_sdmemory:sdcard.obj
 0001:00007264       ??_C@_1BK@GAKJANPH@?$AAr?$AAe?$AAa?$AAd?$AA?5?$AAe?$AAr?$AAr?$AAo?$AAr?$AA?$AN?$AA?6?$AA?$AA@ 00008264     common_ti_boot_sdmemory:sdcard.obj
 0001:00007280       ??_C@_1HE@HOGFNIBK@?$AAM?$AAM?$AAC?$AAR?$AAe?$AAa?$AAd?$AA?3?$AA?5?$AAM?$AAM?$AAC?$AAC?$AAo?$AAm?$AAm?$AAa?$AAn?$AAd?$AAR?$AAe?$AAs?$AAp?$AAo?$AAn?$AAs?$AAe?$AA?5?$AAe?$AAr?$AAr?$AAo@ 00008280     common_ti_boot_sdmemory:sdcard.obj
 0001:000072f8       ??_C@_1KA@GCFNELEL@?$AAM?$AAM?$AAC?$AAS?$AAe?$AAl?$AAe?$AAc?$AAt?$AAC?$AAa?$AAr?$AAd?$AA?3?$AA?5?$AAt?$AAi?$AAm?$AAe?$AAo?$AAu?$AAt?$AA?5?$AAw?$AAa?$AAi?$AAt?$AAi?$AAn?$AAg?$AA?5?$AAf@ 000082f8     common_ti_boot_sdmemory:sdcard.obj
 0001:00007398       ??_C@_1GK@CDAMFDEK@?$AAM?$AAM?$AAC?$AA?3?$AA?5?$AAu?$AAn?$AAa?$AAb?$AAl?$AAe?$AA?5?$AAt?$AAo?$AA?5?$AAs?$AAe?$AAt?$AA?5?$AAw?$AAi?$AAd?$AAe?$AA?5?$AAb?$AAu?$AAs?$AA?5?$AAm?$AAo?$AAd?$AAe@ 00008398     common_ti_boot_sdmemory:sdcard.obj
 0001:00007404       ??_C@_1CC@BECOMKMK@?$AAA?$AAP?$AAP?$AA_?$AAC?$AAM?$AAD?$AA?5?$AAf?$AAa?$AAi?$AAl?$AAe?$AAd?$AA?$AN?$AA?6?$AA?$AA@ 00008404     common_ti_boot_sdmemory:sdcard.obj
 0001:00007428       ??_C@_1EK@FDKGIIKM@?$AAS?$AAD?$AAC?$AAa?$AAr?$AAd?$AAI?$AAn?$AAi?$AAt?$AA?3?$AA?5?$AAM?$AAM?$AAC?$AAS?$AAe?$AAt?$AAB?$AAl?$AAo?$AAc?$AAk?$AAL?$AAe?$AAn?$AA?5?$AAf?$AAa?$AAi?$AAl?$AAe@ 00008428     common_ti_boot_sdmemory:sdcard.obj
 0001:00007478       ??_C@_1GE@FEOFGONO@?$AAM?$AAM?$AAC?$AAS?$AAe?$AAl?$AAe?$AAc?$AAt?$AAC?$AAa?$AAr?$AAd?$AA?3?$AA?5?$AAp?$AAo?$AAl?$AAl?$AA?5?$AAs?$AAt?$AAa?$AAt?$AAu?$AAs?$AA?5?$AAe?$AAr?$AAr?$AAo?$AAr@ 00008478     common_ti_boot_sdmemory:sdcard.obj
 0001:000074e0       ??_C@_1JO@JCBKFGLI@?$AAM?$AAM?$AAC?$AAI?$AAs?$AAs?$AAu?$AAe?$AAI?$AAd?$AAe?$AAn?$AAt?$AAi?$AAf?$AAy?$AA?3?$AA?5?$AAb?$AAu?$AAs?$AAy?$AA?5?$AAb?$AAi?$AAt?$AA?5?$AAn?$AAe?$AAv?$AAe?$AAr@ 000084e0     common_ti_boot_sdmemory:sdcard.obj
 0001:00007580       ??_C@_1KE@BIOPJCPI@?$AAM?$AAM?$AAC?$AAI?$AAs?$AAs?$AAu?$AAe?$AAI?$AAd?$AAe?$AAn?$AAt?$AAi?$AAf?$AAy?$AA?3?$AA?5?$AAb?$AAu?$AAs?$AAy?$AA?5?$AAb?$AAi?$AAt?$AA?5?$AAn?$AAe?$AAv?$AAe?$AAr@ 00008580     common_ti_boot_sdmemory:sdcard.obj
 0001:00007628       ??_C@_1FK@HAIGBMKL@?$AAM?$AAM?$AAC?$AAI?$AAs?$AAs?$AAu?$AAe?$AAI?$AAd?$AAe?$AAn?$AAt?$AAi?$AAf?$AAy?$AA?3?$AA?5?$AAM?$AAM?$AAC?$AAC?$AAo?$AAm?$AAm?$AAa?$AAn?$AAd?$AAR?$AAe?$AAs?$AAp@ 00008628     common_ti_boot_sdmemory:sdcard.obj
 0001:00007688       ??_C@_1EI@DCCPDMOI@?$AAS?$AAD?$AAC?$AAa?$AAr?$AAd?$AAI?$AAn?$AAi?$AAt?$AA?3?$AA?5?$AAM?$AAM?$AAC?$AAS?$AAe?$AAl?$AAe?$AAc?$AAt?$AAC?$AAa?$AAr?$AAd?$AA?5?$AAf?$AAa?$AAi?$AAl?$AAe?$AAd@ 00008688     common_ti_boot_sdmemory:sdcard.obj
 0001:000076d0       ??_C@_1EM@FDPFBDGI@?$AAS?$AAD?$AAC?$AAa?$AAr?$AAd?$AAI?$AAn?$AAi?$AAt?$AA?3?$AA?5?$AAM?$AAM?$AAC?$AAW?$AAa?$AAi?$AAt?$AAF?$AAo?$AAr?$AAR?$AAe?$AAa?$AAd?$AAy?$AA?5?$AAf?$AAa?$AAi?$AAl@ 000086d0     common_ti_boot_sdmemory:sdcard.obj
 0001:0000771c       ??_C@_1DM@BFOJJFFG@?$AAS?$AAD?$AAC?$AAa?$AAr?$AAd?$AAI?$AAn?$AAi?$AAt?$AA?3?$AA?5?$AAN?$AAo?$AA?5?$AAm?$AAe?$AAd?$AAi?$AAa?$AA?5?$AAf?$AAo?$AAu?$AAn?$AAd?$AA?$CB?$AA?$AN?$AA?6?$AA?$AA@ 0000871c     common_ti_boot_sdmemory:sdcard.obj
 0001:00007758       ??_C@_1EE@PJJAIGOH@?$AAS?$AAD?$AAC?$AAa?$AAr?$AAd?$AAI?$AAn?$AAi?$AAt?$AA?3?$AA?5?$AAM?$AAM?$AAC?$AAI?$AAn?$AAi?$AAt?$AAD?$AAi?$AAs?$AAk?$AA?5?$AAf?$AAa?$AAi?$AAl?$AAe?$AAd?$AA?$CB?$AA?$AN@ 00008758     common_ti_boot_sdmemory:sdcard.obj
 0001:000077a0       ??_C@_1GI@CBFICDBE@?$AAS?$AAD?$AAC?$AAa?$AAr?$AAd?$AAR?$AAe?$AAa?$AAd?$AAS?$AAe?$AAc?$AAt?$AAo?$AAr?$AA?3?$AA?5?$AAE?$AAr?$AAr?$AAo?$AAr?$AA?5?$AAr?$AAe?$AAa?$AAd?$AAi?$AAn?$AAg?$AA?5@ 000087a0     common_ti_boot_sdmemory:sdcard.obj
 0001:00007808       ??_C@_1HE@MOOOFOKP@?$AAS?$AAD?$AAC?$AAa?$AAr?$AAd?$AAR?$AAe?$AAa?$AAd?$AAS?$AAe?$AAc?$AAt?$AAo?$AAr?$AA?3?$AA?5?$AAE?$AAr?$AAr?$AAo?$AAr?$AA?5?$AAr?$AAe?$AAa?$AAd?$AAi?$AAn?$AAg?$AA?5@ 00008808     common_ti_boot_sdmemory:sdcard.obj
 0001:00007880       ??_C@_1IM@HCIKFOHM@?$AAS?$AAD?$AAC?$AAa?$AAr?$AAd?$AAR?$AAe?$AAa?$AAd?$AAM?$AAu?$AAl?$AAt?$AAi?$AAS?$AAe?$AAc?$AAt?$AAo?$AAr?$AAs?$AA?3?$AA?5?$AAE?$AAr?$AAr?$AAo?$AAr?$AA?5?$AAr?$AAe@ 00008880     common_ti_boot_sdmemory:sdcard.obj
 0001:00007910       ??_C@_1IA@BMANGLND@?$AAS?$AAD?$AAC?$AAa?$AAr?$AAd?$AAR?$AAe?$AAa?$AAd?$AAM?$AAu?$AAl?$AAt?$AAi?$AAS?$AAe?$AAc?$AAt?$AAo?$AAr?$AAs?$AA?3?$AA?5?$AAE?$AAr?$AAr?$AAo?$AAr?$AA?5?$AAr?$AAe@ 00008910     common_ti_boot_sdmemory:sdcard.obj
 0001:00007990       ??_C@_1EM@KMLGLOML@?$AAB?$AAL?$AAS?$AAD?$AAC?$AAa?$AAr?$AAd?$AAD?$AAo?$AAw?$AAn?$AAl?$AAo?$AAa?$AAd?$AA?3?$AA?5?$AA?5?$AAc?$AAa?$AAn?$AAn?$AAo?$AAt?$AA?5?$AAo?$AAp?$AAe?$AAn?$AA?5?$AAf@ 00008990     common_ti_boot_sdmemory:sdcard.obj
[...]
 0002:00000328       dispResMenu                0002e328     menu.obj
 0002:00000358       oppModeMenu35x             0002e358     menu.obj
 0002:00000370       oppModeMenu37x             0002e370     menu.obj
 0002:00000380       g_menuFlash                0002e380     flashmenu.obj
 0002:000004d0       stall_1Sec                 0002e4d0     functionTest.obj
 0002:000004d8       g_menu2170PTest            0002e4d8     functionTest.obj
 0002:00000598       g_menuZ2000Test            0002e598     functionTest.obj
 0002:000005f8       g_ulFlashBase              0002e5f8     flash.obj
 0002:000005fc       g_ulFlashLengthBytes       0002e5fc     flash.obj
 0002:00000600       g_ulBPartBase              0002e600     flash.obj
 0002:00000604       g_ulBPartLengthBytes       0002e604     flash.obj
 0002:00000608       initialOALLogZones         0002e608     oal_log:debug.obj
 0002:00000610       dpCurSettings              0002e610     oal_log:debug.obj
 0002:00000a9c       gpmc_ecc_hamming_code      0002ea9c     common_ti_fmd_nand_boot:gpmc_ecc.obj
 0002:00000aac       gpmc_ecc_bch_4bits         0002eaac     common_ti_fmd_nand_boot:gpmc_ecc.obj
 0002:00000abc       gpmc_ecc_bch_8bits         0002eabc     common_ti_fmd_nand_boot:gpmc_ecc.obj
 0002:00000ad0       OMAPCpuInfo                0002ead0     OMAP3530_oalcpuver:oalcpuver.obj
 0002:00000b18       CPUMaxSpeed                0002eb18     OMAP3530_oalcpuver:oalcpuver.obj
 0002:00000b28       Omap_Gpio                  0002eb28     common_ti_oal_omap_gpio:omap35xx_gpio.obj
 0002:00000c30       Tps659xx_Gpio              0002ec30     TPS659xx_oal_gpio:tps659xx_gpio.obj
 0002:00000c78       g_dwMeasuredSysClkFreq     0002ec78     bspcfg:bspcfg.obj
 0002:00000c7c       _rgScaleTable              0002ec7c     bspcfg:bspcfg.obj
 0002:00000ca0       _rgI2CDevice               0002eca0     bspcfg:bspcfg.obj
 0002:00000d80       SupportedNands             0002ed80     bspcfg:bspcfg.obj
 0002:00000dbc       BSPGpioTables              0002edbc     bspcfg:bspcfg.obj
 0002:00000dd4       bRndisSendPacketEmpty      0002edd4     rne_mdd:rndis.obj
 0002:00000e08       RNdisMddSupportedOids      0002ee08     rne_mdd:hostmini.obj
 0002:00000e98       __security_cookie          0002ee98     gsnull:gsnull.obj
 0002:00000e9c       __security_cookie_complement 0002ee9c     gsnull:gsnull.obj
 0002:00000ea0       ?g_dwMBRSectorNum@@3KA     0002eea0     bootpart:bootpart.obj
 0002:00000eb0       g_d3Sec                    0002eeb0     bsp_display:bsp_logo.obj
 0002:00000ec8       lcd_res_params             0002eec8     bsp_display_init:lcd_qvga.obj
 0002:0000107c       g_InterruptData            0002f07c     common_ti_ethdrv_rndis:rndis.obj
 0002:000012e4       g_CPUFamily                0002f2e4     main.obj
 0002:000112f8       EdbgDebugZone              0003f2f8     eth.obj
 0002:000345a4       gpmc_ecc_func              000625a4     common_ti_fmd_nand_boot:gpmc_ecc.obj
 0002:000345cc       ?csGpio@@3UCRITICAL_SECTION@@A 000625cc     TPS659xx_oal_gpio:tps659xx_gpio.obj
 0002:000345e4       ?g_fGpioPostInit@@3HA      000625e4     TPS659xx_oal_gpio:tps659xx_gpio.obj
 0002:0003e478       ?g_partStateTable@@3PAU_PARTSTATE@@A 0006c478     bootpart:bootpart.obj
 0002:0003e498       ?g_FlashInfo@@3U_FlashInfo@@A 0006c498     bootpart:bootpart.obj
 0002:0003e4a8       ?g_dwDataBytesPerBlock@@3KA 0006c4a8     bootpart:bootpart.obj
 0002:0003e4ac       ?g_dwLastWrittenLoc@@3KA   0006c4ac     bootpart:bootpart.obj
 0002:0003e4b0       ?g_dwLastLogSector@@3KA    0006c4b0     bootpart:bootpart.obj
 0002:0003e4b4       ?g_pSectorInfoBuf@@3PAU_SectorInfo@@A 0006c4b4     bootpart:bootpart.obj
 0002:0003e4b8       ?g_pbMBRSector@@3PAEA      0006c4b8     bootpart:bootpart.obj
 0002:0003e4bc       ?g_pbBlock@@3PAEA          0006c4bc     bootpart:bootpart.obj
 0002:0003ead8       bDoLaunch                  0006cad8     eboot:tftpd.obj
 0002:0003eadc       TftpPeerAddr               0006cadc     eboot:tftpd.obj
 0002:0003eda0       hGpio                      0006cda0     bsp_display:bsp_logo.obj
 0002:0003f0e4       g_pEP1DataWrapper          0006d0e4     common_ti_ethdrv_rndis:rndis.obj
 0002:0003f0e8       g_devState                 0006d0e8     common_ti_ethdrv_rndis:rndis.obj
 0002:0003f0ec       g_EP0TransferState         0006d0ec     common_ti_ethdrv_rndis:rndis.obj
 0002:0003f0f0       g_EP1TransferState         0006d0f0     common_ti_ethdrv_rndis:rndis.obj
 0002:0003f0f4       g_EP2TransferState         0006d0f4     common_ti_ethdrv_rndis:rndis.obj
 0002:0003f0f8       g_EP3TransferState         0006d0f8     common_ti_ethdrv_rndis:rndis.obj
 0002:0003f100       gMatrix                    0006d100     <common>
 0002:0003f108       gDevice_prefix             0006d108     <common>
 0002:0003f120       g_eboot                    0006d120     <common>
 0002:0003f268       g_ecctype                  0006d268     <common>
 0002:0003f280       g_bootCfg                  0006d280     <common>
 0002:0003f310       szSprintf                  0006d310     <common>
 0002:0003f314       g_pOEMVerifyMemory         0006d314     <common>
 0002:0003f318       g_dwROMOffset              0006d318     <common>
 0002:0003f31c       g_pOEMReportError          0006d31c     <common>
 0002:0003f320       g_pOEMMultiBINNotify       0006d320     <common>
 0002:0003f324       g_pOEMCheckSignature       0006d324     <common>
 0002:0003f340       g_oalCacheInfo             0006d340     <common>
 0002:0003f388       map                        0006d388     <common>
 0002:0003f38c       nbBlock                    0006d38c     <common>
 0002:0003f390       poolSize                   0006d390     <common>
 0002:0003f394       pool                       0006d394     <common>
 0002:0003f398       ExtendedPartionBaseSector  0006d398     <common>
 0002:0003f3a0       MMCcmd                     0006d3a0     <common>
 0002:0003f420       File                       0006d420     <common>
 0002:0003f644       pFile                      0006d644     <common>
 0002:0003f660       Request                    0006d660     <common>
 0002:0003f6c0       fileio_ops                 0006d6c0     <common>
 0002:0003f6e0       Disk                       0006d6e0     <common>
 0002:0003f718       m_fFirstTime               0006d718     <common>
 0002:0003f71c       m_dwCPURev                 0006d71c     <common>
 0002:0003f720       m_fMMCMode                 0006d720     <common>
 0002:0003f724       m_dwSlot                   0006d724     <common>
 0002:0003f728       m_fCardPresent             0006d728     <common>
 0002:0003f72c       m_dwMaxTimeout             0006d72c     <common>
 0002:0003f730       m_fInitialized             0006d730     <common>
 0002:0003f734       m_fAppCmdMode              0006d734     <common>
 0002:0003f738       m_fCardInitialized         0006d738     <common>
 0002:0003f73c       g_hGPIO                    0006d73c     <common>
 0002:0003f740       m_dwSDIOCard               0006d740     <common>
 0002:0003f744       m_pbRegisters              0006d744     <common>
 0002:0003f748       m_TransferClass            0006d748     <common>
 0002:0003f74c       m_dwMaxClockRate           0006d74c     <common>
 0002:0003f760       g_usbfnpdd                 0006d760     <common>
 0002:0003f8e0       g_EP0DataWrapper           0006d8e0     <common>
 0002:0003f8f0       MDDZONE5                   0006d8f0     <common>
 0002:0003f8f8       g_mddInterface             0006d8f8     <common>
 0002:0003f900       g_EP1Transfer              0006d900     <common>
 0002:0003f920       g_RndisKitlDev             0006d920     <common>
 0002:0003fd68       g_udr                      0006dd68     <common>
 0002:0003fd70       MDDZONE4                   0006dd70     <common>
 0002:0003fd74       PDDZONE                    0006dd74     <common>
 0002:0003fd80       g_EP3Transfer              0006dd80     <common>
 0002:0003fda0       g_pddInterface             0006dda0     <common>
 0002:0003fe00       MDDZONE3                   0006de00     <common>
 0002:0003fe20       g_EP2Transfer              0006de20     <common>
 0002:0003fe40       PDDZONE0                   0006de40     <common>
 0002:0003fe60       g_EP0Transfer              0006de60     <common>
 0002:0003fe80       MDDZONE0                   0006de80     <common>
 0002:0003fe84       MDDZONE                    0006de84     <common>
 0002:0003fe88       MDDZONE2                   0006de88     <common>
 0002:0003fea0       RndisMdd                   0006dea0     <common>
 0002:0003ff80       TFtpLinks                  0006df80     <common>
 0002:00040840       wOdoWellKnownServerPort    0006e840     <common>
 0002:00040842       nNumTFtpLinksInUse         0006e842     <common>
 0002:00040860       TFTPFrameBuffer            0006e860     <common>
 0002:00040ca0       TFtpdServerRegistry        0006eca0     <common>
 0002:00040d68       g_dwLogoPosX               0006ed68     <common>
 0002:00040d6c       g_dwLogoPosY               0006ed6c     <common>
 0002:00040d70       g_dwLogoHeight             0006ed70     <common>
 0002:00040d74       g_dwLogoWidth              0006ed74     <common>

 entry point at        0001:00000000

 Static symbols

 0001:00010380       OEMPlatformDeinit          00011380 f   main.obj
 0001:00011198       SetDeviceID                00012198 f   menu.obj
 0001:000111d4       SetRetailMsgMode           000121d4 f   menu.obj
 0001:0001125c       SetOPPmode                 0001225c f   menu.obj
 0001:00011330       SaveSettings               00012330 f   menu.obj
 0001:000113dc       ShowSDCardSettings         000123dc f   menu.obj
 0001:0001140c       EnterSDCardFilename        0001240c f   menu.obj
 0001:00011438       ShowSettings               00012438 f   menu.obj
 0001:00011560       ShowFlashGeometry          00012560 f   flashmenu.obj
 0001:0001175c       EraseFlash                 0001275c f   flashmenu.obj
 0001:000118c4       EraseBlock                 000128c4 f   flashmenu.obj
 0001:00011af8       ReserveBlock               00012af8 f   flashmenu.obj
 0001:00011cbc       DumpFlash                  00012cbc f   flashmenu.obj
 0001:00011f80       SetBadBlock                00012f80 f   flashmenu.obj
 0001:00012054       FormatFlash                00013054 f   flashmenu.obj
 0001:000120a4       EnableFlashNK              000130a4 f   flashmenu.obj
 0001:0001212c       SetECCType                 0001312c f   flashmenu.obj
 0001:000121c8       WriteEbootToNand           000131c8 f   flashmenu.obj
 0001:0001225c       WriteEbXldLogoToNand       0001325c f   flashmenu.obj
 0001:00012318       WriteLogoToNand            00013318 f   flashmenu.obj
 0001:00012508       DisplayTest_Z2170P         00013508 f   functionTest.obj
 0001:00012534       DRAMTest_Z2170P            00013534 f   functionTest.obj
 0001:00012634       KeypadBkTest_Z2170P        00013634 f   functionTest.obj
 0001:000127e8       TouchPanelTest_Z2170P      000137e8 f   functionTest.obj
 0001:0001281c       AllFunctionTest_Z2000      0001381c f   functionTest.obj
 0001:0001284c       DisplayTest_Z2000          0001384c f   functionTest.obj
 0001:00012878       BkTest_Z2170P              00013878 f   functionTest.obj
 0001:00012894       AllFunctionTest_Z2170P     00013894 f   functionTest.obj
 0001:00012d48       DumpTOC                    00013d48 f   flash.obj
 0001:0001345c       ReadFlashNK                0001445c f   flash.obj
 0001:00014070       GetFormatValue             00015070 f   oal_blnk:format.obj
 0001:00014a3c       GetImageType               00015a3c f   oal_blcommon:blcommon.obj
 0001:00014b7c       CheckImageManifest         00015b7c f   oal_blcommon:blcommon.obj
 0001:00014ca8       DownloadNB0                00015ca8 f   oal_blcommon:blcommon.obj
 0001:00014ea8       WriteImageToFlash          00015ea8 f   oal_blcommon:blcommon.obj
 0001:00014f88       IsKernelRegion             00015f88 f   oal_blcommon:blcommon.obj
 0001:00015044       DownloadBin                00016044 f   oal_blcommon:blcommon.obj
 0001:0001545c       DownloadImage              0001645c f   oal_blcommon:blcommon.obj
 0001:000158b8       pOutputByte                000168b8 f   oal_blcommon:format.obj
 0001:000158e8       pOutputNumHex              000168e8 f   oal_blcommon:format.obj
 0001:00015930       pOutputNumDecimal          00016930 f   oal_blcommon:format.obj
 0001:00016034       SeekToBlock                00017034 f   common_ti_oal_flashstore:flashstore.obj
 0001:0001689c       NAND_Read                  0001789c f   common_ti_fmd_nand_boot:fmd.obj
 0001:0001699c       NAND_Write                 0001799c f   common_ti_fmd_nand_boot:fmd.obj
 0001:00016aa4       NAND_Enable                00017aa4 f   common_ti_fmd_nand_boot:fmd.obj
 0001:00017664       NAND_Initialize            00018664 f   common_ti_fmd_nand_boot:fmd.obj
 0001:0001799c       Hamming_ECC_Init           0001899c f   common_ti_fmd_nand_boot:gpmc_ecc.obj
 0001:000179cc       Hamming_ECC_Calculate      000189cc f   common_ti_fmd_nand_boot:gpmc_ecc.obj
 0001:00017a34       Hamming_ECC_Reset          00018a34 f   common_ti_fmd_nand_boot:gpmc_ecc.obj
 0001:00017a44       Hamming_ECC_CorrectData    00018a44 f   common_ti_fmd_nand_boot:gpmc_ecc.obj
 0001:00017b5c       BCH4_ECC_Init              00018b5c f   common_ti_fmd_nand_boot:gpmc_ecc.obj
 0001:00017bd4       BCH4_ECC_Calculate         00018bd4 f   common_ti_fmd_nand_boot:gpmc_ecc.obj
 0001:00017c74       BCH4_ECC_Reset             00018c74 f   common_ti_fmd_nand_boot:gpmc_ecc.obj
 0001:00017c84       BCH8_ECC_Init              00018c84 f   common_ti_fmd_nand_boot:gpmc_ecc.obj
 0001:00017cfc       BCH8_ECC_Calculate         00018cfc f   common_ti_fmd_nand_boot:gpmc_ecc.obj
 0001:00017dfc       BCH8_ECC_Reset             00018dfc f   common_ti_fmd_nand_boot:gpmc_ecc.obj
 0001:00017f3c       BCH_correct_data           00018f3c f   common_ti_fmd_nand_boot:gpmc_ecc.obj
 0001:00018098       BCH4_ECC_CorrectData       00019098 f   common_ti_fmd_nand_boot:gpmc_ecc.obj
 0001:000180cc       BCH8_ECC_CorrectData       000190cc f   common_ti_fmd_nand_boot:gpmc_ecc.obj
 0001:00018100       mpy_mod_gf                 00019100 f   common_ti_fmd_nand_boot:omap_bch_decoder.obj
 0001:00018160       chien                      00019160 f   common_ti_fmd_nand_boot:omap_bch_decoder.obj
 0001:000183c0       berlekamp                  000193c0 f   common_ti_fmd_nand_boot:omap_bch_decoder.obj
 0001:00018630       syndrome                   00019630 f   common_ti_fmd_nand_boot:omap_bch_decoder.obj
 0001:00018d2c       I2CResetDevice             00019d2c f   common_ti_oali2c:oali2c.obj
 0001:00018fe4       I2CTransaction             00019fe4 f   common_ti_oali2c:oali2c.obj
 0001:0001b834       InitializeHardware         0001c834 f   common_ti_boot_sdhc:sdhc.obj
 0001:0001b970       MmcReset                   0001c970 f   common_ti_boot_sdhc:sdhc.obj
 0001:0001bb48       SendInitSequence           0001cb48 f   common_ti_boot_sdhc:sdhc.obj
 0001:0001bc14       SendCommand                0001cc14 f   common_ti_boot_sdhc:sdhc.obj
 0001:0001becc       GetCommandResponse         0001cecc f   common_ti_boot_sdhc:sdhc.obj
 0001:0001c028       SDIPollingReceive          0001d028 f   common_ti_boot_sdhc:sdhc.obj
 0001:0001c31c       CommandCompleteHandler     0001d31c f   common_ti_boot_sdhc:sdhc.obj
 0001:0001c5d4       SdhcControllerInit         0001d5d4 f   common_ti_boot_sdhc:sdhc.obj
 0001:0001c780       ReadPhy                    0001d780 f   common_ti_ethdrv_lan911x:lan911x.obj
 0001:0001d190       GetGroupByID               0001e190 f   common_ti_oal_gpiodispatch:gpio_dispatch.obj
 0001:0001d45c       ?OmapGpioPostInit@@YAHPAX@Z 0001e45c f   common_ti_oal_omap_gpio:omap35xx_gpio.obj
 0001:0001d4b4       ?OmapGpioDeinit@@YAHPAX@Z  0001e4b4 f   common_ti_oal_omap_gpio:omap35xx_gpio.obj
 0001:0001d584       ?OmapGpioSetMode@@YAHPAXII@Z 0001e584 f   common_ti_oal_omap_gpio:omap35xx_gpio.obj
 0001:0001d6ac       ?OmapGpioGetMode@@YAKPAXI@Z 0001e6ac f   common_ti_oal_omap_gpio:omap35xx_gpio.obj
 0001:0001d7a0       ?OmapGpioPullup@@YAHPAXII@Z 0001e7a0 f   common_ti_oal_omap_gpio:omap35xx_gpio.obj
 0001:0001d7a8       ?OmapGpioPulldown@@YAHPAXII@Z 0001e7a8 f   common_ti_oal_omap_gpio:omap35xx_gpio.obj
 0001:0001d7b0       ?OmapGpioSetBit@@YAHPAXI@Z 0001e7b0 f   common_ti_oal_omap_gpio:omap35xx_gpio.obj
 0001:0001d868       ?OmapGpioClrBit@@YAHPAXI@Z 0001e868 f   common_ti_oal_omap_gpio:omap35xx_gpio.obj
 0001:0001d920       ?OmapGpioGetBit@@YAKPAXI@Z 0001e920 f   common_ti_oal_omap_gpio:omap35xx_gpio.obj
 0001:0001d9cc       ?OmapGpioIoControl@@YAHPAXIPAEI1IPAK@Z 0001e9cc f   common_ti_oal_omap_gpio:omap35xx_gpio.obj
 0001:0001d9d4       ?OmapGpioInit@@YAHPBGPAPAXPAI@Z 0001e9d4 f   common_ti_oal_omap_gpio:omap35xx_gpio.obj
 0001:0001db2c       ?WriteTwlReg@@YAHKPAEI@Z   0001eb2c f   TPS659xx_oal_gpio:tps659xx_gpio.obj
 0001:0001db84       ?ReadTwlReg@@YAHKPAEI@Z    0001eb84 f   TPS659xx_oal_gpio:tps659xx_gpio.obj
 0001:0001dbdc       ?Tps659xxGpioInit@@YAHPBGPAPAXPAI@Z 0001ebdc f   TPS659xx_oal_gpio:tps659xx_gpio.obj
 0001:0001dbec       ?Tps659xxGpioPostInit@@YAHPAX@Z 0001ebec f   TPS659xx_oal_gpio:tps659xx_gpio.obj
 0001:0001dc14       ?Tps659xxGpioDeinit@@YAHPAX@Z 0001ec14 f   TPS659xx_oal_gpio:tps659xx_gpio.obj
 0001:0001dc54       ?Tps659xxGpioSetMode@@YAHPAXII@Z 0001ec54 f   TPS659xx_oal_gpio:tps659xx_gpio.obj
 0001:0001ddbc       ?Tps659xxGpioGetMode@@YAKPAXI@Z 0001edbc f   TPS659xx_oal_gpio:tps659xx_gpio.obj
 0001:0001de8c       ?Tps659xxGpioPullup@@YAHPAXII@Z 0001ee8c f   TPS659xx_oal_gpio:tps659xx_gpio.obj
 0001:0001df40       ?Tps659xxGpioPulldown@@YAHPAXII@Z 0001ef40 f   TPS659xx_oal_gpio:tps659xx_gpio.obj
 0001:0001dff4       ?Tps659xxGpioSetBit@@YAHPAXI@Z 0001eff4 f   TPS659xx_oal_gpio:tps659xx_gpio.obj
 0001:0001e04c       ?Tps659xxGpioClrBit@@YAHPAXI@Z 0001f04c f   TPS659xx_oal_gpio:tps659xx_gpio.obj
 0001:0001e0a4       ?Tps659xxGpioGetBit@@YAKPAXI@Z 0001f0a4 f   TPS659xx_oal_gpio:tps659xx_gpio.obj
 0001:0001e100       ?Tps659xxGpioIoControl@@YAHPAXIPAEI1IPAK@Z 0001f100 f   TPS659xx_oal_gpio:tps659xx_gpio.obj
 0001:000216fc       LBAtoCHS                   000226fc f   bootpart:bootpart.obj
 0001:00021784       AddPartitionTableEntry     00022784 f   bootpart:bootpart.obj
 0001:000218a4       LastLogSector              000228a4 f   bootpart:bootpart.obj
 0001:00021938       Log2Phys                   00022938 f   bootpart:bootpart.obj
 0001:00021a24       FindFreeSector             00022a24 f   bootpart:bootpart.obj
 0001:00021ae4       ?AreSectorsFree@@YAHKK@Z   00022ae4 f   bootpart:bootpart.obj
 0001:00021bcc       ReadBlock                  00022bcc f   bootpart:bootpart.obj
 0001:00021c4c       WriteBlock                 00022c4c f   bootpart:bootpart.obj
 0001:000223ec       ?WriteMBR@@YAHXZ           000233ec f   bootpart:bootpart.obj
 0001:00022508       WriteLogicalNumbers        00023508 f   bootpart:bootpart.obj
 0001:00022634       CreatePartition            00023634 f   bootpart:bootpart.obj
 0001:00023d34       CRC                        00024d34 f   eboot:udp.obj
 0001:000244f0       FormatDHCPName             000254f0 f   eboot:dhcp.obj
 0001:00025758       FlipFrameBuffer            00026758 f   bsp_display:bsp_logo.obj
 0001:00027640       BpbCopy                    00028640 f   common_ti_boot_fatfs:fileio.obj
 0001:000277b0       FileIoReadNextSectors      000287b0 f   common_ti_boot_fatfs:fileio.obj
 0001:000282e4       PDD_SendNotification       000292e4 f   common_ti_ethdrv_rndis:rndis.obj
 0001:00028310       PDD_RecvNotification       00029310 f   common_ti_ethdrv_rndis:rndis.obj
 0001:0002980c       xtoa                       0002a80c f   fulllibc:xtoa.obj
 0001:0002a23c       ContinueTxTransfer         0002b23c f   common_ti_ethdrv_usbfn:pdd.obj
 0001:0002a56c       StartRxTransfer            0002b56c f   common_ti_ethdrv_usbfn:pdd.obj
