 ebootsd

 Timestamp is 5270cae6 (Wed Oct 30 17:01:26 2013)

 Preferred load address is 00000000

 Start         Length     Name                   Class
 0001:00000000 00000210H .astart                 CODE
 0001:00000210 0000ee04H .rdata                  CODE
 0001:0000f014 00000024H .rdata$debug            CODE
 0001:0000f038 0001b078H .text                   CODE
 0001:0002a0b0 00000064H .xdata                  CODE
 0001:0002a114 00000000H .edata                  CODE
 0002:00000000 00000eebH .data                   DATA
 0002:00000f00 0003fc98H .bss                    DATA
 0003:00000000 00000e10H .pdata                  DATA

  Address         Publics by Value              Rva+Base       Lib:Object

 0000:00000000       ___safe_se_handler_table   00000000     <absolute>
 0000:00000000       ___safe_se_handler_count   00000000     <absolute>
 0001:00000000       StartUp                    00001000 f   startup.obj
 0001:000000c4       g_oalAddressTable          000010c4     startup.obj
 0001:0000016c       g_oalAddressTableHynix     0000116c     startup.obj
 0001:0000022c       ??_C@_1BK@GNCICGCB@?$AAN?$AAK?$AA?5?$AAf?$AAr?$AAo?$AAm?$AA?5?$AAN?$AAA?$AAN?$AAD?$AA?$AA@ 0000122c     main.obj
 0001:00000248       ??_C@_1CK@GNCLKLEF@?$AAN?$AAK?$AA?5?$AAf?$AAr?$AAo?$AAm?$AA?5?$AAS?$AAD?$AAC?$AAa?$AAr?$AAd?$AA?5?$AAF?$AAI?$AAL?$AAE?$AA?5?$AA?$AA@ 00001248     main.obj
 0001:00000274       ??_C@_1BK@NKDLNHPK@?$AAU?$AAS?$AAB?$AAF?$AAn?$AA?5?$AAR?$AAN?$AAD?$AAI?$AAS?$AA?5?$AA?$AA@ 00001274     main.obj
 0001:00000290       ??_C@_1BI@OOCKPHGK@?$AAL?$AAA?$AAN?$AA9?$AA1?$AA1?$AA5?$AA?5?$AAM?$AAA?$AAC?$AA?$AA@ 00001290     main.obj
 0001:00000338       dwEbootECCtype             00001338     main.obj
 0001:00000528       ??_C@_1DO@MGHPPPEE@?$AAT?$AAP?$AAS?$AA6?$AA5?$AA9?$AAX?$AAX?$AA?5?$AAV?$AAe?$AAr?$AAs?$AAi?$AAo?$AAn?$AA?5?$AA0?$AAx?$AA?$CF?$AA0?$AA2?$AAx?$AA?5?$AA?$CI?$AA?$CF?$AAs?$AA?$CJ?$AA?$AN?$AA?6?$AA?$AA@ 00001528     main.obj
 0001:00000568       ??_C@_1M@OIJGKENB@?$AAE?$AAS?$AA1?$AA?4?$AA3?$AA?$AA@ 00001568     main.obj
 0001:00000578       ??_C@_1EE@KGKCAFPP@?$AAI?$AAN?$AAF?$AAO?$AA?3?$AA?5?$AAU?$AAn?$AAK?$AAn?$AAo?$AAw?$AAn?$AA?5?$AAC?$AAP?$AAU?$AA?5?$AAf?$AAa?$AAm?$AAi?$AAl?$AAy?$AA?3?$AA?$CF?$AAd?$AA?4?$AA?4?$AA?4?$AA?4?$AA?$AN@ 00001578     main.obj
 0001:000005bc       ??_C@_08DGJGOJCE@EVM3530?9?$AA@ 000015bc     main.obj
 0001:000005c8       ??_C@_07BFNEHID@Z2170P?9?$AA@ 000015c8     main.obj
 0001:000005d0       ??_C@_1EA@CNLHEJHC@?$AAT?$AAI?$AA?5?$AAO?$AAM?$AAA?$AAP?$AA?$CF?$AAx?$AA?5?$AAV?$AAe?$AAr?$AAs?$AAi?$AAo?$AAn?$AA?5?$AA0?$AAx?$AA?$CF?$AA0?$AA8?$AAx?$AA?5?$AA?$CI?$AA?$CF?$AAs?$AA?$CJ?$AA?$AN?$AA?6?$AA?$AA@ 000015d0     main.obj
 0001:00000610       ??_C@_1BA@LEPJIIOK@?$AAU?$AAn?$AAk?$AAn?$AAo?$AAw?$AAn?$AA?$AA@ 00001610     main.obj
 0001:00000620       ??_C@_1M@FACKMDLE@?$AAE?$AAS?$AA1?$AA?4?$AA2?$AA?$AA@ 00001620     main.obj
 0001:0000062c       ??_C@_1M@ECJPGMFK@?$AAE?$AAS?$AA1?$AA?4?$AA1?$AA?$AA@ 0000162c     main.obj
 0001:00000638       ??_C@_1M@LKGLCH@?$AAE?$AAS?$AA3?$AA?4?$AA1?$AA?$AA@ 00001638     main.obj
 0001:00000644       ??_C@_1M@LIAGAMEC@?$AAE?$AAS?$AA3?$AA?4?$AA0?$AA?$AA@ 00001644     main.obj
 0001:00000650       ??_C@_1DO@OPHFFOFA@?$AAE?$AAS?$AA2?$AA?4?$AA1?$AA?0?$AA?5?$AAI?$AAD?$AA?5?$AAd?$AAe?$AAt?$AAe?$AAr?$AAm?$AAi?$AAn?$AAe?$AAd?$AA?5?$AAu?$AAs?$AAi?$AAn?$AAg?$AA?5?$AAC?$AAR?$AAC?$AA?$AA@ 00001650     main.obj
 0001:00000690       ??_C@_1DO@OONAPHOG@?$AAE?$AAS?$AA2?$AA?4?$AA0?$AA?0?$AA?5?$AAI?$AAD?$AA?5?$AAd?$AAe?$AAt?$AAe?$AAr?$AAm?$AAi?$AAn?$AAe?$AAd?$AA?5?$AAu?$AAs?$AAi?$AAn?$AAg?$AA?5?$AAC?$AAR?$AAC?$AA?$AA@ 00001690     main.obj
 0001:000006d0       ??_C@_1M@MMBAGLLJ@?$AAE?$AAS?$AA2?$AA?4?$AA1?$AA?$AA@ 000016d0     main.obj
 0001:000006dc       ??_C@_1M@HEKMAMNM@?$AAE?$AAS?$AA2?$AA?4?$AA0?$AA?$AA@ 000016dc     main.obj
 0001:000006e8       ??_C@_1M@PKCDALDP@?$AAE?$AAS?$AA1?$AA?4?$AA0?$AA?$AA@ 000016e8     main.obj
 0001:000006f4       ??_C@_08BBKEDOHF@17?301?317?$AA@ 000016f4     main.obj
 0001:00000700       ??_C@_0M@CMDNELED@Oct?530?52013?$AA@ 00001700     main.obj
 0001:00000710       ??_C@_1HG@KGFFNHHE@?$AAZ?$AAE?$AAB?$AAE?$AAX?$AA?5?$AAW?$AAi?$AAn?$AAd?$AAo?$AAw?$AAs?$AA?5?$AAC?$AAE?$AA?5?$AAE?$AAB?$AAO?$AAO?$AAT?$AA?5?$AAf?$AAo?$AAr?$AA?5?$AAZ?$AA?9?$AA2?$AA1?$AA7@ 00001710     main.obj
 0001:00000788       ??_C@_1CC@DJCPIFGO@?$AAV?$AAe?$AAr?$AAs?$AAi?$AAo?$AAn?$AA?3?$AA?5?$AA0?$AA?4?$AA0?$AA?4?$AA1?$AA?$AN?$AA?6?$AA?$AA@ 00001788     main.obj
 0001:000007b0       ??_C@_1GG@GNNPKEFL@?$AAI?$AAN?$AAF?$AAO?$AA?3?$AA?5?$AAO?$AAE?$AAM?$AAP?$AAl?$AAa?$AAt?$AAf?$AAo?$AAr?$AAm?$AAD?$AAe?$AAi?$AAn?$AAi?$AAt?$AA?5?$AA?9?$AA?5?$AA?5?$AAD?$AAi?$AAs?$AAa?$AAb@ 000017b0     main.obj
 0001:00000818       ??_C@_1CK@FDDKFJJE@?$AA?9?$AAO?$AAE?$AAM?$AAM?$AAu?$AAl?$AAt?$AAi?$AAB?$AAi?$AAn?$AAN?$AAo?$AAt?$AAi?$AAf?$AAy?$AA?$AN?$AA?6?$AA?$AA@ 00001818     main.obj
 0001:00000844       ??_C@_1CG@JHMEBKAH@?$AAS?$AAp?$AAi?$AAn?$AA?5?$AAf?$AAo?$AAr?$AA?5?$AAe?$AAv?$AAe?$AAr?$AA?4?$AA?4?$AA?4?$AA?$AN?$AA?6?$AA?$AA@ 00001844     main.obj
 0001:0000086c       ??_C@_1DC@FNKKGJOD@?$AAD?$AAo?$AAw?$AAn?$AAl?$AAo?$AAa?$AAd?$AA?5?$AAf?$AAi?$AAl?$AAe?$AA?5?$AAt?$AAy?$AAp?$AAe?$AA?3?$AA?5?$AA?$CF?$AAd?$AA?$AN?$AA?6?$AA?$AA@ 0000186c     main.obj
 0001:000008a0       ??_C@_1DM@CJMKOEPD@?$AAU?$AAn?$AAs?$AAu?$AAp?$AAp?$AAo?$AAr?$AAt?$AAe?$AAd?$AA?5?$AAd?$AAo?$AAw?$AAn?$AAl?$AAo?$AAa?$AAd?$AAe?$AAd?$AA?5?$AAf?$AAi?$AAl?$AAe?$AA?$AN?$AA?6?$AA?$AA@ 000018a0     main.obj
 0001:000008dc       ??_C@_08CMMENMPK@logo?4nb0?$AA@ 000018dc     main.obj
 0001:000008e8       ??_C@_1FC@BJIBFLEA@?$AAE?$AAR?$AAR?$AAO?$AAR?$AA?3?$AA?5?$AAM?$AAu?$AAl?$AAt?$AAi?$AAX?$AAI?$AAP?$AA?5?$AAi?$AAm?$AAa?$AAg?$AAe?$AA?5?$AAi?$AAs?$AA?5?$AAn?$AAo?$AAt?$AA?5?$AAs?$AAu?$AAp@ 000018e8     main.obj
 0001:00000940       ??_C@_1GG@NLHBBJNL@?$AA?$FL?$AA?$CF?$AAd?$AA?$FN?$AA?3?$AA?5?$AAA?$AAd?$AAd?$AAr?$AAe?$AAs?$AAs?$AA?$DN?$AA0?$AAx?$AA?$CF?$AA0?$AA8?$AAx?$AA?5?$AA?5?$AAL?$AAe?$AAn?$AAg?$AAt?$AAh?$AA?$DN?$AA0?$AAx?$AA?$CF@ 00001940     main.obj
 0001:000009a8       ??_C@_1DK@OFMGKCPE@?$AAD?$AAo?$AAw?$AAn?$AAl?$AAo?$AAa?$AAd?$AA?5?$AAf?$AAi?$AAl?$AAe?$AA?5?$AAi?$AAn?$AAf?$AAo?$AAr?$AAm?$AAa?$AAt?$AAi?$AAo?$AAn?$AA?3?$AA?$AN?$AA?6?$AA?$AA@ 000019a8     main.obj
 0001:000009e8       ??_C@_1HM@MNPMBDFE@?$AA?9?$AA?9?$AA?9?$AA?9?$AA?9?$AA?9?$AA?9?$AA?9?$AA?9?$AA?9?$AA?9?$AA?9?$AA?9?$AA?9?$AA?9?$AA?9?$AA?9?$AA?9?$AA?9?$AA?9?$AA?9?$AA?9?$AA?9?$AA?9?$AA?9?$AA?9?$AA?9?$AA?9?$AA?9?$AA?9?$AA?9?$AA?9@ 000019e8     main.obj
 0001:00000a68       ??_C@_1GC@BMCFFGLH@?$AAE?$AAR?$AAR?$AAO?$AAR?$AA?3?$AA?5?$AAO?$AAE?$AAM?$AAM?$AAa?$AAp?$AAM?$AAe?$AAm?$AAA?$AAd?$AAd?$AAr?$AA?3?$AA?5?$AAI?$AAn?$AAv?$AAa?$AAl?$AAi?$AAd?$AA?5?$AAd?$AAo@ 00001a68     main.obj
 0001:00000acc       ??_C@_13JOFGPIOO@?$AA?4?$AA?$AA@ 00001acc     main.obj
 0001:00000ad0       ??_C@_1CM@LKNPOFLB@?$AAb?$AAo?$AAo?$AAt?$AAD?$AAe?$AAv?$AAi?$AAc?$AAe?$AAT?$AAy?$AAp?$AAe?$AA?5?$AA?$DN?$AA?5?$AA?$CF?$AAd?$AA?$AN?$AA?6?$AA?$AA@ 00001ad0     main.obj
 0001:00000afc       ??_C@_1CI@OKDMPKNO@?$AAL?$AAo?$AAg?$AAi?$AAc?$AAa?$AAl?$AAL?$AAo?$AAc?$AA?5?$AA?$DN?$AA?5?$AA0?$AAx?$AA?$CF?$AAx?$AA?$AN?$AA?6?$AA?$AA@ 00001afc     main.obj
 0001:00000b24       ??_C@_1DO@OPINKPO@?$AAI?$AAn?$AAi?$AAt?$AAi?$AAa?$AAl?$AAi?$AAz?$AAe?$AA?5?$AAs?$AAh?$AAa?$AAr?$AAe?$AA?5?$AAA?$AAR?$AAG?$AAS?$AA?5?$AA?9?$AA?5?$AA0?$AAx?$AA?$CF?$AAx?$AA?$AN?$AA?6?$AA?$AA@ 00001b24     main.obj
 0001:00000b68       ??_C@_1KM@MLNPCLLF@?$AA?$AN?$AA?6?$AA?$DO?$AA?$DO?$AA?$DO?$AA?5?$AAF?$AAo?$AAr?$AAc?$AAi?$AAn?$AAg?$AA?5?$AAc?$AAo?$AAl?$AAd?$AA?5?$AAb?$AAo?$AAo?$AAt?$AA?5?$AA?$CI?$AAn?$AAo?$AAn?$AA?9?$AAp?$AAe?$AAr@ 00001b68     main.obj
 0001:00000c18       ??_C@_1EA@EAGALJIK@?$AA?$AN?$AA?$DO?$AA?$DO?$AA?$DO?$AA?5?$AAN?$AAo?$AAw?$AA?5?$AAe?$AAn?$AAt?$AAr?$AAy?$AA?5?$AAc?$AAo?$AAl?$AAd?$AA?9?$AAr?$AAe?$AAs?$AAe?$AAt?$AA?4?$AA?4?$AA?4?$AA?5?$AA?$AN?$AA?6?$AA?$AA@ 00001c18     main.obj
 0001:00000c58       ??_C@_1EA@JAEGLKFM@?$AA?$AN?$AA?$DO?$AA?$DO?$AA?$DO?$AA?5?$AAN?$AAo?$AAw?$AA?5?$AAe?$AAn?$AAt?$AAr?$AAy?$AA?5?$AAw?$AAa?$AAr?$AAm?$AA?9?$AAr?$AAe?$AAs?$AAe?$AAt?$AA?4?$AA?4?$AA?4?$AA?5?$AA?$AN?$AA?6?$AA?$AA@ 00001c58     main.obj
 0001:00000c98       ??_C@_1DE@IDJEJNKG@?$AAC?$AAl?$AAe?$AAa?$AAr?$AA?5?$AAs?$AAh?$AAa?$AAr?$AAe?$AA?5?$AAA?$AAR?$AAG?$AAS?$AA?5?$AA?9?$AA?5?$AA0?$AAx?$AA?$CF?$AAx?$AA?$AN?$AA?6?$AA?$AA@ 00001c98     main.obj
 0001:00000ccc       ??_C@_11LOCGONAA@?$AA?$AA@ 00001ccc     main.obj
 0001:00000cd0       ??_C@_1O@HJKNOJA@?$AAn?$AAk?$AA?4?$AAb?$AAi?$AAn?$AA?$AA@ 00001cd0     main.obj
 0001:00000ce0       ??_C@_1EC@IFKCAMGN@?$AAI?$AAN?$AAF?$AAO?$AA?3?$AA?5?$AAS?$AAW?$AA4?$AA?5?$AAb?$AAo?$AAo?$AAt?$AA?5?$AAs?$AAe?$AAt?$AAt?$AAi?$AAn?$AAg?$AA?3?$AA?5?$AA0?$AAx?$AA?$CF?$AA0?$AA2?$AAx?$AA?$AN?$AA?6@ 00001ce0     main.obj
 0001:00000d28       ??_C@_1GC@MEIINOMM@?$AAW?$AAA?$AAR?$AAN?$AA?3?$AA?5?$AAB?$AAo?$AAo?$AAt?$AA?5?$AAc?$AAo?$AAn?$AAf?$AAi?$AAg?$AA?5?$AAw?$AAa?$AAs?$AAn?$AA?8?$AAt?$AA?5?$AAf?$AAo?$AAu?$AAn?$AAd?$AA?0?$AA?5@ 00001d28     main.obj
 0001:00000d90       ??_C@_1EC@IBPJNEAL@?$AAI?$AAN?$AAF?$AAO?$AA?3?$AA?5?$AAB?$AAo?$AAo?$AAt?$AA?5?$AAc?$AAo?$AAn?$AAf?$AAi?$AAg?$AAu?$AAr?$AAa?$AAt?$AAi?$AAo?$AAn?$AA?5?$AAf?$AAo?$AAu?$AAn?$AAd?$AA?$AN?$AA?6@ 00001d90     main.obj
 0001:00000dd8       ??_C@_1GI@OMOEGIPN@?$AAL?$AAa?$AAu?$AAn?$AAc?$AAh?$AA?5?$AAW?$AAi?$AAn?$AAd?$AAo?$AAw?$AAs?$AA?5?$AAC?$AAE?$AA?5?$AAi?$AAm?$AAa?$AAg?$AAe?$AA?5?$AAb?$AAy?$AA?5?$AAj?$AAu?$AAm?$AAp?$AAi@ 00001dd8     main.obj
 0001:00000e40       ??_C@_1HO@MGHNOKAM@?$AAE?$AAR?$AAR?$AAO?$AAR?$AA?3?$AA?5?$AAO?$AAE?$AAM?$AAL?$AAa?$AAu?$AAn?$AAc?$AAh?$AA?3?$AA?5?$AAU?$AAn?$AAk?$AAn?$AAo?$AAw?$AAn?$AA?5?$AAi?$AAm?$AAa?$AAg?$AAe?$AA?5@ 00001e40     main.obj
 0001:00000ec0       ??_C@_1GE@FBKDALPO@?$AAE?$AAR?$AAR?$AAO?$AAR?$AA?3?$AA?5?$AAO?$AAE?$AAM?$AAL?$AAa?$AAu?$AAn?$AAc?$AAh?$AA?3?$AA?5?$AAF?$AAl?$AAa?$AAs?$AAh?$AA?5?$AAN?$AAK?$AA?4?$AAb?$AAi?$AAn?$AA?5?$AAf@ 00001ec0     main.obj
 0001:00000f28       ??_C@_1FC@IKOIDMGO@?$AAW?$AAr?$AAi?$AAt?$AAe?$AAF?$AAl?$AAa?$AAs?$AAh?$AAN?$AAK?$AA?3?$AA?5?$AAs?$AAt?$AAa?$AAr?$AAt?$AA?5?$AA?$DN?$AA?5?$AA0?$AAx?$AA?$CF?$AAx?$AA?0?$AAs?$AAi?$AAz?$AAe?$AA?5@ 00001f28     main.obj
 0001:00000f80       ??_C@_1GA@LEGMELFL@?$AAI?$AAN?$AAF?$AAO?$AA?3?$AA?5?$AAX?$AAL?$AAD?$AAR?$AA?1?$AAE?$AAB?$AAO?$AAO?$AAT?$AA?1?$AAI?$AAP?$AAL?$AA?5?$AAd?$AAo?$AAw?$AAn?$AAl?$AAo?$AAa?$AAd?$AAe?$AAd?$AA?0@ 00001f80     main.obj
 0001:00000fe0       ??_C@_1GE@FFBNFJNC@?$AAI?$AAN?$AAF?$AAO?$AA?3?$AA?5?$AAS?$AAp?$AAl?$AAa?$AAs?$AAh?$AAc?$AAr?$AAe?$AAe?$AAn?$AA?5?$AAl?$AAo?$AAg?$AAo?$AA?5?$AAd?$AAo?$AAw?$AAn?$AAl?$AAo?$AAa?$AAd?$AAe@ 00001fe0     main.obj
 0001:00001048       ??_C@_1HA@LNJPPCBO@?$AAE?$AAR?$AAR?$AAO?$AAR?$AA?3?$AA?5?$AAO?$AAE?$AAM?$AAL?$AAa?$AAu?$AAn?$AAc?$AAh?$AA?3?$AA?5?$AAI?$AAm?$AAa?$AAg?$AAe?$AA?5?$AAl?$AAo?$AAa?$AAd?$AA?5?$AAf?$AAr?$AAo@ 00002048     main.obj
 0001:000010b8       ??_C@_1HA@PPNIDEHG@?$AAE?$AAR?$AAR?$AAO?$AAR?$AA?3?$AA?5?$AAO?$AAE?$AAM?$AAL?$AAa?$AAu?$AAn?$AAc?$AAh?$AA?3?$AA?5?$AAU?$AAn?$AAk?$AAn?$AAo?$AAw?$AAn?$AA?5?$AAd?$AAo?$AAw?$AAn?$AAl?$AAo@ 000020b8     main.obj
 0001:00001128       ??_C@_1GK@MMIDCEGF@?$AA?$CL?$AAO?$AAE?$AAM?$AAL?$AAa?$AAu?$AAn?$AAc?$AAh?$AA?$CI?$AA0?$AAx?$AA?$CF?$AA0?$AA8?$AAx?$AA?0?$AA?5?$AA0?$AAx?$AA?$CF?$AA0?$AA8?$AAx?$AA?0?$AA?5?$AA0?$AAx?$AA?$CF?$AA0?$AA8@ 00002128     main.obj
 0001:00001194       ??_C@_1CE@DFLFAFMD@?$AAE?$AAx?$AAi?$AAt?$AA?5?$AAa?$AAn?$AAd?$AA?5?$AAC?$AAo?$AAn?$AAt?$AAi?$AAn?$AAu?$AAe?$AA?$AA@ 00002194     hotkey.obj
 0001:000011b8       ??_C@_1BC@BIAHJJFB@?$AAR?$AAe?$AAs?$AAe?$AAr?$AAv?$AAe?$AAd?$AA?$AA@ 000021b8     hotkey.obj
 0001:000011cc       ??_C@_1BI@BBLNBJAP@?$AAF?$AAi?$AAl?$AAe?$AA?5?$AAU?$AAp?$AAd?$AAa?$AAt?$AAe?$AA?$AA@ 000021cc     hotkey.obj
 0001:00001278       ??_C@_1DE@MDALDBDK@?$AAH?$AAo?$AAt?$AAK?$AAe?$AAy?$AAF?$AAu?$AAn?$AAc?$AAt?$AAi?$AAo?$AAn?$AA?3?$AA?5?$AA?$FL?$AA?$CF?$AAd?$AA?0?$AA?$CF?$AAd?$AA?$FN?$AA?$AN?$AA?6?$AA?$AA@ 00002278     hotkey.obj
 0001:000012ac       ??_C@_15JNBOKNOG@?$AA?$AN?$AA?6?$AA?$AA@ 000022ac     hotkey.obj
 0001:000012b4       ??_C@_1M@MGHLGJNG@?$AA?5?$AA?$FL?$AA?$CF?$AAd?$AA?$FN?$AA?$AA@ 000022b4     hotkey.obj
 0001:000012c0       ??_C@_1DE@NBLBDNBC@?$AA?5?$AAH?$AAo?$AAt?$AAK?$AAe?$AAy?$AAF?$AAu?$AAn?$AAc?$AAt?$AAi?$AAo?$AAn?$AA?3?$AA?5?$AAm?$AAa?$AAt?$AAr?$AAi?$AAx?$AA?5?$AA?5?$AA?$AA@ 000022c0     hotkey.obj
 0001:00001388       ??_C@_1FK@IBMDHDI@?$AAM?$AAP?$AAU?$AA?$FL?$AA1?$AA0?$AA0?$AA0?$AAM?$AAh?$AAz?$AA?5?$AA?$EA?$AA?5?$AA1?$AA?4?$AA3?$AA7?$AA5?$AAV?$AA?$FN?$AA?0?$AA?5?$AAI?$AAV?$AAA?$AA2?$AA?$FL?$AA8?$AA0?$AA0?$AAM@ 00002388     menu.obj
 0001:000013e8       ??_C@_1FO@MCHCGGFD@?$AAM?$AAP?$AAU?$AA?$FL?$AA8?$AA0?$AA0?$AAM?$AAh?$AAz?$AA?5?$AA?5?$AA?$EA?$AA?5?$AA1?$AA?4?$AA2?$AA6?$AA2?$AA5?$AAV?$AA?$FN?$AA?0?$AA?5?$AAI?$AAV?$AAA?$AA2?$AA?$FL?$AA6?$AA6?$AA0@ 000023e8     menu.obj
 0001:00001448       ??_C@_1FO@CAGHGIKC@?$AAM?$AAP?$AAU?$AA?$FL?$AA6?$AA0?$AA0?$AAM?$AAh?$AAz?$AA?5?$AA?5?$AA?$EA?$AA?5?$AA1?$AA?4?$AA1?$AA0?$AA0?$AA0?$AAV?$AA?$FN?$AA?0?$AA?5?$AAI?$AAV?$AAA?$AA2?$AA?$FL?$AA5?$AA2?$AA0@ 00002448     menu.obj
 0001:000014a8       ??_C@_1FO@ELABMNJD@?$AAM?$AAP?$AAU?$AA?$FL?$AA3?$AA0?$AA0?$AAM?$AAh?$AAz?$AA?5?$AA?5?$AA?$EA?$AA?5?$AA0?$AA?4?$AA9?$AA3?$AA7?$AA5?$AAV?$AA?$FN?$AA?0?$AA?5?$AAI?$AAV?$AAA?$AA2?$AA?$FL?$AA2?$AA6?$AA0@ 000024a8     menu.obj
 0001:00001508       ??_C@_1FG@KPBOKIAA@?$AAM?$AAP?$AAU?$AA?$FL?$AA7?$AA2?$AA0?$AAh?$AAz?$AA?5?$AA?$EA?$AA?5?$AA1?$AA?4?$AA3?$AA5?$AA0?$AA0?$AAV?$AA?$FN?$AA?0?$AA?5?$AAI?$AAV?$AAA?$AA2?$AA?$FL?$AA5?$AA2?$AA0?$AAM?$AAh@ 00002508     menu.obj
 0001:00001560       ??_C@_1FI@GKLNGOFA@?$AAM?$AAP?$AAU?$AA?$FL?$AA6?$AA0?$AA0?$AAM?$AAh?$AAz?$AA?5?$AA?$EA?$AA?5?$AA1?$AA?4?$AA3?$AA5?$AA0?$AA0?$AAV?$AA?$FN?$AA?0?$AA?5?$AAI?$AAV?$AAA?$AA2?$AA?$FL?$AA4?$AA3?$AA0?$AAM@ 00002560     menu.obj
 0001:000015b8       ??_C@_1FI@GMIAOKFE@?$AAM?$AAP?$AAU?$AA?$FL?$AA5?$AA5?$AA0?$AAM?$AAh?$AAz?$AA?5?$AA?$EA?$AA?5?$AA1?$AA?4?$AA2?$AA7?$AA5?$AA0?$AAV?$AA?$FN?$AA?0?$AA?5?$AAI?$AAV?$AAA?$AA2?$AA?$FL?$AA4?$AA0?$AA0?$AAM@ 000025b8     menu.obj
 0001:00001610       ??_C@_1FI@LNIHINJA@?$AAM?$AAP?$AAU?$AA?$FL?$AA5?$AA0?$AA0?$AAM?$AAh?$AAz?$AA?5?$AA?$EA?$AA?5?$AA1?$AA?4?$AA2?$AA0?$AA0?$AA0?$AAV?$AA?$FN?$AA?0?$AA?5?$AAI?$AAV?$AAA?$AA2?$AA?$FL?$AA3?$AA6?$AA0?$AAM@ 00002610     menu.obj
 0001:00001668       ??_C@_1FG@IMGDNCBP@?$AAM?$AAP?$AAU?$AA?$FL?$AA2?$AA5?$AA0?$AAM?$AAh?$AAz?$AA?5?$AA?$EA?$AA?5?$AA1?$AA?4?$AA0?$AA0?$AA0?$AAV?$AA?$FN?$AA?0?$AA?5?$AAI?$AAV?$AAA?$AA2?$AA?$FL?$AA1?$AA8?$AA0?$AAM?$AAh@ 00002668     menu.obj
 0001:000016c0       ??_C@_1FI@HKFGBOFG@?$AAM?$AAP?$AAU?$AA?$FL?$AA1?$AA2?$AA5?$AAM?$AAh?$AAz?$AA?5?$AA?$EA?$AA?5?$AA0?$AA?4?$AA9?$AA7?$AA5?$AAV?$AA?$FN?$AA?0?$AA?5?$AAI?$AAV?$AAA?$AA2?$AA?$FL?$AA?5?$AA9?$AA0?$AAM?$AAh@ 000026c0     menu.obj
 0001:00001718       ??_C@_1BM@KBHAINFM@?$AAI?$AAn?$AAv?$AAa?$AAl?$AAi?$AAd?$AA?5?$AAE?$AAn?$AAt?$AAr?$AAy?$AA?$AA@ 00002718     menu.obj
 0001:00001734       ??_C@_1CE@BMIKEEML@?$AAD?$AAV?$AAI?$AA?5?$AA1?$AA2?$AA8?$AA0?$AAx?$AA7?$AA2?$AA0?$AA?5?$AA6?$AA0?$AAH?$AAz?$AA?$AA@ 00002734     menu.obj
 0001:00001758       ??_C@_1CE@LJDPDOKE@?$AAD?$AAV?$AAI?$AA?5?$AA1?$AA0?$AA2?$AA4?$AAx?$AA7?$AA6?$AA8?$AA?5?$AA6?$AA0?$AAH?$AAz?$AA?$AA@ 00002758     menu.obj
 0001:0000177c       ??_C@_1CE@PMPMKBOJ@?$AAD?$AAV?$AAI?$AA?5?$AA?5?$AA8?$AA0?$AA0?$AAx?$AA6?$AA0?$AA0?$AA?5?$AA6?$AA0?$AAH?$AAz?$AA?$AA@ 0000277c     menu.obj
 0001:000017a0       ??_C@_1CE@IJMKDLHH@?$AAD?$AAV?$AAI?$AA?5?$AA?5?$AA6?$AA4?$AA0?$AAx?$AA4?$AA8?$AA0?$AA?5?$AA6?$AA0?$AAH?$AAz?$AA?$AA@ 000027a0     menu.obj
 0001:000017c4       ??_C@_1CE@FKEPMAF@?$AAL?$AAC?$AAD?$AA?5?$AA?5?$AA4?$AA8?$AA0?$AAx?$AA6?$AA4?$AA0?$AA?5?$AA6?$AA0?$AAH?$AAz?$AA?$AA@ 000027c4     menu.obj
 0001:000017e8       ??_C@_1BE@FNAHCCDL@?$AAM?$AAa?$AAi?$AAn?$AA?5?$AAM?$AAe?$AAn?$AAu?$AA?$AA@ 000027e8     menu.obj
 0001:000017fc       ??_C@_1CA@MOPOGELI@?$AAS?$AAe?$AAl?$AAe?$AAc?$AAt?$AA?5?$AAO?$AAP?$AAP?$AA?5?$AAM?$AAo?$AAd?$AAe?$AA?$AA@ 000027fc     menu.obj
 0001:00001820       ??_C@_1EG@HMEOLENI@?$AAE?$AAn?$AAa?$AAb?$AAl?$AAe?$AA?1?$AAD?$AAi?$AAs?$AAa?$AAb?$AAl?$AAe?$AA?5?$AAO?$AAA?$AAL?$AA?5?$AAR?$AAe?$AAt?$AAa?$AAi?$AAl?$AA?5?$AAM?$AAe?$AAs?$AAs?$AAa?$AAg@ 00002820     menu.obj
 0001:00001868       ??_C@_1CC@GBKCLJHP@?$AAF?$AAl?$AAa?$AAs?$AAh?$AA?5?$AAM?$AAa?$AAn?$AAa?$AAg?$AAe?$AAm?$AAe?$AAn?$AAt?$AA?$AA@ 00002868     menu.obj
 0001:0000188c       ??_C@_1BM@MOEMNNDE@?$AAS?$AAa?$AAv?$AAe?$AA?5?$AAS?$AAe?$AAt?$AAt?$AAi?$AAn?$AAg?$AAs?$AA?$AA@ 0000288c     menu.obj
 0001:000018a8       ??_C@_1BA@MECCPMOL@?$AAS?$AAe?$AAt?$AA?5?$AAS?$AA?1?$AAN?$AA?$AA@ 000028a8     menu.obj
 0001:000018b8       ??_C@_1CA@HKCGHDKE@?$AAS?$AAD?$AAC?$AAa?$AAr?$AAd?$AA?5?$AAS?$AAe?$AAt?$AAt?$AAi?$AAn?$AAg?$AAs?$AA?$AA@ 000028b8     menu.obj
 0001:000018d8       ??_C@_19JCAOHIEH@?$AAB?$AAo?$AAo?$AAt?$AA?$AA@ 000028d8     menu.obj
 0001:000018e4       ??_C@_1CG@BBALNGAE@?$AAS?$AAe?$AAl?$AAe?$AAc?$AAt?$AA?5?$AAB?$AAo?$AAo?$AAt?$AA?5?$AAD?$AAe?$AAv?$AAi?$AAc?$AAe?$AA?$AA@ 000028e4     menu.obj
 0001:0000190c       ??_C@_1BO@HAIPBIND@?$AAE?$AAn?$AAt?$AAe?$AAr?$AA?5?$AAF?$AAi?$AAl?$AAe?$AAn?$AAa?$AAm?$AAe?$AA?$AA@ 0000290c     menu.obj
 0001:0000192c       ??_C@_1CM@CFLHLMJF@?$AAS?$AAh?$AAo?$AAw?$AA?5?$AAC?$AAu?$AAr?$AAr?$AAe?$AAn?$AAt?$AA?5?$AAS?$AAe?$AAt?$AAt?$AAi?$AAn?$AAg?$AAs?$AA?$AA@ 0000292c     menu.obj
 0001:000019e8       ??_C@_1CI@CKGGDGOD@?$AA?5?$AAC?$AAu?$AAr?$AAr?$AAe?$AAn?$AAt?$AA?5?$AAS?$AA?1?$AAN?$AA?3?$AA?5?$AA?5?$AA?$CF?$AAs?$AA?$AN?$AA?6?$AA?$AA@ 000029e8     menu.obj
 0001:00001a10       ??_C@_1BK@EHKHMELD@?$AA?$AN?$AA?6?$AA?5?$AAN?$AAe?$AAw?$AA?5?$AAS?$AA?1?$AAN?$AA?3?$AA?5?$AA?$AA@ 00002a10     menu.obj
 0001:00001a2c       ??_C@_1DO@IPDMADGH@?$AA?5?$AAO?$AAA?$AAL?$AA?5?$AAR?$AAe?$AAt?$AAa?$AAi?$AAl?$AA?5?$AAM?$AAe?$AAs?$AAs?$AAa?$AAg?$AAe?$AAs?$AA?5?$AAe?$AAn?$AAa?$AAb?$AAl?$AAe?$AAd?$AA?$AN?$AA?6?$AA?$AA@ 00002a2c     menu.obj
 0001:00001a70       ??_C@_1EA@EDIKANLP@?$AA?5?$AAO?$AAA?$AAL?$AA?5?$AAR?$AAe?$AAt?$AAa?$AAi?$AAl?$AA?5?$AAM?$AAe?$AAs?$AAs?$AAa?$AAg?$AAe?$AAs?$AA?5?$AAd?$AAi?$AAs?$AAa?$AAb?$AAl?$AAe?$AAd?$AA?$AN?$AA?6?$AA?$AA@ 00002a70     menu.obj
 0001:00001ab0       ??_C@_19DIEGALPP@?$AA?$CF?$AAc?$AA?$AN?$AA?6?$AA?$AA@ 00002ab0     menu.obj
 0001:00001ac0       ??_C@_1EI@IEOEJKJK@?$AA?5?$AAE?$AAn?$AAa?$AAb?$AAl?$AAe?$AA?5?$AAO?$AAA?$AAL?$AA?5?$AAR?$AAe?$AAt?$AAa?$AAi?$AAl?$AA?5?$AAM?$AAe?$AAs?$AAs?$AAa?$AAg?$AAe?$AAs?$AA?5?$AA?$FL?$AAy?$AA?1?$AA?9@ 00002ac0     menu.obj
 0001:00001b08       ??_C@_1EK@NMKAIECH@?$AA?5?$AAD?$AAi?$AAs?$AAa?$AAb?$AAl?$AAe?$AA?5?$AAO?$AAA?$AAL?$AA?5?$AAR?$AAe?$AAt?$AAa?$AAi?$AAl?$AA?5?$AAM?$AAe?$AAs?$AAs?$AAa?$AAg?$AAe?$AAs?$AA?5?$AA?$FL?$AAy?$AA?1@ 00002b08     menu.obj
 0001:00001b54       ??_C@_1DC@KGICMHCL@?$AA?5?$AA?$FL?$AA0?$AA?$FN?$AA?5?$AAE?$AAx?$AAi?$AAt?$AA?5?$AAa?$AAn?$AAd?$AA?5?$AAC?$AAo?$AAn?$AAt?$AAi?$AAn?$AAu?$AAe?$AA?$AN?$AA?6?$AA?$AA@ 00002b54     menu.obj
 0001:00001b88       ??_C@_1DK@EBBOCKOO@?$AA?$AN?$AA?6?$AA?5?$AAS?$AAe?$AAl?$AAe?$AAc?$AAt?$AAi?$AAo?$AAn?$AA?5?$AA?$CI?$AAa?$AAc?$AAt?$AAu?$AAa?$AAl?$AA?5?$AA?$FL?$AA?$CF?$AAs?$AA?$FN?$AA?$CJ?$AA?3?$AA?5?$AA?$AA@ 00002b88     menu.obj
 0001:00001bc4       ??_C@_1BG@LMIBJJCD@?$AA?5?$AA?$FL?$AA?$CF?$AAd?$AA?$FN?$AA?5?$AA?$CF?$AAs?$AA?$AN?$AA?6?$AA?$AA@ 00002bc4     menu.obj
 0001:00001bdc       ??_C@_1DO@GCBJIIGC@?$AAE?$AAR?$AAR?$AAO?$AAR?$AA?3?$AA?5?$AAS?$AAe?$AAt?$AAt?$AAi?$AAn?$AAg?$AAs?$AA?5?$AAs?$AAa?$AAv?$AAe?$AA?5?$AAf?$AAa?$AAi?$AAl?$AAe?$AAd?$AA?$CB?$AA?$AN?$AA?6?$AA?$AA@ 00002bdc     menu.obj
 0001:00001c20       ??_C@_1EG@EPHHPOIA@?$AA?5?$AAC?$AAu?$AAr?$AAr?$AAe?$AAn?$AAt?$AA?5?$AAs?$AAe?$AAt?$AAt?$AAi?$AAn?$AAg?$AAs?$AA?5?$AAh?$AAa?$AAs?$AA?5?$AAb?$AAe?$AAe?$AAn?$AA?5?$AAs?$AAa?$AAv?$AAe?$AAd@ 00002c20     menu.obj
 0001:00001c68       ??_C@_1FG@NGGODBPB@?$AA?5?$AAD?$AAo?$AA?5?$AAy?$AAo?$AAu?$AA?5?$AAw?$AAa?$AAn?$AAt?$AA?5?$AAs?$AAa?$AAv?$AAe?$AA?5?$AAc?$AAu?$AAr?$AAr?$AAe?$AAn?$AAt?$AA?5?$AAs?$AAe?$AAt?$AAt?$AAi?$AAn@ 00002c68     menu.obj
 0001:00001cc0       ??_C@_1BK@EBJPPEOM@?$AA?$AN?$AA?6?$AA?5?$AAS?$AAD?$AAC?$AAa?$AAr?$AAd?$AA?3?$AA?$AN?$AA?6?$AA?$AA@ 00002cc0     menu.obj
 0001:00001cdc       ??_C@_1DA@JKMEDIID@?$AA?5?$AA?5?$AAF?$AAi?$AAl?$AAe?$AAn?$AAa?$AAm?$AAe?$AA?3?$AA?5?$AA?5?$AA?5?$AA?5?$AA?5?$AA?5?$AA?$CC?$AA?$CF?$AAs?$AA?$CC?$AA?$AN?$AA?6?$AA?$AA@ 00002cdc     menu.obj
 0001:00001d10       ??_C@_1EI@OPDBDDPE@?$AA?$AN?$AA?6?$AA?5?$AAT?$AAy?$AAp?$AAe?$AA?5?$AAn?$AAe?$AAw?$AA?5?$AAf?$AAi?$AAl?$AAe?$AAn?$AAa?$AAm?$AAe?$AA?5?$AA?$CI?$AA8?$AA?4?$AA3?$AA?5?$AAf?$AAo?$AAr?$AAm?$AAa?$AAt@ 00002d10     menu.obj
 0001:00001d58       ??_C@_1DE@FKCOLIJA@?$AA?5?$AA?5?$AAF?$AAl?$AAa?$AAs?$AAh?$AAi?$AAn?$AAg?$AA?5?$AAN?$AAK?$AA?4?$AAb?$AAi?$AAn?$AA?3?$AA?5?$AA?5?$AA?5?$AA?$CF?$AAs?$AA?$AN?$AA?6?$AA?$AA@ 00002d58     menu.obj
 0001:00001d8c       ??_C@_1CG@OIGCIHAG@?$AA?5?$AA?5?$AAO?$AAP?$AAP?$AA?5?$AAM?$AAo?$AAd?$AAe?$AA?3?$AA?5?$AA?5?$AA?5?$AA?$CF?$AAs?$AA?$AN?$AA?6?$AA?$AA@ 00002d8c     menu.obj
 0001:00001db4       ??_C@_1CM@JIGPKFND@?$AA?5?$AA?5?$AAR?$AAe?$AAt?$AAa?$AAi?$AAl?$AA?5?$AAM?$AAs?$AAg?$AAs?$AA?3?$AA?5?$AA?5?$AA?5?$AA?$CF?$AAs?$AA?$AN?$AA?6?$AA?$AA@ 00002db4     menu.obj
 0001:00001de0       ??_C@_1CA@GEJBEGHK@?$AA?5?$AA?5?$AAS?$AA?1?$AAN?$AA?3?$AA?5?$AA?5?$AA?5?$AA?5?$AA?5?$AA?$CF?$AAs?$AA?$AN?$AA?6?$AA?$AA@ 00002de0     menu.obj
 0001:00001e00       ??_C@_1BC@LGPIFEA@?$AAd?$AAi?$AAs?$AAa?$AAb?$AAl?$AAe?$AAd?$AA?$AA@ 00002e00     menu.obj
 0001:00001e14       ??_C@_1BA@BKMGIBPB@?$AAe?$AAn?$AAa?$AAb?$AAl?$AAe?$AAd?$AA?$AA@ 00002e14     menu.obj
 0001:00001e24       ??_C@_1CM@NPGGEGKD@?$AA?5?$AA?5?$AAD?$AAe?$AAb?$AAu?$AAg?$AA?5?$AAd?$AAe?$AAv?$AAi?$AAc?$AAe?$AA?3?$AA?5?$AA?5?$AA?$CF?$AAs?$AA?$AN?$AA?6?$AA?$AA@ 00002e24     menu.obj
 0001:00001e50       ??_C@_1BM@PMDNGDGM@?$AAn?$AAo?$AAt?$AA?5?$AAs?$AAp?$AAe?$AAc?$AAi?$AAf?$AAi?$AAe?$AAd?$AA?$AA@ 00002e50     menu.obj
 0001:00001e6c       ??_C@_1BG@CEFCIDHI@?$AA?$AN?$AA?6?$AA?5?$AAM?$AAa?$AAi?$AAn?$AA?3?$AA?$AN?$AA?6?$AA?$AA@ 00002e6c     menu.obj
 0001:00001e84       ??_C@_1CM@IGJFNOHM@?$AA?5?$AA?5?$AAB?$AAo?$AAo?$AAt?$AA?5?$AAd?$AAe?$AAv?$AAi?$AAc?$AAe?$AA?3?$AA?5?$AA?5?$AA?5?$AA?$CF?$AAs?$AA?$AN?$AA?6?$AA?$AA@ 00002e84     menu.obj
 0001:00001f40       ??_C@_1CA@BFKMFNNJ@?$AAU?$AAp?$AAd?$AAa?$AAt?$AAe?$AA?5?$AAL?$AAo?$AAg?$AAo?$AA?4?$AAb?$AAm?$AAp?$AA?$AA@ 00002f40     flashmenu.obj
 0001:00001f60       ??_C@_1CI@BCDEPBPG@?$AAU?$AAp?$AAd?$AAa?$AAt?$AAe?$AA?5?$AAz?$AA2?$AA1?$AA7?$AA0?$AAp?$AAn?$AAd?$AA?4?$AAr?$AAa?$AAw?$AA?$AA@ 00002f60     flashmenu.obj
 0001:00001f88       ??_C@_1CG@HGBAKKFM@?$AAU?$AAp?$AAd?$AAa?$AAt?$AAe?$AA?5?$AAe?$AAb?$AAo?$AAo?$AAt?$AAn?$AAd?$AA?4?$AAn?$AAb?$AA0?$AA?$AA@ 00002f88     flashmenu.obj
 0001:00001fb0       ??_C@_1BK@JPPJHKGA@?$AAS?$AAe?$AAt?$AA?5?$AAE?$AAC?$AAC?$AA?5?$AAm?$AAo?$AAd?$AAe?$AA?$AA@ 00002fb0     flashmenu.obj
 0001:00001fcc       ??_C@_1CO@EGKANGDF@?$AAE?$AAn?$AAa?$AAb?$AAl?$AAe?$AA?5?$AAf?$AAl?$AAa?$AAs?$AAh?$AAi?$AAn?$AAg?$AA?5?$AAN?$AAK?$AA?4?$AAb?$AAi?$AAn?$AA?$AA@ 00002fcc     flashmenu.obj
 0001:00001ffc       ??_C@_1BK@GBFAOEGL@?$AAF?$AAo?$AAr?$AAm?$AAa?$AAt?$AA?5?$AAf?$AAl?$AAa?$AAs?$AAh?$AA?$AA@ 00002ffc     flashmenu.obj
 0001:00002018       ??_C@_1BM@GCHGGBGE@?$AAS?$AAe?$AAt?$AA?5?$AAb?$AAa?$AAd?$AA?5?$AAb?$AAl?$AAo?$AAc?$AAk?$AA?$AA@ 00003018     flashmenu.obj
 0001:00002034       ??_C@_1CI@NOBBAEFH@?$AAR?$AAe?$AAs?$AAe?$AAr?$AAv?$AAe?$AA?5?$AAb?$AAl?$AAo?$AAc?$AAk?$AA?5?$AAr?$AAa?$AAn?$AAg?$AAe?$AA?$AA@ 00003034     flashmenu.obj
 0001:0000205c       ??_C@_1CE@GGLAHODL@?$AAE?$AAr?$AAa?$AAs?$AAe?$AA?5?$AAb?$AAl?$AAo?$AAc?$AAk?$AA?5?$AAr?$AAa?$AAn?$AAg?$AAe?$AA?$AA@ 0000305c     flashmenu.obj
 0001:00002080       ??_C@_1BI@NDJHIBFP@?$AAE?$AAr?$AAa?$AAs?$AAe?$AA?5?$AAf?$AAl?$AAa?$AAs?$AAh?$AA?$AA@ 00003080     flashmenu.obj
 0001:00002098       ??_C@_1CE@IKOIJPJI@?$AAD?$AAu?$AAm?$AAp?$AA?5?$AAf?$AAl?$AAa?$AAs?$AAh?$AA?5?$AAs?$AAe?$AAc?$AAt?$AAo?$AAr?$AA?$AA@ 00003098     flashmenu.obj
 0001:000020bc       ??_C@_1CI@NOIANDIC@?$AAS?$AAh?$AAo?$AAw?$AA?5?$AAf?$AAl?$AAa?$AAs?$AAh?$AA?5?$AAg?$AAe?$AAo?$AAm?$AAe?$AAt?$AAr?$AAy?$AA?$AA@ 000030bc     flashmenu.obj
 0001:00002178       ??_C@_1BA@ICKOCNOC@?$AA?5?$AAD?$AAo?$AAn?$AAe?$AA?$AN?$AA?6?$AA?$AA@ 00003178     flashmenu.obj
 0001:00002188       ??_C@_1BK@NJMFPCLL@?$AA?$AN?$AA?6?$AA?$FL?$AAr?$AAe?$AAs?$AAe?$AAr?$AAv?$AAe?$AAd?$AA?$FN?$AA?$AA@ 00003188     flashmenu.obj
 0001:000021a4       ??_C@_17IAIOLGBB@?$AA?5?$AA?$CF?$AAd?$AA?$AA@ 000031a4     flashmenu.obj
 0001:000021ac       ??_C@_1BK@LJFBNMNP@?$AA?$AN?$AA?6?$AA?$FL?$AAb?$AAa?$AAd?$AA?$FN?$AA?5?$AA?5?$AA?5?$AA?5?$AA?5?$AA?$AA@ 000031ac     flashmenu.obj
 0001:000021c8       ??_C@_1CC@CKACAODM@?$AA?5?$AAE?$AAC?$AAC?$AA?5?$AAm?$AAo?$AAd?$AAe?$AA?3?$AA?5?$AA?5?$AA?$CF?$AAs?$AA?$AN?$AA?6?$AA?$AA@ 000031c8     flashmenu.obj
 0001:000021ec       ??_C@_1CC@EDJAHKCB@?$AAH?$AAa?$AAm?$AAm?$AAi?$AAn?$AAg?$AA?5?$AA1?$AAb?$AAi?$AAt?$AA?5?$AAE?$AAC?$AAC?$AA?$AA@ 000031ec     flashmenu.obj
 0001:00002210       ??_C@_1BK@HLJGHKLA@?$AAB?$AAC?$AAH?$AA?5?$AA4?$AAb?$AAi?$AAt?$AA?5?$AAE?$AAC?$AAC?$AA?$AA@ 00003210     flashmenu.obj
 0001:0000222c       ??_C@_1BK@GHGPADLK@?$AAB?$AAC?$AAH?$AA?5?$AA8?$AAb?$AAi?$AAt?$AA?5?$AAE?$AAC?$AAC?$AA?$AA@ 0000322c     flashmenu.obj
 0001:00002248       ??_C@_1CK@GKLBIPDL@?$AA?5?$AAF?$AAl?$AAa?$AAs?$AAh?$AA?5?$AAT?$AAy?$AAp?$AAe?$AA?3?$AA?5?$AA?5?$AA?5?$AA?5?$AA?$CF?$AAs?$AA?$AN?$AA?6?$AA?$AA@ 00003248     flashmenu.obj
 0001:00002274       ??_C@_1CK@FFMHKDOJ@?$AA?5?$AAB?$AAl?$AAo?$AAc?$AAk?$AAs?$AA?3?$AA?5?$AA?5?$AA?5?$AA?5?$AA?5?$AA?5?$AA?5?$AA?5?$AA?$CF?$AAd?$AA?$AN?$AA?6?$AA?$AA@ 00003274     flashmenu.obj
 0001:000022a0       ??_C@_1CK@IKGPGDPJ@?$AA?5?$AAB?$AAy?$AAt?$AAe?$AAs?$AA?1?$AAb?$AAl?$AAo?$AAc?$AAk?$AA?3?$AA?5?$AA?5?$AA?5?$AA?$CF?$AAd?$AA?$AN?$AA?6?$AA?$AA@ 000032a0     flashmenu.obj
 0001:000022cc       ??_C@_1CK@OCGGJEJ@?$AA?5?$AAS?$AAe?$AAc?$AAt?$AAo?$AAr?$AAs?$AA?1?$AAb?$AAl?$AAo?$AAc?$AAk?$AA?3?$AA?5?$AA?$CF?$AAd?$AA?$AN?$AA?6?$AA?$AA@ 000032cc     flashmenu.obj
 0001:000022f8       ??_C@_1CK@KEDBKDHI@?$AA?5?$AAB?$AAy?$AAt?$AAe?$AAs?$AA?1?$AAs?$AAe?$AAc?$AAt?$AAo?$AAr?$AA?3?$AA?5?$AA?5?$AA?$CF?$AAd?$AA?$AN?$AA?6?$AA?$AA@ 000032f8     flashmenu.obj
 0001:00002324       ??_C@_19FIBFMGJP@?$AAN?$AAA?$AAN?$AAD?$AA?$AA@ 00003324     flashmenu.obj
 0001:00002330       ??_C@_17DJMAIPNJ@?$AAN?$AAO?$AAR?$AA?$AA@ 00003330     flashmenu.obj
 0001:00002338       ??_C@_1EO@FMHOCAJM@?$AA?5?$AAO?$AAo?$AAp?$AAs?$AA?0?$AA?5?$AAc?$AAa?$AAn?$AA?8?$AAt?$AA?5?$AAg?$AAe?$AAt?$AA?5?$AAf?$AAl?$AAa?$AAs?$AAh?$AA?5?$AAg?$AAe?$AAo?$AAm?$AAe?$AAt?$AAr?$AAy?$AA?5@ 00003338     flashmenu.obj
 0001:00002388       ??_C@_1DO@ECBGAOKH@?$AA?5?$AAO?$AAo?$AAp?$AAs?$AA?0?$AA?5?$AAc?$AAa?$AAn?$AA?8?$AAt?$AA?5?$AAo?$AAp?$AAe?$AAn?$AA?5?$AAF?$AAM?$AAD?$AA?5?$AAd?$AAr?$AAi?$AAv?$AAe?$AAr?$AA?$AN?$AA?6?$AA?$AA@ 00003388     flashmenu.obj
 0001:000023c8       ??_C@_1FI@LPGEHBMI@?$AA?5?$AAO?$AAo?$AAp?$AAs?$AA?0?$AA?5?$AAc?$AAa?$AAn?$AA?8?$AAt?$AA?5?$AAe?$AAr?$AAa?$AAs?$AAe?$AA?5?$AAb?$AAl?$AAo?$AAc?$AAk?$AA?5?$AA?$CF?$AAd?$AA?5?$AA?9?$AA?5?$AAm?$AAa@ 000033c8     flashmenu.obj
 0001:00002420       ??_C@_1DE@FDJBJKAL@?$AA?5?$AAS?$AAk?$AAi?$AAp?$AA?5?$AAr?$AAe?$AAs?$AAe?$AAr?$AAv?$AAe?$AAd?$AA?5?$AAb?$AAl?$AAo?$AAc?$AAk?$AA?5?$AA?$CF?$AAd?$AA?$AN?$AA?6?$AA?$AA@ 00003420     flashmenu.obj
 0001:00002454       ??_C@_1CK@FKCECPDI@?$AA?5?$AAS?$AAk?$AAi?$AAp?$AA?5?$AAb?$AAa?$AAd?$AA?5?$AAb?$AAl?$AAo?$AAc?$AAk?$AA?5?$AA?$CF?$AAd?$AA?$AN?$AA?6?$AA?$AA@ 00003454     flashmenu.obj
 0001:00002480       ??_C@_1GA@KKFAKMFP@?$AA?5?$AAD?$AAo?$AA?5?$AAy?$AAo?$AAu?$AA?5?$AAw?$AAa?$AAn?$AAt?$AA?5?$AAt?$AAo?$AA?5?$AAe?$AAr?$AAa?$AAs?$AAe?$AA?5?$AAu?$AAn?$AAr?$AAe?$AAs?$AAe?$AAr?$AAv?$AAe?$AAd@ 00003480     flashmenu.obj
 0001:000024e0       ??_C@_1FG@KMEBKKAG@?$AA?5?$AAD?$AAo?$AA?5?$AAy?$AAo?$AAu?$AA?5?$AAw?$AAa?$AAn?$AAt?$AA?5?$AAt?$AAo?$AA?5?$AAe?$AAr?$AAa?$AAs?$AAe?$AA?5?$AAb?$AAa?$AAd?$AA?5?$AAb?$AAl?$AAo?$AAc?$AAk?$AA?5@ 000034e0     flashmenu.obj
 0001:00002538       ??_C@_1GA@IMHNOHDN@?$AA?5?$AAD?$AAo?$AA?5?$AAy?$AAo?$AAu?$AA?5?$AAw?$AAa?$AAn?$AAt?$AA?5?$AAt?$AAo?$AA?5?$AAe?$AAr?$AAa?$AAs?$AAe?$AA?5?$AAr?$AAe?$AAs?$AAe?$AAr?$AAv?$AAe?$AAd?$AA?5?$AAb@ 00003538     flashmenu.obj
 0001:00002598       ??_C@_1EO@FLJCJNNB@?$AA?5?$AAD?$AAo?$AA?5?$AAy?$AAo?$AAu?$AA?5?$AAw?$AAa?$AAn?$AAt?$AA?5?$AAe?$AAr?$AAa?$AAs?$AAe?$AA?5?$AAb?$AAl?$AAo?$AAc?$AAk?$AA?5?$AA?$CF?$AAd?$AA?9?$AA?$CF?$AAd?$AA?5?$AA?$FL@ 00003598     flashmenu.obj
 0001:000025e8       ??_C@_1DM@MPGKHCCK@?$AA?5?$AAO?$AAo?$AAp?$AAs?$AA?0?$AA?5?$AAt?$AAo?$AAo?$AA?5?$AAb?$AAi?$AAg?$AA?5?$AAb?$AAl?$AAo?$AAc?$AAk?$AA?5?$AAn?$AAu?$AAm?$AAb?$AAe?$AAr?$AA?$AN?$AA?6?$AA?$AA@ 000035e8     flashmenu.obj
 0001:00002624       ??_C@_1CO@CKBOHOON@?$AA?$AN?$AA?6?$AA?5?$AAL?$AAa?$AAs?$AAt?$AA?5?$AAB?$AAl?$AAo?$AAc?$AAk?$AA?5?$AAN?$AAu?$AAm?$AAb?$AAe?$AAr?$AA?3?$AA?5?$AA?$AA@ 00003624     flashmenu.obj
 0001:00002654       ??_C@_1DA@LGLONGJJ@?$AA?$AN?$AA?6?$AA?5?$AAF?$AAi?$AAr?$AAs?$AAt?$AA?5?$AAB?$AAl?$AAo?$AAc?$AAk?$AA?5?$AAN?$AAu?$AAm?$AAb?$AAe?$AAr?$AA?3?$AA?5?$AA?$AA@ 00003654     flashmenu.obj
 0001:00002688       ??_C@_1FG@GECOJCBP@?$AA?5?$AAO?$AAo?$AAp?$AAs?$AA?0?$AA?5?$AAc?$AAa?$AAn?$AA?8?$AAt?$AA?5?$AAm?$AAa?$AAr?$AAk?$AA?5?$AAb?$AAl?$AAo?$AAc?$AAk?$AA?5?$AA?$CF?$AAd?$AA?5?$AA?9?$AA?5?$AAa?$AAs?$AA?5@ 00003688     flashmenu.obj
 0001:000026e0       ??_C@_1GE@KHHGLGPF@?$AA?5?$AAD?$AAo?$AA?5?$AAy?$AAo?$AAu?$AA?5?$AAw?$AAa?$AAn?$AAt?$AA?5?$AAm?$AAa?$AAr?$AAk?$AA?5?$AAa?$AAs?$AA?5?$AAr?$AAe?$AAs?$AAe?$AAr?$AAv?$AAe?$AAd?$AA?5?$AAb?$AAl@ 000036e0     flashmenu.obj
 0001:00002744       ??_C@_15DAMPJCDE@?$AA?$CF?$AAc?$AA?$AA@ 00003744     flashmenu.obj
 0001:0000274c       ??_C@_15OJKDPEFE@?$AA?5?$AA?5?$AA?$AA@ 0000374c     flashmenu.obj
 0001:00002754       ??_C@_1M@FHJLFHFE@?$AA?5?$AA?$CF?$AA0?$AA2?$AAx?$AA?$AA@ 00003754     flashmenu.obj
 0001:00002760       ??_C@_1M@CKIPGKFF@?$AA?$CF?$AA0?$AA4?$AAx?$AA?5?$AA?$AA@ 00003760     flashmenu.obj
 0001:00002770       ??_C@_1EM@JNIBIIAB@?$AA?$AN?$AA?6?$AAS?$AAe?$AAc?$AAt?$AAo?$AAr?$AA?5?$AA?$CF?$AAd?$AA?5?$AA?$CI?$AAs?$AAe?$AAc?$AAt?$AAo?$AAr?$AA?5?$AA?$CF?$AAd?$AA?5?$AAi?$AAn?$AA?5?$AAb?$AAl?$AAo?$AAc?$AAk?$AA?5@ 00003770     flashmenu.obj
 0001:000027c0       ??_C@_1HM@NEKLJOFD@?$AAR?$AAe?$AAs?$AAe?$AAr?$AAv?$AAe?$AAd?$AA1?$AA?3?$AA?5?$AA?$CF?$AA0?$AA8?$AAx?$AA?5?$AAO?$AAE?$AAM?$AAR?$AAe?$AAs?$AAe?$AAr?$AAv?$AAe?$AAd?$AA?3?$AA?5?$AA?$CF?$AA0?$AA2@ 000037c0     flashmenu.obj
 0001:0000283c       ??_C@_1DI@NODDJIFB@?$AA?5?$AAO?$AAo?$AAp?$AAs?$AA?0?$AA?5?$AAs?$AAe?$AAc?$AAt?$AAo?$AAr?$AA?5?$AAr?$AAe?$AAa?$AAd?$AA?5?$AAf?$AAa?$AAi?$AAl?$AAe?$AAd?$AA?$AN?$AA?6?$AA?$AA@ 0000383c     flashmenu.obj
 0001:00002874       ??_C@_1DO@OOAFHGFN@?$AA?5?$AAO?$AAo?$AAp?$AAs?$AA?0?$AA?5?$AAt?$AAo?$AAo?$AA?5?$AAb?$AAi?$AAg?$AA?5?$AAs?$AAe?$AAc?$AAt?$AAo?$AAr?$AA?5?$AAn?$AAu?$AAm?$AAb?$AAe?$AAr?$AA?$AN?$AA?6?$AA?$AA@ 00003874     flashmenu.obj
 0001:000028b4       ??_C@_1CG@KCBMIPD@?$AA?$AN?$AA?6?$AA?5?$AAS?$AAe?$AAc?$AAt?$AAo?$AAr?$AA?5?$AAN?$AAu?$AAm?$AAb?$AAe?$AAr?$AA?3?$AA?5?$AA?$AA@ 000038b4     flashmenu.obj
 0001:000028e0       ??_C@_1FG@IJKIFPEH@?$AA?5?$AAO?$AAo?$AAp?$AAs?$AA?0?$AA?5?$AAs?$AAe?$AAc?$AAt?$AAo?$AAr?$AA?5?$AAs?$AAi?$AAz?$AAe?$AA?5?$AAl?$AAa?$AAr?$AAg?$AAe?$AAr?$AA?5?$AAt?$AAh?$AAa?$AAn?$AA?5?$AAm@ 000038e0     flashmenu.obj
 0001:00002938       ??_C@_1BE@MFBEDOBI@?$AA?$AN?$AA?6?$AA?5?$AAD?$AAo?$AAn?$AAe?$AA?$AN?$AA?6?$AA?$AA@ 00003938     flashmenu.obj
 0001:0000294c       ??_C@_1CE@EPPKNNOD@?$AA?$AN?$AA?6?$AA?5?$AAB?$AAl?$AAo?$AAc?$AAk?$AA?5?$AAN?$AAu?$AAm?$AAb?$AAe?$AAr?$AA?3?$AA?5?$AA?$AA@ 0000394c     flashmenu.obj
 0001:00002970       ??_C@_1GC@JKKDFPCG@?$AA?5?$AAD?$AAo?$AA?5?$AAy?$AAo?$AAu?$AA?5?$AAw?$AAa?$AAn?$AAt?$AA?5?$AAt?$AAo?$AA?5?$AAf?$AAo?$AAr?$AAm?$AAa?$AAt?$AA?5?$AAu?$AAn?$AAr?$AAe?$AAs?$AAe?$AAr?$AAv?$AAe@ 00003970     flashmenu.obj
 0001:000029d4       ??_C@_1DM@NJFEAFBO@?$AA?5?$AAF?$AAl?$AAa?$AAs?$AAh?$AAi?$AAn?$AAg?$AA?5?$AAN?$AAK?$AA?4?$AAb?$AAi?$AAn?$AA?5?$AAi?$AAs?$AA?5?$AAe?$AAn?$AAa?$AAb?$AAl?$AAe?$AAd?$AA?$AN?$AA?6?$AA?$AA@ 000039d4     flashmenu.obj
 0001:00002a10       ??_C@_1DO@FEBEDMFN@?$AA?5?$AAF?$AAl?$AAa?$AAs?$AAh?$AAi?$AAn?$AAg?$AA?5?$AAN?$AAK?$AA?4?$AAb?$AAi?$AAn?$AA?5?$AAi?$AAs?$AA?5?$AAd?$AAi?$AAs?$AAa?$AAb?$AAl?$AAe?$AAd?$AA?$AN?$AA?6?$AA?$AA@ 00003a10     flashmenu.obj
 0001:00002a50       ??_C@_1EA@POGPJPIN@?$AA?5?$AAE?$AAn?$AAa?$AAb?$AAl?$AAe?$AA?5?$AAF?$AAl?$AAa?$AAs?$AAh?$AAi?$AAn?$AAg?$AA?5?$AAN?$AAK?$AA?4?$AAb?$AAi?$AAn?$AA?5?$AA?$FL?$AAy?$AA?1?$AA?9?$AA?$FN?$AA?3?$AA?5?$AA?$AA@ 00003a50     flashmenu.obj
 0001:00002a90       ??_C@_1EC@LIJCOJEF@?$AA?5?$AAD?$AAi?$AAs?$AAa?$AAb?$AAl?$AAe?$AA?5?$AAF?$AAl?$AAa?$AAs?$AAh?$AAi?$AAn?$AAg?$AA?5?$AAN?$AAK?$AA?4?$AAb?$AAi?$AAn?$AA?5?$AA?$FL?$AAy?$AA?1?$AA?9?$AA?$FN?$AA?3?$AA?5@ 00003a90     flashmenu.obj
 0001:00002ad8       ??_C@_1GE@EJGAKBM@?$AA?5?$AAI?$AAn?$AAv?$AAa?$AAl?$AAi?$AAd?$AA?5?$AAE?$AAC?$AAC?$AA?5?$AAm?$AAo?$AAd?$AAe?$AA?0?$AA?5?$AAs?$AAe?$AAt?$AA?5?$AAE?$AAC?$AAC?$AA?5?$AAm?$AAo?$AAd?$AAe?$AA?5@ 00003ad8     flashmenu.obj
 0001:00002b40       ??_C@_1ME@KHCPMAFG@?$AA?5?$AAT?$AAh?$AAi?$AAs?$AA?5?$AAc?$AAo?$AAm?$AAm?$AAa?$AAn?$AAd?$AA?5?$AAi?$AAs?$AA?5?$AAu?$AAs?$AAe?$AAd?$AA?5?$AAt?$AAo?$AA?5?$AAt?$AAe?$AAm?$AAp?$AAo?$AAr?$AAa@ 00003b40     flashmenu.obj
 0001:00002c08       ??_C@_1HK@NLFNLNJI@?$AA?5?$AAS?$AAe?$AAl?$AAe?$AAc?$AAt?$AA?5?$AAE?$AAC?$AAC?$AA?5?$AAm?$AAo?$AAd?$AAe?$AA?5?$AA?$FL?$AA0?$AA?$CI?$AAH?$AAa?$AAm?$AAm?$AAi?$AAn?$AAg?$AA?5?$AA1?$AAb?$AAi?$AAt@ 00003c08     flashmenu.obj
 0001:00002c84       ??_C@_1CI@DODPKNMO@?$AA?5?$AAU?$AAp?$AAd?$AAa?$AAt?$AAe?$AA?5?$AAS?$AAu?$AAc?$AAc?$AAe?$AAs?$AAs?$AA?$CB?$AA?$CB?$AA?$CB?$AA?5?$AA?$AA@ 00003c84     flashmenu.obj
 0001:00002cac       ??_C@_1BI@PHIHKHGN@?$AAE?$AAB?$AAO?$AAO?$AAT?$AAN?$AAD?$AA?4?$AAn?$AAb?$AA0?$AA?$AA@ 00003cac     flashmenu.obj
 0001:00002cc4       ??_C@_1DM@HJEBDDCE@?$AA?5?$AAU?$AAp?$AAd?$AAa?$AAt?$AAe?$AA?5?$AAe?$AAb?$AAo?$AAo?$AAt?$AA?5?$AAt?$AAo?$AA?5?$AAN?$AAA?$AAN?$AAD?$AA?5?$AA?$FL?$AAy?$AA?1?$AAn?$AA?$FN?$AA?3?$AA?5?$AA?$AA@ 00003cc4     flashmenu.obj
 0001:00002d00       ??_C@_1BK@FGEPPHDE@?$AAZ?$AA2?$AA1?$AA7?$AA0?$AAP?$AAn?$AAd?$AA?4?$AAr?$AAa?$AAw?$AA?$AA@ 00003d00     flashmenu.obj
 0001:00002d20       ??_C@_1EO@ENMDOP@?$AA?5?$AAU?$AAp?$AAd?$AAa?$AAt?$AAe?$AA?5?$AAe?$AAb?$AAo?$AAo?$AAt?$AA?$CL?$AAx?$AAl?$AAd?$AA?$CL?$AAl?$AAo?$AAg?$AAo?$AA?5?$AAt?$AAo?$AA?5?$AAN?$AAA?$AAN?$AAD?$AA?5?$AA?$FL@ 00003d20     flashmenu.obj
 0001:00002d70       ??_C@_1BK@DIIBPNGC@?$AAL?$AAO?$AAG?$AAO?$AA_?$AAV?$AAE?$AAR?$AA?4?$AAb?$AAm?$AAp?$AA?$AA@ 00003d70     flashmenu.obj
 0001:00002d90       ??_C@_1EC@MGLMJLJL@?$AA?5?$AAU?$AAp?$AAd?$AAa?$AAt?$AAe?$AA?5?$AAL?$AAo?$AAg?$AAo?$AA?4?$AAb?$AAm?$AAp?$AA?5?$AAt?$AAo?$AA?5?$AAN?$AAA?$AAN?$AAD?$AA?5?$AA?$FL?$AAy?$AA?1?$AAn?$AA?$FN?$AA?3?$AA?5@ 00003d90     flashmenu.obj
 0001:00002ef8       ??_C@_1DO@CGLKJNGE@?$AA?9?$AAO?$AAE?$AAM?$AAS?$AAt?$AAa?$AAr?$AAt?$AAE?$AAr?$AAa?$AAs?$AAe?$AAF?$AAl?$AAa?$AAs?$AAh?$AA?$CI?$AAr?$AAc?$AA?5?$AA?$DN?$AA?5?$AA?$CF?$AAd?$AA?$CJ?$AA?$AN?$AA?6?$AA?$AA@ 00003ef8     flash.obj
 0001:00002f38       ??_C@_1EM@JLOIOPDF@?$AA?$CL?$AAO?$AAE?$AAM?$AAS?$AAt?$AAa?$AAr?$AAt?$AAE?$AAr?$AAa?$AAs?$AAe?$AAF?$AAl?$AAa?$AAs?$AAh?$AA?$CI?$AA0?$AAx?$AA?$CF?$AA0?$AA8?$AAx?$AA?0?$AA?5?$AA0?$AAx?$AA?$CF?$AA0@ 00003f38     flash.obj
 0001:00002f84       ??_C@_1CK@NJEDFGLK@?$AAX?$AAL?$AAD?$AAR?$AA?5?$AAi?$AAm?$AAa?$AAg?$AAe?$AA?5?$AAw?$AAr?$AAi?$AAt?$AAt?$AAe?$AAn?$AA?$AN?$AA?6?$AA?$AA@ 00003f84     flash.obj
 0001:00002fb0       ??_C@_1JK@INEHPIOE@?$AAE?$AAR?$AAR?$AAO?$AAR?$AA?3?$AA?5?$AAO?$AAE?$AAM?$AAW?$AAr?$AAi?$AAt?$AAe?$AAF?$AAl?$AAa?$AAs?$AAh?$AA?3?$AA?5?$AAO?$AAA?$AAL?$AAF?$AAl?$AAa?$AAs?$AAh?$AAS?$AAt@ 00003fb0     flash.obj
 0001:00003050       ??_C@_1GO@DLIAFJMC@?$AAE?$AAR?$AAR?$AAO?$AAR?$AA?3?$AA?5?$AAO?$AAE?$AAM?$AAW?$AAr?$AAi?$AAt?$AAe?$AAF?$AAl?$AAa?$AAs?$AAh?$AA?3?$AA?5?$AAO?$AAA?$AAL?$AAF?$AAl?$AAa?$AAs?$AAh?$AAS?$AAt@ 00004050     flash.obj
 0001:000030c0       ??_C@_1EO@MFAPGNDN@?$AA?$AN?$AA?6?$AAW?$AAr?$AAi?$AAt?$AAi?$AAn?$AAg?$AA?5?$AAX?$AAL?$AAD?$AAR?$AA?5?$AAi?$AAm?$AAa?$AAg?$AAe?$AA?5?$AAt?$AAo?$AA?5?$AAf?$AAl?$AAa?$AAs?$AAh?$AA?5?$AAm?$AAe@ 000040c0     flash.obj
 0001:00003110       ??_C@_1CM@CMHKBBHI@?$AAE?$AAB?$AAO?$AAO?$AAT?$AA?5?$AAi?$AAm?$AAa?$AAg?$AAe?$AA?5?$AAw?$AAr?$AAi?$AAt?$AAt?$AAe?$AAn?$AA?$AN?$AA?6?$AA?$AA@ 00004110     flash.obj
 0001:00003140       ??_C@_1JO@HOPMBDBI@?$AAE?$AAR?$AAR?$AAO?$AAR?$AA?3?$AA?5?$AAO?$AAE?$AAM?$AAW?$AAr?$AAi?$AAt?$AAe?$AAF?$AAl?$AAa?$AAs?$AAh?$AA?3?$AA?5?$AAE?$AAB?$AAO?$AAO?$AAT?$AA?5?$AAi?$AAm?$AAa?$AAg@ 00004140     flash.obj
 0001:000031e0       ??_C@_1FA@LGNLEKHJ@?$AA?$AN?$AA?6?$AAW?$AAr?$AAi?$AAt?$AAi?$AAn?$AAg?$AA?5?$AAE?$AAB?$AAO?$AAO?$AAT?$AA?5?$AAi?$AAm?$AAa?$AAg?$AAe?$AA?5?$AAt?$AAo?$AA?5?$AAf?$AAl?$AAa?$AAs?$AAh?$AA?5?$AAm@ 000041e0     flash.obj
 0001:00003230       ??_C@_1DI@PEICDJAI@?$AAS?$AAp?$AAl?$AAa?$AAs?$AAh?$AAc?$AAr?$AAe?$AAe?$AAn?$AA?5?$AAi?$AAm?$AAa?$AAg?$AAe?$AA?5?$AAw?$AAr?$AAi?$AAt?$AAt?$AAe?$AAn?$AA?$AN?$AA?6?$AA?$AA@ 00004230     flash.obj
 0001:00003268       ??_C@_1JM@NFAJELED@?$AAE?$AAR?$AAR?$AAO?$AAR?$AA?3?$AA?5?$AAO?$AAE?$AAM?$AAW?$AAr?$AAi?$AAt?$AAe?$AAF?$AAl?$AAa?$AAs?$AAh?$AA?3?$AA?5?$AAL?$AAo?$AAg?$AAo?$AA?5?$AAi?$AAm?$AAa?$AAg?$AAe@ 00004268     flash.obj
 0001:00003308       ??_C@_1FM@GPKMPIMP@?$AA?$AN?$AA?6?$AAW?$AAr?$AAi?$AAt?$AAi?$AAn?$AAg?$AA?5?$AAS?$AAp?$AAl?$AAa?$AAs?$AAh?$AAc?$AAr?$AAe?$AAe?$AAn?$AA?5?$AAi?$AAm?$AAa?$AAg?$AAe?$AA?5?$AAt?$AAo?$AA?5?$AAf@ 00004308     flash.obj
 0001:00003368       ??_C@_1GG@PLILEPKK@?$AA?9?$AA?9?$AA?9?$AA?9?$AA?9?$AA?9?$AA?9?$AA?9?$AA?9?$AA?9?$AA?9?$AA?9?$AA?9?$AA?9?$AA?9?$AA?9?$AA?9?$AA?9?$AA?9?$AA?9?$AA?9?$AA?9?$AA?9?$AA?9?$AA?9?$AA?9?$AA?9?$AA?9?$AA?9?$AA?9?$AA?9?$AA?9@ 00004368     flash.obj
 0001:000033d0       ??_C@_1EC@FHNOBDCD@?$AA?5?$AA?5?$AAT?$AAr?$AAa?$AAc?$AAk?$AAi?$AAn?$AAg?$AA?5?$AAM?$AAe?$AAm?$AA?5?$AAL?$AAe?$AAn?$AAg?$AAt?$AAh?$AA?5?$AA?3?$AA?5?$AA0?$AAx?$AA?$CF?$AA0?$AA8?$AAx?$AA?$AN?$AA?6@ 000043d0     flash.obj
 0001:00003418       ??_C@_1EC@OMMGJENJ@?$AA?5?$AA?5?$AAT?$AAr?$AAa?$AAc?$AAk?$AAi?$AAn?$AAg?$AA?5?$AAM?$AAe?$AAm?$AA?5?$AAS?$AAt?$AAa?$AAr?$AAt?$AA?5?$AA?5?$AA?3?$AA?5?$AA0?$AAx?$AA?$CF?$AA0?$AA8?$AAx?$AA?$AN?$AA?6@ 00004418     flash.obj
 0001:00003460       ??_C@_1EC@JNDLGIKF@?$AA?5?$AA?5?$AAE?$AAx?$AAt?$AAe?$AAn?$AAs?$AAi?$AAo?$AAn?$AAs?$AA?5?$AA?5?$AA?5?$AA?5?$AA?5?$AA?5?$AA?5?$AA?5?$AA?5?$AA?5?$AA?3?$AA?5?$AA0?$AAx?$AA?$CF?$AA0?$AA8?$AAx?$AA?$AN?$AA?6@ 00004460     flash.obj
 0001:000034a8       ??_C@_1EK@NKNNLDBD@?$AA?5?$AA?5?$AAM?$AAi?$AAs?$AAc?$AAF?$AAl?$AAa?$AAg?$AAs?$AA?5?$AA?5?$AA?5?$AA?5?$AA?5?$AA?5?$AA?5?$AA?5?$AA?5?$AA?5?$AA?5?$AA?3?$AA?5?$AA?5?$AA?5?$AA?5?$AA?5?$AA0?$AAx?$AA?$CF?$AA0@ 000044a8     flash.obj
 0001:000034f8       ??_C@_1EK@JJJOHJHH@?$AA?5?$AA?5?$AAC?$AAP?$AAU?$AA?5?$AA?5?$AA?5?$AA?5?$AA?5?$AA?5?$AA?5?$AA?5?$AA?5?$AA?5?$AA?5?$AA?5?$AA?5?$AA?5?$AA?5?$AA?5?$AA?5?$AA?3?$AA?5?$AA?5?$AA?5?$AA?5?$AA?5?$AA0?$AAx?$AA?$CF?$AA0@ 000044f8     flash.obj
 0001:00003548       ??_C@_1EC@CCJIKKIG@?$AA?5?$AA?5?$AAD?$AAr?$AAi?$AAv?$AAe?$AAr?$AA?5?$AAG?$AAl?$AAo?$AAb?$AA?5?$AAL?$AAe?$AAn?$AAg?$AAt?$AAh?$AA?5?$AA?5?$AA?3?$AA?5?$AA0?$AAx?$AA?$CF?$AA0?$AA8?$AAx?$AA?$AN?$AA?6@ 00004548     flash.obj
 0001:00003590       ??_C@_1EC@LPBHAOCK@?$AA?5?$AA?5?$AAD?$AAr?$AAi?$AAv?$AAe?$AAr?$AA?5?$AAG?$AAl?$AAo?$AAb?$AA?5?$AAS?$AAt?$AAa?$AAr?$AAt?$AA?5?$AA?5?$AA?5?$AA?3?$AA?5?$AA0?$AAx?$AA?$CF?$AA0?$AA8?$AAx?$AA?$AN?$AA?6@ 00004590     flash.obj
 0001:000035d8       ??_C@_1EC@IABJILGI@?$AA?5?$AA?5?$AAF?$AAi?$AAl?$AAe?$AAS?$AAy?$AAs?$AA?5?$AAR?$AAA?$AAM?$AA?5?$AAP?$AAe?$AAr?$AAc?$AAe?$AAn?$AAt?$AA?5?$AA?3?$AA?5?$AA0?$AAx?$AA?$CF?$AA0?$AA8?$AAx?$AA?$AN?$AA?6@ 000045d8     flash.obj
 0001:00003620       ??_C@_1EC@GDFJIFCF@?$AA?5?$AA?5?$AAK?$AAe?$AAr?$AAn?$AAe?$AAl?$AA?5?$AAF?$AAl?$AAa?$AAg?$AAs?$AA?5?$AA?5?$AA?5?$AA?5?$AA?5?$AA?5?$AA?5?$AA?5?$AA?3?$AA?5?$AA0?$AAx?$AA?$CF?$AA0?$AA8?$AAx?$AA?$AN?$AA?6@ 00004620     flash.obj
 0001:00003664       ??_C@_1DO@NPCIPKAK@?$AA?5?$AA?5?$AAN?$AAu?$AAm?$AA?5?$AAF?$AAi?$AAl?$AAe?$AAs?$AA?5?$AA?5?$AA?5?$AA?5?$AA?5?$AA?5?$AA?5?$AA?5?$AA?5?$AA?5?$AA?5?$AA?3?$AA?5?$AA?$CF?$AA1?$AA0?$AAd?$AA?$AN?$AA?6?$AA?$AA@ 00004664     flash.obj
 0001:000036a8       ??_C@_1EC@GLFGIGFP@?$AA?5?$AA?5?$AAP?$AAr?$AAo?$AAf?$AA?5?$AAS?$AAy?$AAm?$AAb?$AAo?$AAl?$AA?5?$AAO?$AAf?$AAf?$AAs?$AAe?$AAt?$AA?5?$AA?5?$AA?3?$AA?5?$AA0?$AAx?$AA?$CF?$AA0?$AA8?$AAx?$AA?$AN?$AA?6@ 000046a8     flash.obj
 0001:000036f0       ??_C@_1EC@INEFBELC@?$AA?5?$AA?5?$AAP?$AAr?$AAo?$AAf?$AA?5?$AAS?$AAy?$AAm?$AAb?$AAo?$AAl?$AA?5?$AAL?$AAe?$AAn?$AAg?$AAt?$AAh?$AA?5?$AA?5?$AA?3?$AA?5?$AA0?$AAx?$AA?$CF?$AA0?$AA8?$AAx?$AA?$AN?$AA?6@ 000046f0     flash.obj
 0001:00003738       ??_C@_1EC@FEMDLBGI@?$AA?5?$AA?5?$AAC?$AAo?$AAp?$AAy?$AA?5?$AAE?$AAn?$AAt?$AAr?$AAi?$AAe?$AAs?$AA?5?$AAO?$AAf?$AAf?$AAs?$AAe?$AAt?$AA?5?$AA?3?$AA?5?$AA0?$AAx?$AA?$CF?$AA0?$AA8?$AAx?$AA?$AN?$AA?6@ 00004738     flash.obj
 0001:0000377c       ??_C@_1DO@LFBMBNAO@?$AA?5?$AA?5?$AAN?$AAu?$AAm?$AA?5?$AAC?$AAo?$AAp?$AAy?$AA?5?$AAE?$AAn?$AAt?$AAr?$AAi?$AAe?$AAs?$AA?5?$AA?5?$AA?5?$AA?5?$AA?3?$AA?5?$AA?$CF?$AA1?$AA0?$AAd?$AA?$AN?$AA?6?$AA?$AA@ 0000477c     flash.obj
 0001:000037c0       ??_C@_1EC@IKFCIHNK@?$AA?5?$AA?5?$AAR?$AAA?$AAM?$AA?5?$AAE?$AAn?$AAd?$AA?5?$AA?5?$AA?5?$AA?5?$AA?5?$AA?5?$AA?5?$AA?5?$AA?5?$AA?5?$AA?5?$AA?5?$AA?5?$AA?3?$AA?5?$AA0?$AAx?$AA?$CF?$AA0?$AA8?$AAx?$AA?$AN?$AA?6@ 000047c0     flash.obj
 0001:00003808       ??_C@_1EC@FMEPNBO@?$AA?5?$AA?5?$AAR?$AAA?$AAM?$AA?5?$AAF?$AAr?$AAe?$AAe?$AA?5?$AA?5?$AA?5?$AA?5?$AA?5?$AA?5?$AA?5?$AA?5?$AA?5?$AA?5?$AA?5?$AA?5?$AA?3?$AA?5?$AA0?$AAx?$AA?$CF?$AA0?$AA8?$AAx?$AA?$AN?$AA?6@ 00004808     flash.obj
 0001:00003850       ??_C@_1EC@IKCHAPAE@?$AA?5?$AA?5?$AAR?$AAA?$AAM?$AA?5?$AAS?$AAt?$AAa?$AAr?$AAt?$AA?5?$AA?5?$AA?5?$AA?5?$AA?5?$AA?5?$AA?5?$AA?5?$AA?5?$AA?5?$AA?5?$AA?3?$AA?5?$AA0?$AAx?$AA?$CF?$AA0?$AA8?$AAx?$AA?$AN?$AA?6@ 00004850     flash.obj
 0001:00003894       ??_C@_1DO@OKOEBDCJ@?$AA?5?$AA?5?$AAN?$AAu?$AAm?$AA?5?$AAM?$AAo?$AAd?$AAu?$AAl?$AAe?$AAs?$AA?5?$AA?5?$AA?5?$AA?5?$AA?5?$AA?5?$AA?5?$AA?5?$AA?5?$AA?3?$AA?5?$AA?$CF?$AA1?$AA0?$AAd?$AA?$AN?$AA?6?$AA?$AA@ 00004894     flash.obj
 0001:000038d8       ??_C@_1EC@NAHCJOL@?$AA?5?$AA?5?$AAP?$AAh?$AAy?$AAs?$AAi?$AAc?$AAa?$AAl?$AA?5?$AAL?$AAa?$AAs?$AAt?$AA?5?$AA?5?$AA?5?$AA?5?$AA?5?$AA?5?$AA?5?$AA?3?$AA?5?$AA0?$AAx?$AA?$CF?$AA0?$AA8?$AAx?$AA?$AN?$AA?6@ 000048d8     flash.obj
 0001:00003920       ??_C@_1EC@IJBGHIJL@?$AA?5?$AA?5?$AAP?$AAh?$AAy?$AAs?$AAi?$AAc?$AAa?$AAl?$AA?5?$AAF?$AAi?$AAr?$AAs?$AAt?$AA?5?$AA?5?$AA?5?$AA?5?$AA?5?$AA?5?$AA?3?$AA?5?$AA0?$AAx?$AA?$CF?$AA0?$AA8?$AAx?$AA?$AN?$AA?6@ 00004920     flash.obj
 0001:00003968       ??_C@_1EC@OOCEINF@?$AA?5?$AA?5?$AAD?$AAL?$AAL?$AA?5?$AAL?$AAa?$AAs?$AAt?$AA?5?$AA?5?$AA?5?$AA?5?$AA?5?$AA?5?$AA?5?$AA?5?$AA?5?$AA?5?$AA?5?$AA?5?$AA?3?$AA?5?$AA0?$AAx?$AA?$CF?$AA0?$AA8?$AAx?$AA?$AN?$AA?6@ 00004968     flash.obj
 0001:000039b0       ??_C@_1EC@FBMKGHCM@?$AA?5?$AA?5?$AAD?$AAL?$AAL?$AA?5?$AAF?$AAi?$AAr?$AAs?$AAt?$AA?5?$AA?5?$AA?5?$AA?5?$AA?5?$AA?5?$AA?5?$AA?5?$AA?5?$AA?5?$AA?5?$AA?3?$AA?5?$AA0?$AAx?$AA?$CF?$AA0?$AA8?$AAx?$AA?$AN?$AA?6@ 000049b0     flash.obj
 0001:000039f8       ??_C@_1FO@LHJKOBMN@?$AAR?$AAO?$AAM?$AAH?$AAD?$AAR?$AA?5?$AA?$CI?$AAp?$AAT?$AAO?$AAC?$AA?5?$AA?$DN?$AA?5?$AA0?$AAx?$AA?$CF?$AA0?$AA8?$AAx?$AA?$CJ?$AA?5?$AA?9?$AA?9?$AA?9?$AA?9?$AA?9?$AA?9?$AA?9?$AA?9?$AA?9@ 000049f8     flash.obj
 0001:00003a58       ??_C@_1EG@PIMGEOAE@?$AAB?$AAL?$AAC?$AAo?$AAn?$AAf?$AAi?$AAg?$AAu?$AAr?$AAe?$AAF?$AAl?$AAa?$AAs?$AAh?$AAP?$AAa?$AAr?$AAt?$AAi?$AAt?$AAi?$AAo?$AAn?$AAs?$AA?5?$AAe?$AAn?$AAd?$AA?$CB?$AA?$CB@ 00004a58     flash.obj
 0001:00003aa0       ??_C@_1DC@CJMIMBMC@?$AAF?$AAl?$AAa?$AAs?$AAh?$AA?5?$AAf?$AAo?$AAr?$AAm?$AAa?$AAt?$AA?5?$AAc?$AAo?$AAm?$AAp?$AAl?$AAe?$AAt?$AAe?$AA?$CB?$AA?$AN?$AA?6?$AA?$AA@ 00004aa0     flash.obj
 0001:00003ad8       ??_C@_1EE@EELLBIAJ@?$AAE?$AAr?$AAr?$AAo?$AAr?$AA?5?$AAc?$AAr?$AAe?$AAa?$AAt?$AAi?$AAn?$AAg?$AA?5?$AAf?$AAi?$AAl?$AAe?$AA?5?$AAp?$AAa?$AAr?$AAt?$AAi?$AAt?$AAi?$AAo?$AAn?$AA?$CB?$AA?$CB?$AA?$AN@ 00004ad8     flash.obj
 0001:00003b1c       ??_C@_1CO@GFIJHOCH@?$AAN?$AAK?$AA?5?$AAp?$AAa?$AAr?$AAt?$AAi?$AAt?$AAi?$AAo?$AAn?$AA?5?$AAc?$AAr?$AAe?$AAa?$AAt?$AAe?$AAd?$AA?$AN?$AA?6?$AA?$AA@ 00004b1c     flash.obj
 0001:00003b50       ??_C@_1EA@FBHNJDFD@?$AAE?$AAr?$AAr?$AAo?$AAr?$AA?5?$AAc?$AAr?$AAe?$AAa?$AAt?$AAi?$AAn?$AAg?$AA?5?$AAO?$AAS?$AA?5?$AAp?$AAa?$AAr?$AAt?$AAi?$AAt?$AAi?$AAo?$AAn?$AA?$CB?$AA?$CB?$AA?$AN?$AA?6?$AA?$AA@ 00004b50     flash.obj
 0001:00003b90       ??_C@_1CM@NDGHMEGF@?$AAF?$AAo?$AAr?$AAm?$AAa?$AAt?$AAt?$AAi?$AAn?$AAg?$AA?5?$AAf?$AAl?$AAa?$AAs?$AAh?$AA?4?$AA?4?$AA?4?$AA?$AN?$AA?6?$AA?$AA@ 00004b90     flash.obj
 0001:00003bc0       ??_C@_1LE@KHIPBHLF@?$AAO?$AAS?$AA?5?$AAp?$AAa?$AAr?$AAt?$AAi?$AAt?$AAi?$AAo?$AAn?$AA?5?$AAd?$AAo?$AAe?$AAs?$AA?5?$AAn?$AAo?$AAt?$AA?5?$AAm?$AAa?$AAt?$AAc?$AAh?$AA?5?$AAc?$AAo?$AAn?$AAf@ 00004bc0     flash.obj
 0001:00003c78       ??_C@_1EA@PANFDMBA@?$AAO?$AAS?$AA?5?$AAp?$AAa?$AAr?$AAt?$AAi?$AAt?$AAi?$AAo?$AAn?$AA?5?$AAd?$AAo?$AAe?$AAs?$AA?5?$AAn?$AAo?$AAt?$AA?5?$AAe?$AAx?$AAi?$AAs?$AAt?$AA?$CB?$AA?$CB?$AA?$AN?$AA?6?$AA?$AA@ 00004c78     flash.obj
 0001:00003cb8       ??_C@_1II@PGPDCKHA@?$AAB?$AAL?$AAC?$AAo?$AAn?$AAf?$AAi?$AAg?$AAu?$AAr?$AAe?$AAF?$AAl?$AAa?$AAs?$AAh?$AAP?$AAa?$AAr?$AAt?$AAi?$AAt?$AAi?$AAo?$AAn?$AAs?$AA?3?$AA?5?$AAE?$AAr?$AAr?$AAo@ 00004cb8     flash.obj
 0001:00003d40       ??_C@_1EK@CENGOCLE@?$AAB?$AAL?$AAC?$AAo?$AAn?$AAf?$AAi?$AAg?$AAu?$AAr?$AAe?$AAF?$AAl?$AAa?$AAs?$AAh?$AAP?$AAa?$AAr?$AAt?$AAi?$AAt?$AAi?$AAo?$AAn?$AAs?$AA?5?$AAs?$AAt?$AAa?$AAr?$AAt@ 00004d40     flash.obj
 0001:00003d8c       ??_C@_15JAOEEAHE@?$AAn?$AAk?$AA?$AA@ 00004d8c     flash.obj
 0001:00003d94       ??_C@_1CG@DGGKBAKL@?$AA?$CF?$AAs?$AA?5?$AAi?$AAm?$AAa?$AAg?$AAe?$AA?5?$AAw?$AAr?$AAi?$AAt?$AAt?$AAe?$AAn?$AA?$AN?$AA?6?$AA?$AA@ 00004d94     flash.obj
 0001:00003dc0       ??_C@_1FC@DLJHBOIG@?$AAE?$AAR?$AAR?$AAO?$AAR?$AA?3?$AA?5?$AAF?$AAa?$AAi?$AAl?$AAe?$AAd?$AA?5?$AAw?$AAr?$AAi?$AAt?$AAi?$AAn?$AAg?$AA?5?$AAt?$AAo?$AA?5?$AAO?$AAS?$AA?5?$AAp?$AAa?$AAr?$AAt@ 00004dc0     flash.obj
 0001:00003e18       ??_C@_1FM@NBKLFBCM@?$AAE?$AAR?$AAR?$AAO?$AAR?$AA?3?$AA?5?$AAO?$AAS?$AA?5?$AAp?$AAa?$AAr?$AAt?$AAi?$AAt?$AAi?$AAo?$AAn?$AA?5?$AAt?$AAo?$AAo?$AA?5?$AAs?$AAm?$AAa?$AAl?$AAl?$AA?$CB?$AA?5?$AA?5@ 00004e18     flash.obj
 0001:00003e78       ??_C@_1EC@KEKCJKLC@?$AAE?$AAR?$AAR?$AAO?$AAR?$AA?3?$AA?5?$AAO?$AAS?$AA?5?$AAp?$AAa?$AAr?$AAt?$AAi?$AAt?$AAi?$AAo?$AAn?$AA?5?$AAn?$AAo?$AAt?$AA?5?$AAf?$AAo?$AAu?$AAn?$AAd?$AA?$CB?$AA?$AN?$AA?6@ 00004e78     flash.obj
 0001:00003ec0       ??_C@_1GM@NHAICGBK@?$AAW?$AAr?$AAi?$AAt?$AAe?$AAF?$AAl?$AAa?$AAs?$AAh?$AAN?$AAK?$AA?3?$AA?5?$AAE?$AAr?$AAr?$AAo?$AAr?$AA?5?$AAi?$AAn?$AAi?$AAt?$AAi?$AAa?$AAl?$AAi?$AAz?$AAi?$AAn?$AAg@ 00004ec0     flash.obj
 0001:00003f30       ??_C@_1GK@ILFHOAHO@?$AAE?$AAR?$AAR?$AAO?$AAR?$AA?3?$AA?5?$AAO?$AAE?$AAM?$AAW?$AAr?$AAi?$AAt?$AAe?$AAF?$AAl?$AAa?$AAs?$AAh?$AA?3?$AA?5?$AAN?$AAK?$AA?5?$AAi?$AAm?$AAa?$AAg?$AAe?$AA?5?$AAs@ 00004f30     flash.obj
 0001:00003f9c       ??_C@_1CE@KBCKFLJM@?$AAN?$AAK?$AA?5?$AAI?$AAm?$AAa?$AAg?$AAe?$AA?5?$AAL?$AAo?$AAa?$AAd?$AAe?$AAd?$AA?$AN?$AA?6?$AA?$AA@ 00004f9c     flash.obj
 0001:00003fc0       ??_C@_1FK@HODAKHKA@?$AAE?$AAR?$AAR?$AAO?$AAR?$AA?3?$AA?5?$AAN?$AAK?$AA?5?$AAi?$AAm?$AAa?$AAg?$AAe?$AA?5?$AAd?$AAo?$AAe?$AAs?$AAn?$AA?8?$AAt?$AA?5?$AAh?$AAa?$AAv?$AAe?$AA?5?$AAR?$AAO?$AAM@ 00004fc0     flash.obj
 0001:00004020       ??_C@_1EE@FFBJDIJA@?$AAE?$AAR?$AAR?$AAO?$AAR?$AA?3?$AA?5?$AAB?$AAP?$AA_?$AAR?$AAe?$AAa?$AAd?$AAD?$AAa?$AAt?$AAa?$AA?5?$AAc?$AAa?$AAl?$AAl?$AA?5?$AAf?$AAa?$AAi?$AAl?$AAe?$AAd?$AA?$CB?$AA?$AN@ 00005020     flash.obj
 0001:00004068       ??_C@_1EG@FNGCHJDC@?$AAE?$AAR?$AAR?$AAO?$AAR?$AA?3?$AA?5?$AAI?$AAm?$AAa?$AAg?$AAe?$AA?5?$AAs?$AAi?$AAg?$AAn?$AAa?$AAt?$AAu?$AAr?$AAe?$AA?5?$AAn?$AAo?$AAt?$AA?5?$AAf?$AAo?$AAu?$AAn?$AAd@ 00005068     flash.obj
 0001:000040b0       ??_C@_1EK@JACEGLCB@?$AAE?$AAR?$AAR?$AAO?$AAR?$AA?3?$AA?5?$AAE?$AAr?$AAr?$AAo?$AAr?$AA?5?$AAr?$AAe?$AAa?$AAd?$AAi?$AAn?$AAg?$AA?5?$AAO?$AAS?$AA?5?$AAp?$AAa?$AAr?$AAt?$AAi?$AAt?$AAi?$AAo@ 000050b0     flash.obj
 0001:00004100       ??_C@_1GK@CPEKEJEK@?$AAR?$AAe?$AAa?$AAd?$AAF?$AAl?$AAa?$AAs?$AAh?$AAN?$AAK?$AA?3?$AA?5?$AAE?$AAr?$AAr?$AAo?$AAr?$AA?5?$AAi?$AAn?$AAi?$AAt?$AAi?$AAa?$AAl?$AAi?$AAz?$AAi?$AAn?$AAg?$AA?5@ 00005100     flash.obj
 0001:00004170       ??_C@_1EI@NJKPEMPA@?$AA?$AN?$AA?6?$AAL?$AAo?$AAa?$AAd?$AA?5?$AAN?$AAK?$AA?5?$AAi?$AAm?$AAa?$AAg?$AAe?$AA?5?$AAf?$AAr?$AAo?$AAm?$AA?5?$AAf?$AAl?$AAa?$AAs?$AAh?$AA?5?$AAm?$AAe?$AAm?$AAo?$AAr@ 00005170     flash.obj
 0001:00004248       ??_C@_1HE@BDJAOKHO@?$AAE?$AAR?$AAR?$AAO?$AAR?$AA?3?$AA?5?$AAE?$AAB?$AAO?$AAO?$AAT?$AA?$CB?$AAB?$AAL?$AAR?$AAe?$AAa?$AAd?$AAB?$AAo?$AAo?$AAt?$AAC?$AAf?$AAg?$AA?3?$AA?5?$AAF?$AAl?$AAa?$AAs@ 00005248     cfg.obj
 0001:000042c0       ??_C@_1IG@EBGBGDAI@?$AAE?$AAR?$AAR?$AAO?$AAR?$AA?3?$AA?5?$AAF?$AAl?$AAa?$AAs?$AAh?$AA?5?$AAs?$AAe?$AAc?$AAt?$AAo?$AAr?$AA?5?$AAs?$AAi?$AAz?$AAe?$AA?5?$AA?$CF?$AAd?$AA?5?$AAb?$AAy?$AAt?$AAe@ 000052c0     cfg.obj
 0001:00004348       ??_C@_1EE@MHCJNGAF@?$AAE?$AAR?$AAR?$AAO?$AAR?$AA?3?$AA?5?$AAF?$AAM?$AAD?$AA_?$AAG?$AAe?$AAt?$AAI?$AAn?$AAf?$AAo?$AA?5?$AAc?$AAa?$AAl?$AAl?$AA?5?$AAf?$AAa?$AAi?$AAl?$AAe?$AAd?$AA?$CB?$AA?$AN@ 00005348     cfg.obj
 0001:0000438c       ??_C@_1DO@FFNONGBO@?$AAE?$AAR?$AAR?$AAO?$AAR?$AA?3?$AA?5?$AAF?$AAM?$AAD?$AA_?$AAI?$AAn?$AAi?$AAt?$AA?5?$AAc?$AAa?$AAl?$AAl?$AA?5?$AAf?$AAa?$AAi?$AAl?$AAe?$AAd?$AA?$CB?$AA?$AN?$AA?6?$AA?$AA@ 0000538c     cfg.obj
 0001:000043d0       ??_C@_1HI@NMGONLPH@?$AAE?$AAR?$AAR?$AAO?$AAR?$AA?3?$AA?5?$AAE?$AAB?$AAO?$AAO?$AAT?$AA?$CB?$AAB?$AAL?$AAW?$AAr?$AAi?$AAt?$AAe?$AAB?$AAo?$AAo?$AAt?$AAC?$AAf?$AAg?$AA?3?$AA?5?$AAF?$AAl?$AAa@ 000053d0     cfg.obj
 0001:00004448       ??_C@_1HG@CNPKAHCG@?$AAE?$AAR?$AAR?$AAO?$AAR?$AA?3?$AA?5?$AAE?$AAB?$AAO?$AAO?$AAT?$AA?$CB?$AAB?$AAL?$AAW?$AAr?$AAi?$AAt?$AAe?$AAB?$AAo?$AAo?$AAt?$AAC?$AAf?$AAg?$AA?3?$AA?5?$AAF?$AAl?$AAa@ 00005448     cfg.obj
 0001:000044c0       ??_C@_1IE@IPHMEIA@?$AA?$AN?$AA?6?$AAE?$AAR?$AAR?$AAO?$AAR?$AA?3?$AA?5?$AAE?$AAB?$AAO?$AAO?$AAT?$AA?$CB?$AAB?$AAL?$AAW?$AAr?$AAi?$AAt?$AAe?$AAB?$AAo?$AAo?$AAt?$AAC?$AAf?$AAg?$AA?3?$AA?5?$AAF@ 000054c0     cfg.obj
 0001:00004548       ??_C@_1IG@GHABCEAA@?$AAE?$AAR?$AAR?$AAO?$AAR?$AA?3?$AA?5?$AAF?$AAl?$AAa?$AAs?$AAh?$AA?5?$AAs?$AAe?$AAc?$AAt?$AAo?$AAr?$AA?5?$AAs?$AAi?$AAz?$AAe?$AA?5?$AA?$CF?$AAd?$AA?5?$AAb?$AAy?$AAt?$AAe@ 00005548     cfg.obj
 0001:000045d0       ??_C@_1CG@LKOOCDFP@?$AAf?$AAl?$AAa?$AAs?$AAh?$AAT?$AAy?$AAp?$AAe?$AA?5?$AA?$DN?$AA?5?$AA0?$AAx?$AA?$CF?$AAx?$AA?$AN?$AA?6?$AA?$AA@ 000055d0     cfg.obj
 0001:000045f8       ??_C@_1EI@LFGCLBPP@?$AAI?$AAM?$AAA?$AAG?$AAE?$AA_?$AAB?$AAO?$AAO?$AAT?$AAL?$AAO?$AAA?$AAD?$AAE?$AAR?$AA_?$AAN?$AAA?$AAN?$AAD?$AA_?$AAS?$AAI?$AAZ?$AAE?$AA?5?$AA?$DN?$AA?5?$AA0?$AAx?$AA?$CF@ 000055f8     cfg.obj
 0001:00004640       ??_C@_1DK@MDBBDJLC@?$AAw?$AAD?$AAa?$AAt?$AAa?$AAB?$AAy?$AAt?$AAe?$AAs?$AAP?$AAe?$AAr?$AAS?$AAe?$AAc?$AAt?$AAo?$AAr?$AA?5?$AA?$DN?$AA?5?$AA0?$AAx?$AA?$CF?$AAx?$AA?$AN?$AA?6?$AA?$AA@ 00005640     cfg.obj
 0001:0000467c       ??_C@_1CK@LDEBLKGK@?$AAd?$AAw?$AAN?$AAu?$AAm?$AAB?$AAl?$AAo?$AAc?$AAk?$AAs?$AA?5?$AA?$DN?$AA?5?$AA0?$AAx?$AA?$CF?$AAx?$AA?$AN?$AA?6?$AA?$AA@ 0000567c     cfg.obj
 0001:000046a8       ??_C@_1DE@GHAFOAPE@?$AAw?$AAS?$AAe?$AAc?$AAt?$AAo?$AAr?$AAs?$AAP?$AAe?$AAr?$AAB?$AAl?$AAo?$AAc?$AAk?$AA?5?$AA?$DN?$AA?5?$AA0?$AAx?$AA?$CF?$AAx?$AA?$AN?$AA?6?$AA?$AA@ 000056a8     cfg.obj
 0001:000046dc       ??_C@_1DC@EJLCBHJJ@?$AAd?$AAw?$AAB?$AAy?$AAt?$AAe?$AAs?$AAP?$AAe?$AAr?$AAB?$AAl?$AAo?$AAc?$AAk?$AA?5?$AA?$DN?$AA?5?$AA0?$AAx?$AA?$CF?$AAx?$AA?$AN?$AA?6?$AA?$AA@ 000056dc     cfg.obj
 0001:00004710       ??_C@_1HO@MDILHIPB@?$AAC?$AAh?$AAe?$AAc?$AAk?$AAi?$AAn?$AAg?$AA?5?$AAb?$AAo?$AAo?$AAt?$AAl?$AAo?$AAa?$AAd?$AAe?$AAr?$AA?5?$AAb?$AAl?$AAo?$AAc?$AAk?$AAs?$AA?5?$AAa?$AAr?$AAe?$AA?5?$AAm@ 00005710     cfg.obj
 0001:00004790       ??_C@_1DM@FLIEODNJ@?$AAB?$AAL?$AAR?$AAe?$AAs?$AAe?$AAr?$AAv?$AAe?$AAB?$AAo?$AAo?$AAt?$AAB?$AAl?$AAo?$AAc?$AAk?$AAs?$AA?3?$AA?5?$AAs?$AAt?$AAa?$AAr?$AAt?$AA?$CB?$AA?$AN?$AA?6?$AA?$AA@ 00005790     cfg.obj
 0001:00004860       ??_C@_0CJ@MPHJDLPH@?9OALKitlDeviceName?$CIname?5?$DN?50x?$CF08x@ 00005860     oal_kitl_boot:device.obj
 0001:0000488c       ??_C@_0CJ@OKPKABKG@?$CLOALKitlDeviceName?$CI?$CFd?1?$CFd?1?$CF08x?0?50@ 0000588c     oal_kitl_boot:device.obj
 0001:000049d8       ??_C@_17HBLJBP@?$AA?$AN?$AA?6?$AA?5?$AA?$AA@ 000059d8     oal_blmenu:menu.obj
 0001:000049e0       ??_C@_13IMODFHAA@?$AA?9?$AA?$AA@ 000059e0     oal_blmenu:menu.obj
 0001:000049e4       ??_C@_1BO@MKGCCJBG@?$AA?$AN?$AA?6?$AA?5?$AAS?$AAe?$AAl?$AAe?$AAc?$AAt?$AAi?$AAo?$AAn?$AA?3?$AA?5?$AA?$AA@ 000059e4     oal_blmenu:menu.obj
 0001:00004a04       ??_C@_1BG@EBHIGBFG@?$AA?5?$AA?$FL?$AA?$CF?$AAc?$AA?$FN?$AA?5?$AA?$CF?$AAs?$AA?$AN?$AA?6?$AA?$AA@ 00005a04     oal_blmenu:menu.obj
 0001:00004a1c       ??_C@_15GANGMFKL@?$AA?$CF?$AAs?$AA?$AA@ 00005a1c     oal_blmenu:menu.obj
 0001:00004a28       ??_C@_1GG@GCPJEPA@?$AAE?$AAR?$AAR?$AAO?$AAR?$AA?3?$AA?5?$AAO?$AAA?$AAL?$AAB?$AAL?$AAM?$AAe?$AAn?$AAu?$AAS?$AAe?$AAl?$AAe?$AAc?$AAt?$AAD?$AAe?$AAv?$AAi?$AAc?$AAe?$AA?3?$AA?5?$AAI?$AAn@ 00005a28     oal_blmenu:menu.obj
 0001:00004a90       ??_C@_1CO@MNGNNHKJ@?$AA?5?$AA?$CF?$AAs?$AA?5?$AAd?$AAe?$AAv?$AAi?$AAc?$AAe?$AA?5?$AAs?$AAe?$AAt?$AA?5?$AAt?$AAo?$AA?5?$AA?$CF?$AAs?$AA?$AN?$AA?6?$AA?$AA@ 00005a90     oal_blmenu:menu.obj
 0001:00004ac0       ??_C@_1DG@FKDJCDHM@?$AA?$AN?$AA?6?$AA?5?$AAS?$AAe?$AAl?$AAe?$AAc?$AAt?$AAi?$AAo?$AAn?$AA?5?$AA?$CI?$AAa?$AAc?$AAt?$AAu?$AAa?$AAl?$AA?5?$AA?$CF?$AAs?$AA?$CJ?$AA?3?$AA?5?$AA?$AA@ 00005ac0     oal_blmenu:menu.obj
 0001:00004af8       ??_C@_1CC@GHCHDPIM@?$AAS?$AAe?$AAl?$AAe?$AAc?$AAt?$AA?5?$AA?$CF?$AAs?$AA?5?$AAD?$AAe?$AAv?$AAi?$AAc?$AAe?$AA?$AA@ 00005af8     oal_blmenu:menu.obj
 0001:00004b1c       ??_C@_17ILCABGPK@?$AA?$AI?$AA?5?$AA?$AI?$AA?$AA@ 00005b1c     oal_blmenu:menu.obj
 0001:00004c48       ??_C@_1O@INIEDEDF@?$AA?$CI?$AAN?$AAU?$AAL?$AAL?$AA?$CJ?$AA?$AA@ 00005c48     oal_blnk:format.obj
 0001:00004c58       ??_C@_06LHGEHABH@?$CINULL?$CJ?$AA@ 00005c58     oal_blnk:format.obj
 0001:00004cf0       pTOC                       00005cf0     oal_blcommon:blcommon.obj
 0001:00004cf8       NKSignon                   00005cf8     oal_blcommon:blcommon.obj
 0001:00004d54       ??_C@_0DJ@LFHEGALA@ERROR?3?5Checksum?5failure?5?$CIexpecte@ 00005d54     oal_blcommon:blcommon.obj
 0001:00004d90       ??_C@_0BM@DKIOIAMD@?$AN?6BL_IMAGE_TYPE_UNKNOWN?$AN?6?$AN?6?$AA@ 00005d90     oal_blcommon:blcommon.obj
 0001:00004dac       ??_C@_0BP@KNNCEABF@?$AN?6BL_IMAGE_TYPE_SIGNED_NB0?$AN?6?$AN?6?$AA@ 00005dac     oal_blcommon:blcommon.obj
 0001:00004dcc       ??_C@_07LAGBNAEN@R000FF?6?$AA@ 00005dcc     oal_blcommon:blcommon.obj
 0001:00004dd4       ??_C@_0BP@MJFCGNBB@?$AN?6BL_IMAGE_TYPE_SIGNED_BIN?$AN?6?$AN?6?$AA@ 00005dd4     oal_blcommon:blcommon.obj
 0001:00004df4       ??_C@_07HMMLNAND@S000FF?6?$AA@ 00005df4     oal_blcommon:blcommon.obj
 0001:00004dfc       ??_C@_0BI@HBMHAEFD@?$AN?6BL_IMAGE_TYPE_BIN?$AN?6?$AN?6?$AA@ 00005dfc     oal_blcommon:blcommon.obj
 0001:00004e14       ??_C@_07MMNKOBGG@B000FF?6?$AA@ 00005e14     oal_blcommon:blcommon.obj
 0001:00004e1c       ??_C@_0BN@IHLEHBEK@?$AN?6BL_IMAGE_TYPE_MULTIXIP?$AN?6?$AN?6?$AA@ 00005e1c     oal_blcommon:blcommon.obj
 0001:00004e3c       ??_C@_07CBKBMMIF@X000FF?6?$AA@ 00005e3c     oal_blcommon:blcommon.obj
 0001:00004e44       ??_C@_0BN@GCKOHOON@?$AN?6BL_IMAGE_TYPE_MANIFEST?$AN?6?$AN?6?$AA@ 00005e44     oal_blcommon:blcommon.obj
 0001:00004e64       ??_C@_07JLHFPECJ@N000FF?6?$AA@ 00005e64     oal_blcommon:blcommon.obj
 0001:00004e6c       ??_C@_0CL@OKMIEAHJ@?$AN?6ERROR?3?5Unable?5to?5read?5image?5si@ 00005e6c     oal_blcommon:blcommon.obj
 0001:00004e98       ??_C@_0DJ@PIPLIHFI@?$AN?6ERROR?3?5Unable?5to?5read?5download@ 00005e98     oal_blcommon:blcommon.obj
 0001:00004ed8       ??_C@_0EC@LAKEOKID@?$AN?6ERROR?3?5Download?5manifest?5packe@ 00005ed8     oal_blcommon:blcommon.obj
 0001:00004f1c       ??_C@_0DG@DBBGHEAG@?$AN?6ERROR?3?5Unable?5to?5read?5download@ 00005f1c     oal_blcommon:blcommon.obj
 0001:00004f54       ??_C@_0DL@DCHMDHHD@ImageStart?5?$DN?50x?$CFx?0?5ImageLength?5?$DN@ 00005f54     oal_blcommon:blcommon.obj
 0001:00004f90       ??_C@_0CO@PFLGIDFG@ERROR?3?5failed?5when?5reading?5raw?5b@ 00005f90     oal_blcommon:blcommon.obj
 0001:00004fc0       ??_C@_0BP@EOFEMPOO@Invalid?5flash?5address?1length?$AN?6?$AA@ 00005fc0     oal_blcommon:blcommon.obj
 0001:00004fe0       ??_C@_0CC@DNECAMLM@?$CBOEMVERIFYMEMORY?3?5Invalid?5image?$AN@ 00005fe0     oal_blcommon:blcommon.obj
 0001:00005004       ??_C@_0DH@GJCJAHAP@?$FL?$CFd?$FN?3?5Address?$DN0x?$CFx?5?5Length?$DN0x?$CFx?5@ 00006004     oal_blcommon:blcommon.obj
 0001:0000503c       ??_C@_03ILDADBHF@RAM?$AA@  0000603c     oal_blcommon:blcommon.obj
 0001:00005040       ??_C@_05HPMNGINJ@FLASH?$AA@ 00006040     oal_blcommon:blcommon.obj
 0001:00005048       ??_C@_0BH@FIOKDOBJ@?$AN?6Completed?5file?$CIs?$CJ?3?$AN?6?$AA@ 00006048     oal_blcommon:blcommon.obj
 0001:00005060       ??_C@_0FC@PGPOMBFM@?9?9?9?9?9?9?9?9?9?9?9?9?9?9?9?9?9?9?9?9?9?9?9?9?9?9?9?9?9?9?9?9@ 00006060     oal_blcommon:blcommon.obj
 0001:000050b4       ??_C@_06OLEINIPO@nk?4exe?$AA@ 000060b4     oal_blcommon:blcommon.obj
 0001:000050bc       ??_C@_0CE@NKAMCDHO@Unable?5to?5read?5image?5start?1lengt@ 000060bc     oal_blcommon:blcommon.obj
 0001:000050e0       ??_C@_0DI@FDIIHFBA@?$CK?$CK?$CK?$CK?$CK?$CK?5Checksum?5failure?5on?5recor@ 000060e0     oal_blcommon:blcommon.obj
 0001:00005118       ??_C@_0DD@KHJBCIED@?$CK?$CK?$CK?$CK?$CK?$CK?5Data?5record?5?$CFd?5corrupted?0@ 00006118     oal_blcommon:blcommon.obj
 0001:0000514c       ??_C@_0BD@PHLGNLDI@rom_offset?$DN0x?$CFx?4?$AN?6?$AA@ 0000614c     oal_blcommon:blcommon.obj
 0001:00005160       ??_C@_0EC@NABDPCJO@?$CK?$CK?5ERROR?3?5This?5boot?5loader?5does?5@ 00006160     oal_blcommon:blcommon.obj
 0001:000051a8       ??_C@_0EC@MIGFFFAC@?$CK?$CK?5ERROR?3?5This?5boot?5loader?5does?5@ 000061a8     oal_blcommon:blcommon.obj
 0001:000051ec       ??_C@_06BEBGGBAB@?$AN?6?$CK?$CK?$AN?6?$AA@ 000061ec     oal_blcommon:blcommon.obj
 0001:000051f8       ??_C@_0GI@NIAHKKOO@?$CK?$CK?5ERROR?3?5The?5X000FF?5packet?5is?5a@ 000061f8     oal_blcommon:blcommon.obj
 0001:00005260       ??_C@_0FO@KDFAPMNM@?$CK?$CK?5Please?5update?5your?5Platform?5B@ 00006260     oal_blcommon:blcommon.obj
 0001:000052c0       ??_C@_04IPBEALME@?$CK?$CK?$AN?6?$AA@ 000062c0     oal_blcommon:blcommon.obj
 0001:000052c8       ??_C@_0BI@OCFAEGPK@ROMHDR?5at?5Address?5?$CFXh?$AN?6?$AA@ 000062c8     oal_blcommon:blcommon.obj
 0001:000052e0       ??_C@_0CL@NOFKHKJC@System?5ready?$CB?$AN?6Preparing?5for?5dow@ 000062e0     oal_blcommon:blcommon.obj
 0001:0000530c       ??_C@_0M@CDHNGIPM@?$CFu?4?$CFu?4?$CFu?4?$CFu?$AA@ 0000630c     oal_blcommon:format.obj
 0001:000053a8       ??_C@_1EE@DLLAKNKJ@?$AA?9?$AAO?$AAA?$AAL?$AAF?$AAl?$AAa?$AAs?$AAh?$AAS?$AAt?$AAo?$AAr?$AAe?$AAO?$AAp?$AAe?$AAn?$AA?$CI?$AAr?$AAc?$AA?5?$AA?$DN?$AA?5?$AA0?$AAx?$AA?$CF?$AA0?$AA8?$AAx?$AA?$CJ?$AA?$AN@ 000063a8     common_ti_oal_flashstore:flashstore.obj
 0001:000053f0       ??_C@_1GC@LGNOEKEA@?$AAO?$AAA?$AAL?$AAF?$AAl?$AAa?$AAs?$AAh?$AAS?$AAt?$AAo?$AAr?$AAe?$AAO?$AAp?$AAe?$AAn?$AA?3?$AA?5?$AA?$CF?$AAd?$AA?5?$AAb?$AAl?$AAo?$AAc?$AAk?$AAs?$AA?0?$AA?5?$AA?$CF?$AAd@ 000063f0     common_ti_oal_flashstore:flashstore.obj
 0001:00005458       ??_C@_1HC@FKJBCKDO@?$AAO?$AAA?$AAL?$AAF?$AAl?$AAa?$AAs?$AAh?$AAS?$AAt?$AAo?$AAr?$AAe?$AAO?$AAp?$AAe?$AAn?$AA?3?$AA?5?$AA?$CF?$AAd?$AA?5?$AAb?$AAy?$AAt?$AAe?$AAs?$AA?1?$AAs?$AAe?$AAc?$AAt@ 00006458     common_ti_oal_flashstore:flashstore.obj
 0001:000054d0       ??_C@_1GK@DBMLJPHK@?$AAE?$AAR?$AAR?$AAO?$AAR?$AA?3?$AA?5?$AAO?$AAA?$AAL?$AAF?$AAl?$AAa?$AAs?$AAh?$AAS?$AAt?$AAo?$AAr?$AAe?$AAO?$AAp?$AAe?$AAn?$AA?3?$AA?5?$AAF?$AAM?$AAD?$AA_?$AAG?$AAe@ 000064d0     common_ti_oal_flashstore:flashstore.obj
 0001:00005540       ??_C@_1GE@JPMDHDDC@?$AAE?$AAR?$AAR?$AAO?$AAR?$AA?3?$AA?5?$AAO?$AAA?$AAL?$AAF?$AAl?$AAa?$AAs?$AAh?$AAS?$AAt?$AAo?$AAr?$AAe?$AAO?$AAp?$AAe?$AAn?$AA?3?$AA?5?$AAF?$AAM?$AAD?$AA_?$AAI?$AAn@ 00006540     common_ti_oal_flashstore:flashstore.obj
 0001:000055a4       ??_C@_1DK@MODMACFL@?$AA?$CL?$AAO?$AAA?$AAL?$AAF?$AAl?$AAa?$AAs?$AAh?$AAS?$AAt?$AAo?$AAr?$AAe?$AAO?$AAp?$AAe?$AAn?$AA?$CI?$AA0?$AAx?$AA?$CF?$AA0?$AA8?$AAx?$AA?$CJ?$AA?$AN?$AA?6?$AA?$AA@ 000065a4     common_ti_oal_flashstore:flashstore.obj
 0001:000055e0       ??_C@_1DE@JONHLDDF@?$AAW?$AAA?$AAR?$AAN?$AA?3?$AA?5?$AAS?$AAk?$AAi?$AAp?$AA?5?$AAb?$AAa?$AAd?$AA?5?$AAb?$AAl?$AAo?$AAc?$AAk?$AA?5?$AA?$CF?$AAd?$AA?$AN?$AA?6?$AA?$AA@ 000065e0     common_ti_oal_flashstore:flashstore.obj
 0001:00005614       ??_C@_1DO@DHDNAGME@?$AA?9?$AAO?$AAA?$AAL?$AAF?$AAl?$AAa?$AAs?$AAh?$AAS?$AAt?$AAo?$AAr?$AAe?$AAW?$AAr?$AAi?$AAt?$AAe?$AA?$CI?$AAr?$AAc?$AA?5?$AA?$DN?$AA?5?$AA?$CF?$AAd?$AA?$CJ?$AA?$AN?$AA?6?$AA?$AA@ 00006614     common_ti_oal_flashstore:flashstore.obj
 0001:00005658       ??_C@_1KE@CHNFEMEO@?$AAE?$AAR?$AAR?$AAO?$AAR?$AA?3?$AA?5?$AAO?$AAA?$AAL?$AAF?$AAl?$AAa?$AAs?$AAh?$AAS?$AAt?$AAo?$AAr?$AAe?$AAW?$AAr?$AAi?$AAt?$AAe?$AA?3?$AA?5?$AAC?$AAo?$AAr?$AAr?$AAu@ 00006658     common_ti_oal_flashstore:flashstore.obj
 0001:00005700       ??_C@_1HO@CIDFMKMH@?$AAE?$AAR?$AAR?$AAO?$AAR?$AA?3?$AA?5?$AAO?$AAA?$AAL?$AAF?$AAl?$AAa?$AAs?$AAh?$AAS?$AAt?$AAo?$AAr?$AAe?$AAW?$AAr?$AAi?$AAt?$AAe?$AA?3?$AA?5?$AAF?$AAa?$AAi?$AAl?$AAe@ 00006700     common_ti_oal_flashstore:flashstore.obj
 0001:00005780       ??_C@_1HO@FLMJGLLL@?$AAE?$AAR?$AAR?$AAO?$AAR?$AA?3?$AA?5?$AAO?$AAA?$AAL?$AAF?$AAl?$AAa?$AAs?$AAh?$AAS?$AAt?$AAo?$AAr?$AAe?$AAW?$AAr?$AAi?$AAt?$AAe?$AA?3?$AA?5?$AAR?$AAu?$AAn?$AA?5?$AAo@ 00006780     common_ti_oal_flashstore:flashstore.obj
 0001:00005800       ??_C@_1JG@BJDMMIFN@?$AAW?$AAA?$AAR?$AAN?$AA?3?$AA?5?$AAO?$AAA?$AAL?$AAF?$AAl?$AAa?$AAs?$AAh?$AAS?$AAt?$AAo?$AAr?$AAe?$AAW?$AAr?$AAi?$AAt?$AAe?$AA?3?$AA?5?$AAF?$AAa?$AAi?$AAl?$AAe?$AAd@ 00006800     common_ti_oal_flashstore:flashstore.obj
 0001:00005898       ??_C@_1IE@BDHDNOD@?$AAW?$AAA?$AAR?$AAN?$AA?3?$AA?5?$AAO?$AAA?$AAL?$AAF?$AAl?$AAa?$AAs?$AAh?$AAS?$AAt?$AAo?$AAr?$AAe?$AAW?$AAr?$AAi?$AAt?$AAe?$AA?3?$AA?5?$AAF?$AAa?$AAi?$AAl?$AAe?$AAd@ 00006898     common_ti_oal_flashstore:flashstore.obj
 0001:00005920       ??_C@_1KK@LPEKIKDN@?$AAE?$AAR?$AAR?$AAO?$AAR?$AA?3?$AA?5?$AAO?$AAA?$AAL?$AAF?$AAl?$AAa?$AAs?$AAh?$AAS?$AAt?$AAo?$AAr?$AAe?$AAW?$AAr?$AAi?$AAt?$AAe?$AA?3?$AA?5?$AAF?$AAa?$AAi?$AAl?$AAe@ 00006920     common_ti_oal_flashstore:flashstore.obj
 0001:000059d0       ??_C@_1LA@OCBPILJB@?$AAE?$AAR?$AAR?$AAO?$AAR?$AA?3?$AA?5?$AAO?$AAA?$AAL?$AAF?$AAl?$AAa?$AAs?$AAh?$AAS?$AAt?$AAo?$AAr?$AAe?$AAR?$AAe?$AAa?$AAd?$AA?3?$AA?5?$AAF?$AAl?$AAa?$AAs?$AAh?$AA?5@ 000069d0     common_ti_oal_flashstore:flashstore.obj
 0001:00005a80       ??_C@_1KG@OCIIDMHN@?$AAE?$AAR?$AAR?$AAO?$AAR?$AA?3?$AA?5?$AAO?$AAA?$AAL?$AAF?$AAl?$AAa?$AAs?$AAh?$AAS?$AAt?$AAo?$AAr?$AAe?$AAW?$AAr?$AAi?$AAt?$AAe?$AA?3?$AA?5?$AAF?$AAl?$AAa?$AAs?$AAh@ 00006a80     common_ti_oal_flashstore:flashstore.obj
 0001:00005b28       ??_C@_1HM@NGCJEILF@?$AA?$CL?$AAO?$AAA?$AAL?$AAF?$AAl?$AAa?$AAs?$AAh?$AAS?$AAt?$AAo?$AAr?$AAe?$AAW?$AAr?$AAi?$AAt?$AAe?$AA?$CI?$AA0?$AAx?$AA?$CF?$AA0?$AA8?$AAx?$AA?0?$AA?5?$AA0?$AAx?$AA?$CF?$AA0@ 00006b28     common_ti_oal_flashstore:flashstore.obj
 0001:00005ba4       ??_C@_1DM@KJHIDCKC@?$AA?9?$AAO?$AAA?$AAL?$AAF?$AAl?$AAa?$AAs?$AAh?$AAS?$AAt?$AAo?$AAr?$AAe?$AAR?$AAe?$AAa?$AAd?$AA?$CI?$AAr?$AAc?$AA?5?$AA?$DN?$AA?5?$AA?$CF?$AAd?$AA?$CJ?$AA?$AN?$AA?6?$AA?$AA@ 00006ba4     common_ti_oal_flashstore:flashstore.obj
 0001:00005be0       ??_C@_1JE@BGBADADK@?$AAE?$AAR?$AAR?$AAO?$AAR?$AA?3?$AA?5?$AAO?$AAA?$AAL?$AAF?$AAl?$AAa?$AAs?$AAh?$AAS?$AAt?$AAo?$AAr?$AAe?$AAR?$AAe?$AAa?$AAd?$AA?3?$AA?5?$AAF?$AAa?$AAi?$AAl?$AAe?$AAd@ 00006be0     common_ti_oal_flashstore:flashstore.obj
 0001:00005c78       ??_C@_1HM@LNEGDDBN@?$AAE?$AAR?$AAR?$AAO?$AAR?$AA?3?$AA?5?$AAO?$AAA?$AAL?$AAF?$AAl?$AAa?$AAs?$AAh?$AAS?$AAt?$AAo?$AAr?$AAe?$AAR?$AAe?$AAa?$AAd?$AA?3?$AA?5?$AAR?$AAu?$AAn?$AA?5?$AAo?$AAu@ 00006c78     common_ti_oal_flashstore:flashstore.obj
 0001:00005cf8       ??_C@_1KI@BBPBIBEF@?$AAE?$AAR?$AAR?$AAO?$AAR?$AA?3?$AA?5?$AAO?$AAA?$AAL?$AAF?$AAl?$AAa?$AAs?$AAh?$AAS?$AAt?$AAo?$AAr?$AAe?$AAR?$AAe?$AAa?$AAd?$AA?3?$AA?5?$AAF?$AAa?$AAi?$AAl?$AAe?$AAd@ 00006cf8     common_ti_oal_flashstore:flashstore.obj
 0001:00005da0       ??_C@_1KC@GLMKKJJO@?$AAE?$AAR?$AAR?$AAO?$AAR?$AA?3?$AA?5?$AAO?$AAA?$AAL?$AAF?$AAl?$AAa?$AAs?$AAh?$AAS?$AAt?$AAo?$AAr?$AAe?$AAR?$AAe?$AAa?$AAd?$AA?3?$AA?5?$AAF?$AAl?$AAa?$AAs?$AAh?$AA?5@ 00006da0     common_ti_oal_flashstore:flashstore.obj
 0001:00005e48       ??_C@_1HK@HAFKLFGC@?$AA?$CL?$AAO?$AAA?$AAL?$AAF?$AAl?$AAa?$AAs?$AAh?$AAS?$AAt?$AAo?$AAr?$AAe?$AAR?$AAe?$AAa?$AAd?$AA?$CI?$AA0?$AAx?$AA?$CF?$AA0?$AA8?$AAx?$AA?0?$AA?5?$AA0?$AAx?$AA?$CF?$AA0?$AA8@ 00006e48     common_ti_oal_flashstore:flashstore.obj
 0001:00005ec8       ??_C@_1EM@DFFPJPPN@?$AA?9?$AAO?$AAA?$AAL?$AAF?$AAl?$AAa?$AAs?$AAh?$AAS?$AAt?$AAo?$AAr?$AAe?$AAB?$AAu?$AAf?$AAf?$AAe?$AAr?$AAe?$AAd?$AAR?$AAe?$AAa?$AAd?$AA?$CI?$AAr?$AAc?$AA?5?$AA?$DN?$AA?5@ 00006ec8     common_ti_oal_flashstore:flashstore.obj
 0001:00005f18       ??_C@_1HC@PIJOJJGP@?$AA?$CL?$AAO?$AAA?$AAL?$AAF?$AAl?$AAa?$AAs?$AAh?$AAS?$AAt?$AAo?$AAr?$AAe?$AAB?$AAu?$AAf?$AAf?$AAe?$AAr?$AAe?$AAd?$AAR?$AAe?$AAa?$AAd?$AA?$CI?$AA0?$AAx?$AA?$CF?$AA0?$AA8@ 00006f18     common_ti_oal_flashstore:flashstore.obj
 0001:00006020       ??_C@_1KI@MDFCMHMG@?$AAC?$AA?3?$AA?2?$AAW?$AAI?$AAN?$AAC?$AAE?$AA6?$AA0?$AA0?$AA?2?$AAP?$AAL?$AAA?$AAT?$AAF?$AAO?$AAR?$AAM?$AA?2?$AAC?$AAO?$AAM?$AAM?$AAO?$AAN?$AA?2?$AAS?$AAR?$AAC?$AA?2@ 00007020     common_ti_fmd_nand_boot:fmd.obj
 0001:000060c8       ??_C@_1CI@OHCJFJPM@?$AAE?$AAR?$AAR?$AAO?$AAR?$AA?3?$AA?5?$AA?$CF?$AAs?$AA?5?$AAl?$AAi?$AAn?$AAe?$AA?5?$AA?$CF?$AAd?$AA?3?$AA?5?$AA?$AA@ 000070c8     common_ti_fmd_nand_boot:fmd.obj
 0001:000060f0       ??_C@_1HG@DCOIKHPB@?$AAF?$AAM?$AAD?$AA?5?$AAd?$AAr?$AAi?$AAv?$AAe?$AAr?$AA?5?$AAs?$AAu?$AAp?$AAp?$AAo?$AAr?$AAt?$AAs?$AA?5?$AAo?$AAn?$AAl?$AAy?$AA?5?$AA1?$AA6?$AAb?$AAi?$AAt?$AAs?$AA?5@ 000070f0     common_ti_fmd_nand_boot:fmd.obj
 0001:00006168       ??_C@_1DK@CAAJGKFH@?$AAI?$AAn?$AAc?$AAo?$AAr?$AAr?$AAe?$AAc?$AAt?$AA?5?$AAE?$AAC?$AAC?$AA?5?$AAt?$AAy?$AAp?$AAe?$AA?5?$AAs?$AAe?$AAt?$AAt?$AAi?$AAn?$AAg?$AA?$AN?$AA?6?$AA?$AA@ 00007168     common_ti_fmd_nand_boot:fmd.obj
 0001:00006238       ??_C@_1EA@JNFKONCC@?$AAE?$AAr?$AAr?$AAo?$AAr?$AA?3?$AA?5?$AAU?$AAn?$AAr?$AAe?$AAc?$AAo?$AAg?$AAn?$AAi?$AAz?$AAe?$AAd?$AA?5?$AAM?$AAo?$AAd?$AAe?$AA?$FL?$AA?$CF?$AAd?$AA?$FN?$AA?$CB?$AA?$AN?$AA?6?$AA?$AA@ 00007238     common_ti_fmd_nand_boot:gpmc_ecc.obj
 0001:00006278       ??_C@_1EI@LMGHLBK@?$AAE?$AAC?$AAC?$AA_?$AAI?$AAn?$AAi?$AAt?$AA?3?$AA?5?$AAu?$AAn?$AAs?$AAu?$AAp?$AAp?$AAo?$AAr?$AAt?$AAe?$AAd?$AA?5?$AAe?$AAc?$AAc?$AA?5?$AAm?$AAo?$AAd?$AAe?$AA?3?$AA?$CF@ 00007278     common_ti_fmd_nand_boot:gpmc_ecc.obj
 0001:00006350       ??_C@_1EA@CJMKJJJH@?$AAO?$AAA?$AAL?$AAL?$AAo?$AAc?$AAa?$AAl?$AAA?$AAl?$AAl?$AAo?$AAc?$AA?5?$AAr?$AAe?$AAt?$AAu?$AAr?$AAn?$AAe?$AAd?$AA?5?$AAN?$AAU?$AAL?$AAL?$AA?5?$AA?$CB?$AA?$AN?$AA?6?$AA?$AA@ 00007350     common_ti_oal_alloc:alloc.obj
 0001:000064b8       ??_C@_1KM@EEHAFCCJ@?$AAC?$AA?3?$AA?2?$AAW?$AAI?$AAN?$AAC?$AAE?$AA6?$AA0?$AA0?$AA?2?$AAP?$AAL?$AAA?$AAT?$AAF?$AAO?$AAR?$AAM?$AA?2?$AAC?$AAO?$AAM?$AAM?$AAO?$AAN?$AA?2?$AAS?$AAR?$AAC?$AA?2@ 000074b8     common_ti_oali2c:oali2c.obj
 0001:00006564       ??_C@_1CC@EHKJMBJI@?$AAD?$AAe?$AAv?$AAi?$AAc?$AAe?$AA?5?$AAn?$AAo?$AAt?$AA?5?$AAf?$AAo?$AAu?$AAn?$AAd?$AA?$AA@ 00007564     common_ti_oali2c:oali2c.obj
 0001:00006588       ??_C@_1KA@GOKKFLEJ@?$AAW?$AAA?$AAR?$AAN?$AA?3?$AA?5?$AAI?$AA2?$AAC?$AA?3?$AA?3?$AAI?$AA2?$AAC?$AAP?$AAo?$AAl?$AAl?$AAS?$AAt?$AAa?$AAt?$AAu?$AAs?$AA?5?$AA?9?$AA?5?$AAc?$AAh?$AAe?$AAc?$AAk@ 00007588     common_ti_oali2c:oali2c.obj
 0001:00006628       ??_C@_1GK@FLELOHLG@?$AAW?$AAA?$AAR?$AAN?$AA?3?$AA?5?$AAI?$AA2?$AAC?$AA?3?$AA?3?$AAI?$AA2?$AAC?$AAR?$AAe?$AAs?$AAe?$AAt?$AAD?$AAe?$AAv?$AAi?$AAc?$AAe?$AA?5?$AA?9?$AA?5?$AAf?$AAa?$AAi?$AAl@ 00007628     common_ti_oali2c:oali2c.obj
 0001:00006698       ??_C@_1GO@NCGHHJFM@?$AAW?$AAA?$AAR?$AAN?$AA?3?$AA?5?$AAI?$AA2?$AAC?$AA?3?$AA?5?$AAW?$AAr?$AAi?$AAt?$AAe?$AA?5?$AAf?$AAa?$AAi?$AAl?$AAe?$AAd?$AA?5?$AA?$CI?$AAS?$AAA?$AA?$DN?$AA0?$AAx?$AA?$CF?$AA0@ 00007698     common_ti_oali2c:oali2c.obj
 0001:00006708       ??_C@_1CO@EBLPIMOB@?$AAW?$AAr?$AAi?$AAt?$AAe?$AA?3?$AA?5?$AAA?$AAt?$AAt?$AAe?$AAm?$AAp?$AAt?$AAs?$AA?5?$AA?$DN?$AA?5?$AA?$CF?$AAd?$AA?$AN?$AA?6?$AA?$AA@ 00007708     common_ti_oali2c:oali2c.obj
 0001:00006738       ??_C@_1HM@LEOLDKCA@?$AAW?$AAA?$AAR?$AAN?$AA?3?$AA?5?$AAI?$AA2?$AAC?$AA?3?$AA?5?$AAR?$AAe?$AAa?$AAd?$AA?5?$AAf?$AAa?$AAi?$AAl?$AAe?$AAd?$AA?5?$AA?$CI?$AAs?$AAl?$AAa?$AAv?$AAe?$AA?5?$AAa?$AAd@ 00007738     common_ti_oali2c:oali2c.obj
 0001:000067b4       ??_C@_1CM@HPEFBBEG@?$AAR?$AAe?$AAa?$AAd?$AA?3?$AA?5?$AAA?$AAt?$AAt?$AAe?$AAm?$AAp?$AAt?$AAs?$AA?5?$AA?$DN?$AA?5?$AA?$CF?$AAd?$AA?$AN?$AA?6?$AA?$AA@ 000077b4     common_ti_oali2c:oali2c.obj
 0001:000067e0       ??_C@_1CO@IKDMELMO@?$AAI?$AA2?$AAC?$AA?3?$AA?5?$AAR?$AAE?$AAS?$AAE?$AAT?$AA?5?$AAd?$AAe?$AAv?$AAi?$AAc?$AAe?$AA?5?$AA?$CF?$AAd?$AA?$AN?$AA?6?$AA?$AA@ 000077e0     common_ti_oali2c:oali2c.obj
 0001:00006ab0       ??_C@_1FK@KLGDBING@?$AAS?$AAD?$AAC?$AAA?$AAR?$AAD?$AA?3?$AA?5?$AAr?$AAe?$AAq?$AAe?$AAs?$AAt?$AAe?$AAd?$AA?5?$AAs?$AAp?$AAe?$AAe?$AAd?$AA?5?$AA?$CF?$AAd?$AA?0?$AA?5?$AAa?$AAc?$AAt?$AAu?$AAa@ 00007ab0     common_ti_boot_sdmemory:sdcard.obj
 0001:00006b10       ??_C@_1GE@IHFMNDC@?$AAM?$AAM?$AAC?$AA?3?$AA?3?$AAM?$AAM?$AAC?$AAC?$AAo?$AAm?$AAm?$AAa?$AAn?$AAd?$AAR?$AAe?$AAs?$AAp?$AAo?$AAn?$AAs?$AAe?$AA?3?$AA?5?$AAC?$AAo?$AAm?$AAm?$AAa?$AAn?$AAd@ 00007b10     common_ti_boot_sdmemory:sdcard.obj
 0001:00006b78       ??_C@_1IM@IDDFJJFI@?$AAM?$AAM?$AAC?$AA?3?$AA?3?$AAM?$AAM?$AAC?$AAC?$AAo?$AAm?$AAm?$AAa?$AAn?$AAd?$AAR?$AAe?$AAs?$AAp?$AAo?$AAn?$AAs?$AAe?$AA?3?$AA?5?$AAC?$AAo?$AAm?$AAm?$AAa?$AAn?$AAd@ 00007b78     common_ti_boot_sdmemory:sdcard.obj
 0001:00006c08       ??_C@_1HM@GLHKNEKG@?$AAM?$AAM?$AAC?$AA?3?$AA?3?$AAM?$AAM?$AAC?$AAC?$AAo?$AAm?$AAm?$AAa?$AAn?$AAd?$AAR?$AAe?$AAs?$AAp?$AAo?$AAn?$AAs?$AAe?$AA?3?$AA?5?$AAM?$AAM?$AAC?$AAS?$AAe?$AAn?$AAd@ 00007c08     common_ti_boot_sdmemory:sdcard.obj
 0001:00006c88       ??_C@_1FE@BCNJBLJK@?$AAS?$AAD?$AAM?$AAe?$AAm?$AA?3?$AA?5?$AAc?$AAa?$AAr?$AAd?$AA?5?$AAr?$AAd?$AAy?$AA?5?$AAb?$AAT?$AAi?$AAm?$AAe?$AAo?$AAu?$AAt?$AA?0?$AA?5?$AAs?$AAt?$AAa?$AAt?$AAu?$AAs@ 00007c88     common_ti_boot_sdmemory:sdcard.obj
 0001:00006cdc       ??_C@_1DG@LHNGMEJK@?$AAr?$AAe?$AAa?$AAd?$AA?5?$AAm?$AAu?$AAl?$AAt?$AAi?$AA?5?$AAs?$AAe?$AAc?$AAt?$AAo?$AAr?$AAs?$AA?5?$AAe?$AAr?$AAr?$AAo?$AAr?$AA?$AN?$AA?6?$AA?$AA@ 00007cdc     common_ti_boot_sdmemory:sdcard.obj
 0001:00006d18       ??_C@_1IM@NDHBECDO@?$AAM?$AAM?$AAC?$AAR?$AAe?$AAa?$AAd?$AAM?$AAu?$AAl?$AAt?$AAi?$AAS?$AAe?$AAc?$AAt?$AAo?$AAr?$AAs?$AA?3?$AA?5?$AAM?$AAM?$AAC?$AAC?$AAo?$AAm?$AAm?$AAa?$AAn?$AAd?$AAR@ 00007d18     common_ti_boot_sdmemory:sdcard.obj
 0001:00006da8       ??_C@_1JA@ILPGFCNI@?$AAM?$AAM?$AAC?$AAR?$AAe?$AAa?$AAd?$AAM?$AAu?$AAl?$AAt?$AAi?$AAS?$AAe?$AAc?$AAt?$AAo?$AAr?$AAs?$AA?3?$AA?5?$AAM?$AAM?$AAC?$AAC?$AAo?$AAm?$AAm?$AAa?$AAn?$AAd?$AAR@ 00007da8     common_ti_boot_sdmemory:sdcard.obj
 0001:00006e38       ??_C@_1FK@HAPCNFMM@?$AAM?$AAM?$AAC?$AAR?$AAe?$AAa?$AAd?$AAM?$AAu?$AAl?$AAt?$AAi?$AAS?$AAe?$AAc?$AAt?$AAo?$AAr?$AAs?$AA?3?$AA?5?$AAM?$AAM?$AAC?$AAW?$AAa?$AAi?$AAt?$AAF?$AAo?$AAr?$AAR@ 00007e38     common_ti_boot_sdmemory:sdcard.obj
 0001:00006e94       ??_C@_1BK@GAKJANPH@?$AAr?$AAe?$AAa?$AAd?$AA?5?$AAe?$AAr?$AAr?$AAo?$AAr?$AA?$AN?$AA?6?$AA?$AA@ 00007e94     common_ti_boot_sdmemory:sdcard.obj
 0001:00006eb0       ??_C@_1HE@HOGFNIBK@?$AAM?$AAM?$AAC?$AAR?$AAe?$AAa?$AAd?$AA?3?$AA?5?$AAM?$AAM?$AAC?$AAC?$AAo?$AAm?$AAm?$AAa?$AAn?$AAd?$AAR?$AAe?$AAs?$AAp?$AAo?$AAn?$AAs?$AAe?$AA?5?$AAe?$AAr?$AAr?$AAo@ 00007eb0     common_ti_boot_sdmemory:sdcard.obj
 0001:00006f28       ??_C@_1KA@GCFNELEL@?$AAM?$AAM?$AAC?$AAS?$AAe?$AAl?$AAe?$AAc?$AAt?$AAC?$AAa?$AAr?$AAd?$AA?3?$AA?5?$AAt?$AAi?$AAm?$AAe?$AAo?$AAu?$AAt?$AA?5?$AAw?$AAa?$AAi?$AAt?$AAi?$AAn?$AAg?$AA?5?$AAf@ 00007f28     common_ti_boot_sdmemory:sdcard.obj
 0001:00006fc8       ??_C@_1GK@CDAMFDEK@?$AAM?$AAM?$AAC?$AA?3?$AA?5?$AAu?$AAn?$AAa?$AAb?$AAl?$AAe?$AA?5?$AAt?$AAo?$AA?5?$AAs?$AAe?$AAt?$AA?5?$AAw?$AAi?$AAd?$AAe?$AA?5?$AAb?$AAu?$AAs?$AA?5?$AAm?$AAo?$AAd?$AAe@ 00007fc8     common_ti_boot_sdmemory:sdcard.obj
 0001:00007034       ??_C@_1CC@BECOMKMK@?$AAA?$AAP?$AAP?$AA_?$AAC?$AAM?$AAD?$AA?5?$AAf?$AAa?$AAi?$AAl?$AAe?$AAd?$AA?$AN?$AA?6?$AA?$AA@ 00008034     common_ti_boot_sdmemory:sdcard.obj
 0001:00007058       ??_C@_1EK@FDKGIIKM@?$AAS?$AAD?$AAC?$AAa?$AAr?$AAd?$AAI?$AAn?$AAi?$AAt?$AA?3?$AA?5?$AAM?$AAM?$AAC?$AAS?$AAe?$AAt?$AAB?$AAl?$AAo?$AAc?$AAk?$AAL?$AAe?$AAn?$AA?5?$AAf?$AAa?$AAi?$AAl?$AAe@ 00008058     common_ti_boot_sdmemory:sdcard.obj
 0001:000070a8       ??_C@_1GE@FEOFGONO@?$AAM?$AAM?$AAC?$AAS?$AAe?$AAl?$AAe?$AAc?$AAt?$AAC?$AAa?$AAr?$AAd?$AA?3?$AA?5?$AAp?$AAo?$AAl?$AAl?$AA?5?$AAs?$AAt?$AAa?$AAt?$AAu?$AAs?$AA?5?$AAe?$AAr?$AAr?$AAo?$AAr@ 000080a8     common_ti_boot_sdmemory:sdcard.obj
 0001:00007110       ??_C@_1JO@JCBKFGLI@?$AAM?$AAM?$AAC?$AAI?$AAs?$AAs?$AAu?$AAe?$AAI?$AAd?$AAe?$AAn?$AAt?$AAi?$AAf?$AAy?$AA?3?$AA?5?$AAb?$AAu?$AAs?$AAy?$AA?5?$AAb?$AAi?$AAt?$AA?5?$AAn?$AAe?$AAv?$AAe?$AAr@ 00008110     common_ti_boot_sdmemory:sdcard.obj
 0001:000071b0       ??_C@_1KE@BIOPJCPI@?$AAM?$AAM?$AAC?$AAI?$AAs?$AAs?$AAu?$AAe?$AAI?$AAd?$AAe?$AAn?$AAt?$AAi?$AAf?$AAy?$AA?3?$AA?5?$AAb?$AAu?$AAs?$AAy?$AA?5?$AAb?$AAi?$AAt?$AA?5?$AAn?$AAe?$AAv?$AAe?$AAr@ 000081b0     common_ti_boot_sdmemory:sdcard.obj
 0001:00007258       ??_C@_1FK@HAIGBMKL@?$AAM?$AAM?$AAC?$AAI?$AAs?$AAs?$AAu?$AAe?$AAI?$AAd?$AAe?$AAn?$AAt?$AAi?$AAf?$AAy?$AA?3?$AA?5?$AAM?$AAM?$AAC?$AAC?$AAo?$AAm?$AAm?$AAa?$AAn?$AAd?$AAR?$AAe?$AAs?$AAp@ 00008258     common_ti_boot_sdmemory:sdcard.obj
 0001:000072b8       ??_C@_1EI@DCCPDMOI@?$AAS?$AAD?$AAC?$AAa?$AAr?$AAd?$AAI?$AAn?$AAi?$AAt?$AA?3?$AA?5?$AAM?$AAM?$AAC?$AAS?$AAe?$AAl?$AAe?$AAc?$AAt?$AAC?$AAa?$AAr?$AAd?$AA?5?$AAf?$AAa?$AAi?$AAl?$AAe?$AAd@ 000082b8     common_ti_boot_sdmemory:sdcard.obj
 0001:00007300       ??_C@_1EM@FDPFBDGI@?$AAS?$AAD?$AAC?$AAa?$AAr?$AAd?$AAI?$AAn?$AAi?$AAt?$AA?3?$AA?5?$AAM?$AAM?$AAC?$AAW?$AAa?$AAi?$AAt?$AAF?$AAo?$AAr?$AAR?$AAe?$AAa?$AAd?$AAy?$AA?5?$AAf?$AAa?$AAi?$AAl@ 00008300     common_ti_boot_sdmemory:sdcard.obj
 0001:0000734c       ??_C@_1DM@BFOJJFFG@?$AAS?$AAD?$AAC?$AAa?$AAr?$AAd?$AAI?$AAn?$AAi?$AAt?$AA?3?$AA?5?$AAN?$AAo?$AA?5?$AAm?$AAe?$AAd?$AAi?$AAa?$AA?5?$AAf?$AAo?$AAu?$AAn?$AAd?$AA?$CB?$AA?$AN?$AA?6?$AA?$AA@ 0000834c     common_ti_boot_sdmemory:sdcard.obj
 0001:00007388       ??_C@_1EE@PJJAIGOH@?$AAS?$AAD?$AAC?$AAa?$AAr?$AAd?$AAI?$AAn?$AAi?$AAt?$AA?3?$AA?5?$AAM?$AAM?$AAC?$AAI?$AAn?$AAi?$AAt?$AAD?$AAi?$AAs?$AAk?$AA?5?$AAf?$AAa?$AAi?$AAl?$AAe?$AAd?$AA?$CB?$AA?$AN@ 00008388     common_ti_boot_sdmemory:sdcard.obj
 0001:000073d0       ??_C@_1GI@CBFICDBE@?$AAS?$AAD?$AAC?$AAa?$AAr?$AAd?$AAR?$AAe?$AAa?$AAd?$AAS?$AAe?$AAc?$AAt?$AAo?$AAr?$AA?3?$AA?5?$AAE?$AAr?$AAr?$AAo?$AAr?$AA?5?$AAr?$AAe?$AAa?$AAd?$AAi?$AAn?$AAg?$AA?5@ 000083d0     common_ti_boot_sdmemory:sdcard.obj
 0001:00007438       ??_C@_1HE@MOOOFOKP@?$AAS?$AAD?$AAC?$AAa?$AAr?$AAd?$AAR?$AAe?$AAa?$AAd?$AAS?$AAe?$AAc?$AAt?$AAo?$AAr?$AA?3?$AA?5?$AAE?$AAr?$AAr?$AAo?$AAr?$AA?5?$AAr?$AAe?$AAa?$AAd?$AAi?$AAn?$AAg?$AA?5@ 00008438     common_ti_boot_sdmemory:sdcard.obj
 0001:000074b0       ??_C@_1IM@HCIKFOHM@?$AAS?$AAD?$AAC?$AAa?$AAr?$AAd?$AAR?$AAe?$AAa?$AAd?$AAM?$AAu?$AAl?$AAt?$AAi?$AAS?$AAe?$AAc?$AAt?$AAo?$AAr?$AAs?$AA?3?$AA?5?$AAE?$AAr?$AAr?$AAo?$AAr?$AA?5?$AAr?$AAe@ 000084b0     common_ti_boot_sdmemory:sdcard.obj
 0001:00007540       ??_C@_1IA@BMANGLND@?$AAS?$AAD?$AAC?$AAa?$AAr?$AAd?$AAR?$AAe?$AAa?$AAd?$AAM?$AAu?$AAl?$AAt?$AAi?$AAS?$AAe?$AAc?$AAt?$AAo?$AAr?$AAs?$AA?3?$AA?5?$AAE?$AAr?$AAr?$AAo?$AAr?$AA?5?$AAr?$AAe@ 00008540     common_ti_boot_sdmemory:sdcard.obj
 0001:000075c0       ??_C@_1EM@KMLGLOML@?$AAB?$AAL?$AAS?$AAD?$AAC?$AAa?$AAr?$AAd?$AAD?$AAo?$AAw?$AAn?$AAl?$AAo?$AAa?$AAd?$AA?3?$AA?5?$AA?5?$AAc?$AAa?$AAn?$AAn?$AAo?$AAt?$AA?5?$AAo?$AAp?$AAe?$AAn?$AA?5?$AAf@ 000085c0     common_ti_boot_sdmemory:sdcard.obj
 0001:00007610       ??_C@_1FA@PHKOKPHG@?$AAB?$AAL?$AAS?$AAD?$AAC?$AAa?$AAr?$AAd?$AAD?$AAo?$AAw?$AAn?$AAl?$AAo?$AAa?$AAd?$AA?3?$AA?5?$AA?5?$AAf?$AAi?$AAl?$AAe?$AAi?$AAo?$AA?5?$AAi?$AAn?$AAi?$AAt?$AA?5?$AAf@ 00008610     common_ti_boot_sdmemory:sdcard.obj
 0001:00007660       ??_C@_1EM@GBAEOFJC@?$AAB?$AAL?$AAS?$AAD?$AAC?$AAa?$AAr?$AAd?$AAR?$AAe?$AAa?$AAd?$AAL?$AAo?$AAg?$AAo?$AA?3?$AA?5?$AA?5?$AAc?$AAa?$AAn?$AAn?$AAo?$AAt?$AA?5?$AAr?$AAe?$AAa?$AAd?$AA?5?$AAf@ 00008660     common_ti_boot_sdmemory:sdcard.obj
 0001:000076b0       ??_C@_1GG@GHEKKBGL@?$AAB?$AAL?$AAS?$AAD?$AAC?$AAa?$AAr?$AAd?$AAR?$AAe?$AAa?$AAd?$AAL?$AAo?$AAg?$AAo?$AA?3?$AA?5?$AA?5?$AAc?$AAa?$AAn?$AAn?$AAo?$AAt?$AA?5?$AAr?$AAe?$AAa?$AAd?$AA?5?$AAp@ 000086b0     common_ti_boot_sdmemory:sdcard.obj
 0001:00007718       ??_C@_1FK@BIPBBPFB@?$AAB?$AAL?$AAS?$AAD?$AAC?$AAa?$AAr?$AAd?$AAR?$AAe?$AAa?$AAd?$AAL?$AAo?$AAg?$AAo?$AA?3?$AA?5?$AA?5?$AAc?$AAa?$AAn?$AAn?$AAo?$AAt?$AA?5?$AAr?$AAe?$AAa?$AAd?$AA?5?$AAf@ 00008718     common_ti_boot_sdmemory:sdcard.obj
 0001:00007778       ??_C@_1FI@KCFLKPBN@?$AAB?$AAL?$AAS?$AAD?$AAC?$AAa?$AAr?$AAd?$AAR?$AAe?$AAa?$AAd?$AAL?$AAo?$AAg?$AAo?$AA?3?$AA?5?$AA?5?$AAI?$AAn?$AAv?$AAa?$AAl?$AAi?$AAd?$AA?5?$AAf?$AAi?$AAl?$AAe?$AA?5@ 00008778     common_ti_boot_sdmemory:sdcard.obj
 0001:000077d0       ??_C@_1GA@CPLCDHMI@?$AAB?$AAL?$AAS?$AAD?$AAC?$AAa?$AAr?$AAd?$AAR?$AAe?$AAa?$AAd?$AAL?$AAo?$AAg?$AAo?$AA?3?$AA?5?$AA?5?$AAc?$AAa?$AAn?$AAn?$AAo?$AAt?$AA?5?$AAr?$AAe?$AAa?$AAd?$AA?5?$AAf@ 000087d0     common_ti_boot_sdmemory:sdcard.obj
 0001:00007830       ??_C@_1EI@GHBAGNOC@?$AAB?$AAL?$AAS?$AAD?$AAC?$AAa?$AAr?$AAd?$AAR?$AAe?$AAa?$AAd?$AAL?$AAo?$AAg?$AAo?$AA?3?$AA?5?$AA?5?$AAc?$AAa?$AAn?$AAn?$AAo?$AAt?$AA?5?$AAo?$AAp?$AAe?$AAn?$AA?5?$AA?$CF@ 00008830     common_ti_boot_sdmemory:sdcard.obj
 0001:00007878       ??_C@_1FA@JKDIHGIH@?$AAB?$AAL?$AAS?$AAD?$AAC?$AAa?$AAr?$AAd?$AAR?$AAe?$AAa?$AAd?$AAL?$AAo?$AAg?$AAo?$AA?3?$AA?5?$AA?5?$AAf?$AAi?$AAl?$AAe?$AAi?$AAo?$AA?5?$AAi?$AAn?$AAi?$AAt?$AA?5?$AAf@ 00008878     common_ti_boot_sdmemory:sdcard.obj
 0001:000078c8       ??_C@_1FG@ELLEIHPC@?$AAB?$AAL?$AAS?$AAD?$AAC?$AAa?$AAr?$AAd?$AAR?$AAe?$AAa?$AAd?$AAC?$AAa?$AAl?$AAi?$AAb?$AAD?$AAa?$AAt?$AAa?$AA?3?$AA?5?$AA?5?$AAc?$AAa?$AAn?$AAn?$AAo?$AAt?$AA?5?$AAr@ 000088c8     common_ti_boot_sdmemory:sdcard.obj
 0001:00007920       ??_C@_1FC@EBNLLDFO@?$AAB?$AAL?$AAS?$AAD?$AAC?$AAa?$AAr?$AAd?$AAR?$AAe?$AAa?$AAd?$AAC?$AAa?$AAl?$AAi?$AAb?$AAD?$AAa?$AAt?$AAa?$AA?3?$AA?5?$AA?5?$AAc?$AAa?$AAn?$AAn?$AAo?$AAt?$AA?5?$AAo@ 00008920     common_ti_boot_sdmemory:sdcard.obj
 0001:00007978       ??_C@_1FK@NFDDPJKE@?$AAB?$AAL?$AAS?$AAD?$AAC?$AAa?$AAr?$AAd?$AAR?$AAe?$AAa?$AAd?$AAC?$AAa?$AAl?$AAi?$AAb?$AAD?$AAa?$AAt?$AAa?$AA?3?$AA?5?$AA?5?$AAf?$AAi?$AAl?$AAe?$AAi?$AAo?$AA?5?$AAi@ 00008978     common_ti_boot_sdmemory:sdcard.obj
 0001:00007a68       gwaCMD                     00008a68     common_ti_boot_sdhc:sdhc.obj
 0001:00007c68       ??_C@_1DA@PKLOKBNI@?$AAI?$AAn?$AAi?$AAt?$AAi?$AAa?$AAl?$AAi?$AAz?$AAe?$AAH?$AAW?$AA?3?$AA?5?$AAT?$AAI?$AAM?$AAE?$AAO?$AAU?$AAT?$AA?$AN?$AA?6?$AA?$AA@ 00008c68     common_ti_boot_sdhc:sdhc.obj
 0001:00007c98       ??_C@_1DO@PKNJPAKP@?$AAI?$AAn?$AAi?$AAt?$AA?5?$AAS?$AAD?$AAH?$AAC?$AA?5?$AAH?$AAW?$AA?3?$AA?5?$AAc?$AAo?$AAn?$AAt?$AAr?$AAo?$AAl?$AAl?$AAe?$AAr?$AA?5?$AAR?$AAS?$AAT?$AA?$AN?$AA?6?$AA?$AA@ 00008c98     common_ti_boot_sdhc:sdhc.obj
 0001:00007cd8       ??_C@_1CI@EBIAGFPN@?$AAM?$AAM?$AAC?$AA?5?$AAR?$AAe?$AAs?$AAe?$AAt?$AA?5?$AAt?$AAi?$AAm?$AAe?$AAo?$AAu?$AAt?$AA?$AN?$AA?6?$AA?$AA@ 00008cd8     common_ti_boot_sdhc:sdhc.obj
 0001:00007d00       ??_C@_1CI@DLLABNKH@?$AAS?$AAD?$AAH?$AAC?$AA?5?$AAb?$AAa?$AAd?$AA?5?$AAs?$AAl?$AAo?$AAt?$AA?5?$AAn?$AAu?$AAm?$AA?$AN?$AA?6?$AA?$AA@ 00008d00     common_ti_boot_sdhc:sdhc.obj
 0001:00007d28       ??_C@_1GK@EBPKPBPE@?$AAG?$AAe?$AAt?$AAC?$AAo?$AAm?$AAm?$AAa?$AAn?$AAd?$AAR?$AAe?$AAs?$AAp?$AAo?$AAn?$AAs?$AAe?$AA?$CI?$AA?$CJ?$AA?5?$AA?9?$AA?5?$AAU?$AAn?$AAr?$AAe?$AAc?$AAo?$AAg?$AAn?$AAi@ 00008d28     common_ti_boot_sdhc:sdhc.obj
[...]
 0001:000298f0       UfnPdd_SetAddress          0002a8f0 f   common_ti_ethdrv_usbfn:pdd.obj
 0001:00029934       UfnPdd_Start               0002a934 f   common_ti_ethdrv_usbfn:pdd.obj
 0001:000299f4       UfnPdd_RegisterDevice      0002a9f4 f   common_ti_ethdrv_usbfn:pdd.obj
 0001:00029d40       UfnPdd_IsEndpointSupportable 0002ad40 f   common_ti_ethdrv_usbfn:pdd.obj
 0001:00029d5c       UfnPdd_IsConfigurationSupportable 0002ad5c f   common_ti_ethdrv_usbfn:pdd.obj
 0001:00029e48       UfnPdd_Init                0002ae48 f   common_ti_ethdrv_usbfn:pdd.obj
 0002:00000000       g_kitlEthLan911x           0002c000     main.obj
 0002:0000002c       g_kitlUsbRndis             0002c02c     main.obj
 0002:00000058       g_kitlDevices              0002c058     main.obj
 0002:000000a0       g_bootDevices              0002c0a0     main.obj
 0002:000000e8       DefaultMacAddress          0002c0e8     main.obj
 0002:000000f0       hotkeyColdReset            0002c0f0     hotkey.obj
 0002:00000280       dispResMenu                0002c280     menu.obj
 0002:000002b0       oppModeMenu35x             0002c2b0     menu.obj
 0002:000002c8       oppModeMenu37x             0002c2c8     menu.obj
 0002:000002d8       g_menuFlash                0002c2d8     flashmenu.obj
 0002:00000428       g_ulFlashBase              0002c428     flash.obj
 0002:0000042c       g_ulFlashLengthBytes       0002c42c     flash.obj
 0002:00000430       g_ulBPartBase              0002c430     flash.obj
 0002:00000434       g_ulBPartLengthBytes       0002c434     flash.obj
 0002:00000438       initialOALLogZones         0002c438     oal_log:debug.obj
 0002:00000440       dpCurSettings              0002c440     oal_log:debug.obj
 0002:000008cc       gpmc_ecc_hamming_code      0002c8cc     common_ti_fmd_nand_boot:gpmc_ecc.obj
 0002:000008dc       gpmc_ecc_bch_4bits         0002c8dc     common_ti_fmd_nand_boot:gpmc_ecc.obj
 0002:000008ec       gpmc_ecc_bch_8bits         0002c8ec     common_ti_fmd_nand_boot:gpmc_ecc.obj
 0002:00000900       OMAPCpuInfo                0002c900     OMAP3530_oalcpuver:oalcpuver.obj
 0002:00000948       CPUMaxSpeed                0002c948     OMAP3530_oalcpuver:oalcpuver.obj
 0002:00000958       Omap_Gpio                  0002c958     common_ti_oal_omap_gpio:omap35xx_gpio.obj
 0002:00000a60       Tps659xx_Gpio              0002ca60     TPS659xx_oal_gpio:tps659xx_gpio.obj
 0002:00000aa8       g_dwMeasuredSysClkFreq     0002caa8     bspcfg:bspcfg.obj
 0002:00000aac       _rgScaleTable              0002caac     bspcfg:bspcfg.obj
 0002:00000ad0       _rgI2CDevice               0002cad0     bspcfg:bspcfg.obj
 0002:00000bb0       SupportedNands             0002cbb0     bspcfg:bspcfg.obj
 0002:00000bec       BSPGpioTables              0002cbec     bspcfg:bspcfg.obj
 0002:00000c04       bRndisSendPacketEmpty      0002cc04     rne_mdd:rndis.obj
 0002:00000c38       RNdisMddSupportedOids      0002cc38     rne_mdd:hostmini.obj
 0002:00000cc8       __security_cookie          0002ccc8     gsnull:gsnull.obj
 0002:00000ccc       __security_cookie_complement 0002cccc     gsnull:gsnull.obj
 0002:00000cd0       ?g_dwMBRSectorNum@@3KA     0002ccd0     bootpart:bootpart.obj
 0002:00000cf0       lcd_res_params             0002ccf0     bsp_display_init:lcd_qvga.obj
 0002:00000ea4       g_InterruptData            0002cea4     common_ti_ethdrv_rndis:rndis.obj
 0002:00001104       g_CPUFamily                0002d104     main.obj
 0002:00001108       gRow                       0002d108     hotkey.obj
 0002:0000110c       gColumn                    0002d10c     hotkey.obj
 0002:00011120       EdbgDebugZone              0003d120     eth.obj
 0002:000343cc       gpmc_ecc_func              000603cc     common_ti_fmd_nand_boot:gpmc_ecc.obj
 0002:000343f4       ?csGpio@@3UCRITICAL_SECTION@@A 000603f4     TPS659xx_oal_gpio:tps659xx_gpio.obj
 0002:0003440c       ?g_fGpioPostInit@@3HA      0006040c     TPS659xx_oal_gpio:tps659xx_gpio.obj
 0002:0003e2a0       ?g_partStateTable@@3PAU_PARTSTATE@@A 0006a2a0     bootpart:bootpart.obj
 0002:0003e2c0       ?g_FlashInfo@@3U_FlashInfo@@A 0006a2c0     bootpart:bootpart.obj
 0002:0003e2d0       ?g_dwDataBytesPerBlock@@3KA 0006a2d0     bootpart:bootpart.obj
 0002:0003e2d4       ?g_dwLastWrittenLoc@@3KA   0006a2d4     bootpart:bootpart.obj
 0002:0003e2d8       ?g_dwLastLogSector@@3KA    0006a2d8     bootpart:bootpart.obj
 0002:0003e2dc       ?g_pSectorInfoBuf@@3PAU_SectorInfo@@A 0006a2dc     bootpart:bootpart.obj
 0002:0003e2e0       ?g_pbMBRSector@@3PAEA      0006a2e0     bootpart:bootpart.obj
 0002:0003e2e4       ?g_pbBlock@@3PAEA          0006a2e4     bootpart:bootpart.obj
 0002:0003e900       bDoLaunch                  0006a900     eboot:tftpd.obj
 0002:0003e904       TftpPeerAddr               0006a904     eboot:tftpd.obj
 0002:0003ebc8       hGpio                      0006abc8     bsp_display:bsp_logo.obj
 0002:0003ef0c       g_pEP1DataWrapper          0006af0c     common_ti_ethdrv_rndis:rndis.obj
 0002:0003ef10       g_devState                 0006af10     common_ti_ethdrv_rndis:rndis.obj
 0002:0003ef14       g_EP0TransferState         0006af14     common_ti_ethdrv_rndis:rndis.obj
 0002:0003ef18       g_EP1TransferState         0006af18     common_ti_ethdrv_rndis:rndis.obj
 0002:0003ef1c       g_EP2TransferState         0006af1c     common_ti_ethdrv_rndis:rndis.obj
 0002:0003ef20       g_EP3TransferState         0006af20     common_ti_ethdrv_rndis:rndis.obj
 0002:0003ef24       gDevice_prefix             0006af24     <common>
 0002:0003ef40       g_eboot                    0006af40     <common>
 0002:0003f088       g_ecctype                  0006b088     <common>
 0002:0003f0a0       g_bootCfg                  0006b0a0     <common>
 0002:0003f12c       szSprintf                  0006b12c     <common>
 0002:0003f130       g_pOEMVerifyMemory         0006b130     <common>
 0002:0003f134       g_dwROMOffset              0006b134     <common>
 0002:0003f138       g_pOEMReportError          0006b138     <common>
 0002:0003f13c       g_pOEMMultiBINNotify       0006b13c     <common>
 0002:0003f140       g_pOEMCheckSignature       0006b140     <common>
 0002:0003f160       g_oalCacheInfo             0006b160     <common>
 0002:0003f1a8       map                        0006b1a8     <common>
 0002:0003f1ac       nbBlock                    0006b1ac     <common>
 0002:0003f1b0       poolSize                   0006b1b0     <common>
 0002:0003f1b4       pool                       0006b1b4     <common>
 0002:0003f1b8       ExtendedPartionBaseSector  0006b1b8     <common>
 0002:0003f1c0       MMCcmd                     0006b1c0     <common>
 0002:0003f240       File                       0006b240     <common>
 0002:0003f464       pFile                      0006b464     <common>
 0002:0003f480       Request                    0006b480     <common>
 0002:0003f4e0       fileio_ops                 0006b4e0     <common>
 0002:0003f500       Disk                       0006b500     <common>
 0002:0003f538       m_fFirstTime               0006b538     <common>
 0002:0003f53c       m_dwCPURev                 0006b53c     <common>
 0002:0003f540       m_fMMCMode                 0006b540     <common>
 0002:0003f544       m_dwSlot                   0006b544     <common>
 0002:0003f548       m_fCardPresent             0006b548     <common>
 0002:0003f54c       m_dwMaxTimeout             0006b54c     <common>
 0002:0003f550       m_fInitialized             0006b550     <common>
 0002:0003f554       m_fAppCmdMode              0006b554     <common>
 0002:0003f558       m_fCardInitialized         0006b558     <common>
 0002:0003f55c       g_hGPIO                    0006b55c     <common>
 0002:0003f560       m_dwSDIOCard               0006b560     <common>
 0002:0003f564       m_pbRegisters              0006b564     <common>
 0002:0003f568       m_TransferClass            0006b568     <common>
 0002:0003f56c       m_dwMaxClockRate           0006b56c     <common>
 0002:0003f580       g_usbfnpdd                 0006b580     <common>
 0002:0003f700       g_EP0DataWrapper           0006b700     <common>
 0002:0003f710       MDDZONE5                   0006b710     <common>
 0002:0003f718       g_mddInterface             0006b718     <common>
 0002:0003f720       g_EP1Transfer              0006b720     <common>
 0002:0003f740       g_RndisKitlDev             0006b740     <common>
 0002:0003fb88       g_udr                      0006bb88     <common>
 0002:0003fb90       MDDZONE4                   0006bb90     <common>
 0002:0003fb94       PDDZONE                    0006bb94     <common>
 0002:0003fba0       g_EP3Transfer              0006bba0     <common>
 0002:0003fbc0       g_pddInterface             0006bbc0     <common>
 0002:0003fc20       MDDZONE3                   0006bc20     <common>
 0002:0003fc40       g_EP2Transfer              0006bc40     <common>
 0002:0003fc60       PDDZONE0                   0006bc60     <common>
 0002:0003fc80       g_EP0Transfer              0006bc80     <common>
 0002:0003fca0       MDDZONE0                   0006bca0     <common>
 0002:0003fca4       MDDZONE                    0006bca4     <common>
 0002:0003fca8       MDDZONE2                   0006bca8     <common>
 0002:0003fcc0       RndisMdd                   0006bcc0     <common>
 0002:0003fda0       TFtpLinks                  0006bda0     <common>
 0002:00040660       wOdoWellKnownServerPort    0006c660     <common>
 0002:00040662       nNumTFtpLinksInUse         0006c662     <common>
 0002:00040680       TFTPFrameBuffer            0006c680     <common>
 0002:00040ac0       TFtpdServerRegistry        0006cac0     <common>
 0002:00040b88       g_dwLogoPosX               0006cb88     <common>
 0002:00040b8c       g_dwLogoPosY               0006cb8c     <common>
 0002:00040b90       g_dwLogoHeight             0006cb90     <common>
 0002:00040b94       g_dwLogoWidth              0006cb94     <common>

 entry point at        0001:00000000

 Static symbols

 0001:0000f3cc       OEMPlatformDeinit          000103cc f   main.obj
 0001:000101b4       SetDeviceID                000111b4 f   menu.obj
 0001:000101f0       SetRetailMsgMode           000111f0 f   menu.obj
 0001:00010278       SetOPPmode                 00011278 f   menu.obj
 0001:0001034c       SaveSettings               0001134c f   menu.obj
 0001:000103f8       ShowSDCardSettings         000113f8 f   menu.obj
 0001:00010428       EnterSDCardFilename        00011428 f   menu.obj
 0001:00010454       ShowSettings               00011454 f   menu.obj
 0001:0001057c       ShowFlashGeometry          0001157c f   flashmenu.obj
 0001:00010778       EraseFlash                 00011778 f   flashmenu.obj
 0001:000108e0       EraseBlock                 000118e0 f   flashmenu.obj
 0001:00010b14       ReserveBlock               00011b14 f   flashmenu.obj
 0001:00010cd8       DumpFlash                  00011cd8 f   flashmenu.obj
 0001:00010f9c       SetBadBlock                00011f9c f   flashmenu.obj
 0001:00011070       FormatFlash                00012070 f   flashmenu.obj
 0001:000110c0       EnableFlashNK              000120c0 f   flashmenu.obj
 0001:00011148       SetECCType                 00012148 f   flashmenu.obj
 0001:000111e4       WriteEbootToNand           000121e4 f   flashmenu.obj
 0001:00011278       WriteEbXldLogoToNand       00012278 f   flashmenu.obj
 0001:00011334       WriteLogoToNand            00012334 f   flashmenu.obj
 0001:00011930       DumpTOC                    00012930 f   flash.obj
 0001:00012044       ReadFlashNK                00013044 f   flash.obj
 0001:00012df0       GetFormatValue             00013df0 f   oal_blnk:format.obj
 0001:000137bc       GetImageType               000147bc f   oal_blcommon:blcommon.obj
 0001:000138fc       CheckImageManifest         000148fc f   oal_blcommon:blcommon.obj
 0001:00013a28       DownloadNB0                00014a28 f   oal_blcommon:blcommon.obj
 0001:00013c28       WriteImageToFlash          00014c28 f   oal_blcommon:blcommon.obj
 0001:00013d08       IsKernelRegion             00014d08 f   oal_blcommon:blcommon.obj
 0001:00013dc4       DownloadBin                00014dc4 f   oal_blcommon:blcommon.obj
 0001:000141dc       DownloadImage              000151dc f   oal_blcommon:blcommon.obj
 0001:00014638       pOutputByte                00015638 f   oal_blcommon:format.obj
 0001:00014668       pOutputNumHex              00015668 f   oal_blcommon:format.obj
 0001:000146b0       pOutputNumDecimal          000156b0 f   oal_blcommon:format.obj
 0001:00014db4       SeekToBlock                00015db4 f   common_ti_oal_flashstore:flashstore.obj
 0001:0001561c       NAND_Read                  0001661c f   common_ti_fmd_nand_boot:fmd.obj
 0001:0001571c       NAND_Write                 0001671c f   common_ti_fmd_nand_boot:fmd.obj
 0001:00015824       NAND_Enable                00016824 f   common_ti_fmd_nand_boot:fmd.obj
 0001:000163e4       NAND_Initialize            000173e4 f   common_ti_fmd_nand_boot:fmd.obj
 0001:0001671c       Hamming_ECC_Init           0001771c f   common_ti_fmd_nand_boot:gpmc_ecc.obj
 0001:0001674c       Hamming_ECC_Calculate      0001774c f   common_ti_fmd_nand_boot:gpmc_ecc.obj
 0001:000167b4       Hamming_ECC_Reset          000177b4 f   common_ti_fmd_nand_boot:gpmc_ecc.obj
 0001:000167c4       Hamming_ECC_CorrectData    000177c4 f   common_ti_fmd_nand_boot:gpmc_ecc.obj
 0001:000168dc       BCH4_ECC_Init              000178dc f   common_ti_fmd_nand_boot:gpmc_ecc.obj
 0001:00016954       BCH4_ECC_Calculate         00017954 f   common_ti_fmd_nand_boot:gpmc_ecc.obj
 0001:000169f4       BCH4_ECC_Reset             000179f4 f   common_ti_fmd_nand_boot:gpmc_ecc.obj
 0001:00016a04       BCH8_ECC_Init              00017a04 f   common_ti_fmd_nand_boot:gpmc_ecc.obj
 0001:00016a7c       BCH8_ECC_Calculate         00017a7c f   common_ti_fmd_nand_boot:gpmc_ecc.obj
 0001:00016b7c       BCH8_ECC_Reset             00017b7c f   common_ti_fmd_nand_boot:gpmc_ecc.obj
 0001:00016cbc       BCH_correct_data           00017cbc f   common_ti_fmd_nand_boot:gpmc_ecc.obj
 0001:00016e18       BCH4_ECC_CorrectData       00017e18 f   common_ti_fmd_nand_boot:gpmc_ecc.obj
 0001:00016e4c       BCH8_ECC_CorrectData       00017e4c f   common_ti_fmd_nand_boot:gpmc_ecc.obj
 0001:00016e80       mpy_mod_gf                 00017e80 f   common_ti_fmd_nand_boot:omap_bch_decoder.obj
 0001:00016ee0       chien                      00017ee0 f   common_ti_fmd_nand_boot:omap_bch_decoder.obj
 0001:00017140       berlekamp                  00018140 f   common_ti_fmd_nand_boot:omap_bch_decoder.obj
 0001:000173b0       syndrome                   000183b0 f   common_ti_fmd_nand_boot:omap_bch_decoder.obj
 0001:00017aac       I2CResetDevice             00018aac f   common_ti_oali2c:oali2c.obj
 0001:00017d64       I2CTransaction             00018d64 f   common_ti_oali2c:oali2c.obj
 0001:0001a5b4       InitializeHardware         0001b5b4 f   common_ti_boot_sdhc:sdhc.obj
 0001:0001a6f0       MmcReset                   0001b6f0 f   common_ti_boot_sdhc:sdhc.obj
 0001:0001a8c8       SendInitSequence           0001b8c8 f   common_ti_boot_sdhc:sdhc.obj
 0001:0001a994       SendCommand                0001b994 f   common_ti_boot_sdhc:sdhc.obj
 0001:0001ac4c       GetCommandResponse         0001bc4c f   common_ti_boot_sdhc:sdhc.obj
 0001:0001ada8       SDIPollingReceive          0001bda8 f   common_ti_boot_sdhc:sdhc.obj
 0001:0001b09c       CommandCompleteHandler     0001c09c f   common_ti_boot_sdhc:sdhc.obj
 0001:0001b354       SdhcControllerInit         0001c354 f   common_ti_boot_sdhc:sdhc.obj
 0001:0001b500       ReadPhy                    0001c500 f   common_ti_ethdrv_lan911x:lan911x.obj
 0001:0001bf10       GetGroupByID               0001cf10 f   common_ti_oal_gpiodispatch:gpio_dispatch.obj
 0001:0001c1dc       ?OmapGpioPostInit@@YAHPAX@Z 0001d1dc f   common_ti_oal_omap_gpio:omap35xx_gpio.obj
 0001:0001c234       ?OmapGpioDeinit@@YAHPAX@Z  0001d234 f   common_ti_oal_omap_gpio:omap35xx_gpio.obj
 0001:0001c304       ?OmapGpioSetMode@@YAHPAXII@Z 0001d304 f   common_ti_oal_omap_gpio:omap35xx_gpio.obj
 0001:0001c42c       ?OmapGpioGetMode@@YAKPAXI@Z 0001d42c f   common_ti_oal_omap_gpio:omap35xx_gpio.obj
 0001:0001c520       ?OmapGpioPullup@@YAHPAXII@Z 0001d520 f   common_ti_oal_omap_gpio:omap35xx_gpio.obj
 0001:0001c528       ?OmapGpioPulldown@@YAHPAXII@Z 0001d528 f   common_ti_oal_omap_gpio:omap35xx_gpio.obj
 0001:0001c530       ?OmapGpioSetBit@@YAHPAXI@Z 0001d530 f   common_ti_oal_omap_gpio:omap35xx_gpio.obj
 0001:0001c5e8       ?OmapGpioClrBit@@YAHPAXI@Z 0001d5e8 f   common_ti_oal_omap_gpio:omap35xx_gpio.obj
 0001:0001c6a0       ?OmapGpioGetBit@@YAKPAXI@Z 0001d6a0 f   common_ti_oal_omap_gpio:omap35xx_gpio.obj
 0001:0001c74c       ?OmapGpioIoControl@@YAHPAXIPAEI1IPAK@Z 0001d74c f   common_ti_oal_omap_gpio:omap35xx_gpio.obj
 0001:0001c754       ?OmapGpioInit@@YAHPBGPAPAXPAI@Z 0001d754 f   common_ti_oal_omap_gpio:omap35xx_gpio.obj
 0001:0001c8ac       ?WriteTwlReg@@YAHKPAEI@Z   0001d8ac f   TPS659xx_oal_gpio:tps659xx_gpio.obj
 0001:0001c904       ?ReadTwlReg@@YAHKPAEI@Z    0001d904 f   TPS659xx_oal_gpio:tps659xx_gpio.obj
 0001:0001c95c       ?Tps659xxGpioInit@@YAHPBGPAPAXPAI@Z 0001d95c f   TPS659xx_oal_gpio:tps659xx_gpio.obj
 0001:0001c96c       ?Tps659xxGpioPostInit@@YAHPAX@Z 0001d96c f   TPS659xx_oal_gpio:tps659xx_gpio.obj
 0001:0001c994       ?Tps659xxGpioDeinit@@YAHPAX@Z 0001d994 f   TPS659xx_oal_gpio:tps659xx_gpio.obj
 0001:0001c9d4       ?Tps659xxGpioSetMode@@YAHPAXII@Z 0001d9d4 f   TPS659xx_oal_gpio:tps659xx_gpio.obj
 0001:0001cb3c       ?Tps659xxGpioGetMode@@YAKPAXI@Z 0001db3c f   TPS659xx_oal_gpio:tps659xx_gpio.obj
 0001:0001cc0c       ?Tps659xxGpioPullup@@YAHPAXII@Z 0001dc0c f   TPS659xx_oal_gpio:tps659xx_gpio.obj
 0001:0001ccc0       ?Tps659xxGpioPulldown@@YAHPAXII@Z 0001dcc0 f   TPS659xx_oal_gpio:tps659xx_gpio.obj
 0001:0001cd74       ?Tps659xxGpioSetBit@@YAHPAXI@Z 0001dd74 f   TPS659xx_oal_gpio:tps659xx_gpio.obj
 0001:0001cdcc       ?Tps659xxGpioClrBit@@YAHPAXI@Z 0001ddcc f   TPS659xx_oal_gpio:tps659xx_gpio.obj
 0001:0001ce24       ?Tps659xxGpioGetBit@@YAKPAXI@Z 0001de24 f   TPS659xx_oal_gpio:tps659xx_gpio.obj
 0001:0001ce80       ?Tps659xxGpioIoControl@@YAHPAXIPAEI1IPAK@Z 0001de80 f   TPS659xx_oal_gpio:tps659xx_gpio.obj
 0001:0002047c       LBAtoCHS                   0002147c f   bootpart:bootpart.obj
 0001:00020504       AddPartitionTableEntry     00021504 f   bootpart:bootpart.obj
 0001:00020624       LastLogSector              00021624 f   bootpart:bootpart.obj
 0001:000206b8       Log2Phys                   000216b8 f   bootpart:bootpart.obj
 0001:000207a4       FindFreeSector             000217a4 f   bootpart:bootpart.obj
 0001:00020864       ?AreSectorsFree@@YAHKK@Z   00021864 f   bootpart:bootpart.obj
 0001:0002094c       ReadBlock                  0002194c f   bootpart:bootpart.obj
 0001:000209cc       WriteBlock                 000219cc f   bootpart:bootpart.obj
 0001:0002116c       ?WriteMBR@@YAHXZ           0002216c f   bootpart:bootpart.obj
 0001:00021288       WriteLogicalNumbers        00022288 f   bootpart:bootpart.obj
 0001:000213b4       CreatePartition            000223b4 f   bootpart:bootpart.obj
 0001:00022ab4       CRC                        00023ab4 f   eboot:udp.obj
 0001:00023270       FormatDHCPName             00024270 f   eboot:dhcp.obj
 0001:00025584       BpbCopy                    00026584 f   common_ti_boot_fatfs:fileio.obj
 0001:000256f4       FileIoReadNextSectors      000266f4 f   common_ti_boot_fatfs:fileio.obj
 0001:00026228       PDD_SendNotification       00027228 f   common_ti_ethdrv_rndis:rndis.obj
 0001:00026254       PDD_RecvNotification       00027254 f   common_ti_ethdrv_rndis:rndis.obj
 0001:00027750       xtoa                       00028750 f   fulllibc:xtoa.obj
 0001:00028180       ContinueTxTransfer         00029180 f   common_ti_ethdrv_usbfn:pdd.obj
 0001:000284b0       StartRxTransfer            000294b0 f   common_ti_ethdrv_usbfn:pdd.obj
