 omap_dss

 Timestamp is 526723d1 (Wed Oct 23 09:18:09 2013)

 Preferred load address is 10000000

 Start         Length     Name                   Class
 0001:00000000 00000004H .CRT$XCA                CODE
 0001:00000004 00000004H .CRT$XCU                CODE
 0001:00000008 00000004H .CRT$XCZ                CODE
 0001:0000000c 00000004H .CRT$XIA                CODE
 0001:00000010 00000004H .CRT$XIZ                CODE
 0001:00000014 00000004H .CRT$XPA                CODE
 0001:00000018 00000004H .CRT$XPZ                CODE
 0001:0000001c 00000004H .CRT$XTA                CODE
 0001:00000020 00000004H .CRT$XTZ                CODE
 0001:00000030 00002424H .rdata                  CODE
 0001:00002454 00000025H .rdata$debug            CODE
 0001:00002480 0002bbc4H .text                   CODE
 0001:0002e044 00000030H .text$yc                CODE
 0001:0002e078 00000104H .xdata                  CODE
 0001:0002e17c 00000028H .idata$2                CODE
 0001:0002e1a4 00000014H .idata$3                CODE
 0001:0002e1b8 00000194H .idata$4                CODE
 0001:0002e34c 00000016H .idata$6                CODE
 0001:0002e370 00000072H .edata                  CODE
 0002:00000000 000018d8H omap_optbltasm          CODE
 0003:00000000 00000194H .idata$5                DATA
 0003:00000198 0000dcd0H .data                   DATA
 0003:0000de68 00004204H .bss                    DATA
 0004:00000000 00001170H .pdata                  DATA

  Address         Publics by Value              Rva+Base       Lib:Object

 0000:00000000       ___safe_se_handler_table   00000000     <absolute>
 0000:00000000       ___safe_se_handler_count   00000000     <absolute>
 0001:00000000       __xc_a                     10001000     corelib0:crt0init.obj
 0001:00000008       __xc_z                     10001008     corelib0:crt0init.obj
 0001:0000000c       __xi_a                     1000100c     corelib0:crt0init.obj
 0001:00000010       __xi_z                     10001010     corelib0:crt0init.obj
 0001:00000014       __xp_a                     10001014     corelib0:crt0init.obj
 0001:00000018       __xp_z                     10001018     corelib0:crt0init.obj
 0001:0000001c       __xt_a                     1000101c     corelib0:crt0init.obj
 0001:00000020       __xt_z                     10001020     corelib0:crt0init.obj
 0001:0000004c       ??_C@_1BO@HCEKBOCE@?$AAR?$AAe?$AAs?$AAi?$AAz?$AAe?$AAU?$AAs?$AAi?$AAn?$AAg?$AAI?$AAS?$AAP?$AA?$AA@ 1000104c     omap_ddgpe_dss:omap_ddgpe.obj
 0001:0000006c       ??_C@_1BO@HIDEFDND@?$AAE?$AAn?$AAa?$AAb?$AAl?$AAe?$AAN?$AAe?$AAo?$AAn?$AAB?$AAl?$AAt?$AAs?$AA?$AA@ 1000106c     omap_ddgpe_dss:omap_ddgpe.obj
 0001:0000008c       ??_C@_1DG@EMDCEMCN@?$AAE?$AAn?$AAa?$AAb?$AAl?$AAe?$AAW?$AAa?$AAi?$AAt?$AAF?$AAo?$AAr?$AAV?$AAe?$AAr?$AAt?$AAi?$AAc?$AAa?$AAl?$AAB?$AAl?$AAa?$AAn?$AAk?$AA?$AA@ 1000108c     omap_ddgpe_dss:omap_ddgpe.obj
 0001:000000c4       ??_C@_1CA@KKOABDHG@?$AAE?$AAn?$AAa?$AAb?$AAl?$AAe?$AAG?$AAa?$AAm?$AAm?$AAa?$AAC?$AAo?$AAr?$AAr?$AA?$AA@ 100010c4     omap_ddgpe_dss:omap_ddgpe.obj
 0001:000000e4       ??_C@_1BI@OHOBMFLJ@?$AAI?$AAS?$AAT?$AAP?$AAr?$AAi?$AAo?$AAr?$AAi?$AAt?$AAy?$AA?$AA@ 100010e4     omap_ddgpe_dss:omap_ddgpe.obj
 0001:000000fc       ??_C@_17JOPIDIGL@?$AAI?$AAR?$AAQ?$AA?$AA@ 100010fc     omap_ddgpe_dss:omap_ddgpe.obj
 0001:00000104       ??_C@_1O@EHICLELI@?$AAC?$AAu?$AAr?$AAs?$AAo?$AAr?$AA?$AA@ 10001104     omap_ddgpe_dss:omap_ddgpe.obj
 0001:00000114       ??_C@_1BO@LANIIAMF@?$AAT?$AAV?$AAO?$AAu?$AAt?$AA_?$AAO?$AAf?$AAf?$AAs?$AAe?$AAt?$AA_?$AAH?$AA?$AA@ 10001114     omap_ddgpe_dss:omap_ddgpe.obj
 0001:00000134       ??_C@_1BO@LIKCMHAM@?$AAT?$AAV?$AAO?$AAu?$AAt?$AA_?$AAO?$AAf?$AAf?$AAs?$AAe?$AAt?$AA_?$AAW?$AA?$AA@ 10001134     omap_ddgpe_dss:omap_ddgpe.obj
 0001:00000154       ??_C@_1BO@CGJCBLII@?$AAT?$AAV?$AAO?$AAu?$AAt?$AA_?$AAR?$AAe?$AAs?$AAi?$AAz?$AAe?$AA_?$AAH?$AA?$AA@ 10001154     omap_ddgpe_dss:omap_ddgpe.obj
 0001:00000174       ??_C@_1BO@COOIFMEB@?$AAT?$AAV?$AAO?$AAu?$AAt?$AA_?$AAR?$AAe?$AAs?$AAi?$AAz?$AAe?$AA_?$AAW?$AA?$AA@ 10001174     omap_ddgpe_dss:omap_ddgpe.obj
 0001:00000194       ??_C@_1CI@DIIAOCFK@?$AAT?$AAV?$AAO?$AAu?$AAt?$AA_?$AAA?$AAs?$AAp?$AAe?$AAc?$AAt?$AAR?$AAa?$AAt?$AAi?$AAo?$AA_?$AAH?$AA?$AA@ 10001194     omap_ddgpe_dss:omap_ddgpe.obj
 0001:000001bc       ??_C@_1CI@DAPKKFJD@?$AAT?$AAV?$AAO?$AAu?$AAt?$AA_?$AAA?$AAs?$AAp?$AAe?$AAc?$AAt?$AAR?$AAa?$AAt?$AAi?$AAo?$AA_?$AAW?$AA?$AA@ 100011bc     omap_ddgpe_dss:omap_ddgpe.obj
 0001:000001e4       ??_C@_1CE@JFOFAJOP@?$AAT?$AAV?$AAO?$AAu?$AAt?$AA_?$AAF?$AAi?$AAl?$AAt?$AAe?$AAr?$AAL?$AAe?$AAv?$AAe?$AAl?$AA?$AA@ 100011e4     omap_ddgpe_dss:omap_ddgpe.obj
 0001:00000208       ??_C@_1M@EAFCNFBE@?$AAT?$AAV?$AAO?$AAu?$AAt?$AA?$AA@ 10001208     omap_ddgpe_dss:omap_ddgpe.obj
 0001:00000214       ??_C@_1M@EJCCJHHO@?$AAA?$AAn?$AAg?$AAl?$AAe?$AA?$AA@ 10001214     omap_ddgpe_dss:omap_ddgpe.obj
 0001:00000220       ??_C@_1CA@JFJPPHPE@?$AAO?$AAf?$AAf?$AAs?$AAc?$AAr?$AAe?$AAe?$AAn?$AAM?$AAe?$AAm?$AAo?$AAr?$AAy?$AA?$AA@ 10001220     omap_ddgpe_dss:omap_ddgpe.obj
 0001:00000240       ??_C@_1BG@FALMIFAM@?$AAS?$AAu?$AAr?$AAf?$AAa?$AAc?$AAe?$AAM?$AAg?$AAr?$AA?$AA@ 10001240     omap_ddgpe_dss:omap_ddgpe.obj
 0001:000004c0       ??_C@_1CG@BEPCNIEH@?$AAS?$AAy?$AAs?$AAt?$AAe?$AAm?$AA?2?$AAG?$AAD?$AAI?$AA?2?$AAD?$AAr?$AAi?$AAv?$AAe?$AAr?$AAs?$AA?$AA@ 100014c0     omap_ddgpe_dss:omap_ddgpe.obj
 0001:000004e8       ??_7OMAPDDGPE@@6B@         100014e8     omap_ddgpe_dss:omap_ddgpe.obj
 0001:000005e8       ??_C@_1GI@LBPPMOKF@?$AA?$HL?$AA?$CF?$AA0?$AA8?$AAl?$AAX?$AA?9?$AA?$CF?$AA0?$AA4?$AAX?$AA?9?$AA?$CF?$AA0?$AA4?$AAX?$AA?9?$AA?$CF?$AA0?$AA2?$AAX?$AA?$CF?$AA0?$AA2?$AAX?$AA?9?$AA?$CF?$AA0?$AA2?$AAX?$AA?$CF?$AA0@ 100015e8     omap_ddgpe_dss:omap_ddgpe.obj
 0001:00000650       ??_C@_1EO@BHDHHEGO@?$AA?$HL?$AAE?$AAB?$AA9?$AA1?$AAC?$AA7?$AAC?$AA9?$AA?9?$AA8?$AAB?$AAF?$AA6?$AA?9?$AA4?$AAa?$AA2?$AAd?$AA?9?$AA9?$AAA?$AAB?$AA8?$AA?9?$AA6?$AA9?$AA7?$AA2?$AA4?$AAE?$AAE@ 10001650     omap_ddgpe_dss:omap_ddgpe.obj
 0001:00000758       ??_7OMAPDDGPESurface@@6B@  10001758     omap_ddgpe_dss:omap_ddsurf.obj
 0001:000007a8       ??_C@_1GM@EAIMMHOP@?$AAw?$AAi?$AAd?$AAt?$AAh?$AA?$CI?$AA?$CF?$AAd?$AA?$CJ?$AA?5?$AAa?$AAo?$AAr?$AA?5?$AAh?$AAe?$AAi?$AAg?$AAh?$AAt?$AA?$CI?$AA?$CF?$AAd?$AA?$CJ?$AA?5?$AAe?$AAx?$AAc?$AAe?$AAe?$AAd?$AAs@ 100017a8     omap_ddgpe_dss:omap_ddsurf.obj
 0001:00000984       ??_7OMAPDisplayController@@6B@ 10001984     omap_ddgpe_dssai:dssai.obj
 0001:00000988       ??_C@_1IE@LBLCKAI@?$AAO?$AAM?$AAA?$AAP?$AAD?$AAi?$AAs?$AAp?$AAl?$AAa?$AAy?$AAC?$AAo?$AAn?$AAt?$AAr?$AAo?$AAl?$AAl?$AAe?$AAr?$AA?3?$AA?3?$AAO?$AAM?$AAA?$AAP?$AAD?$AAi?$AAs?$AAp?$AAl@ 10001988     omap_ddgpe_dssai:dssai.obj
 0001:00000a0c       ??_C@_1M@JCBPODIL@?$AAR?$AAS?$AAZ?$AA1?$AA?3?$AA?$AA@ 10001a0c     omap_ddgpe_dssai:dssai.obj
 0001:00000a18       ??_C@_1JI@NGBENMPF@?$AAS?$AAe?$AAt?$AAS?$AAc?$AAa?$AAl?$AAi?$AAn?$AAg?$AAA?$AAt?$AAt?$AAr?$AAi?$AAb?$AAs?$AA?3?$AA?5?$AAC?$AAa?$AAn?$AAn?$AAo?$AAt?$AA?5?$AAc?$AAo?$AAn?$AAf?$AAi?$AAg@ 10001a18     omap_ddgpe_dssai:dssai.obj
 0001:00000ab0       ??_C@_1FC@BNAMOFIB@?$AA?9?$AAO?$AAM?$AAA?$AAP?$AAD?$AAi?$AAs?$AAp?$AAl?$AAa?$AAy?$AAC?$AAo?$AAn?$AAt?$AAr?$AAo?$AAl?$AAl?$AAe?$AAr?$AA?3?$AA?3?$AAS?$AAe?$AAt?$AAP?$AAo?$AAw?$AAe?$AAr@ 10001ab0     omap_ddgpe_dssai:dssai.obj
 0001:00000b08       ??_C@_1GC@BNGGKKMM@?$AA?$CL?$AAO?$AAM?$AAA?$AAP?$AAD?$AAi?$AAs?$AAp?$AAl?$AAa?$AAy?$AAC?$AAo?$AAn?$AAt?$AAr?$AAo?$AAl?$AAl?$AAe?$AAr?$AA?3?$AA?3?$AAS?$AAe?$AAt?$AAP?$AAo?$AAw?$AAe?$AAr@ 10001b08     omap_ddgpe_dssai:dssai.obj
 0001:00000b6c       ??_C@_1BI@GKABGADH@?$AAS?$AAM?$AAA?$AAR?$AAT?$AAR?$AAE?$AAF?$AAL?$AAE?$AAX?$AA?$AA@ 10001b6c     omap_ddgpe_dssai:dssai.obj
 0001:00000b88       ??_C@_1KC@HIABDGPO@?$AAC?$AA?3?$AA?2?$AAW?$AAI?$AAN?$AAC?$AAE?$AA6?$AA0?$AA0?$AA?2?$AAP?$AAL?$AAA?$AAT?$AAF?$AAO?$AAR?$AAM?$AA?2?$AAC?$AAO?$AAM?$AAM?$AAO?$AAN?$AA?2?$AAS?$AAR?$AAC?$AA?2@ 10001b88     omap_ddgpe_dssai:dssai.obj
 0001:00000c2c       ??_C@_1CI@OHCJFJPM@?$AAE?$AAR?$AAR?$AAO?$AAR?$AA?3?$AA?5?$AA?$CF?$AAs?$AA?5?$AAl?$AAi?$AAn?$AAe?$AA?5?$AA?$CF?$AAd?$AA?3?$AA?5?$AA?$AA@ 10001c2c     omap_ddgpe_dssai:dssai.obj
 0001:00000c58       ??_C@_1IO@PPJICGNB@?$AAE?$AAR?$AAR?$AAO?$AAR?$AA?3?$AA?5?$AAO?$AAM?$AAA?$AAP?$AAD?$AAi?$AAs?$AAp?$AAl?$AAa?$AAy?$AAC?$AAo?$AAn?$AAt?$AAr?$AAo?$AAl?$AAl?$AAe?$AAr?$AA?3?$AA?3?$AAI?$AAn@ 10001c58     omap_ddgpe_dssai:dssai.obj
 0001:00000ce8       ??_C@_1HG@JFNBAFMN@?$AAO?$AAM?$AAA?$AAP?$AAD?$AAi?$AAs?$AAp?$AAl?$AAa?$AAy?$AAC?$AAo?$AAn?$AAt?$AAr?$AAo?$AAl?$AAl?$AAe?$AAr?$AA?3?$AA?3?$AAI?$AAn?$AAi?$AAt?$AAC?$AAo?$AAn?$AAt?$AAr@ 10001ce8     omap_ddgpe_dssai:dssai.obj
 0001:00000d60       ??_C@_1GI@BHICJPAJ@?$AAO?$AAM?$AAA?$AAP?$AAD?$AAi?$AAs?$AAp?$AAl?$AAa?$AAy?$AAC?$AAo?$AAn?$AAt?$AAr?$AAo?$AAl?$AAl?$AAe?$AAr?$AA?3?$AA?3?$AAI?$AAn?$AAi?$AAt?$AAL?$AAC?$AAD?$AA?5?$AA?9@ 10001d60     omap_ddgpe_dssai:dssai.obj
 0001:00000dc8       ??_C@_1M@BALJCCCP@?$AAS?$AAP?$AAI?$AA1?$AA?3?$AA?$AA@ 10001dc8     omap_ddgpe_dssai:dssai.obj
 0001:00000dd8       ??_C@_1GI@EFKALDDE@?$AAO?$AAM?$AAA?$AAP?$AAD?$AAi?$AAs?$AAp?$AAl?$AAa?$AAy?$AAC?$AAo?$AAn?$AAt?$AAr?$AAo?$AAl?$AAl?$AAe?$AAr?$AA?3?$AA?3?$AAI?$AAn?$AAi?$AAt?$AAL?$AAC?$AAD?$AA?5?$AA?9@ 10001dd8     omap_ddgpe_dssai:dssai.obj
 0001:00000e40       ??_C@_1CE@FJEPCB@?$AAD?$AAS?$AAS?$AAA?$AAI?$AA_?$AAV?$AAS?$AAY?$AAN?$AAC?$AA_?$AAE?$AAV?$AAE?$AAN?$AAT?$AA?$AA@ 10001e40     omap_ddgpe_dssai:dssai.obj
 0001:00000e64       ??_7OMAPSurface@@6B@       10001e64     omap_ddgpe_dssai:surfmgr_flat.obj
 0001:00000ea0       ??_7OMAPSurfaceManager@@6B@ 10001ea0     omap_ddgpe_dssai:surfmgr_flat.obj
 0001:00000ed4       ??_7OMAPFlatSurface@@6B@   10001ed4     omap_ddgpe_dssai:surfmgr_flat.obj
 0001:00000f10       ??_7OMAPFlatSurfaceManager@@6B@ 10001f10     omap_ddgpe_dssai:surfmgr_flat.obj
 0001:00000f44       DEVICE_IFC_VRFB_GUID       10001f44     omap_ddgpe_dssai:surfmgr_vrfb.obj
 0001:00000f54       ??_C@_1M@FFMPJHKO@?$AAV?$AAR?$AAF?$AA1?$AA?3?$AA?$AA@ 10001f54     omap_ddgpe_dssai:surfmgr_vrfb.obj
 0001:00000f60       ??_7OMAPVrfbSurface@@6B@   10001f60     omap_ddgpe_dssai:surfmgr_vrfb.obj
 0001:00000f9c       ??_7OMAPVrfbSurfaceManager@@6B@ 10001f9c     omap_ddgpe_dssai:surfmgr_vrfb.obj
 0001:000010f0       ??_C@_1DM@JHFBIJGB@?$AAe?$AAr?$AAr?$AAo?$AAr?$AA?5?$AAL?$AAC?$AAD?$AA_?$AAV?$AAB?$AAP?$AA?5?$AAo?$AAu?$AAt?$AA?5?$AAo?$AAf?$AA?5?$AAr?$AAa?$AAn?$AAg?$AAe?$AA?5?$AA?$AN?$AA?6?$AA?$AA@ 100020f0     bsp_display_init:lcd_qvga.obj
 0001:0000112c       ??_C@_1DM@MMOBHECK@?$AAe?$AAr?$AAr?$AAo?$AAr?$AA?5?$AAL?$AAC?$AAD?$AA_?$AAV?$AAF?$AAP?$AA?5?$AAo?$AAu?$AAt?$AA?5?$AAo?$AAf?$AA?5?$AAr?$AAa?$AAn?$AAg?$AAe?$AA?5?$AA?$AN?$AA?6?$AA?$AA@ 1000212c     bsp_display_init:lcd_qvga.obj
 0001:00001168       ??_C@_1DM@PDNLKEIH@?$AAe?$AAr?$AAr?$AAo?$AAr?$AA?5?$AAL?$AAC?$AAD?$AA_?$AAV?$AAS?$AAW?$AA?5?$AAo?$AAu?$AAt?$AA?5?$AAo?$AAf?$AA?5?$AAr?$AAa?$AAn?$AAg?$AAe?$AA?5?$AA?$AN?$AA?6?$AA?$AA@ 10002168     bsp_display_init:lcd_qvga.obj
 0001:000011a4       ??_C@_1DM@EMLMGKHA@?$AAe?$AAr?$AAr?$AAo?$AAr?$AA?5?$AAL?$AAC?$AAD?$AA_?$AAH?$AAB?$AAP?$AA?5?$AAo?$AAu?$AAt?$AA?5?$AAo?$AAf?$AA?5?$AAr?$AAa?$AAn?$AAg?$AAe?$AA?5?$AA?$AN?$AA?6?$AA?$AA@ 100021a4     bsp_display_init:lcd_qvga.obj
 0001:000011e0       ??_C@_1DM@BHAMJHDL@?$AAe?$AAr?$AAr?$AAo?$AAr?$AA?5?$AAL?$AAC?$AAD?$AA_?$AAH?$AAF?$AAP?$AA?5?$AAo?$AAu?$AAt?$AA?5?$AAo?$AAf?$AA?5?$AAr?$AAa?$AAn?$AAg?$AAe?$AA?5?$AA?$AN?$AA?6?$AA?$AA@ 100021e0     bsp_display_init:lcd_qvga.obj
 0001:0000121c       ??_C@_1DM@CIDGEHJG@?$AAe?$AAr?$AAr?$AAo?$AAr?$AA?5?$AAL?$AAC?$AAD?$AA_?$AAH?$AAS?$AAW?$AA?5?$AAo?$AAu?$AAt?$AA?5?$AAo?$AAf?$AA?5?$AAr?$AAa?$AAn?$AAg?$AAe?$AA?5?$AA?$AN?$AA?6?$AA?$AA@ 1000221c     bsp_display_init:lcd_qvga.obj
 0001:00001258       ??_C@_1EO@MEBIGCL@?$AAG?$AAe?$AAt?$AAD?$AAi?$AAs?$AAp?$AAl?$AAa?$AAy?$AAR?$AAe?$AAs?$AAo?$AAl?$AAu?$AAt?$AAi?$AAo?$AAn?$AAF?$AAr?$AAo?$AAm?$AAB?$AAo?$AAo?$AAt?$AAA?$AAr?$AAg?$AAs@ 10002258     bsp_display_init:lcd_qvga.obj
 0001:000012a8       ??_C@_1EC@MMOGAKLI@?$AAL?$AAc?$AAd?$AAP?$AAd?$AAd?$AA_?$AAL?$AAC?$AAD?$AA_?$AAI?$AAn?$AAi?$AAt?$AAR?$AAe?$AAs?$AAo?$AAl?$AAu?$AAt?$AAi?$AAo?$AAn?$AA?5?$AA?3?$AA?5?$AA?$CF?$AAx?$AA?$AN?$AA?6@ 100022a8     bsp_display_init:lcd_qvga.obj
 0001:000012f0       ??_C@_1EM@DAPONPED@?$AA?$FL?$AAL?$AAc?$AAd?$AAP?$AAd?$AAd?$AA_?$AAL?$AAC?$AAD?$AA_?$AAG?$AAe?$AAt?$AAM?$AAo?$AAd?$AAe?$AA?$FN?$AA?5?$AAP?$AAi?$AAx?$AAe?$AAl?$AAC?$AAl?$AAo?$AAc?$AAk?$AA?3@ 100022f0     bsp_display_init:lcd_qvga.obj
 0001:00001340       ??_C@_1EE@MGKPBCBJ@?$AA?$FL?$AAL?$AAc?$AAd?$AAP?$AAd?$AAd?$AA_?$AAL?$AAC?$AAD?$AA_?$AAG?$AAe?$AAt?$AAM?$AAo?$AAd?$AAe?$AA?$FN?$AA?5?$AAH?$AAe?$AAi?$AAg?$AAh?$AAt?$AA?3?$AA?$CF?$AAd?$AA?5?$AA?$AN@ 10002340     bsp_display_init:lcd_qvga.obj
 0001:00001388       ??_C@_1EC@IIEILOOP@?$AA?$FL?$AAL?$AAc?$AAd?$AAP?$AAd?$AAd?$AA_?$AAL?$AAC?$AAD?$AA_?$AAG?$AAe?$AAt?$AAM?$AAo?$AAd?$AAe?$AA?$FN?$AA?5?$AAW?$AAi?$AAd?$AAt?$AAh?$AA?3?$AA?$CF?$AAd?$AA?5?$AA?$AN?$AA?6@ 10002388     bsp_display_init:lcd_qvga.obj
 0001:000013d0       ??_C@_1EM@HCKNPMCD@?$AA?$FL?$AAL?$AAc?$AAd?$AAP?$AAd?$AAd?$AA_?$AAL?$AAC?$AAD?$AA_?$AAG?$AAe?$AAt?$AAM?$AAo?$AAd?$AAe?$AA?$FN?$AA?5?$AAP?$AAi?$AAx?$AAe?$AAl?$AAF?$AAo?$AAr?$AAm?$AAa?$AAt@ 100023d0     bsp_display_init:lcd_qvga.obj
 0001:0000141c       ??_C@_1DO@KCGAIHAL@?$AA?6?$AA?$AN?$AA?$CK?$AA?$CK?$AA?$CK?$AA?5?$AAL?$AAc?$AAd?$AAP?$AAd?$AAd?$AA_?$AAL?$AAC?$AAD?$AA_?$AAG?$AAe?$AAt?$AAM?$AAo?$AAd?$AAe?$AA?5?$AA?$CK?$AA?$CK?$AA?$CK?$AA?6?$AA?$AN?$AA?$AA@ 1000241c     bsp_display_init:lcd_qvga.obj
 0001:00001460       ??_C@_1EK@PCOLBNDB@?$AA?6?$AA?$AN?$AA?$CK?$AA?$CK?$AA?$CK?$AA?5?$AAL?$AAc?$AAd?$AAP?$AAd?$AAd?$AA_?$AAS?$AAe?$AAt?$AAP?$AAo?$AAw?$AAe?$AAr?$AAL?$AAe?$AAv?$AAe?$AAl?$AA?$CI?$AA?$CF?$AAd?$AA?$CJ?$AA?5?$AA?$CK@ 10002460     bsp_display_init:lcd_qvga.obj
 0001:000014ac       ??_C@_1CO@DIPDPAEO@?$AAD?$AAI?$AAS?$AAP?$AAC?$AA_?$AAC?$AAO?$AAN?$AAT?$AAR?$AAO?$AAL?$AA?5?$AA?$DN?$AA?5?$AA0?$AAx?$AA?$CF?$AAx?$AA?6?$AA?$AN?$AA?$AA@ 100024ac     bsp_display_init:lcd_qvga.obj
 0001:000014dc       ??_C@_1CM@HCDDCHH@?$AAD?$AAI?$AAS?$AAP?$AAC?$AA_?$AAC?$AAO?$AAN?$AAF?$AAI?$AAG?$AA?5?$AA?$DN?$AA?5?$AA0?$AAx?$AA?$CF?$AAx?$AA?6?$AA?$AN?$AA?$AA@ 100024dc     bsp_display_init:lcd_qvga.obj
 0001:00001508       ??_C@_1DM@MDGCOONA@?$AAD?$AAI?$AAS?$AAP?$AAC?$AA_?$AAD?$AAE?$AAF?$AAA?$AAU?$AAL?$AAT?$AA_?$AAC?$AAO?$AAL?$AAO?$AAR?$AA0?$AA?5?$AA?$DN?$AA?5?$AA0?$AAx?$AA?$CF?$AAx?$AA?6?$AA?$AN?$AA?$AA@ 10002508     bsp_display_init:lcd_qvga.obj
 0001:00001544       ??_C@_1DI@LCOLEDMF@?$AAD?$AAI?$AAS?$AAP?$AAC?$AA_?$AAT?$AAR?$AAA?$AAN?$AAS?$AA_?$AAC?$AAO?$AAL?$AAO?$AAR?$AA0?$AA?5?$AA?$DN?$AA?5?$AA0?$AAx?$AA?$CF?$AAx?$AA?6?$AA?$AN?$AA?$AA@ 10002544     bsp_display_init:lcd_qvga.obj
 0001:0000157c       ??_C@_1DA@GCNEODEP@?$AAD?$AAI?$AAS?$AAP?$AAC?$AA_?$AAP?$AAO?$AAL?$AA_?$AAF?$AAR?$AAE?$AAQ?$AA?5?$AA?$DN?$AA?5?$AA0?$AAx?$AA?$CF?$AAx?$AA?6?$AA?$AN?$AA?$AA@ 1000257c     bsp_display_init:lcd_qvga.obj
 0001:000015ac       ??_C@_1CO@FCGDNCPH@?$AAD?$AAI?$AAS?$AAP?$AAC?$AA_?$AAD?$AAI?$AAV?$AAI?$AAS?$AAO?$AAR?$AA?5?$AA?$DN?$AA?5?$AA0?$AAx?$AA?$CF?$AAx?$AA?6?$AA?$AN?$AA?$AA@ 100025ac     bsp_display_init:lcd_qvga.obj
 0001:000015dc       ??_C@_1DA@DMNHGDEB@?$AAD?$AAI?$AAS?$AAP?$AAC?$AA_?$AAS?$AAI?$AAZ?$AAE?$AA_?$AAL?$AAC?$AAD?$AA?5?$AA?$DN?$AA?5?$AA0?$AAx?$AA?$CF?$AAx?$AA?6?$AA?$AN?$AA?$AA@ 100025dc     bsp_display_init:lcd_qvga.obj
 0001:00001610       ??_C@_1EE@POJFJFPA@?$AA?6?$AA?$AN?$AA?$CK?$AA?$CK?$AA?$CK?$AA?5?$AAL?$AAc?$AAd?$AAP?$AAd?$AAd?$AA_?$AAL?$AAC?$AAD?$AA_?$AAI?$AAn?$AAi?$AAt?$AAi?$AAa?$AAl?$AAi?$AAz?$AAe?$AA?5?$AA?$CK?$AA?$CK?$AA?$CK?$AA?6@ 10002610     bsp_display_init:lcd_qvga.obj
 0001:000016e8       ??_C@_1BM@CAGMDMLN@?$AAL?$AAc?$AAd?$AAI?$AAn?$AAi?$AAt?$AAG?$AAp?$AAi?$AAo?$AA?6?$AA?$AN?$AA?$AA@ 100026e8     bsp_display_init:lcd_support.obj
 0001:00001878       ?EDDGPEPixelFormatToEGPEFormat@@3QBW4EGPEFormat@@B 10002878     ddgpe:ddgpe.obj
 0001:000018c4       ?EGPEFormatToEDDGPEPixelFormat@@3QBW4EDDGPEPixelFormat@@B 100028c4     ddgpe:ddgpe.obj
 0001:000018f0       ??_7DDGPE@@6B@             100028f0     ddgpe:ddgpe.obj
 0001:00001a8c       ??_7GPESurf@@6B@           10002a8c     ddgpe:ddgpesurf.obj
 0001:00001a90       ??_7DDGPESurf@@6B@         10002a90     ddgpe:ddgpesurf.obj
 0001:00001ad8       g_NullBlendFunction        10002ad8     gpe:ddi_if.obj
 0001:00001b5c       ??_C@_17BJMBELJK@?$AAG?$AAP?$AAE?$AA?$AA@ 10002b5c     gpe:ddi_if.obj
 0001:00001b64       EGPEFormatToBpp            10002b64     gpe:gpe.obj
 0001:00001b88       EGPEFormatToIFormat        10002b88     gpe:gpe.obj
 0001:00001bac       IFormatToEGPEFormat        10002bac     gpe:gpe.obj
 0001:00001bd8       ??_7GPE@@6B@               10002bd8     gpe:gpe.obj
 0001:00001c54       ??_C@_1BM@OHJNPODK@?$AAA?$AAs?$AAp?$AAe?$AAc?$AAt?$AAR?$AAa?$AAt?$AAi?$AAo?$AAX?$AAY?$AA?$AA@ 10002c54     gpe:gpe.obj
 0001:00001c70       ??_C@_1BK@GPCKCPMK@?$AAA?$AAs?$AAp?$AAe?$AAc?$AAt?$AAR?$AAa?$AAt?$AAi?$AAo?$AAY?$AA?$AA@ 10002c70     gpe:gpe.obj
 0001:00001c8c       ??_C@_1BK@NHJGEIKP@?$AAA?$AAs?$AAp?$AAe?$AAc?$AAt?$AAR?$AAa?$AAt?$AAi?$AAo?$AAX?$AA?$AA@ 10002c8c     gpe:gpe.obj
 0001:00001ca8       ??_C@_1BO@ONBCMHFO@?$AAL?$AAo?$AAg?$AAi?$AAc?$AAa?$AAl?$AAP?$AAi?$AAx?$AAe?$AAl?$AAs?$AAY?$AA?$AA@ 10002ca8     gpe:gpe.obj
 0001:00001cc8       ??_C@_1BO@FFKOKADL@?$AAL?$AAo?$AAg?$AAi?$AAc?$AAa?$AAl?$AAP?$AAi?$AAx?$AAe?$AAl?$AAs?$AAX?$AA?$AA@ 10002cc8     gpe:gpe.obj
 0001:00001ce8       ??_C@_1BK@HNDINEGH@?$AAV?$AAe?$AAr?$AAt?$AAi?$AAc?$AAa?$AAl?$AAS?$AAi?$AAz?$AAe?$AA?$AA@ 10002ce8     gpe:gpe.obj
 0001:00001d04       ??_C@_1BO@CPEMBNKP@?$AAH?$AAo?$AAr?$AAi?$AAz?$AAo?$AAn?$AAt?$AAa?$AAl?$AAS?$AAi?$AAz?$AAe?$AA?$AA@ 10002d04     gpe:gpe.obj
 0001:00001dd0       ??_C@_1GA@EAMBNKKC@?$AAG?$AAP?$AAE?$AA?3?$AA?5?$AA?$CK?$AA?$CK?$AA?5?$AAW?$AAA?$AAR?$AAN?$AAI?$AAN?$AAG?$AA?5?$AA?$CK?$AA?$CK?$AA?5?$AAS?$AAU?$AAR?$AAF?$AAO?$AAB?$AAJ?$AA?4?$AAf?$AAj?$AAB?$AAi?$AAt@ 10002dd0     gpe:tmpgpesurf.obj
 0001:00002110       ??_C@_1FA@EEEPJNGE@?$AAE?$AAR?$AAR?$AAO?$AAR?$AA?3?$AA?5?$AAU?$AAn?$AAa?$AAb?$AAl?$AAe?$AA?5?$AAt?$AAo?$AA?5?$AAa?$AAl?$AAl?$AAo?$AAc?$AAa?$AAt?$AAe?$AA?5?$AAR?$AAS?$AAZ?$AA?5?$AAs?$AAu@ 10003110     omap_ddgpe_dss:halsurf.obj
 0001:00002160       ??_C@_1EI@KPAINJGL@?$AAE?$AAR?$AAR?$AAO?$AAR?$AA?3?$AA?5?$AAU?$AAn?$AAa?$AAb?$AAl?$AAe?$AA?5?$AAt?$AAo?$AA?5?$AAa?$AAl?$AAl?$AAo?$AAc?$AAa?$AAt?$AAe?$AA?5?$AAs?$AAu?$AAr?$AAf?$AAa?$AAc@ 10003160     omap_ddgpe_dss:halsurf.obj
 0001:000021a8       IID_IDirectDraw            100031a8     ddgpe:guid.obj
 0001:000021b8       IID_IDirectDrawSurface     100031b8     ddgpe:guid.obj
 0001:000021c8       IID_IDirectDrawPalette     100031c8     ddgpe:guid.obj
 0001:000021d8       IID_IDirectDrawClipper     100031d8     ddgpe:guid.obj
 0001:000021e8       IID_IDirectDrawColorControl 100031e8     ddgpe:guid.obj
 0001:000021f8       IID_IDirectDrawGammaControl 100031f8     ddgpe:guid.obj
 0001:00002208       IID_IDDVideoPortContainer  10003208     ddgpe:guid.obj
 0001:00002218       IID_IDirectDrawVideoPort   10003218     ddgpe:guid.obj
 0001:00002228       DDVPTYPE_E_HREFH_VREFH     10003228     ddgpe:guid.obj
 0001:00002238       DDVPTYPE_E_HREFH_VREFL     10003238     ddgpe:guid.obj
 0001:00002248       DDVPTYPE_E_HREFL_VREFH     10003248     ddgpe:guid.obj
 0001:00002258       DDVPTYPE_E_HREFL_VREFL     10003258     ddgpe:guid.obj
 0001:00002268       DDVPTYPE_CCIR656           10003268     ddgpe:guid.obj
 0001:00002278       DDVPTYPE_BROOKTREE         10003278     ddgpe:guid.obj
 0001:00002288       DDVPTYPE_PHILIPS           10003288     ddgpe:guid.obj
 0001:00002298       GUID_MiscellaneousCallbacks 10003298     ddgpe:guid.obj
 0001:000022a8       GUID_VideoPortCallbacks    100032a8     ddgpe:guid.obj
 0001:000022b8       GUID_ColorControlCallbacks 100032b8     ddgpe:guid.obj
 0001:000022c8       GUID_VideoPortCaps         100032c8     ddgpe:guid.obj
 0001:000022d8       GUID_GetDriverInfo_VidMemBase 100032d8     ddgpe:guid.obj
 0001:00002480       DisplayInit                10003480 f   omap_ddgpe_dss:omap_ddgpe.obj
 0001:000024dc       DrvEnableDriver            100034dc f   omap_ddgpe_dss:omap_ddgpe.obj
 0001:000024ec       DrvGetMasks                100034ec f   omap_ddgpe_dss:omap_ddgpe.obj
 0001:00002520       ?getAngle@@YAKK@Z          10003520 f   omap_ddgpe_dss:omap_ddgpe.obj
 0001:00002564       ?getOrientation@@YAKK@Z    10003564 f   omap_ddgpe_dss:omap_ddgpe.obj
 0001:000025ac       ?GetPhysicalModeId@DDGPE@@UAAKXZ 100035ac f i omap_ddgpe_dss:omap_ddgpe.obj
 0001:000025b4       ?GetDriverData@DDGPE@@UAAPAUDDGPEDriverData@@XZ 100035b4 f i omap_ddgpe_dss:omap_ddgpe.obj
 0001:000025bc       ?SetDriverData@DDGPE@@UAAXPAUDDGPEDriverData@@@Z 100035bc f i omap_ddgpe_dss:omap_ddgpe.obj
 0001:000025c4       ?Lock@OMAPDDGPE@@UAAXXZ    100035c4 f i omap_ddgpe_dss:omap_ddgpe.obj
 0001:000025d8       ?Unlock@OMAPDDGPE@@UAAXXZ  100035d8 f i omap_ddgpe_dss:omap_ddgpe.obj
 0001:000025ec       ?NumModes@OMAPDDGPE@@UAAHXZ 100035ec f   omap_ddgpe_dss:omap_ddgpe.obj
 0001:000025f4       ?GetModeInfo@OMAPDDGPE@@UAAJPAUGPEMode@@H@Z 100035f4 f   omap_ddgpe_dss:omap_ddgpe.obj
 0001:00002648       ?GetModeInfoEx@OMAPDDGPE@@UAAJPAUGPEModeEx@@H@Z 10003648 f   omap_ddgpe_dss:omap_ddgpe.obj
 0001:0000269c       ?GetPrimaryPixelFormat@OMAPDDGPE@@UAA?AW4OMAP_DSS_PIXELFORMAT@@XZ 1000369c f   omap_ddgpe_dss:omap_ddgpe.obj
 0001:000026a8       ?SetPalette@OMAPDDGPE@@UAAJPBUtagPALETTEENTRY@@GG@Z 100036a8 f   omap_ddgpe_dss:omap_ddgpe.obj
 0001:000026b0       ?GetVirtualVideoMemory@OMAPDDGPE@@QAAXPAK00@Z 100036b0 f   omap_ddgpe_dss:omap_ddgpe.obj
 0001:00002714       ?DDHALInfo@OMAPDDGPE@@UAAXPAU_DDHALINFO@@K@Z 10003714 f   omap_ddgpe_dss:omap_ddgpe.obj
 0001:00002718       ?GetMasks@OMAPDDGPE@@UAAPAKXZ 10003718 f   omap_ddgpe_dss:omap_ddgpe.obj
 0001:0000272c       ?DrvEscape@OMAPDDGPE@@UAAKPAU_SURFOBJ@@KKPAXK1@Z 1000372c f   omap_ddgpe_dss:omap_ddgpe.obj
 0001:00003394       ?PixelFormatToBpp@OMAPDDGPE@@SAKW4OMAP_DSS_PIXELFORMAT@@@Z 10004394 f   omap_ddgpe_dss:omap_ddgpe.obj
 0001:000033e0       ?PixelFormatToGPEFormat@OMAPDDGPE@@SA?AW4EGPEFormat@@W4OMAP_DSS_PIXELFORMAT@@@Z 100043e0 f   omap_ddgpe_dss:omap_ddgpe.obj
 0001:00003430       ?PixelFormatToDDGPEFormat@OMAPDDGPE@@SA?AW4EDDGPEPixelFormat@@W4OMAP_DSS_PIXELFORMAT@@@Z 10004430 f   omap_ddgpe_dss:omap_ddgpe.obj
 0001:00003494       ?PixelFormatToBitMask@OMAPDDGPE@@SAHW4OMAP_DSS_PIXELFORMAT@@PAK111@Z 10004494 f   omap_ddgpe_dss:omap_ddgpe.obj
 0001:000035c0       ?CursorOn@OMAPDDGPE@@QAAXXZ 100045c0 f   omap_ddgpe_dss:omap_ddgpe.obj
 0001:00003878       ?CursorOff@OMAPDDGPE@@QAAXXZ 10004878 f   omap_ddgpe_dss:omap_ddgpe.obj
 0001:00003a54       ??0OMAPDDGPE@@QAA@XZ       10004a54 f   omap_ddgpe_dss:omap_ddgpe.obj
 0001:00003f90       ??_EOMAPDDGPE@@UAAPAXI@Z   10004f90 f i omap_ddgpe_dss:omap_ddgpe.obj
 0001:00003f90       ??_GOMAPDDGPE@@UAAPAXI@Z   10004f90 f i omap_ddgpe_dss:omap_ddgpe.obj
 0001:00003fc4       ?SetMode@OMAPDDGPE@@UAAJHPAPAUHPALETTE__@@@Z 10004fc4 f   omap_ddgpe_dss:omap_ddgpe.obj
 0001:00004268       ?SetPointerShape@OMAPDDGPE@@UAAJPAVGPESurf@@0HHHH@Z 10005268 f   omap_ddgpe_dss:omap_ddgpe.obj
 0001:000044e4       ?MovePointer@OMAPDDGPE@@UAAJHH@Z 100054e4 f   omap_ddgpe_dss:omap_ddgpe.obj
 0001:00004588       ?WrappedEmulatedLine@OMAPDDGPE@@AAAJPAUGPELineParms@@@Z 10005588 f   omap_ddgpe_dss:omap_ddgpe.obj
 0001:000047e0       ?Line@OMAPDDGPE@@UAAJPAUGPELineParms@@W4EGPEPhase@@@Z 100057e0 f   omap_ddgpe_dss:omap_ddgpe.obj
 0001:00004818       ?BltPrepare@OMAPDDGPE@@UAAJPAUGPEBltParms@@@Z 10005818 f   omap_ddgpe_dss:omap_ddgpe.obj
 0001:00004ae8       ?BltComplete@OMAPDDGPE@@UAAJPAUGPEBltParms@@@Z 10005ae8 f   omap_ddgpe_dss:omap_ddgpe.obj
 0001:00004b64       ?CopySurfaceParams@OMAPDDGPE@@QAAHPAVOMAPDDGPESurface@@0@Z 10005b64 f   omap_ddgpe_dss:omap_ddsurf.obj
 0001:00004bbc       ?AllocSurface@OMAPDDGPE@@UAAJPAPAVDDGPESurf@@HHW4EGPEFormat@@W4EDDGPEPixelFormat@@H@Z 10005bbc f   omap_ddgpe_dss:omap_ddsurf.obj
 0001:00004c68       ?AllocSurface@OMAPDDGPE@@QAAJPAVOMAPDDGPESurface@@W4OMAP_DSS_PIXELFORMAT@@HH@Z 10005c68 f   omap_ddgpe_dss:omap_ddsurf.obj
 0001:00004ce4       ?NumVisibleOverlays@OMAPDDGPE@@QAAKXZ 10005ce4 f   omap_ddgpe_dss:omap_ddsurf.obj
 0001:00004d18       ?MoveOverlay@OMAPDDGPE@@QAAKPAVOMAPDDGPESurface@@JJ@Z 10005d18 f   omap_ddgpe_dss:omap_ddsurf.obj
 0001:00004dc8       ?SetSrcColorKey@OMAPDDGPE@@QAAKK@Z 10005dc8 f   omap_ddgpe_dss:omap_ddsurf.obj
 0001:00004dec       ?SetDestColorKey@OMAPDDGPE@@QAAKK@Z 10005dec f   omap_ddgpe_dss:omap_ddsurf.obj
 0001:00004e10       ?SetAlphaConst@OMAPDDGPE@@QAAKW4OMAP_DSS_COLORKEY@@K@Z 10005e10 f   omap_ddgpe_dss:omap_ddsurf.obj
 0001:00004e30       ?DisableColorKey@OMAPDDGPE@@QAAKXZ 10005e30 f   omap_ddgpe_dss:omap_ddsurf.obj
 0001:00004e50       ?DisableAlphaConst@OMAPDDGPE@@QAAKXZ 10005e50 f   omap_ddgpe_dss:omap_ddsurf.obj
 0001:00004e84       ?FlipInProgress@OMAPDDGPE@@UAAHXZ 10005e84 f   omap_ddgpe_dss:omap_ddsurf.obj
 0001:00004ed4       ?WaitForVBlank@OMAPDDGPE@@UAAXXZ 10005ed4 f   omap_ddgpe_dss:omap_ddsurf.obj
 0001:00004ee8       ?InVBlank@OMAPDDGPE@@UAAHXZ 10005ee8 f   omap_ddgpe_dss:omap_ddsurf.obj
 0001:00004f00       ?GetScanLine@OMAPDDGPE@@QAAKXZ 10005f00 f   omap_ddgpe_dss:omap_ddsurf.obj
 0001:00004f14       ?SurfaceFlipping@OMAPDDGPE@@QAAHPAVOMAPDDGPESurface@@H@Z 10005f14 f   omap_ddgpe_dss:omap_ddsurf.obj
 0001:00005014       ?FlipSurface@OMAPDDGPE@@QAAKPAVOMAPDDGPESurface@@@Z 10006014 f   omap_ddgpe_dss:omap_ddsurf.obj
 0001:000050f4       ?GetTvOutScaling@OMAPDDGPE@@QAAHPAVOMAPSurface@@PAK111@Z 100060f4 f   omap_ddgpe_dss:omap_ddsurf.obj
 0001:00005354       ?GetDriverData@DDGPESurf@@UAAPAUDDGPEDriverData@@XZ 10006354 f i omap_ddgpe_dss:omap_ddsurf.obj
 0001:0000535c       ?SetDriverData@DDGPESurf@@UAAXPAUDDGPEDriverData@@@Z 1000635c f i omap_ddgpe_dss:omap_ddsurf.obj
 0001:00005364       ?SurfaceSize@DDGPESurf@@UAAHXZ 10006364 f i omap_ddgpe_dss:omap_ddsurf.obj
 0001:0000536c       ??0OMAPDDGPESurface@@QAA@PAVOMAPSurfaceManager@@PAVOMAPSurface@@@Z 1000636c f   omap_ddgpe_dss:omap_ddsurf.obj
 0001:000054e4       ?SetOrientation@OMAPDDGPESurface@@UAAHW4OMAP_SURF_ORIENTATION@@@Z 100064e4 f   omap_ddgpe_dss:omap_ddsurf.obj
 0001:00005574       ??1OMAPDDGPESurface@@UAA@XZ 10006574 f   omap_ddgpe_dss:omap_ddsurf.obj
 0001:000055d8       ?AllocSurface@OMAPDDGPE@@UAAJPAPAVGPESurf@@HHW4EGPEFormat@@H@Z 100065d8 f   omap_ddgpe_dss:omap_ddsurf.obj
 0001:0000571c       ?AllocSurface@OMAPDDGPE@@UAAJPAPAVOMAPDDGPESurface@@W4OMAP_DSS_PIXELFORMAT@@HH@Z 1000671c f   omap_ddgpe_dss:omap_ddsurf.obj
 0001:000057d4       ?DetermineTvOutSurface@OMAPDDGPE@@QAAXH@Z 100067d4 f   omap_ddgpe_dss:omap_ddsurf.obj
 0001:00005ae4       ??_EOMAPDDGPESurface@@UAAPAXI@Z 10006ae4 f i omap_ddgpe_dss:omap_ddsurf.obj
 0001:00005ae4       ??_GOMAPDDGPESurface@@UAAPAXI@Z 10006ae4 f i omap_ddgpe_dss:omap_ddsurf.obj
 0001:00005b0c       ?ShowOverlay@OMAPDDGPE@@QAAKPAVOMAPDDGPESurface@@PAUtagRECT@@1H@Z 10006b0c f   omap_ddgpe_dss:omap_ddsurf.obj
 0001:00005fdc       ?HideOverlay@OMAPDDGPE@@QAAKPAVOMAPDDGPESurface@@@Z 10006fdc f   omap_ddgpe_dss:omap_ddsurf.obj
 0001:000060e4       DmaConfigure               100070e4 f i omap_ddgpe_dss:omap_dmablt.obj
 0001:000061c8       ?IsBusy@OMAPDDGPE@@UAAHXZ  100071c8 f   omap_ddgpe_dss:omap_dmablt.obj
 0001:00006290       ?WaitForNotBusy@OMAPDDGPE@@UAAXXZ 10007290 f   omap_ddgpe_dss:omap_dmablt.obj
 0001:000062bc       ?DMAFill@OMAPDDGPE@@QAAJPAUGPEBltParms@@@Z 100072bc f   omap_ddgpe_dss:omap_dmablt.obj
 0001:00006568       ?DMASrcCopy@OMAPDDGPE@@QAAJPAUGPEBltParms@@@Z 10007568 f   omap_ddgpe_dss:omap_dmablt.obj
 0001:00006ad0       ?ClipNoScale@@YAXPAU_RECTL@@0PBU1@@Z 10007ad0 f   omap_ddgpe_dss:omap_optblt.obj
 0001:00006b9c       ?ClipNoScale@@YAXPAU_RECTL@@0PAU_POINTL@@PBU1@@Z 10007b9c f   omap_ddgpe_dss:omap_optblt.obj
 0001:00006c8c       ?AdjustForBottomUp@@YAXAAPAXAAJKAAU_RECTL@@01K2@Z 10007c8c f   omap_ddgpe_dss:omap_optblt.obj
 0001:00006d24       ?EmulatedBlockFill8@OMAPDDGPE@@QAAJPAUGPEBltParms@@@Z 10007d24 f   omap_ddgpe_dss:omap_optblt.obj
 0001:00006d9c       ?EmulatedBlockFill16@OMAPDDGPE@@QAAJPAUGPEBltParms@@@Z 10007d9c f   omap_ddgpe_dss:omap_optblt.obj
 0001:00006e14       ?EmulatedBlockFill24@OMAPDDGPE@@QAAJPAUGPEBltParms@@@Z 10007e14 f   omap_ddgpe_dss:omap_optblt.obj
 0001:00006e8c       ?EmulatedBlockFill32@OMAPDDGPE@@QAAJPAUGPEBltParms@@@Z 10007e8c f   omap_ddgpe_dss:omap_optblt.obj
 0001:00006f04       ?EmulatedBlockCopyLUT8to16@OMAPDDGPE@@QAAJPAUGPEBltParms@@@Z 10007f04 f   omap_ddgpe_dss:omap_optblt.obj
 0001:00006fd0       ?EmulatedBlockCopyLUT8to24@OMAPDDGPE@@QAAJPAUGPEBltParms@@@Z 10007fd0 f   omap_ddgpe_dss:omap_optblt.obj
 0001:0000709c       ?EmulatedBlockCopyXYZx32toXYZ24@OMAPDDGPE@@QAAJPAUGPEBltParms@@@Z 1000809c f   omap_ddgpe_dss:omap_optblt.obj
 0001:00007158       ?EmulatedBlockCopyLUT8to32@OMAPDDGPE@@QAAJPAUGPEBltParms@@@Z 10008158 f   omap_ddgpe_dss:omap_optblt.obj
 0001:00007224       ?EmulatedBlockCopyRGB16toBGRx32@OMAPDDGPE@@QAAJPAUGPEBltParms@@@Z 10008224 f   omap_ddgpe_dss:omap_optblt.obj
 0001:000072e0       ?EmulatedBlockCopyXYZ24toXYZx32@OMAPDDGPE@@QAAJPAUGPEBltParms@@@Z 100082e0 f   omap_ddgpe_dss:omap_optblt.obj
 0001:0000739c       ?EmulatedBlockCopy32to32@OMAPDDGPE@@QAAJPAUGPEBltParms@@@Z 1000839c f   omap_ddgpe_dss:omap_optblt.obj
 0001:00007548       ?DesignateBltSRCCOPY_toBGR24@OMAPDDGPE@@QAAXPAUGPEBltParms@@@Z 10008548 f   omap_ddgpe_dss:omap_optblt.obj
 0001:000075a4       ?DesignateBltSRCCOPY_toBGRA32@OMAPDDGPE@@QAAXPAUGPEBltParms@@@Z 100085a4 f   omap_ddgpe_dss:omap_optblt.obj
 0001:00007640       ?DesignateBltSRCCOPY@OMAPDDGPE@@QAAXPAUGPEBltParms@@@Z 10008640 f   omap_ddgpe_dss:omap_optblt.obj
 0001:000076e4       ?DesignateBltPATCOPY@OMAPDDGPE@@QAAXPAUGPEBltParms@@@Z 100086e4 f   omap_ddgpe_dss:omap_optblt.obj
 0001:00007778       ?DesignateBltROP2@OMAPDDGPE@@QAAXPAUGPEBltParms@@K@Z 10008778 f   omap_ddgpe_dss:omap_optblt.obj
 0001:00007808       ?DesignateBltROP3@OMAPDDGPE@@QAAXPAUGPEBltParms@@K@Z 10008808 f   omap_ddgpe_dss:omap_optblt.obj
 0001:0000789c       ?DesignateBlt@OMAPDDGPE@@QAAJPAUGPEBltParms@@@Z 1000889c f   omap_ddgpe_dss:omap_optblt.obj
 0001:00007914       ??0OMAPDisplayController@@QAA@XZ 10008914 f   omap_ddgpe_dssai:dssai.obj
 0001:000079c8       ?UninitInterrupts@OMAPDisplayController@@QAAXXZ 100089c8 f   omap_ddgpe_dssai:dssai.obj
 0001:00007a98       ?SetSurfaceMgr@OMAPDisplayController@@QAAHPAVOMAPSurfaceManager@@@Z 10008a98 f   omap_ddgpe_dssai:dssai.obj
 0001:00007aa4       ?GetFIRCoef@@YAXPAXKKK@Z   10008aa4 f   omap_ddgpe_dssai:dssai.obj
 0001:00007be4       ?NeedISPResizer@@YAHKKK@Z  10008be4 f   omap_ddgpe_dssai:dssai.obj
 0001:00007c90       ?SetContrastLevel@OMAPDisplayController@@QAAHK@Z 10008c90 f   omap_ddgpe_dssai:dssai.obj
 0001:00007cd0       ?EnableTvOut@OMAPDisplayController@@QAAHH@Z 10008cd0 f   omap_ddgpe_dssai:dssai.obj
 0001:00007ce0       ?SetTvOutFilterLevel@OMAPDisplayController@@QAAHK@Z 10008ce0 f   omap_ddgpe_dssai:dssai.obj
 0001:00007cec       ?EnableDVI@OMAPDisplayController@@QAAHH@Z 10008cec f   omap_ddgpe_dssai:dssai.obj
 0001:00007d44       ?AccessRegs@OMAPDisplayController@@IAAHXZ 10008d44 f   omap_ddgpe_dssai:dssai.obj
 0001:00007d84       ?FlushRegs@OMAPDisplayController@@IAAHK@Z 10008d84 f   omap_ddgpe_dssai:dssai.obj
 0001:00007de8       ?WaitForFlushDone@OMAPDisplayController@@IAAHK@Z 10008de8 f   omap_ddgpe_dssai:dssai.obj
 0001:00007e50       ?WaitForFrameDone@OMAPDisplayController@@IAAHK@Z 10008e50 f   omap_ddgpe_dssai:dssai.obj
 0001:00007eb0       ?WaitForIRQ@OMAPDisplayController@@IAAHKK@Z 10008eb0 f   omap_ddgpe_dssai:dssai.obj
 0001:00007f28       ?PixelFormatToPixelSize@OMAPDisplayController@@SAKW4OMAP_DSS_PIXELFORMAT@@@Z 10008f28 f   omap_ddgpe_dssai:dssai.obj
 0001:00007f74       ?EnableVSyncInterruptEx@OMAPDisplayController@@QAAHXZ 10008f74 f   omap_ddgpe_dssai:dssai.obj
 0001:00008008       ?DisableVSyncInterrupt@OMAPDisplayController@@QAAXXZ 10009008 f   omap_ddgpe_dssai:dssai.obj
 0001:0000805c       ?InVSync@OMAPDisplayController@@QAAHH@Z 1000905c f   omap_ddgpe_dssai:dssai.obj
 0001:00008134       ?WaitForVsync@OMAPDisplayController@@QAAXXZ 10009134 f   omap_ddgpe_dssai:dssai.obj
 0001:00008184       ?GetScanLine@OMAPDisplayController@@QAAKXZ 10009184 f   omap_ddgpe_dssai:dssai.obj
 0001:000081b4       ?SetClipping@OMAPSurface@@UAAHPAUtagRECT@@@Z 100091b4 f   omap_ddgpe_dssai:dssai.obj
 0001:0000825c       ?UpdateClipping@OMAPSurface@@UAAHPAUtagRECT@@@Z 1000925c f   omap_ddgpe_dssai:dssai.obj
 0001:0000828c       ?GetClipping@OMAPSurface@@UAA?AUtagRECT@@XZ 1000928c f   omap_ddgpe_dssai:dssai.obj
 0001:000082bc       ?AdjustClippingRect@OMAPSurface@@UAAHPAUtagRECT@@EE@Z 100092bc f   omap_ddgpe_dssai:dssai.obj
 0001:00008364       ?SetHorizontalScaling@OMAPSurface@@UAAHK@Z 10009364 f   omap_ddgpe_dssai:dssai.obj
 0001:000083cc       ?SetVerticalScaling@OMAPSurface@@UAAHK@Z 100093cc f   omap_ddgpe_dssai:dssai.obj
 0001:00008434       ?SetSurfaceType@OMAPSurface@@QAAHW4OMAP_SURFACE_TYPE@@@Z 10009434 f   omap_ddgpe_dssai:dssai.obj
 0001:00008440       ?SetAssocSurface@OMAPSurface@@QAAHPAV1@@Z 10009440 f   omap_ddgpe_dssai:dssai.obj
 0001:0000844c       ?UseResizer@OMAPSurface@@QAAHH@Z 1000944c f   omap_ddgpe_dssai:dssai.obj
 0001:0000846c       ?isResizerEnabled@OMAPSurface@@QAAHXZ 1000946c f   omap_ddgpe_dssai:dssai.obj
 0001:00008474       ?GetRSZHandle@OMAPSurface@@QAAPAXH@Z 10009474 f   omap_ddgpe_dssai:dssai.obj
 0001:000084dc       ?SetRSZHandle@OMAPSurface@@QAAXPAXH@Z 100094dc f   omap_ddgpe_dssai:dssai.obj
 0001:00008518       ?ConfigResizerParams@OMAPSurface@@QAAHPAUtagRECT@@0W4OMAP_DSS_ROTATION@@@Z 10009518 f   omap_ddgpe_dssai:dssai.obj
 0001:00008650       ?StartResizer@OMAPSurface@@QAAHKK@Z 10009650 f   omap_ddgpe_dssai:dssai.obj
 0001:000086c4       ?EnableOverlayOptimization@OMAPDisplayController@@QAAXH@Z 100096c4 f   omap_ddgpe_dssai:dssai.obj
 0001:000087d8       LcdStall                   100097d8 f   omap_ddgpe_dssai:dssai.obj
 0001:000087e8       ??1OMAPDisplayController@@UAA@XZ 100097e8 f   omap_ddgpe_dssai:dssai.obj
 0001:000088d0       ?SetPipelineAttribs@OMAPDisplayController@@QAAHW4OMAP_DSS_PIPELINE@@W4OMAP_DSS_DESTINATION@@PAVOMAPSurface@@KK@Z 100098d0 f   omap_ddgpe_dssai:dssai.obj
 0001:00008fe4       ?SetScalingAttribs@OMAPDisplayController@@QAAHW4OMAP_DSS_PIPELINE@@PAUtagRECT@@1@Z 10009fe4 f   omap_ddgpe_dssai:dssai.obj
 0001:0000a0d0       ?FlipPipeline@OMAPDisplayController@@QAAHW4OMAP_DSS_PIPELINE@@PAVOMAPSurface@@@Z 1000b0d0 f   omap_ddgpe_dssai:dssai.obj
 0001:0000a3dc       ?IsPipelineFlipping@OMAPDisplayController@@QAAHW4OMAP_DSS_PIPELINE@@PAVOMAPSurface@@H@Z 1000b3dc f   omap_ddgpe_dssai:dssai.obj
 0001:0000a514       ?MovePipeline@OMAPDisplayController@@QAAHW4OMAP_DSS_PIPELINE@@JJ@Z 1000b514 f   omap_ddgpe_dssai:dssai.obj
 0001:0000a660       ?RotatePipeline@OMAPDisplayController@@QAAHW4OMAP_DSS_PIPELINE@@W4OMAP_DSS_ROTATION@@@Z 1000b660 f   omap_ddgpe_dssai:dssai.obj
 0001:0000aaa0       ?MirrorPipeline@OMAPDisplayController@@QAAHW4OMAP_DSS_PIPELINE@@H@Z 1000baa0 f   omap_ddgpe_dssai:dssai.obj
 0001:0000adf8       ?UpdateScalingAttribs@OMAPDisplayController@@QAAHW4OMAP_DSS_PIPELINE@@PAUtagRECT@@1@Z 1000bdf8 f   omap_ddgpe_dssai:dssai.obj
 0001:0000aea4       ?EnableColorKey@OMAPDisplayController@@QAAHW4OMAP_DSS_COLORKEY@@W4OMAP_DSS_DESTINATION@@K@Z 1000bea4 f   omap_ddgpe_dssai:dssai.obj
 0001:0000b038       ?DisableColorKey@OMAPDisplayController@@QAAHW4OMAP_DSS_COLORKEY@@W4OMAP_DSS_DESTINATION@@@Z 1000c038 f   omap_ddgpe_dssai:dssai.obj
 0001:0000b10c       ?SaveRegisters@OMAPDisplayController@@QAAHW4OMAP_DSS_DESTINATION@@@Z 1000c10c f   omap_ddgpe_dssai:dssai.obj
 0001:0000b414       ?RestoreRegisters@OMAPDisplayController@@QAAHW4OMAP_DSS_DESTINATION@@@Z 1000c414 f   omap_ddgpe_dssai:dssai.obj
 0001:0000b804       ?ResetDSS@OMAPDisplayController@@IAAHXZ 1000c804 f   omap_ddgpe_dssai:dssai.obj
 0001:0000b8b0       ?EnableLPR@OMAPDisplayController@@QAAXHH@Z 1000c8b0 f   omap_ddgpe_dssai:dssai.obj
 0001:0000b964       ??_EOMAPDisplayController@@UAAPAXI@Z 1000c964 f i omap_ddgpe_dssai:dssai.obj
 0001:0000b964       ??_GOMAPDisplayController@@UAAPAXI@Z 1000c964 f i omap_ddgpe_dssai:dssai.obj
 0001:0000b98c       ?SetScalingAttribs@OMAPDisplayController@@QAAHW4OMAP_DSS_PIPELINE@@KKKK@Z 1000c98c f   omap_ddgpe_dssai:dssai.obj
 0001:0000ba50       ?EnablePipeline@OMAPDisplayController@@QAAHW4OMAP_DSS_PIPELINE@@@Z 1000ca50 f   omap_ddgpe_dssai:dssai.obj
 0001:0000bd4c       ?DisablePipeline@OMAPDisplayController@@QAAHW4OMAP_DSS_PIPELINE@@@Z 1000cd4c f   omap_ddgpe_dssai:dssai.obj
 0001:0000c060       ?EnableHdmi@OMAPDisplayController@@QAAHH@Z 1000d060 f   omap_ddgpe_dssai:dssai.obj
 0001:0000c23c       ?SetPowerLevel@OMAPDisplayController@@QAAHK@Z 1000d23c f   omap_ddgpe_dssai:dssai.obj
 0001:0000c4fc       ?InitController@OMAPDisplayController@@QAAHHHH@Z 1000d4fc f   omap_ddgpe_dssai:dssai.obj
 0001:0000c704       ?InitLCD@OMAPDisplayController@@QAAHXZ 1000d704 f   omap_ddgpe_dssai:dssai.obj
 0001:0000c85c       ?DssProcessInterrupt@OMAPDisplayController@@QAAXXZ 1000d85c f   omap_ddgpe_dssai:dssai.obj
 0001:0000ca9c       ?DssInterruptHandler@OMAPDisplayController@@SAKPAX@Z 1000da9c f   omap_ddgpe_dssai:dssai.obj
 0001:0000cb1c       ?InitInterrupts@OMAPDisplayController@@QAAHKK@Z 1000db1c f   omap_ddgpe_dssai:dssai.obj
 0001:0000cc58       ??_EOMAPSurface@@UAAPAXI@Z 1000dc58 f i omap_ddgpe_dssai:surfmgr_flat.obj
 0001:0000cc58       ??_GOMAPSurface@@UAAPAXI@Z 1000dc58 f i omap_ddgpe_dssai:surfmgr_flat.obj
 0001:0000cc80       ??_EOMAPSurfaceManager@@UAAPAXI@Z 1000dc80 f i omap_ddgpe_dssai:surfmgr_flat.obj
 0001:0000cc80       ??_GOMAPSurfaceManager@@UAAPAXI@Z 1000dc80 f i omap_ddgpe_dssai:surfmgr_flat.obj
 0001:0000cca8       ??0OMAPFlatSurface@@QAA@XZ 1000dca8 f   omap_ddgpe_dssai:surfmgr_flat.obj
 0001:0000ccdc       ??1OMAPFlatSurface@@UAA@XZ 1000dcdc f   omap_ddgpe_dssai:surfmgr_flat.obj
 0001:0000cd14       ?Allocate@OMAPFlatSurface@@QAAHW4OMAP_DSS_PIXELFORMAT@@KKPAXK@Z 1000dd14 f   omap_ddgpe_dssai:surfmgr_flat.obj
 0001:0000ce2c       ?VirtualAddr@OMAPFlatSurface@@UAAPAXXZ 1000de2c f   omap_ddgpe_dssai:surfmgr_flat.obj
 0001:0000ce80       ?Width@OMAPFlatSurface@@UAAKW4OMAP_DSS_ROTATION@@@Z 1000de80 f   omap_ddgpe_dssai:surfmgr_flat.obj
 0001:0000ced4       ?Height@OMAPFlatSurface@@UAAKW4OMAP_DSS_ROTATION@@@Z 1000ded4 f   omap_ddgpe_dssai:surfmgr_flat.obj
 0001:0000cf28       ?Stride@OMAPFlatSurface@@UAAKW4OMAP_DSS_ROTATION@@@Z 1000df28 f   omap_ddgpe_dssai:surfmgr_flat.obj
 0001:0000cf78       ?PhysicalAddr@OMAPFlatSurface@@UAAKW4OMAP_DSS_ROTATION@@HW4OMAP_ASSOC_SURF_USAGE@@@Z 1000df78 f   omap_ddgpe_dssai:surfmgr_flat.obj
 0001:0000d0c8       ?PixelIncr@OMAPFlatSurface@@UAAKW4OMAP_DSS_ROTATION@@H@Z 1000e0c8 f   omap_ddgpe_dssai:surfmgr_flat.obj
 0001:0000d194       ?RowIncr@OMAPFlatSurface@@UAAKW4OMAP_DSS_ROTATION@@H@Z 1000e194 f   omap_ddgpe_dssai:surfmgr_flat.obj
 0001:0000d3e0       ?SetOrientation@OMAPFlatSurface@@UAAHW4OMAP_SURF_ORIENTATION@@@Z 1000e3e0 f   omap_ddgpe_dssai:surfmgr_flat.obj
 0001:0000d464       ??0OMAPFlatSurfaceManager@@QAA@XZ 1000e464 f   omap_ddgpe_dssai:surfmgr_flat.obj
 0001:0000d494       ?SupportsRotation@OMAPFlatSurfaceManager@@UAAHXZ 1000e494 f i omap_ddgpe_dssai:surfmgr_flat.obj
 0001:0000d49c       ??1OMAPFlatSurfaceManager@@UAA@XZ 1000e49c f   omap_ddgpe_dssai:surfmgr_flat.obj
 0001:0000d514       ?Initialize@OMAPFlatSurfaceManager@@UAAHK@Z 1000e514 f   omap_ddgpe_dssai:surfmgr_flat.obj
 0001:0000d708       ?TotalMemorySize@OMAPFlatSurfaceManager@@UAAKXZ 1000e708 f   omap_ddgpe_dssai:surfmgr_flat.obj
 0001:0000d710       ?FreeMemorySize@OMAPFlatSurfaceManager@@UAAKXZ 1000e710 f   omap_ddgpe_dssai:surfmgr_flat.obj
 0001:0000d724       ?VirtualBaseAddr@OMAPFlatSurfaceManager@@UAAPAXXZ 1000e724 f   omap_ddgpe_dssai:surfmgr_flat.obj
 0001:0000d72c       ?NumPhysicalAddr@OMAPFlatSurfaceManager@@UAAKXZ 1000e72c f   omap_ddgpe_dssai:surfmgr_flat.obj
 0001:0000d734       ?PhysicalLen@OMAPFlatSurfaceManager@@UAAKK@Z 1000e734 f   omap_ddgpe_dssai:surfmgr_flat.obj
 0001:0000d748       ?PhysicalAddr@OMAPFlatSurfaceManager@@UAAKK@Z 1000e748 f   omap_ddgpe_dssai:surfmgr_flat.obj
 0001:0000d75c       ?SupportsOffscreenSurfaces@OMAPFlatSurfaceManager@@UAAHXZ 1000e75c f   omap_ddgpe_dssai:surfmgr_flat.obj
 0001:0000d770       ?Allocate@OMAPFlatSurfaceManager@@UAAHW4OMAP_DSS_PIXELFORMAT@@KKPAPAVOMAPSurface@@@Z 1000e770 f   omap_ddgpe_dssai:surfmgr_flat.obj
 0001:0000d854       ?Allocate@OMAPFlatSurfaceManager@@UAAHW4OMAP_DSS_PIXELFORMAT@@KKPAPAVOMAPSurface@@PAV3@@Z 1000e854 f   omap_ddgpe_dssai:surfmgr_flat.obj
 0001:0000d954       ?AllocateGDI@OMAPFlatSurfaceManager@@UAAHW4OMAP_DSS_PIXELFORMAT@@KKPAPAVOMAPSurface@@@Z 1000e954 f   omap_ddgpe_dssai:surfmgr_flat.obj
 0001:0000da40       ??_GOMAPFlatSurface@@UAAPAXI@Z 1000ea40 f i omap_ddgpe_dssai:surfmgr_flat.obj
 0001:0000da40       ??_EOMAPFlatSurface@@UAAPAXI@Z 1000ea40 f i omap_ddgpe_dssai:surfmgr_flat.obj
 0001:0000da68       ??_GOMAPFlatSurfaceManager@@UAAPAXI@Z 1000ea68 f i omap_ddgpe_dssai:surfmgr_flat.obj
 0001:0000da68       ??_EOMAPFlatSurfaceManager@@UAAPAXI@Z 1000ea68 f i omap_ddgpe_dssai:surfmgr_flat.obj
 0001:0000da90       VRFBOpen                   1000ea90 f i omap_ddgpe_dssai:surfmgr_vrfb.obj
 0001:0000db38       VRFBGetViewInfo            1000eb38 f i omap_ddgpe_dssai:surfmgr_vrfb.obj
 0001:0000dbac       VRFBUpdateView             1000ebac f i omap_ddgpe_dssai:surfmgr_vrfb.obj
 0001:0000dc44       VRFBNumDisplayViews        1000ec44 f i omap_ddgpe_dssai:surfmgr_vrfb.obj
 0001:0000dcb8       VRFBGetDisplayView         1000ecb8 f i omap_ddgpe_dssai:surfmgr_vrfb.obj
 0001:0000dd38       VRFBGetDisplayViewInfo     1000ed38 f i omap_ddgpe_dssai:surfmgr_vrfb.obj
 0001:0000ddc0       ??1OMAPVrfbSurface@@UAA@XZ 1000edc0 f   omap_ddgpe_dssai:surfmgr_vrfb.obj
 0001:0000de18       ?Allocate@OMAPVrfbSurface@@QAAHW4OMAP_DSS_PIXELFORMAT@@KKPAX1@Z 1000ee18 f   omap_ddgpe_dssai:surfmgr_vrfb.obj
 0001:0000e080       ?VirtualAddr@OMAPVrfbSurface@@UAAPAXXZ 1000f080 f   omap_ddgpe_dssai:surfmgr_vrfb.obj
 0001:0000e0e4       ?Width@OMAPVrfbSurface@@UAAKW4OMAP_DSS_ROTATION@@@Z 1000f0e4 f   omap_ddgpe_dssai:surfmgr_vrfb.obj
 0001:0000e138       ?Height@OMAPVrfbSurface@@UAAKW4OMAP_DSS_ROTATION@@@Z 1000f138 f   omap_ddgpe_dssai:surfmgr_vrfb.obj
 0001:0000e18c       ?Stride@OMAPVrfbSurface@@UAAKW4OMAP_DSS_ROTATION@@@Z 1000f18c f   omap_ddgpe_dssai:surfmgr_vrfb.obj
 0001:0000e210       ?PhysicalAddr@OMAPVrfbSurface@@UAAKW4OMAP_DSS_ROTATION@@HW4OMAP_ASSOC_SURF_USAGE@@@Z 1000f210 f   omap_ddgpe_dssai:surfmgr_vrfb.obj
 0001:0000e470       ?PixelIncr@OMAPVrfbSurface@@UAAKW4OMAP_DSS_ROTATION@@H@Z 1000f470 f   omap_ddgpe_dssai:surfmgr_vrfb.obj
 0001:0000e4bc       ?RowIncr@OMAPVrfbSurface@@UAAKW4OMAP_DSS_ROTATION@@H@Z 1000f4bc f   omap_ddgpe_dssai:surfmgr_vrfb.obj
 0001:0000e628       ?SetOrientation@OMAPVrfbSurface@@UAAHW4OMAP_SURF_ORIENTATION@@@Z 1000f628 f   omap_ddgpe_dssai:surfmgr_vrfb.obj
 0001:0000e6ec       ??0OMAPVrfbSurfaceManager@@QAA@XZ 1000f6ec f   omap_ddgpe_dssai:surfmgr_vrfb.obj
 0001:0000e720       ?SupportsRotation@OMAPVrfbSurfaceManager@@UAAHXZ 1000f720 f i omap_ddgpe_dssai:surfmgr_vrfb.obj
 0001:0000e728       ??1OMAPVrfbSurfaceManager@@UAA@XZ 1000f728 f   omap_ddgpe_dssai:surfmgr_vrfb.obj
 0001:0000e7b4       ?TotalMemorySize@OMAPVrfbSurfaceManager@@UAAKXZ 1000f7b4 f   omap_ddgpe_dssai:surfmgr_vrfb.obj
 0001:0000e7cc       ?FreeMemorySize@OMAPVrfbSurfaceManager@@UAAKXZ 1000f7cc f   omap_ddgpe_dssai:surfmgr_vrfb.obj
 0001:0000e7e0       ?VirtualBaseAddr@OMAPVrfbSurfaceManager@@UAAPAXXZ 1000f7e0 f   omap_ddgpe_dssai:surfmgr_vrfb.obj
 0001:0000e828       ?NumPhysicalAddr@OMAPVrfbSurfaceManager@@UAAKXZ 1000f828 f   omap_ddgpe_dssai:surfmgr_vrfb.obj
 0001:0000e83c       ?PhysicalLen@OMAPVrfbSurfaceManager@@UAAKK@Z 1000f83c f   omap_ddgpe_dssai:surfmgr_vrfb.obj
 0001:0000e864       ?PhysicalAddr@OMAPVrfbSurfaceManager@@UAAKK@Z 1000f864 f   omap_ddgpe_dssai:surfmgr_vrfb.obj
 0001:0000e8a8       ?SupportsOffscreenSurfaces@OMAPVrfbSurfaceManager@@UAAHXZ 1000f8a8 f   omap_ddgpe_dssai:surfmgr_vrfb.obj
 0001:0000e8bc       ?Allocate@OMAPVrfbSurfaceManager@@UAAHW4OMAP_DSS_PIXELFORMAT@@KKPAPAVOMAPSurface@@@Z 1000f8bc f   omap_ddgpe_dssai:surfmgr_vrfb.obj
 0001:0000e9b0       ?Allocate@OMAPVrfbSurfaceManager@@UAAHW4OMAP_DSS_PIXELFORMAT@@KKPAPAVOMAPSurface@@PAV3@@Z 1000f9b0 f   omap_ddgpe_dssai:surfmgr_vrfb.obj
 0001:0000eac0       ?AllocateGDI@OMAPVrfbSurfaceManager@@UAAHW4OMAP_DSS_PIXELFORMAT@@KKPAPAVOMAPSurface@@@Z 1000fac0 f   omap_ddgpe_dssai:surfmgr_vrfb.obj
 0001:0000eb88       ??_EOMAPVrfbSurface@@UAAPAXI@Z 1000fb88 f i omap_ddgpe_dssai:surfmgr_vrfb.obj
 0001:0000eb88       ??_GOMAPVrfbSurface@@UAAPAXI@Z 1000fb88 f i omap_ddgpe_dssai:surfmgr_vrfb.obj
 0001:0000ebb0       ??_GOMAPVrfbSurfaceManager@@UAAPAXI@Z 1000fbb0 f i omap_ddgpe_dssai:surfmgr_vrfb.obj
 0001:0000ebb0       ??_EOMAPVrfbSurfaceManager@@UAAPAXI@Z 1000fbb0 f i omap_ddgpe_dssai:surfmgr_vrfb.obj
 0001:0000ebd8       ?Initialize@OMAPVrfbSurfaceManager@@UAAHK@Z 1000fbd8 f   omap_ddgpe_dssai:surfmgr_vrfb.obj
 0001:0000ed88       ??0Heap@@QAA@KKPAV0@0@Z    1000fd88 f   omap_ddgpe_dssai:heap.obj
 0001:0000edb8       ??1Heap@@QAA@XZ            1000fdb8 f   omap_ddgpe_dssai:heap.obj
 0001:0000ee68       ?TotalFree@Heap@@QAAKXZ    1000fe68 f   omap_ddgpe_dssai:heap.obj
 0001:0000ee94       ?Allocate@Heap@@QAAPAV1@K@Z 1000fe94 f   omap_ddgpe_dssai:heap.obj
 0001:0000ef50       ?Free@Heap@@QAAXXZ         1000ff50 f   omap_ddgpe_dssai:heap.obj
 0001:0000efb8       SOCGetDSSInfo              1000ffb8 f   OMAP3530_soccfg:soccfg.obj
 0001:0000f018       LcdPdd_LCD_InitResolution  10010018 f   bsp_display_init:lcd_qvga.obj
 0001:0000f14c       LcdPdd_GetMemory           1001014c f   bsp_display_init:lcd_qvga.obj
 0001:0000f180       LcdPdd_LCD_GetMode         10010180 f   bsp_display_init:lcd_qvga.obj
 0001:0000f274       LcdPdd_SetPowerLevel       10010274 f   bsp_display_init:lcd_qvga.obj
 0001:0000f33c       LcdPdd_DVI_Select          1001033c f   bsp_display_init:lcd_qvga.obj
 0001:0000f354       LcdPdd_Get_PixClkDiv       10010354 f   bsp_display_init:lcd_qvga.obj
 0001:0000f37c       LcdPdd_LCD_Initialize      1001037c f   bsp_display_init:lcd_qvga.obj
 0001:0000f57c       LcdInitGpio                1001057c f   bsp_display_init:lcd_support.obj
 0001:0000f5e0       LcdPowerControl            100105e0 f   bsp_display_init:lcd_support.obj
 0001:0000f614       LcdResBControl             10010614 f   bsp_display_init:lcd_support.obj
 0001:0000f6ec       HALInit                    100106ec f   ddgpe:ddhinit.obj
 0001:0000f710       ?FourCCLookup@@YAPBU_FourCCDescription@@K@Z 10010710 f i ddgpe:ddgpe.obj
 0001:0000f75c       ?GetDDGPE@@YAPAVDDGPE@@XZ  1001075c f   ddgpe:ddgpe.obj
 0001:0000f76c       ??0DDGPE@@QAA@XZ           1001076c f   ddgpe:ddgpe.obj
 0001:0000f7a0       ??1DDGPE@@UAA@XZ           100107a0 f   ddgpe:ddgpe.obj
 0001:0000f7c0       ?AllocSurface@DDGPE@@UAAJPAPAVDDGPESurf@@HHW4EGPEFormat@@W4EDDGPEPixelFormat@@H@Z 100107c0 f   ddgpe:ddgpe.obj
 0001:0000f7f4       ?AllocSurface@DDGPE@@UAAJPAPAVDDGPESurf@@PAUDDGPEAllocSurfaceData@@@Z 100107f4 f   ddgpe:ddgpe.obj
 0001:0000f848       ?AllocVideoSurface@DDGPE@@UAAJPAPAVDDGPESurf@@HHW4EGPEFormat@@W4EDDGPEPixelFormat@@PAK@Z 10010848 f   ddgpe:ddgpe.obj
 0001:0000f8b0       ?AllocVideoSurface@DDGPE@@UAAJPAU_DDRAWI_DDRAWSURFACE_LCL@@HHW4EGPEFormat@@W4EDDGPEPixelFormat@@PAK@Z 100108b0 f   ddgpe:ddgpe.obj
 0001:0000f914       ?AllocVideoSurface@DDGPE@@UAAJPAPAVDDGPESurf@@PAUDDGPEAllocSurfaceData@@PAK@Z 10010914 f   ddgpe:ddgpe.obj
 0001:0000f994       ?AllocVideoSurface@DDGPE@@UAAJPAU_DDRAWI_DDRAWSURFACE_LCL@@PAUDDGPEAllocSurfaceData@@PAK@Z 10010994 f   ddgpe:ddgpe.obj
 0001:0000f9e0       ?AllocBackBuffer@DDGPE@@UAAJPAU_DDRAWI_DDRAWSURFACE_LCL@@@Z 100109e0 f   ddgpe:ddgpe.obj
 0001:0000fa7c       ?WrapSurface@DDGPE@@UAAJPAU_DDRAWI_DDRAWSURFACE_LCL@@HHW4EGPEFormat@@W4EDDGPEPixelFormat@@HH@Z 10010a7c f   ddgpe:ddgpe.obj
 0001:0000faec       ?WrapSurface@DDGPE@@UAAJPAPAVDDGPESurf@@HHW4EGPEFormat@@W4EDDGPEPixelFormat@@PAEH@Z 10010aec f   ddgpe:ddgpe.obj
 0001:0000fb60       ?WrapSurface@DDGPE@@UAAJPAU_DDRAWI_DDRAWSURFACE_LCL@@HHW4EGPEFormat@@W4EDDGPEPixelFormat@@PAEH@Z 10010b60 f   ddgpe:ddgpe.obj
 0001:0000fbcc       ?WrapSurface@DDGPE@@UAAJPAPAVDDGPESurf@@PAUDDGPEAllocSurfaceData@@@Z 10010bcc f   ddgpe:ddgpe.obj
 0001:0000fc4c       ?WrapSurface@DDGPE@@UAAJPAU_DDRAWI_DDRAWSURFACE_LCL@@PAUDDGPEAllocSurfaceData@@@Z 10010c4c f   ddgpe:ddgpe.obj
 0001:0000fc98       ?BltPrepare@DDGPE@@UAAJPAUDDGPEBltParms@@@Z 10010c98 f   ddgpe:ddgpe.obj
 0001:0000fd28       ?PerformBlt@DDGPE@@UAAJPAUDDGPEBltParms@@@Z 10010d28 f   ddgpe:ddgpe.obj
 0001:0000fd9c       ?BltExpanded@DDGPE@@UAAJPAVDDGPESurf@@000PAU_CLIPOBJ@@PAU_XLATEOBJ@@PBUtagRECT@@3KKK@Z 10010d9c f   ddgpe:ddgpe.obj
 0001:0000ff10       ?BltExpanded@DDGPE@@UAAJPAVDDGPESurf@@00PBUtagRECT@@1KKK@Z 10010f10 f   ddgpe:ddgpe.obj
 0001:0000ff6c       ?SetVisibleSurface@DDGPE@@UAAXPAVGPESurf@@KH@Z 10010f6c f   ddgpe:ddgpe.obj
 0001:0000ff8c       ?SetVisibleSurface@DDGPE@@UAAXPAVGPESurf@@H@Z 10010f8c f   ddgpe:ddgpe.obj
 0001:0000ffec       ?DetectPixelFormat@DDGPE@@UAAJKPAU_DDPIXELFORMAT@@PAW4EGPEFormat@@PAW4EDDGPEPixelFormat@@@Z 10010fec f   ddgpe:ddgpe.obj
 0001:00010278       ?DetectMode@DDGPE@@UAAJPAKKKW4EGPEFormat@@W4EDDGPEPixelFormat@@PAU_DDPIXELFORMAT@@@Z 10011278 f   ddgpe:ddgpe.obj
 0001:0001037c       ?InDisplay@DDGPE@@UAAHXZ   1001137c f   ddgpe:ddgpe.obj
 0001:00010384       ?GetModeInfoEx@DDGPE@@UAAJPAUGPEModeEx@@H@Z 10011384 f   ddgpe:ddgpe.obj
 0001:00010390       ?SetMode@DDGPE@@UAAJHPAPAUHPALETTE__@@H@Z 10011390 f   ddgpe:ddgpe.obj
 0001:0001039c       ?RegisterDDHALAPI@@YAXXZ   1001139c f   ddgpe:ddgpe.obj
 0001:000103a0       ??_GDDGPE@@UAAPAXI@Z       100113a0 f i ddgpe:ddgpe.obj
 0001:000103a0       ??_EDDGPE@@UAAPAXI@Z       100113a0 f i ddgpe:ddgpe.obj
 0001:000103d4       ??0GPESurf@@QAA@HHPAXHW4EGPEFormat@@@Z 100113d4 f i ddgpe:ddgpesurf.obj
 0001:0001042c       ??_GGPESurf@@UAAPAXI@Z     1001142c f i ddgpe:ddgpesurf.obj
 0001:0001042c       ??_EGPESurf@@UAAPAXI@Z     1001142c f i ddgpe:ddgpesurf.obj
 0001:00010454       ??0DDGPESurf@@QAA@HHPAXHW4EGPEFormat@@W4EDDGPEPixelFormat@@@Z 10011454 f   ddgpe:ddgpesurf.obj
 0001:000104bc       ??0DDGPESurf@@QAA@XZ       100114bc f   ddgpe:ddgpesurf.obj
 0001:00010518       ??1DDGPESurf@@UAA@XZ       10011518 f   ddgpe:ddgpesurf.obj
 0001:00010560       ?Init@DDGPESurf@@UAAXHHPAXHW4EGPEFormat@@W4EDDGPEPixelFormat@@@Z 10011560 f   ddgpe:ddgpesurf.obj
 0001:000105c0       ?Bpp@DDGPESurf@@UAAKXZ     100115c0 f   ddgpe:ddgpesurf.obj
 0001:000105d4       ?AlignedWidth@DDGPESurf@@UAAKXZ 100115d4 f   ddgpe:ddgpesurf.obj
 0001:00010610       ?SetColorKey@DDGPESurf@@UAAXK@Z 10011610 f   ddgpe:ddgpesurf.obj
 0001:0001064c       ?ColorKey@DDGPESurf@@UAAKXZ 1001164c f   ddgpe:ddgpesurf.obj
 0001:00010668       ?SetColorKeyMask@DDGPESurf@@UAAXK@Z 10011668 f   ddgpe:ddgpesurf.obj
 0001:00010670       ?ColorKeyMask@DDGPESurf@@UAAKXZ 10011670 f   ddgpe:ddgpesurf.obj
 0001:00010678       ?SetColorKeyLow@DDGPESurf@@UAAXK@Z 10011678 f   ddgpe:ddgpesurf.obj
 0001:00010680       ?ColorKeyLow@DDGPESurf@@UAAKXZ 10011680 f   ddgpe:ddgpesurf.obj
 0001:00010688       ?SetColorKeyHigh@DDGPESurf@@UAAXK@Z 10011688 f   ddgpe:ddgpesurf.obj
 0001:00010690       ?ColorKeyHigh@DDGPESurf@@UAAKXZ 10011690 f   ddgpe:ddgpesurf.obj
 0001:00010698       ?PixelFormat@DDGPESurf@@UAA?AW4EDDGPEPixelFormat@@XZ 10011698 f   ddgpe:ddgpesurf.obj
 0001:000106a0       ?HasAlpha@DDGPESurf@@UAAHXZ 100116a0 f   ddgpe:ddgpesurf.obj
 0001:000106c4       ?SetDDGPESurf@DDGPESurf@@UAAXPAU_DDRAWI_DDRAWSURFACE_LCL@@@Z 100116c4 f   ddgpe:ddgpesurf.obj
 0001:000106d0       ?GetDDGPESurf@DDGPESurf@@SAPAV1@PAU_DDRAWI_DDRAWSURFACE_LCL@@@Z 100116d0 f   ddgpe:ddgpesurf.obj
 0001:000106e0       ?SetRotation@DDGPESurf@@QAAXHHH@Z 100116e0 f   ddgpe:ddgpesurf.obj
 0001:00010724       ??_GDDGPESurf@@UAAPAXI@Z   10011724 f i ddgpe:ddgpesurf.obj
 0001:00010724       ??_EDDGPESurf@@UAAPAXI@Z   10011724 f i ddgpe:ddgpesurf.obj
 0001:0001074c       ??0DDGPESurf@@QAA@HHHW4EGPEFormat@@W4EDDGPEPixelFormat@@@Z 1001174c f   ddgpe:ddgpesurf.obj
 0001:00010824       ?DeleteSurface@DDGPESurf@@SAXPAU_DDRAWI_DDRAWSURFACE_LCL@@@Z 10011824 f   ddgpe:ddgpesurf.obj
 0001:00010850       DllMain                    10011850 f   gpe:ddi_if.obj
 0001:0001088c       ?SafeGetGPE@@YAPAVGPE@@PAX@Z 1001188c f   gpe:ddi_if.obj
 0001:000108f8       ?SetSurfaceFormat@@YAXPAVGPESurf@@PAU_XLATEOBJ@@K@Z 100118f8 f   gpe:ddi_if.obj
 0001:00010b50       DrvContrastControl         10011b50 f   gpe:ddi_if.obj
 0001:00010b74       DrvPowerHandler            10011b74 f   gpe:ddi_if.obj
 0001:00010b9c       DrvEscape                  10011b9c f   gpe:ddi_if.obj
 0001:00010ce4       DrvDisableDriver           10011ce4 f   gpe:ddi_if.obj
 0001:00010d14       DrvDisablePDEV             10011d14 f   gpe:ddi_if.obj
 0001:00010d40       DrvDisableSurface          10011d40 f   gpe:ddi_if.obj
 0001:00010d64       DrvEnableSurface           10011d64 f   gpe:ddi_if.obj
 0001:00010da8       DrvCreateDeviceBitmap      10011da8 f   gpe:ddi_if.obj
 0001:00010e44       DrvDeleteDeviceBitmap      10011e44 f   gpe:ddi_if.obj
 0001:00010e84       DrvMovePointer             10011e84 f   gpe:ddi_if.obj
 0001:00010ea4       DrvSetPointerShape         10011ea4 f   gpe:ddi_if.obj
 0001:00010fb8       DrvSetPalette              10011fb8 f   gpe:ddi_if.obj
 0001:00011044       DrvFillPath                10012044 f   gpe:ddi_if.obj
 0001:00011400       DrvRealizeBrush            10012400 f   gpe:ddi_if.obj
 0001:00011678       DrvGetModes                10012678 f   gpe:ddi_if.obj
 0001:0001177c       DrvEnablePDEV              1001277c f   gpe:ddi_if.obj
 0001:00011ab0       DrvCopyBits                10012ab0 f   gpe:ddi_if.obj
 0001:00011ac0       ?ClipBlt@@YAJPAVGPE@@PAUGPEBltParms@@@Z 10012ac0 f   gpe:ddi_if.obj
 0001:00011d24       ?AAGetMaskBits@@YAXPAK00@Z 10012d24 f   gpe:ddi_if.obj
 0001:00011d64       ?GPEEnableDriver@@YAHKKPAUtagDrvEnableData@@PAU_ENGCALLBACKS@@@Z 10012d64 f   gpe:ddi_if.obj
 0001:00011e98       AnyBlt                     10012e98 f   gpe:ddi_if.obj
 0001:000126cc       DrvAnyBlt                  100136cc f   gpe:ddi_if.obj
 0001:00012740       DrvTransparentBlt          10013740 f   gpe:ddi_if.obj
 0001:000127c0       DrvBitBlt                  100137c0 f   gpe:ddi_if.obj
 0001:000128a4       DrvPaint                   100138a4 f   gpe:ddi_if.obj
 0001:00012914       ??0GPE@@QAA@XZ             10013914 f   gpe:gpe.obj
 0001:0001295c       ??1GPE@@UAA@XZ             1001395c f   gpe:gpe.obj
 0001:0001296c       ?ContrastControl@GPE@@UAAHKPAK@Z 1001396c f   gpe:gpe.obj
 0001:00012974       ?PowerHandler@GPE@@UAAXH@Z 10013974 f   gpe:gpe.obj
 0001:00012978       ?GetPalette@GPE@@UAAJPAPAUtagPALETTEENTRY@@PAG@Z 10013978 f   gpe:gpe.obj
 0001:000129c0       ?DrvEscape@GPE@@UAAKPAU_SURFOBJ@@KKPAXK1@Z 100139c0 f   gpe:gpe.obj
 0001:000129c8       ?GetGraphicsCaps@GPE@@UAAKXZ 100139c8 f   gpe:gpe.obj
 0001:000129d0       ?GetPhysicalVideoMemory@GPE@@UAAXPAK0@Z 100139d0 f   gpe:gpe.obj
 0001:000129d4       ?SetVisibleSurface@GPE@@UAAXPAVGPESurf@@@Z 100139d4 f   gpe:gpe.obj
 0001:000129d8       ?FlipInProgress@GPE@@UAAHXZ 100139d8 f   gpe:gpe.obj
 0001:000129e0       ?WaitForVBlank@GPE@@UAAXXZ 100139e0 f   gpe:gpe.obj
 0001:000129e4       ?SurfaceBusyFlipping@GPE@@UAAHPAVGPESurf@@@Z 100139e4 f   gpe:gpe.obj
 0001:000129ec       ?IsBusy@GPE@@UAAHXZ        100139ec f   gpe:gpe.obj
 0001:000129f4       ?WaitForNotBusy@GPE@@UAAXXZ 100139f4 f   gpe:gpe.obj
 0001:000129f8       ?AvailableVideoMemory@GPE@@UAAKXZ 100139f8 f   gpe:gpe.obj
 0001:00012a00       ?ScanLine@GPE@@UAAHXZ      10013a00 f   gpe:gpe.obj
 0001:00012a08       ?ProcessCommandBlock@GPE@@UAAJPAE@Z 10013a08 f   gpe:gpe.obj
 0001:00012a14       ?GetScreenDimensions@GPE@@UAAHPAUGPEScreenProps@@@Z 10013a14 f   gpe:gpe.obj
 0001:00012c5c       ?IsPaletteSettable@GPE@@UAAHXZ 10013c5c f   gpe:gpe.obj
 0001:00012c74       ?RotateRectl@GPE@@QAAXPAU_RECTL@@@Z 10013c74 f   gpe:gpe.obj
 0001:00012d24       ?GetClearTypeRGBMasks@GPE@@UAAPAKXZ 10013d24 f   gpe:gpe.obj
 0001:00012d34       ?DisablePrimary@GPE@@UAAHXZ 10013d34 f   gpe:gpe.obj
 0001:00012d70       ?Init@GPESurf@@QAAXHHPAXHW4EGPEFormat@@@Z 10013d70 f   gpe:gpe.obj
 0001:00012dc8       ?RotateLineParms@GPESurf@@QAAXPAUGPELineParms@@@Z 10013dc8 f   gpe:gpe.obj
 0001:00012e94       ?SetRotation@GPESurf@@QAAXHHH@Z 10013e94 f   gpe:gpe.obj
 0001:00012ebc       ?RotateRectl@GPESurf@@QAAXPAU_RECTL@@@Z 10013ebc f   gpe:gpe.obj
 0001:00012f6c       ?RotateRectlBack@GPESurf@@QAAXPAU_RECTL@@@Z 10013f6c f   gpe:gpe.obj
 0001:00013024       ?GetPtr@GPESurf@@QAAPAEHH@Z 10014024 f   gpe:gpe.obj
 0001:00013100       ??1GPEFormat@@QAA@XZ       10014100 f   gpe:gpe.obj
 0001:00013134       ??_GGPE@@UAAPAXI@Z         10014134 f i gpe:gpe.obj
 0001:00013134       ??_EGPE@@UAAPAXI@Z         10014134 f i gpe:gpe.obj
 0001:0001315c       ??0GPESurf@@QAA@HHW4EGPEFormat@@@Z 1001415c f   gpe:gpe.obj
 0001:0001324c       ??1GPESurf@@UAA@XZ         1001424c f   gpe:gpe.obj
 0001:00013288       ?EmulatedLine@GPE@@QAAJPAUGPELineParms@@@Z 10014288 f   gpe:swline.obj
 0001:00013938       ?EmulatedBlt_Internal@GPE@@QAAJPAUGPEBltParms@@@Z 10014938 f   gpe:swblt.obj
 0001:00015b50       ?EmulatedBlt_Bilinear@GPE@@QAAJPAUGPEBltParms@@@Z 10016b50 f   gpe:swblt.obj
 0001:000163e0       ?EmulatedBlt_Halftone@GPE@@QAAJPAUGPEBltParms@@@Z 100173e0 f   gpe:swblt.obj
 0001:00016c84       ?EmulatedBltRotate_Internal@GPE@@QAAJPAUGPEBltParms@@@Z 10017c84 f   gpe:swblt.obj
 0001:0001995c       ?EmulatedBltRotate_Bilinear@GPE@@QAAJPAUGPEBltParms@@@Z 1001a95c f   gpe:swblt.obj
 0001:0001a818       ?EmulatedBltRotate_Halftone@GPE@@QAAJPAUGPEBltParms@@@Z 1001b818 f   gpe:swblt.obj
 0001:0001b508       ?SelectBlt@GPE@@IAAJPAUGPEBltParms@@P81@AAJ0@Z@Z 1001c508 f   gpe:swblt.obj
 0001:0001b8f0       ?EmulatedBlt@GPE@@QAAJPAUGPEBltParms@@@Z 1001c8f0 f   gpe:swblt.obj
 0001:0001b908       ?Init@LRU@@QAAHG@Z         1001c908 f   gpe:swconvrt.obj
 0001:0001b9d4       ?Find@LRU@@QAAFK@Z         1001c9d4 f   gpe:swconvrt.obj
 0001:0001baac       ?Add@LRU@@QAAFK@Z          1001caac f   gpe:swconvrt.obj
 0001:0001bb0c       ?Free@LRU@@QAAXXZ          1001cb0c f   gpe:swconvrt.obj
 0001:0001bb68       ?InitMaskInfo@MaskInfo@@QAAXPAU_XLATEOBJ@@KG@Z 1001cb68 f   gpe:swconvrt.obj
 0001:0001bc3c       ?Init@MaskColorConverter@@QAAXPAU_XLATEOBJ@@@Z 1001cc3c f   gpe:swconvrt.obj
 0001:0001bc70       ?Init@GroupColorConverter@@QAAXPAU_XLATEOBJ@@@Z 1001cc70 f   gpe:swconvrt.obj
 0001:0001bea4       ?RGBToFromBGR@MaskColorConverter@@QAAKK@Z 1001cea4 f   gpe:swconvrt.obj
 0001:0001bedc       ?MaskedSrcToRGB@MaskColorConverter@@QAAKK@Z 1001cedc f   gpe:swconvrt.obj
 0001:0001bf4c       ?MaskedSrcToRGB@GroupColorConverter@@QAAKK@Z 1001cf4c f   gpe:swconvrt.obj
 0001:0001bfbc       ?MaskedSrcToBGR@MaskColorConverter@@QAAKK@Z 1001cfbc f   gpe:swconvrt.obj
 0001:0001c02c       ?RGBSrcToMaskedDst@MaskColorConverter@@QAAKK@Z 1001d02c f   gpe:swconvrt.obj
 0001:0001c070       ?BGRSrcToMaskedDst@MaskColorConverter@@QAAKK@Z 1001d070 f   gpe:swconvrt.obj
 0001:0001c0b4       ?MaskedSrcToMaskedDst@MaskColorConverter@@QAAKK@Z 1001d0b4 f   gpe:swconvrt.obj
 0001:0001c134       ?AnyToMono@MonoColorConverter@@QAAKK@Z 1001d134 f   gpe:swconvrt.obj
 0001:0001c148       DrvRealizeColor            1001d148 f   gpe:swconvrt.obj
 0001:0001c2bc       DrvUnrealizeColor          1001d2bc f   gpe:swconvrt.obj
 0001:0001c3c8       ?Init@LookupColorConverter@@QAAXPAU_XLATEOBJ@@@Z 1001d3c8 f   gpe:swconvrt.obj
 0001:0001c5ac       ?MaskedSrcToPaletteDst@GroupColorConverter@@QAAKK@Z 1001d5ac f   gpe:swconvrt.obj
 0001:0001c75c       ?AllocConverters@@YAHXZ    1001d75c f   gpe:swconvrt.obj
 0001:0001c80c       ?FreeConverters@@YAXXZ     1001d80c f   gpe:swconvrt.obj
 0001:0001c86c       ?InitConverter@ColorConverter@@SAXPAU_XLATEOBJ@@PAPAV1@PAP81@AAKK@ZPAPAK@Z 1001d86c f   gpe:swconvrt.obj
 0001:0001cabc       ?SafeCallLine@@YAJPAVGPE@@PAUGPELineParms@@@Z 1001dabc f   gpe:drvstrok.obj
 0001:0001cb0c       DrvStrokePath              1001db0c f   gpe:drvstrok.obj
 0001:0001d450       ?AATextBltDst8@AATextBlt@@QAAJPAUGPEBltParms@@@Z 1001e450 f   gpe:aablt.obj
 0001:0001d5fc       ?SetGamma@AAMASKINFO@@QAAXM@Z 1001e5fc f i gpe:aablt.obj
 0001:0001d7fc       ?BlendPixelAA@AAMASKINFO@@QAAKKE@Z 1001e7fc f   gpe:aablt.obj
 0001:0001dc6c       ?SetAAGammaValue@@YAHKH@Z  1001ec6c f   gpe:aablt.obj
 0001:0001dd8c       ?AATextBltDst16@AATextBlt@@QAAJPAUGPEBltParms@@@Z 1001ed8c f   gpe:aablt.obj
 0001:0001dfa0       ?AATextBltDst24@AATextBlt@@QAAJPAUGPEBltParms@@@Z 1001efa0 f   gpe:aablt.obj
 0001:0001e1dc       ?AATextBltDst32@AATextBlt@@QAAJPAUGPEBltParms@@@Z 1001f1dc f   gpe:aablt.obj
 0001:0001e3f0       ?AATextBltInit@@YAHP6AXPAK00@Z@Z 1001f3f0 f   gpe:aablt.obj
 0001:0001e410       ?AATextBltSelect@@YAJPAUGPEBltParms@@@Z 1001f410 f   gpe:aablt.obj
 0001:0001e560       ?vClearTypeLookupTableLoop@@YAXKPAU_BLENDINFO@@KKPAVGPESurf@@@Z 1001f560 f   gpe:rctblt.obj
 0001:0001e92c       ?ulBlendPixelCT@@YAKPAU_BLENDINFO@@KPAU_F_RGB@@@Z 1001f92c f   gpe:rctblt.obj
 0001:0001ea68       ?ulBlendPixelCT8bpp@@YAKPAU_BLENDINFO@@KPAU_F_RGB@@@Z 1001fa68 f   gpe:rctblt.obj
 0001:0001eb44       ?SetClearTypeBltMasks@@YAXKKK@Z 1001fb44 f   gpe:rctblt.obj
 0001:0001ec20       ?SetClearTypeBltGamma@@YAXK@Z 1001fc20 f   gpe:rctblt.obj
 0001:0001ede0       ?GetGammaValue@@YAHPAK@Z   1001fde0 f   gpe:rctblt.obj
 0001:0001edfc       ?SetGammaValue@@YAHKH@Z    1001fdfc f   gpe:rctblt.obj
 0001:0001efa0       ?pvFillOpaqTableCT@@YAPAXKKKPAVGPESurf@@PAU_BLENDINFO@@@Z 1001ffa0 f   gpe:rctblt.obj
 0001:0001f05c       ?ClearTypeBltInit@@YAHPAUGPEMode@@PAKPAUtagPALETTEENTRY@@I@Z 1002005c f   gpe:rctblt.obj
 0001:0001f1b8       ?ClearTypeBltDst16@ClearTypeBlt@@QAAJPAUGPEBltParms@@@Z 100201b8 f   gpe:rctblt.obj
 0001:0001f398       ?ClearTypeBltDst24@ClearTypeBlt@@QAAJPAUGPEBltParms@@@Z 10020398 f   gpe:rctblt.obj
 0001:0001f590       ?ClearTypeBltDst32@ClearTypeBlt@@QAAJPAUGPEBltParms@@@Z 10020590 f   gpe:rctblt.obj
 0001:0001f770       ?ClearTypeBltDst8@ClearTypeBlt@@QAAJPAUGPEBltParms@@@Z 10020770 f   gpe:rctblt.obj
 0001:0001f940       ?ClearTypeBltSelect@@YAJPAUGPEBltParms@@@Z 10020940 f   gpe:rctblt.obj
 0001:0001f9dc       ??0TmpGPESurf@@QAA@PAU_SURFOBJ@@0PAV0@@Z 100209dc f   gpe:tmpgpesurf.obj
 0001:0001fabc       ??0EdgeList@@QAA@H@Z       10020abc f   gpe:swfill.obj
 0001:0001fb04       ??1EdgeList@@QAA@XZ        10020b04 f   gpe:swfill.obj
 0001:0001fb20       ?AddEdge@EdgeList@@QAAJJJJJ@Z 10020b20 f   gpe:swfill.obj
 0001:0001fd54       ?Fill@EdgeList@@QAAJPAUGPEBltParms@@PAU_RECTL@@PAVGPE@@@Z 10020d54 f   gpe:swfill.obj
 0001:000201f4       ?drvRectFill32@@YAXPAVGPESurf@@PAU_DRVGRADIENTRECTDATA@@@Z 100211f4 f   gpe:rdrvgradfill.obj
 0001:00020934       ?drvRectFill24@@YAXPAVGPESurf@@PAU_DRVGRADIENTRECTDATA@@@Z 10021934 f   gpe:rdrvgradfill.obj
 0001:00020f74       ?drvRectFill16@@YAXPAVGPESurf@@PAU_DRVGRADIENTRECTDATA@@H@Z 10021f74 f   gpe:rdrvgradfill.obj
 0001:0002146c       ?drvRectFill16_565@@YAXPAVGPESurf@@PAU_DRVGRADIENTRECTDATA@@@Z 1002246c f   gpe:rdrvgradfill.obj
 0001:00021480       ?drvRectFill16_555@@YAXPAVGPESurf@@PAU_DRVGRADIENTRECTDATA@@@Z 10022480 f   gpe:rdrvgradfill.obj
 0001:000214d8       ?drvRectFill16Bitfields@@YAXPAVGPESurf@@PAU_DRVGRADIENTRECTDATA@@@Z 100224d8 f   gpe:rdrvgradfill.obj
 0001:000214ec       ?drvRectFillPalIndex@@YAXPAVGPESurf@@PAU_DRVGRADIENTRECTDATA@@H@Z 100224ec f   gpe:rdrvgradfill.obj
 0001:000219c4       ?drvRectFill8@@YAXPAVGPESurf@@PAU_DRVGRADIENTRECTDATA@@@Z 100229c4 f   gpe:rdrvgradfill.obj
 0001:000219d8       ?drvRectFill4@@YAXPAVGPESurf@@PAU_DRVGRADIENTRECTDATA@@@Z 100229d8 f   gpe:rdrvgradfill.obj
 0001:000219ec       ?drvRectFill1@@YAXPAVGPESurf@@PAU_DRVGRADIENTRECTDATA@@@Z 100229ec f   gpe:rdrvgradfill.obj
 0001:000220e4       DrvGradientFill            100230e4 f   gpe:rdrvgradfill.obj
 0001:0002294c       DrvAlphaBlend              1002394c f   gpe:drvalphablend.obj
 0001:000229d4       GenBltInitialize           100239d4 f   gpe:genblt.obj
 0001:00022b8c       ?ClockOverflow@@YAXXZ      10023b8c f   gpe:genblt.obj
 0001:00022bcc       ?FunctionCacheLookup@@YAPAUGenBltFunction@@PAUGenBltSignature@@@Z 10023bcc f   gpe:genblt.obj
 0001:00022c38       ?GetFnCacheMem@@YAPAUGenBltFunction@@PAUGenBltSignature@@@Z 10023c38 f   gpe:genblt.obj
 0001:00022cb8       ?GetBltFunction@@YAPAUGenBltFunction@@PAUGenBltSignature@@@Z 10023cb8 f   gpe:genblt.obj
 0001:00022d6c       ?GPEFormatToGenBltFormat@@YA?AW4GenBltFormat@@PAVGPEFormat@@W4EGPEFormat@@@Z 10023d6c f   gpe:genblt.obj
 0001:00022ee4       GenBltSetMode              10023ee4 f   gpe:genblt.obj
 0001:000230f0       ?GenerateSignature@@YAHPAUGPEBltParms@@PAUGenBltSignature@@@Z 100240f0 f   gpe:genblt.obj
 0001:0002357c       ?ProcessROP3@@YAKKKKEE@Z   1002457c f   gpe:blthelpers.obj
 0001:0002363c       ?RGBError@@YAKKK@Z         1002463c f   gpe:blthelpers.obj
 0001:00023680       ?FillMasksAndShifts@@YAXPAVGPESurf@@PAK1@Z 10024680 f   gpe:blthelpers.obj
 0001:000236f0       ?ClipRect@@YA_NPAU_RECTL@@PBU1@1@Z 100246f0 f   gpe:blthelpers.obj
 0001:00023770       ?AveragePixels@@YAKKKHHPAK0@Z 10024770 f   gpe:blthelpers.obj
 0001:000238d0       ?AverageAndClampPixels@@YAKKKHHPAK0@Z 100248d0 f   gpe:blthelpers.obj
 0001:00023a74       ?HalftoneBlend16Bpp@@YAXPAEKHHPAK1@Z 10024a74 f   gpe:blthelpers.obj
 0001:00023aac       ?HalftoneBlend24Bpp@@YAXPAEKHHPAK1@Z 10024aac f   gpe:blthelpers.obj
 0001:00023b00       ?HalftoneBlend32Bpp@@YAXPAEKHHPAK1@Z 10024b00 f   gpe:blthelpers.obj
 0001:00023b34       ?InitPixelIterator@PixelIterator@@QAAXPAVGPESurf@@HHPAU_RECTL@@HH@Z 10024b34 f   gpe:pixeliterator.obj
 0001:00023d04       ?InitPixelIterator@PixelIteratorRotate@@QAAXPAVGPESurf@@HHPAU_RECTL@@HH@Z 10024d04 f   gpe:pixeliterator.obj
 0001:00023e64       ?GetPtr@PixelIteratorRotate@@QAAPAEXZ 10024e64 f   gpe:pixeliterator.obj
 0001:00023f50       ?InitBrushPixelIterator@BrushPixelIterator@@QAAXPAVGPESurf@@HHPAU_RECTL@@@Z 10024f50 f   gpe:pixeliterator.obj
 0001:0002403c       ?WrappedGeneratedBlt@GPE@@QAAJPAUGPEBltParms@@@Z 1002503c f   gpe:genbltgpe.obj
 0001:0002413c       GeneratedBltSelect         1002513c f   gpe:genbltgpe.obj
 0001:0002418c       EmulatedBltSelect02        1002518c f   gpe:ebbltsel.obj
 0001:00024194       EmulatedBltSelect08        10025194 f   gpe:ebbltsel.obj
 0001:000243bc       EmulatedBltSelect16        100253bc f   gpe:ebbltsel.obj
 0001:00024590       ?IsSurface_R5_G6_B5@@YAHPAVGPESurf@@@Z 10025590 f i gpe:fastblt.obj
 0001:000245e8       ?IsSurface_A8_R8_G8_B8@@YAHPAVGPESurf@@@Z 100255e8 f i gpe:fastblt.obj
 0001:0002464c       ?CanUse_Blt_Stretch_Alpha_32To16at565@@YAHPAUGPEBltParms@@@Z 1002564c f i gpe:fastblt.obj
 0001:00024748       ?Blt_Stretch_Alpha_32To16at565@Emulator@@QAAJPAUGPEBltParms@@@Z 10025748 f   gpe:fastblt.obj
 0001:00024ee4       ?CanUse_Blt_NoStretch_Alpha_32To16at565@@YAHPAUGPEBltParms@@@Z 10025ee4 f i gpe:fastblt.obj
 0001:00024f20       ?Blt_NoStretch_Alpha_32To16at565@Emulator@@QAAJPAUGPEBltParms@@@Z 10025f20 f   gpe:fastblt.obj
 0001:0002526c       ?CanUse_Blt_NoStretch_Alpha_24To24@@YAHPAUGPEBltParms@@@Z 1002626c f i gpe:fastblt.obj
 0001:00025304       ?Blt_NoStretch_Alpha_24To24_Aligned@@YAJPAKH0HHHK@Z 10026304 f   gpe:fastblt.obj
 0001:00025448       ?Blt_NoStretch_Alpha_24To24@Emulator@@QAAJPAUGPEBltParms@@@Z 10026448 f   gpe:fastblt.obj
 0001:00025620       ?CanUse_Blt_NoStretch_Alpha_16To16@@YAHPAUGPEBltParms@@@Z 10026620 f i gpe:fastblt.obj
 0001:000256c8       ?Blt_NoStretch_Alpha_16To16@Emulator@@QAAJPAUGPEBltParms@@@Z 100266c8 f   gpe:fastblt.obj
 0001:000258a4       ?CanUse_Blt_NoStretch_Trans_16To16@@YAHPAUGPEBltParms@@@Z 100268a4 f i gpe:fastblt.obj
 0001:00025940       ?Blt_NoStretch_Trans_16To16@Emulator@@QAAJPAUGPEBltParms@@@Z 10026940 f   gpe:fastblt.obj
 0001:00025a08       ?CanUse_Blt_Stretch_Trans_16To16@@YAHPAUGPEBltParms@@@Z 10026a08 f i gpe:fastblt.obj
 0001:00025aa8       ?CanUse_Blt_NoStretch_NoTrans_32To16at565@@YAHPAUGPEBltParms@@@Z 10026aa8 f i gpe:fastblt.obj
 0001:00025b40       ?Blt_NoStretch_NoTrans_32To16at565@Emulator@@QAAJPAUGPEBltParms@@@Z 10026b40 f   gpe:fastblt.obj
 0001:00025c0c       ?CanUse_Blt_NoStretch_NoTrans_16at565To32@@YAHPAUGPEBltParms@@@Z 10026c0c f i gpe:fastblt.obj
 0001:00025cb0       ?Blt_NoStretch_NoTrans_16at565To32@Emulator@@QAAJPAUGPEBltParms@@@Z 10026cb0 f   gpe:fastblt.obj
 0001:00025d78       ?CanUse_Blt_NoStretch_NoTrans_24To24@@YAHPAUGPEBltParms@@@Z 10026d78 f i gpe:fastblt.obj
 0001:00025e10       ?Blt_NoStretch_NoTrans_24To24@Emulator@@QAAJPAUGPEBltParms@@@Z 10026e10 f   gpe:fastblt.obj
 0001:00025ec8       ?CanUse_Blt_NoStretch_NoTrans_16To16@@YAHPAUGPEBltParms@@@Z 10026ec8 f i gpe:fastblt.obj
 0001:00025f60       ?Blt_NoStretch_NoTrans_16To16@Emulator@@QAAJPAUGPEBltParms@@@Z 10026f60 f   gpe:fastblt.obj
 0001:00026014       ?CanUse_Blt_Text_32@@YAHPAUGPEBltParms@@@Z 10027014 f i gpe:fastblt.obj
 0001:000260a0       ?Blt_Text_32@Emulator@@QAAJPAUGPEBltParms@@@Z 100270a0 f   gpe:fastblt.obj
 0001:00026198       ?CanUse_Blt_Fill_32@@YAHPAUGPEBltParms@@@Z 10027198 f i gpe:fastblt.obj
 0001:000261f4       ?Blt_Fill_32@Emulator@@QAAJPAUGPEBltParms@@@Z 100271f4 f   gpe:fastblt.obj
 0001:0002628c       ?CanUse_Blt_Fill_24@@YAHPAUGPEBltParms@@@Z 1002728c f i gpe:fastblt.obj
 0001:000262e8       ?Blt_Fill_24@Emulator@@QAAJPAUGPEBltParms@@@Z 100272e8 f   gpe:fastblt.obj
 0001:000263a0       ?Blt_Stretch_Trans_16To16@Emulator@@QAAJPAUGPEBltParms@@@Z 100273a0 f   gpe:fastblt.obj
 0001:00026a40       FastBltSelect              10027a40 f   gpe:fastblt.obj
 0001:00026c2c       GenBltCpuInitialize        10027c2c f   gpe:genblt_arm.obj
 0001:00026c58       ?RopRecurse@@YAFPAKF@Z     10027c58 f   gpe:parse.obj
 0001:00026d78       ?ConvertRecurse@@YAFPAKKF@Z 10027d78 f   gpe:parse.obj
 0001:00026f70       ?GenBltInvariantParser@@YA_NPAK0PAUGenBltSignature@@@Z 10027f70 f   gpe:parse.obj
 0001:0002725c       ?InvariantRecurse@@YAFPAKKKHF@Z 1002825c f   gpe:parse.obj
 0001:000275a4       ?InvariantInitialize@@YAHPAK@Z 100285a4 f   gpe:parse.obj
 0001:000277e0       ?BRegFromBltSig@@YAKPAUGenBltSignature@@@Z 100287e0 f   gpe:initregs.obj
 0001:00027934       ?InitPCodeRegs@@YAXPAUGPEBltParms@@PAUPCodeRegisters_t@@@Z 10028934 f   gpe:initregs.obj
 0001:000286a8       ?EmulatedBltSrcCopy0108@Emulator@@QAAJPAUGPEBltParms@@@Z 100296a8 f   gpe:ebcp0108.obj
 0001:00028b1c       ?EmulatedBltSrcCopy0408@Emulator@@QAAJPAUGPEBltParms@@@Z 10029b1c f   gpe:ebcp0408.obj
 0001:00028ca8       ?EmulatedBltSrcCopy0808@Emulator@@QAAJPAUGPEBltParms@@@Z 10029ca8 f   gpe:ebcopy08.obj
 0001:00029028       ?EmulatedBltSrcPaint0808@Emulator@@QAAJPAUGPEBltParms@@@Z 1002a028 f   gpe:ebspnt08.obj
 0001:00029428       ?EmulatedBltPatternCopy08@Emulator@@QAAJPAUGPEBltParms@@@Z 1002a428 f   gpe:ebpcpy08.obj
 0001:00029804       ?EmulatedBltAlphaText08@Emulator@@QAAJPAUGPEBltParms@@@Z 1002a804 f   gpe:ebalph08.obj
 0001:00029824       ?EmulatedBltText08@Emulator@@QAAJPAUGPEBltParms@@@Z 1002a824 f   gpe:ebtext08.obj
 0001:0002997c       ?EmulatedBltFill08@Emulator@@QAAJPAUGPEBltParms@@@Z 1002a97c f   gpe:ebfill08.obj
 0001:00029a10       ?EmulatedBltDstInvert08@Emulator@@QAAJPAUGPEBltParms@@@Z 1002aa10 f   gpe:ebdinv08.obj
 0001:00029b18       ?EmulatedBltPatInvert08@Emulator@@QAAJPAUGPEBltParms@@@Z 1002ab18 f   gpe:ebpinv08.obj
 0001:00029c40       ?EmulatedBltPatternInvert08@Emulator@@QAAJPAUGPEBltParms@@@Z 1002ac40 f   gpe:ebp08.obj
 0001:00029ea4       ?EmulatedBltSrcInvert0808@Emulator@@QAAJPAUGPEBltParms@@@Z 1002aea4 f   gpe:ebsinv08.obj
 0001:0002a2a4       ?EmulatedBltSrcAnd0808@Emulator@@QAAJPAUGPEBltParms@@@Z 1002b2a4 f   gpe:ebsand08.obj
 0001:0002a6a4       ?EmulatedBltSrcPaint1616@Emulator@@QAAJPAUGPEBltParms@@@Z 1002b6a4 f   gpe:ebspnt16.obj
 0001:0002aaa4       ?EmulatedBltSrcCopy0116@Emulator@@QAAJPAUGPEBltParms@@@Z 1002baa4 f   gpe:ebcp0116.obj
 0001:0002af1c       ?EmulatedBltSrcCopy0416@Emulator@@QAAJPAUGPEBltParms@@@Z 1002bf1c f   gpe:ebcp0416.obj
 0001:0002b0ac       ?EmulatedBltSrcCopy1616@Emulator@@QAAJPAUGPEBltParms@@@Z 1002c0ac f   gpe:ebcopy16.obj
 0001:0002b454       ?EmulatedBltFill16@Emulator@@QAAJPAUGPEBltParms@@@Z 1002c454 f   gpe:ebfill16.obj
 0001:0002b514       ?EmulatedBltSrcInvert1616@Emulator@@QAAJPAUGPEBltParms@@@Z 1002c514 f   gpe:ebsinv16.obj
 0001:0002b914       ?EmulatedBltSrcAnd1616@Emulator@@QAAJPAUGPEBltParms@@@Z 1002c914 f   gpe:ebsand16.obj
 0001:0002bd14       ?EmulatedBltAlphaText16@Emulator@@QAAJPAUGPEBltParms@@@Z 1002cd14 f   gpe:ebalph16.obj
 0001:0002bd34       ?EmulatedBltText16@Emulator@@QAAJPAUGPEBltParms@@@Z 1002cd34 f   gpe:ebtext16.obj
 0001:0002be8c       GetDeviceRegistryParams    1002ce8c f   ceddk:CEDDK.dll
 0001:0002be9c       DmaGetLogicalChannel       1002ce9c f   ceddk:CEDDK.dll
 0001:0002beac       DmaAllocateChannel         1002ceac f   ceddk:CEDDK.dll
 0001:0002bebc       SPIWrite                   1002cebc f   ceddk:CEDDK.dll
 0001:0002becc       StallExecution             1002cecc f   ceddk:CEDDK.dll
 0001:0002bedc       EnableDeviceClocks         1002cedc f   ceddk:CEDDK.dll
 0001:0002beec       SPIClose                   1002ceec f   ceddk:CEDDK.dll
 0001:0002befc       MmUnmapIoSpace             1002cefc f   ceddk:CEDDK.dll
 0001:0002bf0c       PmxClosePolicy             1002cf0c f   ceddk:CEDDK.dll
 0001:0002bf1c       PmxNotifyPolicy            1002cf1c f   ceddk:CEDDK.dll
 0001:0002bf2c       PmxOpenPolicy              1002cf2c f   ceddk:CEDDK.dll
 0001:0002bf3c       RequestDevicePads          1002cf3c f   ceddk:CEDDK.dll
 0001:0002bf4c       MmMapIoSpace               1002cf4c f   ceddk:CEDDK.dll
 0001:0002bf5c       SPIConfigure               1002cf5c f   ceddk:CEDDK.dll
 0001:0002bf6c       SPIOpen                    1002cf6c f   ceddk:CEDDK.dll
 0001:0002bf7c       GetDisplayResolutionFromBootArgs 1002cf7c f   ceddk:CEDDK.dll
 0001:0002bf8c       ConvertCAtoPA              1002cf8c f   ceddk:CEDDK.dll
 0001:0002bf9c       GPIOSetMode                1002cf9c f   ceddk:CEDDK.dll
 0001:0002bfac       GPIOSetBit                 1002cfac f   ceddk:CEDDK.dll
 0001:0002bfbc       GPIOOpen                   1002cfbc f   ceddk:CEDDK.dll
 0001:0002bfcc       GPIOClrBit                 1002cfcc f   ceddk:CEDDK.dll
 0001:0002bfdc       EnterCriticalSection       1002cfdc f   coredll:COREDLL.dll
 0001:0002bfec       LeaveCriticalSection       1002cfec f   coredll:COREDLL.dll
 0001:0002bffc       SetLastError               1002cffc f   coredll:COREDLL.dll
 0001:0002c00c       InitializeCriticalSection  1002d00c f   coredll:COREDLL.dll
 0001:0002c01c       AdvertiseInterface         1002d01c f   coredll:COREDLL.dll
 0001:0002c02c       GetModuleFileNameW         1002d02c f   coredll:COREDLL.dll
 0001:0002c03c       NKDbgPrintfW               1002d03c f   coredll:COREDLL.dll
 0001:0002c04c       EventModify                1002d04c f   coredll:COREDLL.dll
 0001:0002c05c       Sleep                      1002d05c f   coredll:COREDLL.dll
 0001:0002c06c       CloseHandle                1002d06c f   coredll:COREDLL.dll
 0001:0002c07c       WaitForSingleObject        1002d07c f   coredll:COREDLL.dll
 0001:0002c08c       KernelIoControl            1002d08c f   coredll:COREDLL.dll
 0001:0002c09c       InterruptDisable           1002d09c f   coredll:COREDLL.dll
 0001:0002c0ac       IntersectRect              1002d0ac f   coredll:COREDLL.dll
 0001:0002c0bc       CreateFileW                1002d0bc f   coredll:COREDLL.dll
 0001:0002c0cc       DeviceIoControl            1002d0cc f   coredll:COREDLL.dll
 0001:0002c0dc       FreePhysMem                1002d0dc f   coredll:COREDLL.dll
 0001:0002c0ec       DeleteCriticalSection      1002d0ec f   coredll:COREDLL.dll
 0001:0002c0fc       AllocPhysMem               1002d0fc f   coredll:COREDLL.dll
 0001:0002c10c       InterruptDone              1002d10c f   coredll:COREDLL.dll
 0001:0002c11c       CeSetThreadPriority        1002d11c f   coredll:COREDLL.dll
 0001:0002c12c       CreateThread               1002d12c f   coredll:COREDLL.dll
 0001:0002c13c       InterruptInitialize        1002d13c f   coredll:COREDLL.dll
 0001:0002c14c       CreateEventW               1002d14c f   coredll:COREDLL.dll
 0001:0002c15c       KernelLibIoControl         1002d15c f   coredll:COREDLL.dll
 0001:0002c16c       VirtualFree                1002d16c f   coredll:COREDLL.dll
 0001:0002c17c       VirtualCopy                1002d17c f   coredll:COREDLL.dll
 0001:0002c18c       VirtualAlloc               1002d18c f   coredll:COREDLL.dll
 0001:0002c19c       LocalAlloc                 1002d19c f   coredll:COREDLL.dll
 0001:0002c1ac       LocalFree                  1002d1ac f   coredll:COREDLL.dll
 0001:0002c1bc       RemoteLocalFree            1002d1bc f   coredll:COREDLL.dll
 0001:0002c1cc       RemoteLocalAlloc           1002d1cc f   coredll:COREDLL.dll
 0001:0002c1dc       MulDiv                     1002d1dc f   coredll:COREDLL.dll
 0001:0002c1ec       DisableThreadLibraryCalls  1002d1ec f   coredll:COREDLL.dll
 0001:0002c1fc       RegCloseKey                1002d1fc f   coredll:COREDLL.dll
 0001:0002c20c       RegQueryValueExW           1002d20c f   coredll:COREDLL.dll
 0001:0002c21c       RegOpenKeyExW              1002d21c f   coredll:COREDLL.dll
 0001:0002c22c       RegSetValueExW             1002d22c f   coredll:COREDLL.dll
 0001:0002c23c       RegCreateKeyExW            1002d23c f   coredll:COREDLL.dll
 0001:0002c24c       LocalReAlloc               1002d24c f   coredll:COREDLL.dll
 0001:0002c25c       CeSetExtendedPdata         1002d25c f   coredll:COREDLL.dll
 0001:0002c26c       CacheRangeFlush            1002d26c f   coredll:COREDLL.dll
 0001:0002c27c       GetGPE                     1002d27c f   omap_dss_entry:entry.obj
 0001:0002c3c0       _DllMainCRTStartup         1002d3c0 f   corelib0:pegdmain.obj
 0001:0002c3f0       __GSHandlerCheckCommon     1002d3f0 f   corelib0:gshandler.obj
 0001:0002c42c       __GSHandlerCheck           1002d42c f   corelib0:gshandler.obj
 0001:0002c450       __security_init_cookie     1002d450 f   corelib0:seccinit.obj
 0001:0002c4ac       __security_check_cookie    1002d4ac f   corelib0:armsecgs.obj
 0001:0002c4c0       __gsfailure                1002d4c0 f   corelib0:armsecgs.obj
 0001:0002c600       _cexit                     1002d600 f   corelib0:cexit.obj
 0001:0002c61c       _initterm                  1002d61c f   corelib0:crt0dat.obj
 0001:0002c650       _cinit                     1002d650 f   corelib0:crt0dat.obj
 0001:0002c684       wcscpy                     1002d684 f   corelib1:COREDLL.dll
 0001:0002c694       memcpy                     1002d694 f   corelib1:COREDLL.dll
 0001:0002c6a4       __C_specific_handler       1002d6a4 f   corelib1:COREDLL.dll
 0001:0002c6b4       memset                     1002d6b4 f   corelib1:COREDLL.dll
 0001:0002c6c4       swscanf                    1002d6c4 f   corelib1:COREDLL.dll
 0001:0002c6d4       ??2@YAPAXI@Z               1002d6d4 f   corelib1:COREDLL.dll
 0001:0002c6e4       ??3@YAXPAX@Z               1002d6e4 f   corelib1:COREDLL.dll
 0001:0002c6f4       __rt_udiv                  1002d6f4 f   corelib1:COREDLL.dll
 0001:0002c704       __utod                     1002d704 f   corelib1:COREDLL.dll
 0001:0002c714       __divd                     1002d714 f   corelib1:COREDLL.dll
 0001:0002c724       __dtos                     1002d724 f   corelib1:COREDLL.dll
 0001:0002c734       __gts                      1002d734 f   corelib1:COREDLL.dll
 0001:0002c744       __utos                     1002d744 f   corelib1:COREDLL.dll
 0001:0002c754       __muls                     1002d754 f   corelib1:COREDLL.dll
 0001:0002c764       __divs                     1002d764 f   corelib1:COREDLL.dll
[...]
 0003:00000014       __imp_EnableDeviceClocks   10032014     ceddk:CEDDK.dll
 0003:00000018       __imp_SPIClose             10032018     ceddk:CEDDK.dll
 0003:0000001c       __imp_MmUnmapIoSpace       1003201c     ceddk:CEDDK.dll
 0003:00000020       __imp_PmxClosePolicy       10032020     ceddk:CEDDK.dll
 0003:00000024       __imp_PmxNotifyPolicy      10032024     ceddk:CEDDK.dll
 0003:00000028       __imp_PmxOpenPolicy        10032028     ceddk:CEDDK.dll
 0003:0000002c       __imp_RequestDevicePads    1003202c     ceddk:CEDDK.dll
 0003:00000030       __imp_MmMapIoSpace         10032030     ceddk:CEDDK.dll
 0003:00000034       __imp_SPIConfigure         10032034     ceddk:CEDDK.dll
 0003:00000038       __imp_SPIOpen              10032038     ceddk:CEDDK.dll
 0003:0000003c       __imp_GetDisplayResolutionFromBootArgs 1003203c     ceddk:CEDDK.dll
 0003:00000040       __imp_ConvertCAtoPA        10032040     ceddk:CEDDK.dll
 0003:00000044       __imp_GPIOSetMode          10032044     ceddk:CEDDK.dll
 0003:00000048       __imp_GPIOSetBit           10032048     ceddk:CEDDK.dll
 0003:0000004c       __imp_GPIOOpen             1003204c     ceddk:CEDDK.dll
 0003:00000050       __imp_GPIOClrBit           10032050     ceddk:CEDDK.dll
 0003:00000054       \177CEDDK_NULL_THUNK_DATA  10032054     ceddk:CEDDK.dll
 0003:00000058       __imp_EnterCriticalSection 10032058     coredll:COREDLL.dll
 0003:0000005c       __imp_LeaveCriticalSection 1003205c     coredll:COREDLL.dll
 0003:00000060       __imp_SetLastError         10032060     coredll:COREDLL.dll
 0003:00000064       __imp_InitializeCriticalSection 10032064     coredll:COREDLL.dll
 0003:00000068       __imp_AdvertiseInterface   10032068     coredll:COREDLL.dll
 0003:0000006c       __imp_GetModuleFileNameW   1003206c     coredll:COREDLL.dll
 0003:00000070       __imp_NKDbgPrintfW         10032070     coredll:COREDLL.dll
 0003:00000074       __imp_EventModify          10032074     coredll:COREDLL.dll
 0003:00000078       __imp_Sleep                10032078     coredll:COREDLL.dll
 0003:0000007c       __imp_CloseHandle          1003207c     coredll:COREDLL.dll
 0003:00000080       __imp_WaitForSingleObject  10032080     coredll:COREDLL.dll
 0003:00000084       __imp_KernelIoControl      10032084     coredll:COREDLL.dll
 0003:00000088       __imp_InterruptDisable     10032088     coredll:COREDLL.dll
 0003:0000008c       __imp_IntersectRect        1003208c     coredll:COREDLL.dll
 0003:00000090       __imp_CreateFileW          10032090     coredll:COREDLL.dll
 0003:00000094       __imp_DeviceIoControl      10032094     coredll:COREDLL.dll
 0003:00000098       __imp_FreePhysMem          10032098     coredll:COREDLL.dll
 0003:0000009c       __imp_DeleteCriticalSection 1003209c     coredll:COREDLL.dll
 0003:000000a0       __imp_AllocPhysMem         100320a0     coredll:COREDLL.dll
 0003:000000a4       __imp_InterruptDone        100320a4     coredll:COREDLL.dll
 0003:000000a8       __imp_CeSetThreadPriority  100320a8     coredll:COREDLL.dll
 0003:000000ac       __imp_CreateThread         100320ac     coredll:COREDLL.dll
 0003:000000b0       __imp_InterruptInitialize  100320b0     coredll:COREDLL.dll
 0003:000000b4       __imp_CreateEventW         100320b4     coredll:COREDLL.dll
 0003:000000b8       __imp_KernelLibIoControl   100320b8     coredll:COREDLL.dll
 0003:000000bc       __imp_VirtualFree          100320bc     coredll:COREDLL.dll
 0003:000000c0       __imp_VirtualCopy          100320c0     coredll:COREDLL.dll
 0003:000000c4       __imp_VirtualAlloc         100320c4     coredll:COREDLL.dll
 0003:000000c8       __imp_LocalAlloc           100320c8     coredll:COREDLL.dll
 0003:000000cc       __imp_LocalFree            100320cc     coredll:COREDLL.dll
 0003:000000d0       __imp_RemoteLocalFree      100320d0     coredll:COREDLL.dll
 0003:000000d4       __imp_RemoteLocalAlloc     100320d4     coredll:COREDLL.dll
 0003:000000d8       __imp_MulDiv               100320d8     coredll:COREDLL.dll
 0003:000000dc       __imp_DisableThreadLibraryCalls 100320dc     coredll:COREDLL.dll
 0003:000000e0       __imp_RegCloseKey          100320e0     coredll:COREDLL.dll
 0003:000000e4       __imp_RegQueryValueExW     100320e4     coredll:COREDLL.dll
 0003:000000e8       __imp_RegOpenKeyExW        100320e8     coredll:COREDLL.dll
 0003:000000ec       __imp_RegSetValueExW       100320ec     coredll:COREDLL.dll
 0003:000000f0       __imp_RegCreateKeyExW      100320f0     coredll:COREDLL.dll
 0003:000000f4       __imp_LocalReAlloc         100320f4     coredll:COREDLL.dll
 0003:000000f8       __imp_CeSetExtendedPdata   100320f8     coredll:COREDLL.dll
 0003:000000fc       __imp_CacheRangeFlush      100320fc     coredll:COREDLL.dll
 0003:00000100       __imp_wcscpy               10032100     corelib1:COREDLL.dll
 0003:00000104       __imp_memcpy               10032104     corelib1:COREDLL.dll
 0003:00000108       __imp___C_specific_handler 10032108     corelib1:COREDLL.dll
 0003:0000010c       __imp_memset               1003210c     corelib1:COREDLL.dll
 0003:00000110       __imp_swscanf              10032110     corelib1:COREDLL.dll
 0003:00000114       __imp_??2@YAPAXI@Z         10032114     corelib1:COREDLL.dll
 0003:00000118       __imp_??3@YAXPAX@Z         10032118     corelib1:COREDLL.dll
 0003:0000011c       __imp___rt_udiv            1003211c     corelib1:COREDLL.dll
 0003:00000120       __imp___utod               10032120     corelib1:COREDLL.dll
 0003:00000124       __imp___divd               10032124     corelib1:COREDLL.dll
 0003:00000128       __imp___dtos               10032128     corelib1:COREDLL.dll
 0003:0000012c       __imp___gts                1003212c     corelib1:COREDLL.dll
 0003:00000130       __imp___utos               10032130     corelib1:COREDLL.dll
 0003:00000134       __imp___muls               10032134     corelib1:COREDLL.dll
 0003:00000138       __imp___divs               10032138     corelib1:COREDLL.dll
 0003:0000013c       __imp___stou               1003213c     corelib1:COREDLL.dll
 0003:00000140       __imp___muld               10032140     corelib1:COREDLL.dll
 0003:00000144       __imp___stod               10032144     corelib1:COREDLL.dll
 0003:00000148       __imp___dtou               10032148     corelib1:COREDLL.dll
 0003:0000014c       __imp_ceil                 1003214c     corelib1:COREDLL.dll
 0003:00000150       __imp___rt_sdiv            10032150     corelib1:COREDLL.dll
 0003:00000154       __imp__purecall            10032154     corelib1:COREDLL.dll
 0003:00000158       __imp_malloc               10032158     corelib1:COREDLL.dll
 0003:0000015c       __imp_free                 1003215c     corelib1:COREDLL.dll
 0003:00000160       __imp___itos               10032160     corelib1:COREDLL.dll
 0003:00000164       __imp___adds               10032164     corelib1:COREDLL.dll
 0003:00000168       __imp_pow                  10032168     corelib1:COREDLL.dll
 0003:0000016c       __imp___subs               1003216c     corelib1:COREDLL.dll
 0003:00000170       __imp___rt_sdiv64by64      10032170     corelib1:COREDLL.dll
 0003:00000174       __imp_memmove              10032174     corelib1:COREDLL.dll
 0003:00000178       __imp__XcptFilter          10032178     corelib1:COREDLL.dll
 0003:0000017c       __imp___security_gen_cookie2 1003217c     corelib1:COREDLL.dll
 0003:00000180       __imp___report_gsfailure   10032180     corelib1:COREDLL.dll
 0003:00000184       __imp_InterlockedExchange  10032184     coredll:COREDLL.dll
 0003:00000188       __imp_TerminateProcess     10032188     coredll:COREDLL.dll
 0003:0000018c       __imp_memcmp               1003218c     corelib1:COREDLL.dll
 0003:00000190       \177COREDLL_NULL_THUNK_DATA 10032190     coredll:COREDLL.dll
 0003:00000198       ?g_rgPipelineScaling@@3PAUOMAPPipelineScaling@@A 10032198     omap_ddgpe_dssai:dssai.obj
 0003:000001c0       ?g_dwColorSpaceCoeff_BT601_Limited@@3PAKA 100321c0     omap_ddgpe_dssai:dssai_globals.obj
 0003:000001d4       ?g_dwColorSpaceCoeff_BT601_Full@@3PAKA 100321d4     omap_ddgpe_dssai:dssai_globals.obj
 0003:000001e8       ?g_dwColorSpaceCoeff_BT709_Limited@@3PAKA 100321e8     omap_ddgpe_dssai:dssai_globals.obj
 0003:000001fc       ?g_dwColorSpaceCoeff_BT709_Full@@3PAKA 100321fc     omap_ddgpe_dssai:dssai_globals.obj
 0003:00000210       ?g_dwVencValues_NTSC@@3PAKA 10032210     omap_ddgpe_dssai:dssai_globals.obj
 0003:000002b8       ?g_dwVencValues_PAL@@3PAKA 100322b8     omap_ddgpe_dssai:dssai_globals.obj
 0003:00000360       ?g_dwScalingCoeff_Horiz_Up@@3PAKA 10032360     omap_ddgpe_dssai:dssai_globals.obj
 0003:000003c0       ?g_dwScalingCoeff_Horiz_Down@@3PAKA 100323c0     omap_ddgpe_dssai:dssai_globals.obj
 0003:00000420       ?g_dwScalingCoeff_Vert_Up_3_Taps@@3PAKA 10032420     omap_ddgpe_dssai:dssai_globals.obj
 0003:00000480       ?g_dwScalingCoeff_Vert_Up_5_Taps@@3PAKA 10032480     omap_ddgpe_dssai:dssai_globals.obj
 0003:000004e0       ?g_dwScalingCoeff_Vert_Down_3_Taps@@3PAKA 100324e0     omap_ddgpe_dssai:dssai_globals.obj
 0003:00000540       ?g_dwScalingCoeff_Vert_Down_5_Taps@@3PAKA 10032540     omap_ddgpe_dssai:dssai_globals.obj
 0003:000005a0       ?g_coef3_M8@@3PAY07EA      100325a0     omap_ddgpe_dssai:dssai_globals.obj
 0003:000005c8       ?g_coef3_M16@@3PAY07EA     100325c8     omap_ddgpe_dssai:dssai_globals.obj
 0003:000005f0       ?g_coef3_M11@@3PAY07EA     100325f0     omap_ddgpe_dssai:dssai_globals.obj
 0003:00000618       ?g_coef_M8@@3PAY07EA       10032618     omap_ddgpe_dssai:dssai_globals.obj
 0003:00000640       ?g_coef_M9@@3PAY07EA       10032640     omap_ddgpe_dssai:dssai_globals.obj
 0003:00000668       ?g_coef_M10@@3PAY07EA      10032668     omap_ddgpe_dssai:dssai_globals.obj
 0003:00000690       ?g_coef_M11@@3PAY07EA      10032690     omap_ddgpe_dssai:dssai_globals.obj
 0003:000006b8       ?g_coef_M12@@3PAY07EA      100326b8     omap_ddgpe_dssai:dssai_globals.obj
 0003:000006e0       ?g_coef_M13@@3PAY07EA      100326e0     omap_ddgpe_dssai:dssai_globals.obj
 0003:00000708       ?g_coef_M14@@3PAY07EA      10032708     omap_ddgpe_dssai:dssai_globals.obj
 0003:00000730       ?g_coef_M16@@3PAY07EA      10032730     omap_ddgpe_dssai:dssai_globals.obj
 0003:00000758       ?g_coef_M19@@3PAY07EA      10032758     omap_ddgpe_dssai:dssai_globals.obj
 0003:00000780       ?g_coef_M22@@3PAY07EA      10032780     omap_ddgpe_dssai:dssai_globals.obj
 0003:000007a8       ?g_coef_M26@@3PAY07EA      100327a8     omap_ddgpe_dssai:dssai_globals.obj
 0003:000007d0       ?g_coef_M32@@3PAY07EA      100327d0     omap_ddgpe_dssai:dssai_globals.obj
 0003:000007f8       ?g_dwGammaTable@@3PAY0BAA@KA 100327f8     omap_ddgpe_dssai:dssai_globals.obj
 0003:000023f8       lcd_res_params             100343f8     bsp_display_init:lcd_qvga.obj
 0003:000026a4       ?gaMix@@3PAEA              100346a4     gpe:ddi_if.obj
 0003:00002af0       ?gulGamma@@3KA             10034af0     gpe:rctblt.obj
 0003:00002af4       ?szGamma@@3PAGA            10034af4     gpe:rctblt.obj
 0003:00002b18       ?szGammaValue@@3PAGA       10034b18     gpe:rctblt.obj
 0003:00002b30       ?alAlpha@@3PAJA            10034b30     gpe:rctblt.obj
 0003:00002b50       ?ajGammaCT_10@@3PAEA       10034b50     gpe:rctblt.obj
 0003:00002c50       ?ajGammaCT_11@@3PAEA       10034c50     gpe:rctblt.obj
 0003:00002d50       ?ajGammaInvCT_11@@3PAEA    10034d50     gpe:rctblt.obj
 0003:00002e50       ?ajGammaCT_12@@3PAEA       10034e50     gpe:rctblt.obj
 0003:00002f50       ?ajGammaInvCT_12@@3PAEA    10034f50     gpe:rctblt.obj
 0003:00003050       ?ajGammaCT_13@@3PAEA       10035050     gpe:rctblt.obj
 0003:00003150       ?ajGammaInvCT_13@@3PAEA    10035150     gpe:rctblt.obj
 0003:00003250       ?ajGammaCT_14@@3PAEA       10035250     gpe:rctblt.obj
 0003:00003350       ?ajGammaInvCT_14@@3PAEA    10035350     gpe:rctblt.obj
 0003:00003450       ?ajGammaCT_15@@3PAEA       10035450     gpe:rctblt.obj
 0003:00003550       ?ajGammaInvCT_15@@3PAEA    10035550     gpe:rctblt.obj
 0003:00003650       ?ajGammaCT_16@@3PAEA       10035650     gpe:rctblt.obj
 0003:00003750       ?ajGammaInvCT_16@@3PAEA    10035750     gpe:rctblt.obj
 0003:00003850       ?ajGammaCT_17@@3PAEA       10035850     gpe:rctblt.obj
 0003:00003950       ?ajGammaInvCT_17@@3PAEA    10035950     gpe:rctblt.obj
 0003:00003a50       ?ajGammaCT_18@@3PAEA       10035a50     gpe:rctblt.obj
 0003:00003b50       ?ajGammaInvCT_18@@3PAEA    10035b50     gpe:rctblt.obj
 0003:00003c50       ?ajGammaCT_19@@3PAEA       10035c50     gpe:rctblt.obj
 0003:00003d50       ?ajGammaInvCT_19@@3PAEA    10035d50     gpe:rctblt.obj
 0003:00003e50       ?ajGammaCT_20@@3PAEA       10035e50     gpe:rctblt.obj
 0003:00003f50       ?ajGammaInvCT_20@@3PAEA    10035f50     gpe:rctblt.obj
 0003:00004050       ?ajGammaCT_21@@3PAEA       10036050     gpe:rctblt.obj
 0003:00004150       ?ajGammaInvCT_21@@3PAEA    10036150     gpe:rctblt.obj
 0003:00004250       ?ajGammaCT_22@@3PAEA       10036250     gpe:rctblt.obj
 0003:00004350       ?ajGammaInvCT_22@@3PAEA    10036350     gpe:rctblt.obj
 0003:00004450       ?gaOutTable@@3PAU_F_RGB@@A 10036450     gpe:rctblt.obj
 0003:00004620       ?pfnDrvGradientFill@@3P6AHPAU_SURFOBJ@@PAU_CLIPOBJ@@PAU_XLATEOBJ@@PAU_TRIVERTEX@@KPAXKPAU_RECTL@@PAU_POINTL@@K@ZA 10036620     gpe:rdrvgradfill.obj
 0003:00004628       ?gulDither32@@3PAKA        10036628     gpe:rdrvgradfill.obj
 0003:00004668       ?gDitherMatrix16x16Halftone@@3PAEA 10036668     gpe:rdrvgradfill.obj
 0003:00004768       ?gDitherMatrix16x16Default@@3PAEA 10036768     gpe:rdrvgradfill.obj
 0003:00004868       ?vTranslateIdentity@@3PAEA 10036868     gpe:rdrvgradfill.obj
 0003:00004968       ?DefaultSaturationTable@@3PAEA 10036968     gpe:rdrvgradfill.obj
 0003:00004ae8       ?Saturation16_5@@3PAEA     10036ae8     gpe:rdrvgradfill.obj
 0003:00004b28       ?Saturation16_6@@3PAEA     10036b28     gpe:rdrvgradfill.obj
 0003:00004ba8       ?pfnDrvAlphaBlend@@3P6AHPAU_SURFOBJ@@0PAU_CLIPOBJ@@PAU_XLATEOBJ@@PAU_RECTL@@3PAUtagBLENDOBJ@@@ZA 10036ba8     gpe:drvalphablend.obj
 0003:00004bb0       ?g_pdwAnyBltPCode@@3PAKA   10036bb0     gpe:genblt.obj
 0003:0000de04       __security_cookie          1003fe04     corelib0:seccinit.obj
 0003:0000de08       __security_cookie_complement 1003fe08     corelib0:seccinit.obj
 0003:0000de0c       ?g_FourCC@@3PAKA           1003fe0c     omap_ddgpe_dss:halcaps.obj
 0003:0000de18       ?cbDDCallbacks@@3U_DDHAL_DDCALLBACKS@@A 1003fe18     omap_ddgpe_dss:halcaps.obj
 0003:0000de34       ?cbDDSurfaceCallbacks@@3U_DDHAL_DDSURFACECALLBACKS@@A 1003fe34     omap_ddgpe_dss:halcaps.obj
 0003:0000de64       ?g_dwSurfaceCount@@3KA     1003fe64     omap_ddgpe_dss:halsurf.obj
 0003:0000de68       ?g_Globals@@3VOMAPDDGPEGlobals@@A 1003fe68     omap_ddgpe_dss:omap_ddgpe.obj
 0003:0000e0b8       ?g_pGPE@@3PAVDDGPE@@A      100400b8     omap_ddgpe_dss:omap_ddgpe.obj
 0003:0000e0bc       ?g_tDmaDataInfo1@@3UDmaDataInfo_t@@A 100400bc     omap_ddgpe_dss:omap_dmablt.obj
 0003:0000e0d4       ?g_tDmaDataInfo2@@3UDmaDataInfo_t@@A 100400d4     omap_ddgpe_dss:omap_dmablt.obj
 0003:0000e0ec       ?g_csDmaLock@@3UCRITICAL_SECTION@@A 100400ec     omap_ddgpe_dss:omap_dmablt.obj
 0003:0000e100       ?g_hDmaChannel1@@3PAXA     10040100     omap_ddgpe_dss:omap_dmablt.obj
 0003:0000e104       ?g_hDmaChannel2@@3PAXA     10040104     omap_ddgpe_dss:omap_dmablt.obj
 0003:0000e108       ?g_rgPipelineMapping@@3PAUOMAPPipelineConfig@@A 10040108     omap_ddgpe_dssai:dssai.obj
 0003:0000e168       ?g_dwDestinationRefCnt@@3PAKA 10040168     omap_ddgpe_dssai:dssai.obj
 0003:0000e170       ?g_bVRFBViewReserved@@3PAHA 10040170     omap_ddgpe_dssai:surfmgr_vrfb.obj
 0003:0000e1ac       PATHOBJ_vGetBounds         100401ac     gpe:ddi_if.obj
 0003:0000e1b0       PATHOBJ_bEnum              100401b0     gpe:ddi_if.obj
 0003:0000e1b4       PALOBJ_cGetColors          100401b4     gpe:ddi_if.obj
 0003:0000e1b8       CLIPOBJ_bEnum              100401b8     gpe:ddi_if.obj
 0003:0000e1bc       EngGetPaletteFromPool      100401bc     gpe:ddi_if.obj
 0003:0000e1c0       EngAddPaletteToPool        100401c0     gpe:ddi_if.obj
 0003:0000e1c4       BRUSHOBJ_pvAllocRbrush     100401c4     gpe:ddi_if.obj
 0003:0000e1c8       BRUSHOBJ_pvGetRbrush       100401c8     gpe:ddi_if.obj
 0003:0000e1cc       CLIPOBJ_cEnumStart         100401cc     gpe:ddi_if.obj
 0003:0000e1d0       XLATEOBJ_cGetPalette       100401d0     gpe:ddi_if.obj
 0003:0000e1d4       PATHOBJ_vEnumStart         100401d4     gpe:ddi_if.obj
 0003:0000e1d8       EngCreatePalette           100401d8     gpe:ddi_if.obj
 0003:0000e1dc       EngCreateDeviceSurface     100401dc     gpe:ddi_if.obj
 0003:0000e1e0       EngDeleteSurface           100401e0     gpe:ddi_if.obj
 0003:0000e1e4       EngCreateDeviceBitmap      100401e4     gpe:ddi_if.obj
 0003:0000e1e8       EngReleasePooledPalette    100401e8     gpe:ddi_if.obj
 0003:0000e1ec       pfnGetGPEPerCard           100401ec     gpe:ddi_if.obj
 0003:0000e1f0       g_hmodDisplayDll           100401f0     gpe:ddi_if.obj
 0003:0000e1f4       ?g_pxlo@@3PAU_XLATEOBJ@@A  100401f4     gpe:ddi_if.obj
 0003:0000e208       ?gMaskedConverter@@3PAVMaskColorConverter@@A 10040208     gpe:swconvrt.obj
 0003:0000e398       ?gLookupConverter@@3PAVLookupColorConverter@@A 10040398     gpe:swconvrt.obj
 0003:0000f3e8       ?gMonoConverter@@3PAVMonoColorConverter@@A 100413e8     gpe:swconvrt.obj
 0003:0000f410       ?gMaskedLRU@@3VLRU@@A      10041410     gpe:swconvrt.obj
 0003:0000f424       ?gLookupLRU@@3VLRU@@A      10041424     gpe:swconvrt.obj
 0003:0000f438       ?gMonoLRU@@3VLRU@@A        10041438     gpe:swconvrt.obj
 0003:0000f44c       ?gGroupLRU@@3VLRU@@A       1004144c     gpe:swconvrt.obj
 0003:0000f460       ?gGroupConverter@@3PAVGroupColorConverter@@A 10041460     gpe:swconvrt.obj
 0003:000102d0       ?pfnGetAAMaskBits@@3P6AXPAK00@ZA 100422d0     gpe:aablt.obj
 0003:0001031c       ?gbHateMmx@@3HA            1004231c     gpe:rctblt.obj
 0003:00010790       ?g_BltFnPData@@3U_xpdata@@A 10042790     gpe:genblt.obj
 0003:00010818       ?g_CpuFuncs@@3UGenBltCpuFuncs@@A 10042818     gpe:genblt.obj
 0003:00010834       ?g_pPCodeRegisters@@3PAUPCodeRegisters_t@@A 10042834     gpe:genblt.obj
 0003:00010838       ?g_BltClock@@3KA           10042838     gpe:genblt.obj
 0003:0001083c       ?g_fUseFastBlt@@3HA        1004283c     gpe:fastblt.obj
 0003:00012058       _exitflag                  10044058     corelib0:cexit.obj
 0003:0001205c       __onexitend                1004405c     <common>
 0003:00012060       __onexitbegin              10044060     <common>
 0003:00012064       g_pcsExit                  10044064     <common>
 0003:00012068       _pRawDllMain               10044068     <common>

 entry point at        0001:0002c3c0

 Static symbols

 0001:0000f648       ?FillHelCaps@@YAXPAU_DDCAPS@@@Z 10010648 f   ddgpe:ddhinit.obj
 0001:00010a84       ?AASetFormat@@YAJPAUGPEBltParms@@PAU_SURFOBJ@@@Z 10011a84 f   gpe:ddi_if.obj
 0001:0001d914       ?GetSurfaceMask@@YAXPAVGPESurf@@HPAK11@Z 1001e914 f   gpe:aablt.obj
 0001:0001da5c       ?GetAAMaskInfo@@YAXPAVGPESurf@@H@Z 1001ea5c f   gpe:aablt.obj
 0001:0001db78       ?InitGamma@@YAXXZ          1001eb78 f   gpe:aablt.obj
 0001:0001e4c4       ?GetNearestIndex@@YAKK@Z   1001f4c4 f   gpe:rctblt.obj
 0001:0001eeb8       ?vGetBlendInfo@@YAXKKPAVGPESurf@@PAU_BLENDINFO@@@Z 1001feb8 f   gpe:rctblt.obj
 0001:00020138       ?MDiv64@@YA_J_J00@Z        10021138 f   gpe:rdrvgradfill.obj
 0001:00021ed8       ?RectFillBlt@@YAHPAU_SURFOBJ@@PAU_DRVGRADIENTRECTDATA@@P6AXPAVGPESurf@@1@Z@Z 10022ed8 f   gpe:rdrvgradfill.obj
 0001:000220a4       ?GFGetShift@@YAXKPAK0@Z    100230a4 f   gpe:rdrvgradfill.obj
 0001:0002c2c4       _DllMainCRTStartupHelper   1002d2c4 f   corelib0:pegdmain.obj
 0001:0002c504       doexit                     1002d504 f   corelib0:cexit.obj
 0001:0002e044       ??__EgGroupConverter@@YAXXZ 1002f044 f   gpe:swconvrt.obj
